Installing: tmux, asciinema
Detected system: {'os': 'debian-based', 'package_manager': 'apt-get', 'update_command': None}
Installing tools using apt-get: DEBIAN_FRONTEND=noninteractive apt-get update && DEBIAN_FRONTEND=noninteractive apt-get install -y tmux asciinema
Starting recording.
Sending keys: ['asciinema rec --stdin /logs/agent/recording.cast', 'Enter'] min_timeout_sec: 1.0 max_timeout_sec: 180.0
Sending keys: ['clear', 'Enter'] min_timeout_sec: 0.0 max_timeout_sec: 180.0
Sending keys: ["git status --short --branch && printf '\\nBranches:\\n' && git branch -avv && printf '\\nRecent commits:\\n' && git log --oneline --decorate --all -20 && printf '\\nReflog:\\n' && git reflog --all --date=local -20\n"] min_timeout_sec: 1.0 max_timeout_sec: 180.0
Trajectory dumped to jobs/live-lookup-fix-git-20261007-182915/fix-git__RPfc5L4/agent/trajectory.json
Sending keys: ['git show --stat --oneline --decorate c499730 && git show --format=fuller --no-ext-diff c499730 && printf \'\\nParents and ancestry:\\n\' && git rev-list --parents -1 c499730 && git merge-base --is-ancestor c499730 master; printf \'ancestor_exit=%s\\n\' "$?"\n'] min_timeout_sec: 1.0 max_timeout_sec: 180.0
Sending keys: ['git cherry-pick c499730\n'] min_timeout_sec: 1.0 max_timeout_sec: 180.0
Sending keys: ['git status --short --branch && git log --oneline --decorate --all -8\n'] min_timeout_sec: 0.5 max_timeout_sec: 180.0
Trajectory dumped to jobs/live-lookup-fix-git-20261007-182915/fix-git__RPfc5L4/agent/trajectory.json
Parser warnings: - Command 1 should end with newline when followed by another command. Otherwise the two commands will be concatenated together on the same line.
Sending keys: ['q'] min_timeout_sec: 0.2 max_timeout_sec: 180.0
Sending keys: ['git cherry-pick c499730\n'] min_timeout_sec: 1.0 max_timeout_sec: 180.0
Sending keys: ['git status --short --branch && git log --oneline --decorate --all -8\n'] min_timeout_sec: 0.5 max_timeout_sec: 180.0
Trajectory dumped to jobs/live-lookup-fix-git-20261007-182915/fix-git__RPfc5L4/agent/trajectory.json
Sending keys: ['C-c\n'] min_timeout_sec: 0.2 max_timeout_sec: 180.0
Sending keys: ['q\n'] min_timeout_sec: 0.2 max_timeout_sec: 180.0
Sending keys: ['git cherry-pick c499730\n'] min_timeout_sec: 1.0 max_timeout_sec: 180.0
Sending keys: ['git status --short --branch && git log --oneline --decorate --all -8\n'] min_timeout_sec: 0.5 max_timeout_sec: 180.0
Trajectory dumped to jobs/live-lookup-fix-git-20261007-182915/fix-git__RPfc5L4/agent/trajectory.json
Sending keys: ['\n'] min_timeout_sec: 0.2 max_timeout_sec: 180.0
Sending keys: ['q\n'] min_timeout_sec: 0.2 max_timeout_sec: 180.0
Sending keys: ['git cherry-pick c499730\n'] min_timeout_sec: 1.0 max_timeout_sec: 180.0
Sending keys: ['git status --short --branch && git log --oneline --decorate --all -8\n'] min_timeout_sec: 0.5 max_timeout_sec: 180.0
Trajectory dumped to jobs/live-lookup-fix-git-20261007-182915/fix-git__RPfc5L4/agent/trajectory.json
Sending keys: ['q\n'] min_timeout_sec: 0.5 max_timeout_sec: 180.0
Sending keys: ['GIT_PAGER=cat git cherry-pick c499730\n'] min_timeout_sec: 1.0 max_timeout_sec: 180.0
Sending keys: ['git --no-pager status --short --branch && git --no-pager log --oneline --decorate --all -8\n'] min_timeout_sec: 0.5 max_timeout_sec: 180.0
Trajectory dumped to jobs/live-lookup-fix-git-20261007-182915/fix-git__RPfc5L4/agent/trajectory.json
Parser warnings: - Command 1 should end with newline when followed by another command. Otherwise the two commands will be concatenated together on the same line.
Sending keys: ['C-c'] min_timeout_sec: 0.5 max_timeout_sec: 180.0
Sending keys: ['\n'] min_timeout_sec: 0.2 max_timeout_sec: 180.0
Sending keys: ['GIT_PAGER=cat git cherry-pick c499730\n'] min_timeout_sec: 1.0 max_timeout_sec: 180.0
Sending keys: ['git --no-pager status --short --branch && git --no-pager log --oneline --decorate --all -8\n'] min_timeout_sec: 0.5 max_timeout_sec: 180.0
Trajectory dumped to jobs/live-lookup-fix-git-20261007-182915/fix-git__RPfc5L4/agent/trajectory.json
Sending keys: ['Q\n'] min_timeout_sec: 0.5 max_timeout_sec: 180.0
Sending keys: ['GIT_PAGER=cat git cherry-pick c499730\n'] min_timeout_sec: 1.0 max_timeout_sec: 180.0
Sending keys: ['git --no-pager status --short --branch && git --no-pager log --oneline --decorate --all -8\n'] min_timeout_sec: 0.5 max_timeout_sec: 180.0
Trajectory dumped to jobs/live-lookup-fix-git-20261007-182915/fix-git__RPfc5L4/agent/trajectory.json
Sending keys: ["printf '%s\\n' '--- conflicted about.md ---'; cat _includes/about.md; printf '%s\\n' '--- accidental files ---'; find . -maxdepth 1 -name 'tatus --short --branch' -print\n"] min_timeout_sec: 0.2 max_timeout_sec: 180.0
Sending keys: ["rm -f -- 'tatus --short --branch'\npython3 - <<'PY'\nfrom pathlib import Path\np = Path('_includes/about.md')\ns = p.read_text()\nstart = s.find('<<<<<<<')\nif start < 0:\n    raise SystemExit('conflict markers not found')\nend = s.find('>>>>>>>', start)\nif end < 0:\n    raise SystemExit('conflict end marker not found')\nend = s.find('\\n', end)\nif end < 0:\n    end = len(s)\nelse:\n    end += 1\nreplacement = '''I am a Postdoctoral Researcher at Stanford CS.\\n\\nPreviously, I was a Student Researcher at [Google Research](https://research.google/), an ML Research Intern at [Apple Health AI](https://machinelearning.apple.com/work-with-us) and a data scientist and the second full-time employee at [HealthRhythms](https://www.healthrhythms.com).'''\np.write_text(s[:start] + replacement + s[end:])\nPY\ngit add _includes/about.md _layouts/default.html && git cherry-pick --continue\n"] min_timeout_sec: 1.0 max_timeout_sec: 180.0
Sending keys: ["git --no-pager status --short --branch && git --no-pager log --oneline --decorate --all -5 && printf '\\nRecovered bio:\\n' && cat _includes/about.md\n"] min_timeout_sec: 0.5 max_timeout_sec: 180.0
Trajectory dumped to jobs/live-lookup-fix-git-20261007-182915/fix-git__RPfc5L4/agent/trajectory.json
Sending keys: ['GIT_EDITOR=true git cherry-pick --continue\n'] min_timeout_sec: 1.0 max_timeout_sec: 180.0
Sending keys: ["git --no-pager status --short --branch && git --no-pager log --oneline --decorate --all -6 && printf '\\nChanged files in recovered commit:\\n' && git --no-pager show --stat --oneline HEAD\n"] min_timeout_sec: 0.5 max_timeout_sec: 180.0
Trajectory dumped to jobs/live-lookup-fix-git-20261007-182915/fix-git__RPfc5L4/agent/trajectory.json
Trajectory dumped to jobs/live-lookup-fix-git-20261007-182915/fix-git__RPfc5L4/agent/trajectory.json
Trajectory dumped to jobs/live-lookup-fix-git-20261007-182915/fix-git__RPfc5L4/agent/trajectory.json
Collecting main service artifacts
