Skipping image OS validation for alexgshaw/fix-git:20260403: docker inspect returned 1
Installing: tmux, asciinema
Detected system: {'os': 'debian-based', 'package_manager': 'apt-get', 'update_command': None}
Installing tools using apt-get: DEBIAN_FRONTEND=noninteractive apt-get update && DEBIAN_FRONTEND=noninteractive apt-get install -y tmux asciinema
Starting recording.
Sending keys: ['asciinema rec --stdin /logs/agent/recording.cast', 'Enter'] min_timeout_sec: 1.0 max_timeout_sec: 180.0
Sending keys: ['clear', 'Enter'] min_timeout_sec: 0.0 max_timeout_sec: 180.0
Sending keys: ["git status --short --branch && printf '\\nBranches:\\n' && git branch -a -vv && printf '\\nRecent commits:\\n' && git log --oneline --decorate --all --graph -20 && printf '\\nStashes:\\n' && git stash list && printf '\\nReflog:\\n' && git reflog --all --oneline -20\n"] min_timeout_sec: 1.0 max_timeout_sec: 180.0
Trajectory dumped to jobs/p1-terminus-2-fix-git-r3/fix-git__ZLqG8wn/agent/trajectory.json
Sending keys: ["git show --no-ext-diff --stat --summary c499730 && printf '\\nPatch:\\n' && git show --no-ext-diff --format=fuller --find-renames c499730\n"] min_timeout_sec: 1.0 max_timeout_sec: 180.0
Sending keys: ["printf '\\nCommit ancestry:\\n' && git log --oneline --decorate --graph --all c499730 master && printf '\\nParents:\\n' && git rev-list --parents -n 1 c499730\n"] min_timeout_sec: 1.0 max_timeout_sec: 180.0
Trajectory dumped to jobs/p1-terminus-2-fix-git-r3/fix-git__ZLqG8wn/agent/trajectory.json
Parser warnings: - Command 1 should end with newline when followed by another command. Otherwise the two commands will be concatenated together on the same line.
Sending keys: ['q'] min_timeout_sec: 0.1 max_timeout_sec: 180.0
Sending keys: ['git rev-list --parents -n 1 c499730 && git merge --no-edit c499730\n'] min_timeout_sec: 1.0 max_timeout_sec: 180.0
Sending keys: ['git status --short --branch && git log --oneline --decorate --graph -5\n'] min_timeout_sec: 1.0 max_timeout_sec: 180.0
Trajectory dumped to jobs/p1-terminus-2-fix-git-r3/fix-git__ZLqG8wn/agent/trajectory.json
Sending keys: ["printf '%s\\n' '--- conflict ---' && cat _includes/about.md && printf '%s\\n' '--- status/untracked ---' && git status --short && printf '%s\\n' '--- untracked file details ---' && find . -maxdepth 1 -type f -name '*try*' -printf '%f\\n'\n"] min_timeout_sec: 0.5 max_timeout_sec: 180.0
Sending keys: ['git checkout --theirs -- _includes/about.md && rm -f -- "try:n\' && git log --oneline --decorate --graph --all c499730 master && printf \'nParents:n\' && git rev-list --parents -n 1 c499730" && git add _includes/about.md _layouts/default.html && git status --short\n'] min_timeout_sec: 0.5 max_timeout_sec: 180.0
Sending keys: ['git commit --no-edit\n'] min_timeout_sec: 1.0 max_timeout_sec: 180.0
Sending keys: ['git status --short --branch && git log --oneline --decorate --graph -6\n'] min_timeout_sec: 0.5 max_timeout_sec: 180.0
Trajectory dumped to jobs/p1-terminus-2-fix-git-r3/fix-git__ZLqG8wn/agent/trajectory.json
Trajectory dumped to jobs/p1-terminus-2-fix-git-r3/fix-git__ZLqG8wn/agent/trajectory.json
Trajectory dumped to jobs/p1-terminus-2-fix-git-r3/fix-git__ZLqG8wn/agent/trajectory.json
Trajectory dumped to jobs/p1-terminus-2-fix-git-r3/fix-git__ZLqG8wn/agent/trajectory.json
Collecting main service artifacts
