Skipping image OS validation for alexgshaw/mcmc-sampling-stan:20251031: docker inspect returned 1
Installing: tmux, asciinema
Detected system: {'os': 'debian-based', 'package_manager': 'apt-get', 'update_command': None}
Installing tools using apt-get: DEBIAN_FRONTEND=noninteractive apt-get update && DEBIAN_FRONTEND=noninteractive apt-get install -y tmux asciinema
Starting recording.
Sending keys: ['asciinema rec --stdin /logs/agent/recording.cast', 'Enter'] min_timeout_sec: 1.0 max_timeout_sec: 180.0
Sending keys: ['clear', 'Enter'] min_timeout_sec: 0.0 max_timeout_sec: 180.0
Sending keys: ['pwd; ls -la; echo \'--- data preview ---\'; head -5 /app/data.csv; echo \'--- R version ---\'; R --version | head -2; echo \'--- rstan check ---\'; Rscript -e "if (requireNamespace(\'rstan\', quietly=TRUE)) {cat(as.character(packageVersion(\'rstan\')), \'\\n\')} else cat(\'NOT_INSTALLED\\n\')"\n'] min_timeout_sec: 1.0 max_timeout_sec: 180.0
Sending keys: ['cat > /app/hierarchical_model.stan <<\'EOF\'\ndata {\n  int<lower=1> N;\n  array[N] int<lower=0> y;\n  array[N] int<lower=0> n;\n}\nparameters {\n  real<lower=0> alpha;\n  real<lower=0> beta;\n  vector<lower=0, upper=1>[N] theta;\n}\nmodel {\n  // Prior proportional to (alpha + beta)^(-5/2)\n  target += -2.5 * log(alpha + beta);\n\n  theta ~ beta(alpha, beta);\n  y ~ binomial(n, theta);\n}\nEOF\n\ncat > /app/analysis.R <<\'EOF\'\noptions(mc.cores = parallel::detectCores())\nSys.setenv(LOCAL_CPP化 = "")\n\nif (!requireNamespace("rstan", quietly = TRUE) ||\n    as.character(utils::packageVersion("rstan")) != "2.32.7") {\n  install.packages("rstan", version = "2.32.7", repos = "https://cloud.r-project.org", dependencies = TRUE)\n}\n\nlibrary(rstan)\nrstan_options(auto_write = TRUE)\noptions(mc.cores = parallel::detectCores())\n\ninput_file <- "/app/data.csv"\ndata_df <- read.csv(input_file, header = TRUE)\nstopifnot(all(c("y", "n") %in% names(data_df)))\nstan_data <- list(\n  N = nrow(data_df),\n  y = as.integer(data_df$y),\n  n = as.integer(data_df$n)\n)\n\nmodel <- stan_model(file = "/app/hierarchical_model.stan")\nfit <- sampling(\n  model,\n  data = stan_data,\n  chains = 4,\n  iter = 100000,\n  seed = 1,\n  refresh = 1000\n)\n\nposterior <- rstan::extract(fit, pars = c("alpha", "beta"), permuted = TRUE)\nalpha_mean <- mean(posterior$alpha)\nbeta_mean <- mean(posterior$beta)\n\nwriteLines(sprintf("%.17g", alpha_mean), "/app/posterior_alpha_mean.txt")\nwriteLines(sprintf("%.17g", beta_mean), "/app/posterior_beta_mean.txt")\nEOF\n\n# Remove an accidental nonstandard environment assignment if present.\nsed -i \'/LOCAL_CPP/d\' /app/analysis.R\nls -l /app/hierarchical_model.stan /app/analysis.R\n'] min_timeout_sec: 0.5 max_timeout_sec: 180.0
Sending keys: ['Rscript /app/analysis.R\n'] min_timeout_sec: 10.0 max_timeout_sec: 180.0
Trajectory dumped to jobs/p1-terminus-2-mcmc-sampling-stan-r2/mcmc-sampling-stan__aoRtwJT/agent/trajectory.json
Sending keys: [''] min_timeout_sec: 20.0 max_timeout_sec: 180.0
Trajectory dumped to jobs/p1-terminus-2-mcmc-sampling-stan-r2/mcmc-sampling-stan__aoRtwJT/agent/trajectory.json
Sending keys: [''] min_timeout_sec: 30.0 max_timeout_sec: 180.0
Trajectory dumped to jobs/p1-terminus-2-mcmc-sampling-stan-r2/mcmc-sampling-stan__aoRtwJT/agent/trajectory.json
Sending keys: [''] min_timeout_sec: 30.0 max_timeout_sec: 180.0
Trajectory dumped to jobs/p1-terminus-2-mcmc-sampling-stan-r2/mcmc-sampling-stan__aoRtwJT/agent/trajectory.json
Sending keys: [''] min_timeout_sec: 30.0 max_timeout_sec: 180.0
Trajectory dumped to jobs/p1-terminus-2-mcmc-sampling-stan-r2/mcmc-sampling-stan__aoRtwJT/agent/trajectory.json
Sending keys: [''] min_timeout_sec: 30.0 max_timeout_sec: 180.0
Trajectory dumped to jobs/p1-terminus-2-mcmc-sampling-stan-r2/mcmc-sampling-stan__aoRtwJT/agent/trajectory.json
Sending keys: [''] min_timeout_sec: 30.0 max_timeout_sec: 180.0
Trajectory dumped to jobs/p1-terminus-2-mcmc-sampling-stan-r2/mcmc-sampling-stan__aoRtwJT/agent/trajectory.json
Sending keys: [''] min_timeout_sec: 30.0 max_timeout_sec: 180.0
Trajectory dumped to jobs/p1-terminus-2-mcmc-sampling-stan-r2/mcmc-sampling-stan__aoRtwJT/agent/trajectory.json
Sending keys: [''] min_timeout_sec: 30.0 max_timeout_sec: 180.0
Trajectory dumped to jobs/p1-terminus-2-mcmc-sampling-stan-r2/mcmc-sampling-stan__aoRtwJT/agent/trajectory.json
Sending keys: [''] min_timeout_sec: 30.0 max_timeout_sec: 180.0
Trajectory dumped to jobs/p1-terminus-2-mcmc-sampling-stan-r2/mcmc-sampling-stan__aoRtwJT/agent/trajectory.json
Sending keys: [''] min_timeout_sec: 30.0 max_timeout_sec: 180.0
Trajectory dumped to jobs/p1-terminus-2-mcmc-sampling-stan-r2/mcmc-sampling-stan__aoRtwJT/agent/trajectory.json
Sending keys: [''] min_timeout_sec: 30.0 max_timeout_sec: 180.0
Trajectory dumped to jobs/p1-terminus-2-mcmc-sampling-stan-r2/mcmc-sampling-stan__aoRtwJT/agent/trajectory.json
Sending keys: [''] min_timeout_sec: 30.0 max_timeout_sec: 180.0
Trajectory dumped to jobs/p1-terminus-2-mcmc-sampling-stan-r2/mcmc-sampling-stan__aoRtwJT/agent/trajectory.json
Sending keys: [''] min_timeout_sec: 30.0 max_timeout_sec: 180.0
Trajectory dumped to jobs/p1-terminus-2-mcmc-sampling-stan-r2/mcmc-sampling-stan__aoRtwJT/agent/trajectory.json
Sending keys: [''] min_timeout_sec: 30.0 max_timeout_sec: 180.0
Trajectory dumped to jobs/p1-terminus-2-mcmc-sampling-stan-r2/mcmc-sampling-stan__aoRtwJT/agent/trajectory.json
Sending keys: [''] min_timeout_sec: 30.0 max_timeout_sec: 180.0
Trajectory dumped to jobs/p1-terminus-2-mcmc-sampling-stan-r2/mcmc-sampling-stan__aoRtwJT/agent/trajectory.json
Sending keys: [''] min_timeout_sec: 30.0 max_timeout_sec: 180.0
Trajectory dumped to jobs/p1-terminus-2-mcmc-sampling-stan-r2/mcmc-sampling-stan__aoRtwJT/agent/trajectory.json
Sending keys: [''] min_timeout_sec: 30.0 max_timeout_sec: 180.0
Trajectory dumped to jobs/p1-terminus-2-mcmc-sampling-stan-r2/mcmc-sampling-stan__aoRtwJT/agent/trajectory.json
Sending keys: [''] min_timeout_sec: 30.0 max_timeout_sec: 180.0
Trajectory dumped to jobs/p1-terminus-2-mcmc-sampling-stan-r2/mcmc-sampling-stan__aoRtwJT/agent/trajectory.json
Sending keys: [''] min_timeout_sec: 30.0 max_timeout_sec: 180.0
Trajectory dumped to jobs/p1-terminus-2-mcmc-sampling-stan-r2/mcmc-sampling-stan__aoRtwJT/agent/trajectory.json
Sending keys: [''] min_timeout_sec: 30.0 max_timeout_sec: 180.0
Trajectory dumped to jobs/p1-terminus-2-mcmc-sampling-stan-r2/mcmc-sampling-stan__aoRtwJT/agent/trajectory.json
Sending keys: [''] min_timeout_sec: 30.0 max_timeout_sec: 180.0
Trajectory dumped to jobs/p1-terminus-2-mcmc-sampling-stan-r2/mcmc-sampling-stan__aoRtwJT/agent/trajectory.json
Sending keys: [''] min_timeout_sec: 30.0 max_timeout_sec: 180.0
Trajectory dumped to jobs/p1-terminus-2-mcmc-sampling-stan-r2/mcmc-sampling-stan__aoRtwJT/agent/trajectory.json
Sending keys: [''] min_timeout_sec: 60.0 max_timeout_sec: 180.0
Trajectory dumped to jobs/p1-terminus-2-mcmc-sampling-stan-r2/mcmc-sampling-stan__aoRtwJT/agent/trajectory.json
Sending keys: [''] min_timeout_sec: 60.0 max_timeout_sec: 180.0
Trajectory dumped to jobs/p1-terminus-2-mcmc-sampling-stan-r2/mcmc-sampling-stan__aoRtwJT/agent/trajectory.json
Sending keys: [''] min_timeout_sec: 60.0 max_timeout_sec: 180.0
Trajectory dumped to jobs/p1-terminus-2-mcmc-sampling-stan-r2/mcmc-sampling-stan__aoRtwJT/agent/trajectory.json
Sending keys: [''] min_timeout_sec: 60.0 max_timeout_sec: 180.0
Trajectory dumped to jobs/p1-terminus-2-mcmc-sampling-stan-r2/mcmc-sampling-stan__aoRtwJT/agent/trajectory.json
Sending keys: [''] min_timeout_sec: 60.0 max_timeout_sec: 180.0
Trajectory dumped to jobs/p1-terminus-2-mcmc-sampling-stan-r2/mcmc-sampling-stan__aoRtwJT/agent/trajectory.json
Sending keys: [''] min_timeout_sec: 60.0 max_timeout_sec: 180.0
Trajectory dumped to jobs/p1-terminus-2-mcmc-sampling-stan-r2/mcmc-sampling-stan__aoRtwJT/agent/trajectory.json
Sending keys: [''] min_timeout_sec: 60.0 max_timeout_sec: 180.0
Trajectory dumped to jobs/p1-terminus-2-mcmc-sampling-stan-r2/mcmc-sampling-stan__aoRtwJT/agent/trajectory.json
Sending keys: [''] min_timeout_sec: 60.0 max_timeout_sec: 180.0
Trajectory dumped to jobs/p1-terminus-2-mcmc-sampling-stan-r2/mcmc-sampling-stan__aoRtwJT/agent/trajectory.json
Sending keys: [''] min_timeout_sec: 60.0 max_timeout_sec: 180.0
Trajectory dumped to jobs/p1-terminus-2-mcmc-sampling-stan-r2/mcmc-sampling-stan__aoRtwJT/agent/trajectory.json
Sending keys: [''] min_timeout_sec: 60.0 max_timeout_sec: 180.0
Trajectory dumped to jobs/p1-terminus-2-mcmc-sampling-stan-r2/mcmc-sampling-stan__aoRtwJT/agent/trajectory.json
Sending keys: [''] min_timeout_sec: 60.0 max_timeout_sec: 180.0
Trajectory dumped to jobs/p1-terminus-2-mcmc-sampling-stan-r2/mcmc-sampling-stan__aoRtwJT/agent/trajectory.json
Sending keys: [''] min_timeout_sec: 60.0 max_timeout_sec: 180.0
Trajectory dumped to jobs/p1-terminus-2-mcmc-sampling-stan-r2/mcmc-sampling-stan__aoRtwJT/agent/trajectory.json
Sending keys: [''] min_timeout_sec: 60.0 max_timeout_sec: 180.0
Trajectory dumped to jobs/p1-terminus-2-mcmc-sampling-stan-r2/mcmc-sampling-stan__aoRtwJT/agent/trajectory.json
Sending keys: [''] min_timeout_sec: 60.0 max_timeout_sec: 180.0
Trajectory dumped to jobs/p1-terminus-2-mcmc-sampling-stan-r2/mcmc-sampling-stan__aoRtwJT/agent/trajectory.json
Sending keys: [''] min_timeout_sec: 60.0 max_timeout_sec: 180.0
Trajectory dumped to jobs/p1-terminus-2-mcmc-sampling-stan-r2/mcmc-sampling-stan__aoRtwJT/agent/trajectory.json
Sending keys: [''] min_timeout_sec: 60.0 max_timeout_sec: 180.0
Trajectory dumped to jobs/p1-terminus-2-mcmc-sampling-stan-r2/mcmc-sampling-stan__aoRtwJT/agent/trajectory.json
Sending keys: [''] min_timeout_sec: 60.0 max_timeout_sec: 180.0
Trajectory dumped to jobs/p1-terminus-2-mcmc-sampling-stan-r2/mcmc-sampling-stan__aoRtwJT/agent/trajectory.json
Collecting main service artifacts
Exception AgentTimeoutError is in exclude_exceptions, not retrying
Not retrying trial because the exception is not in include_exceptions or the maximum number of retries has been reached
