Skipping image OS validation for alexgshaw/polyglot-rust-c:20251031: docker inspect returned 1
Installing: tmux, asciinema
Detected system: {'os': 'debian-based', 'package_manager': 'apt-get', 'update_command': None}
Installing tools using apt-get: DEBIAN_FRONTEND=noninteractive apt-get update && DEBIAN_FRONTEND=noninteractive apt-get install -y tmux asciinema
Starting recording.
Sending keys: ['asciinema rec --stdin /logs/agent/recording.cast', 'Enter'] min_timeout_sec: 1.0 max_timeout_sec: 180.0
Sending keys: ['clear', 'Enter'] min_timeout_sec: 0.0 max_timeout_sec: 180.0
Sending keys: ['mkdir -p /app/polyglot && cat > /app/polyglot/main.rs <<\'EOF\'\n/* /* */\n#include <iostream>\nint main(){unsigned long long n;std::cin>>n;unsigned long long a=1,b=1;while(n--){unsigned long long t=a+b;a=b;b=t;}std::cout<<a<<"\\n";}\n//\\\n*/fn main(){let mut n=std::env::args().nth(1).unwrap().parse::<u64>().unwrap();let(mut a,mut b)=(1u64,1u64);while n>0{let t=a+b;a=b;b=t;n-=1;}println!("{}",a);}\nEOF\n'] min_timeout_sec: 0.1 max_timeout_sec: 180.0
Sending keys: ['rustc /app/polyglot/main.rs -o /app/polyglot/main && /app/polyglot/main 0 && /app/polyglot/main 1 && /app/polyglot/main 10\n'] min_timeout_sec: 1.0 max_timeout_sec: 180.0
Sending keys: ["g++ -x c++ /app/polyglot/main.rs -o /app/polyglot/cmain && printf '0\\n' | /app/polyglot/cmain && printf '1\\n' | /app/polyglot/cmain && printf '10\\n' | /app/polyglot/cmain\n"] min_timeout_sec: 1.0 max_timeout_sec: 180.0
Trajectory dumped to jobs/p1-terminus-2-polyglot-rust-c-r3/polyglot-rust-c__2DRUNao/agent/trajectory.json
Sending keys: [''] min_timeout_sec: 2.0 max_timeout_sec: 180.0
Trajectory dumped to jobs/p1-terminus-2-polyglot-rust-c-r3/polyglot-rust-c__2DRUNao/agent/trajectory.json
Sending keys: ['rustc /app/polyglot/main.rs -o /app/polyglot/main && for n in 0 1 2 10; do /app/polyglot/main "$n"; done\n'] min_timeout_sec: 1.0 max_timeout_sec: 180.0
Trajectory dumped to jobs/p1-terminus-2-polyglot-rust-c-r3/polyglot-rust-c__2DRUNao/agent/trajectory.json
Sending keys: ['nl -ba /app/polyglot/main.rs && file /app/polyglot/main && timeout 2 /app/polyglot/main 0; echo "exit=$?"\n'] min_timeout_sec: 1.0 max_timeout_sec: 180.0
Sending keys: ['rustc --version && rustc /app/polyglot/main.rs -o /tmp/polytest; echo "rustc_exit=$?"; ls -l /tmp/polytest\n'] min_timeout_sec: 1.0 max_timeout_sec: 180.0
Trajectory dumped to jobs/p1-terminus-2-polyglot-rust-c-r3/polyglot-rust-c__2DRUNao/agent/trajectory.json
Trajectory dumped to jobs/p1-terminus-2-polyglot-rust-c-r3/polyglot-rust-c__2DRUNao/agent/trajectory.json
Trajectory dumped to jobs/p1-terminus-2-polyglot-rust-c-r3/polyglot-rust-c__2DRUNao/agent/trajectory.json
Trajectory dumped to jobs/p1-terminus-2-polyglot-rust-c-r3/polyglot-rust-c__2DRUNao/agent/trajectory.json
Collecting main service artifacts
Trial polyglot-rust-c__2DRUNao failed: Verifier execution timed out after 900.0 seconds
Exception VerifierTimeoutError is in exclude_exceptions, not retrying
Not retrying trial because the exception is not in include_exceptions or the maximum number of retries has been reached
