Skipping image OS validation for alexgshaw/large-scale-text-editing:20251031: docker inspect returned 1
Trajectory dumped to jobs/direct-terminus-2-large-scale-text-editing-rep1/large-scale-text-editing__H4MoAvG/agent/trajectory.json
Trajectory dumped to jobs/direct-terminus-2-large-scale-text-editing-rep1/large-scale-text-editing__H4MoAvG/agent/trajectory.json
Trajectory dumped to jobs/direct-terminus-2-large-scale-text-editing-rep1/large-scale-text-editing__H4MoAvG/agent/trajectory.json
Parser warnings: - Command 1 should end with newline when followed by another command. Otherwise the two commands will be concatenated together on the same line.
Trajectory dumped to jobs/direct-terminus-2-large-scale-text-editing-rep1/large-scale-text-editing__H4MoAvG/agent/trajectory.json
Trajectory dumped to jobs/direct-terminus-2-large-scale-text-editing-rep1/large-scale-text-editing__H4MoAvG/agent/trajectory.json
Parser warnings: - Command 1 should end with newline when followed by another command. Otherwise the two commands will be concatenated together on the same line.
Trajectory dumped to jobs/direct-terminus-2-large-scale-text-editing-rep1/large-scale-text-editing__H4MoAvG/agent/trajectory.json
Trajectory dumped to jobs/direct-terminus-2-large-scale-text-editing-rep1/large-scale-text-editing__H4MoAvG/agent/trajectory.json
Trajectory dumped to jobs/direct-terminus-2-large-scale-text-editing-rep1/large-scale-text-editing__H4MoAvG/agent/trajectory.json
Parser warnings: - Command 1 should end with newline when followed by another command. Otherwise the two commands will be concatenated together on the same line.
- Command 2 should end with newline when followed by another command. Otherwise the two commands will be concatenated together on the same line.
Trajectory dumped to jobs/direct-terminus-2-large-scale-text-editing-rep1/large-scale-text-editing__H4MoAvG/agent/trajectory.json
Trajectory dumped to jobs/direct-terminus-2-large-scale-text-editing-rep1/large-scale-text-editing__H4MoAvG/agent/trajectory.json
Trajectory dumped to jobs/direct-terminus-2-large-scale-text-editing-rep1/large-scale-text-editing__H4MoAvG/agent/trajectory.json
Trajectory dumped to jobs/direct-terminus-2-large-scale-text-editing-rep1/large-scale-text-editing__H4MoAvG/agent/trajectory.json
Trajectory dumped to jobs/direct-terminus-2-large-scale-text-editing-rep1/large-scale-text-editing__H4MoAvG/agent/trajectory.json
Trajectory dumped to jobs/direct-terminus-2-large-scale-text-editing-rep1/large-scale-text-editing__H4MoAvG/agent/trajectory.json
Trajectory dumped to jobs/direct-terminus-2-large-scale-text-editing-rep1/large-scale-text-editing__H4MoAvG/agent/trajectory.json
Trajectory dumped to jobs/direct-terminus-2-large-scale-text-editing-rep1/large-scale-text-editing__H4MoAvG/agent/trajectory.json
Trajectory dumped to jobs/direct-terminus-2-large-scale-text-editing-rep1/large-scale-text-editing__H4MoAvG/agent/trajectory.json
Trajectory dumped to jobs/direct-terminus-2-large-scale-text-editing-rep1/large-scale-text-editing__H4MoAvG/agent/trajectory.json
Parser warnings: - Command 1 should end with newline when followed by another command. Otherwise the two commands will be concatenated together on the same line.
Trajectory dumped to jobs/direct-terminus-2-large-scale-text-editing-rep1/large-scale-text-editing__H4MoAvG/agent/trajectory.json
Trajectory dumped to jobs/direct-terminus-2-large-scale-text-editing-rep1/large-scale-text-editing__H4MoAvG/agent/trajectory.json
Trajectory dumped to jobs/direct-terminus-2-large-scale-text-editing-rep1/large-scale-text-editing__H4MoAvG/agent/trajectory.json
Trajectory dumped to jobs/direct-terminus-2-large-scale-text-editing-rep1/large-scale-text-editing__H4MoAvG/agent/trajectory.json
Trajectory dumped to jobs/direct-terminus-2-large-scale-text-editing-rep1/large-scale-text-editing__H4MoAvG/agent/trajectory.json
Trajectory dumped to jobs/direct-terminus-2-large-scale-text-editing-rep1/large-scale-text-editing__H4MoAvG/agent/trajectory.json
Collecting main service artifacts
