Skipping image OS validation for alexgshaw/make-mips-interpreter:20251031: docker inspect returned 1
Parser warnings: - Extra text detected after JSON object
Trajectory dumped to jobs/p1-terminus-2-make-mips-interpreter-r3/make-mips-interpreter__kVSDbSE/agent/trajectory.json
Trajectory dumped to jobs/p1-terminus-2-make-mips-interpreter-r3/make-mips-interpreter__kVSDbSE/agent/trajectory.json
Parser warnings: - Extra text detected after JSON object
Trajectory dumped to jobs/p1-terminus-2-make-mips-interpreter-r3/make-mips-interpreter__kVSDbSE/agent/trajectory.json
Trajectory dumped to jobs/p1-terminus-2-make-mips-interpreter-r3/make-mips-interpreter__kVSDbSE/agent/trajectory.json
Trajectory dumped to jobs/p1-terminus-2-make-mips-interpreter-r3/make-mips-interpreter__kVSDbSE/agent/trajectory.json
Trajectory dumped to jobs/p1-terminus-2-make-mips-interpreter-r3/make-mips-interpreter__kVSDbSE/agent/trajectory.json
Trajectory dumped to jobs/p1-terminus-2-make-mips-interpreter-r3/make-mips-interpreter__kVSDbSE/agent/trajectory.json
Trajectory dumped to jobs/p1-terminus-2-make-mips-interpreter-r3/make-mips-interpreter__kVSDbSE/agent/trajectory.json
Parser warnings: - Command 1 should end with newline when followed by another command. Otherwise the two commands will be concatenated together on the same line.
Trajectory dumped to jobs/p1-terminus-2-make-mips-interpreter-r3/make-mips-interpreter__kVSDbSE/agent/trajectory.json
Trajectory dumped to jobs/p1-terminus-2-make-mips-interpreter-r3/make-mips-interpreter__kVSDbSE/agent/trajectory.json
Trajectory dumped to jobs/p1-terminus-2-make-mips-interpreter-r3/make-mips-interpreter__kVSDbSE/agent/trajectory.json
Trajectory dumped to jobs/p1-terminus-2-make-mips-interpreter-r3/make-mips-interpreter__kVSDbSE/agent/trajectory.json
Trajectory dumped to jobs/p1-terminus-2-make-mips-interpreter-r3/make-mips-interpreter__kVSDbSE/agent/trajectory.json
Trajectory dumped to jobs/p1-terminus-2-make-mips-interpreter-r3/make-mips-interpreter__kVSDbSE/agent/trajectory.json
Parser warnings: - Extra text detected after JSON object
Trajectory dumped to jobs/p1-terminus-2-make-mips-interpreter-r3/make-mips-interpreter__kVSDbSE/agent/trajectory.json
Trajectory dumped to jobs/p1-terminus-2-make-mips-interpreter-r3/make-mips-interpreter__kVSDbSE/agent/trajectory.json
Trajectory dumped to jobs/p1-terminus-2-make-mips-interpreter-r3/make-mips-interpreter__kVSDbSE/agent/trajectory.json
Trajectory dumped to jobs/p1-terminus-2-make-mips-interpreter-r3/make-mips-interpreter__kVSDbSE/agent/trajectory.json
Trajectory dumped to jobs/p1-terminus-2-make-mips-interpreter-r3/make-mips-interpreter__kVSDbSE/agent/trajectory.json
Trajectory dumped to jobs/p1-terminus-2-make-mips-interpreter-r3/make-mips-interpreter__kVSDbSE/agent/trajectory.json
Trajectory dumped to jobs/p1-terminus-2-make-mips-interpreter-r3/make-mips-interpreter__kVSDbSE/agent/trajectory.json
Trajectory dumped to jobs/p1-terminus-2-make-mips-interpreter-r3/make-mips-interpreter__kVSDbSE/agent/trajectory.json
Trajectory dumped to jobs/p1-terminus-2-make-mips-interpreter-r3/make-mips-interpreter__kVSDbSE/agent/trajectory.json
Trajectory dumped to jobs/p1-terminus-2-make-mips-interpreter-r3/make-mips-interpreter__kVSDbSE/agent/trajectory.json
Trajectory dumped to jobs/p1-terminus-2-make-mips-interpreter-r3/make-mips-interpreter__kVSDbSE/agent/trajectory.json
Trajectory dumped to jobs/p1-terminus-2-make-mips-interpreter-r3/make-mips-interpreter__kVSDbSE/agent/trajectory.json
Trajectory dumped to jobs/p1-terminus-2-make-mips-interpreter-r3/make-mips-interpreter__kVSDbSE/agent/trajectory.json
Trajectory dumped to jobs/p1-terminus-2-make-mips-interpreter-r3/make-mips-interpreter__kVSDbSE/agent/trajectory.json
Trajectory dumped to jobs/p1-terminus-2-make-mips-interpreter-r3/make-mips-interpreter__kVSDbSE/agent/trajectory.json
Trajectory dumped to jobs/p1-terminus-2-make-mips-interpreter-r3/make-mips-interpreter__kVSDbSE/agent/trajectory.json
Trajectory dumped to jobs/p1-terminus-2-make-mips-interpreter-r3/make-mips-interpreter__kVSDbSE/agent/trajectory.json
Trajectory dumped to jobs/p1-terminus-2-make-mips-interpreter-r3/make-mips-interpreter__kVSDbSE/agent/trajectory.json
Trajectory dumped to jobs/p1-terminus-2-make-mips-interpreter-r3/make-mips-interpreter__kVSDbSE/agent/trajectory.json
Trajectory dumped to jobs/p1-terminus-2-make-mips-interpreter-r3/make-mips-interpreter__kVSDbSE/agent/trajectory.json
Trajectory dumped to jobs/p1-terminus-2-make-mips-interpreter-r3/make-mips-interpreter__kVSDbSE/agent/trajectory.json
Trajectory dumped to jobs/p1-terminus-2-make-mips-interpreter-r3/make-mips-interpreter__kVSDbSE/agent/trajectory.json
Parser warnings: - No valid JSON object found
Trajectory dumped to jobs/p1-terminus-2-make-mips-interpreter-r3/make-mips-interpreter__kVSDbSE/agent/trajectory.json
Trajectory dumped to jobs/p1-terminus-2-make-mips-interpreter-r3/make-mips-interpreter__kVSDbSE/agent/trajectory.json
Trajectory dumped to jobs/p1-terminus-2-make-mips-interpreter-r3/make-mips-interpreter__kVSDbSE/agent/trajectory.json
Trajectory dumped to jobs/p1-terminus-2-make-mips-interpreter-r3/make-mips-interpreter__kVSDbSE/agent/trajectory.json
Trajectory dumped to jobs/p1-terminus-2-make-mips-interpreter-r3/make-mips-interpreter__kVSDbSE/agent/trajectory.json
Trajectory dumped to jobs/p1-terminus-2-make-mips-interpreter-r3/make-mips-interpreter__kVSDbSE/agent/trajectory.json
Trajectory dumped to jobs/p1-terminus-2-make-mips-interpreter-r3/make-mips-interpreter__kVSDbSE/agent/trajectory.json
Trajectory dumped to jobs/p1-terminus-2-make-mips-interpreter-r3/make-mips-interpreter__kVSDbSE/agent/trajectory.json
Trajectory dumped to jobs/p1-terminus-2-make-mips-interpreter-r3/make-mips-interpreter__kVSDbSE/agent/trajectory.json
Trajectory dumped to jobs/p1-terminus-2-make-mips-interpreter-r3/make-mips-interpreter__kVSDbSE/agent/trajectory.json
Trajectory dumped to jobs/p1-terminus-2-make-mips-interpreter-r3/make-mips-interpreter__kVSDbSE/agent/trajectory.json
Trajectory dumped to jobs/p1-terminus-2-make-mips-interpreter-r3/make-mips-interpreter__kVSDbSE/agent/trajectory.json
Trajectory dumped to jobs/p1-terminus-2-make-mips-interpreter-r3/make-mips-interpreter__kVSDbSE/agent/trajectory.json
Trajectory dumped to jobs/p1-terminus-2-make-mips-interpreter-r3/make-mips-interpreter__kVSDbSE/agent/trajectory.json
Trajectory dumped to jobs/p1-terminus-2-make-mips-interpreter-r3/make-mips-interpreter__kVSDbSE/agent/trajectory.json
Trajectory dumped to jobs/p1-terminus-2-make-mips-interpreter-r3/make-mips-interpreter__kVSDbSE/agent/trajectory.json
Trajectory dumped to jobs/p1-terminus-2-make-mips-interpreter-r3/make-mips-interpreter__kVSDbSE/agent/trajectory.json
Trajectory dumped to jobs/p1-terminus-2-make-mips-interpreter-r3/make-mips-interpreter__kVSDbSE/agent/trajectory.json
Trajectory dumped to jobs/p1-terminus-2-make-mips-interpreter-r3/make-mips-interpreter__kVSDbSE/agent/trajectory.json
Trajectory dumped to jobs/p1-terminus-2-make-mips-interpreter-r3/make-mips-interpreter__kVSDbSE/agent/trajectory.json
Trajectory dumped to jobs/p1-terminus-2-make-mips-interpreter-r3/make-mips-interpreter__kVSDbSE/agent/trajectory.json
Trajectory dumped to jobs/p1-terminus-2-make-mips-interpreter-r3/make-mips-interpreter__kVSDbSE/agent/trajectory.json
Trajectory dumped to jobs/p1-terminus-2-make-mips-interpreter-r3/make-mips-interpreter__kVSDbSE/agent/trajectory.json
Trajectory dumped to jobs/p1-terminus-2-make-mips-interpreter-r3/make-mips-interpreter__kVSDbSE/agent/trajectory.json
Trajectory dumped to jobs/p1-terminus-2-make-mips-interpreter-r3/make-mips-interpreter__kVSDbSE/agent/trajectory.json
Trajectory dumped to jobs/p1-terminus-2-make-mips-interpreter-r3/make-mips-interpreter__kVSDbSE/agent/trajectory.json
Trajectory dumped to jobs/p1-terminus-2-make-mips-interpreter-r3/make-mips-interpreter__kVSDbSE/agent/trajectory.json
Trajectory dumped to jobs/p1-terminus-2-make-mips-interpreter-r3/make-mips-interpreter__kVSDbSE/agent/trajectory.json
Collecting main service artifacts
