Skipping image OS validation for alexgshaw/financial-document-processor:20251031: docker inspect returned 1
Installing: tmux, asciinema
Detected system: {'os': 'debian-based', 'package_manager': 'apt-get', 'update_command': None}
Installing tools using apt-get: DEBIAN_FRONTEND=noninteractive apt-get update && DEBIAN_FRONTEND=noninteractive apt-get install -y tmux asciinema
Starting recording.
Sending keys: ['asciinema rec --stdin /logs/agent/recording.cast', 'Enter'] min_timeout_sec: 1.0 max_timeout_sec: 180.0
Sending keys: ['clear', 'Enter'] min_timeout_sec: 0.0 max_timeout_sec: 180.0
Sending keys: ["find /app/documents -maxdepth 1 -type f -printf '%f\\n' | sort; printf '\\nTools:\\n'; command -v pdftotext || true; command -v tesseract || true; command -v file || true\n"] min_timeout_sec: 0.5 max_timeout_sec: 180.0
Trajectory dumped to jobs/p1-terminus-2-financial-document-processor-r2/financial-document-processor__vwi2BkR/agent/trajectory.json
Sending keys: ['file /app/documents/*; printf \'\\nPython modules:\\n\'; python3 - <<\'PY\'\nmods=[\'PIL\',\'cv2\',\'pytesseract\',\'fitz\',\'PyPDF2\',\'pypdf\',\'pdfplumber\',\'easyocr\']\nfor m in mods:\n try:\n  x=__import__(m); print(m, \'OK\', getattr(x,\'__version__\',\'\'))\n except Exception as e: print(m, \'NO\')\nPY\nprintf \'\\nUtilities:\\n\'; for x in pdftoppm mutool convert magick identify ocrmypdf gs pdfinfo; do command -v "$x" || true; done\n'] min_timeout_sec: 1.0 max_timeout_sec: 180.0
Sending keys: ["python3 - <<'PY'\nimport os\nfor fn in sorted(os.listdir('/app/documents')):\n p='/app/documents/'+fn\n print('\\n###',fn)\n if fn.lower().endswith('.pdf'):\n  b=open(p,'rb').read()\n  print('size',len(b),'strings:',end=' ')\n  import re\n  s=re.findall(rb'[ -~]{4,}',b)\n  print(' | '.join(x.decode('latin1','ignore')[:200] for x in s[:20]))\nPY\n"] min_timeout_sec: 1.0 max_timeout_sec: 180.0
Trajectory dumped to jobs/p1-terminus-2-financial-document-processor-r2/financial-document-processor__vwi2BkR/agent/trajectory.json
Sending keys: ["python3 - <<'PY'\nimport os,re,zlib\nfor fn in sorted(os.listdir('/app/documents')):\n if not fn.lower().endswith('.pdf'): continue\n b=open('/app/documents/'+fn,'rb').read()\n print('\\n### '+fn)\n for m in re.finditer(rb'stream\\r?\\n',b):\n  start=m.end(); end=b.find(b'endstream',start)\n  raw=b[start:end].strip(b'\\r\\n')\n  try: dec=zlib.decompress(raw)\n  except: dec=raw\n  print(dec.decode('latin1','replace'))\nPY\n"] min_timeout_sec: 1.0 max_timeout_sec: 180.0
Sending keys: ["python3 - <<'PY'\nimport os,struct\nfor fn in sorted(os.listdir('/app/documents')):\n if not fn.lower().endswith(('.jpg','.jpeg')): continue\n b=open('/app/documents/'+fn,'rb').read(); print(fn,len(b),b[:10])\n i=2\n try:\n  while i<len(b)-9:\n   if b[i]!=255: i+=1; continue\n   marker=b[i+1]; i+=2\n   if marker in (216,217): continue\n   n=struct.unpack('>H',b[i:i+2])[0]\n   if marker in (192,193,194,195):\n    h,w=struct.unpack('>HH',b[i+3:i+7]); print(' ',w,'x',h); break\n   i+=n\n except Exception as e: print(e)\nPY\nprintf '\\nPossible tools:\\n'; find /usr/bin /usr/local/bin -maxdepth 1 -type f -printf '%f\\n' 2>/dev/null | grep -Ei 'ocr|pdf|image|convert|python|node|ruby|perl' | sort\n"] min_timeout_sec: 1.0 max_timeout_sec: 180.0
Trajectory dumped to jobs/p1-terminus-2-financial-document-processor-r2/financial-document-processor__vwi2BkR/agent/trajectory.json
Sending keys: ['apt-get update -qq && DEBIAN_FRONTEND=noninteractive apt-get install -y -qq poppler-utils tesseract-ocr\n'] min_timeout_sec: 10.0 max_timeout_sec: 180.0
Sending keys: ['rm -rf /tmp/doc_text; mkdir -p /tmp/doc_text; for f in /app/documents/*.pdf; do n=$(basename "$f" .pdf); pdftotext -layout "$f" "/tmp/doc_text/$n.txt" 2>/dev/null || true; done; for f in /app/documents/*.[JjPp][PpGg]; do n=$(basename "$f"); tesseract "$f" "/tmp/doc_text/$n" 2>/dev/null || true; done; for f in /tmp/doc_text/*; do echo "===== $(basename "$f") ====="; cat "$f"; echo; done\n'] min_timeout_sec: 15.0 max_timeout_sec: 180.0
Trajectory dumped to jobs/p1-terminus-2-financial-document-processor-r2/financial-document-processor__vwi2BkR/agent/trajectory.json
Sending keys: [''] min_timeout_sec: 10.0 max_timeout_sec: 180.0
Trajectory dumped to jobs/p1-terminus-2-financial-document-processor-r2/financial-document-processor__vwi2BkR/agent/trajectory.json
Sending keys: [''] min_timeout_sec: 10.0 max_timeout_sec: 180.0
Trajectory dumped to jobs/p1-terminus-2-financial-document-processor-r2/financial-document-processor__vwi2BkR/agent/trajectory.json
Sending keys: ['rm -rf /tmp/doc_text; mkdir -p /tmp/doc_text; for f in /app/documents/*.pdf; do n=$(basename "$f" .pdf); pdftotext -layout "$f" "/tmp/doc_text/$n.txt" 2>/dev/null || true; done; for f in /app/documents/*.jpg; do n=$(basename "$f" .jpg); tesseract "$f" "/tmp/doc_text/$n" 2>/dev/null || true; done; for f in /tmp/doc_text/*; do echo "===== $(basename "$f") ====="; cat "$f"; echo; done\n'] min_timeout_sec: 20.0 max_timeout_sec: 180.0
Trajectory dumped to jobs/p1-terminus-2-financial-document-processor-r2/financial-document-processor__vwi2BkR/agent/trajectory.json
Sending keys: [''] min_timeout_sec: 15.0 max_timeout_sec: 180.0
Trajectory dumped to jobs/p1-terminus-2-financial-document-processor-r2/financial-document-processor__vwi2BkR/agent/trajectory.json
Sending keys: ['printf \'Prompt check\\n\'; ps -eo pid,stat,comm,args | grep -E \'[t]esseract|[p]dftotext\' || true; printf \'\\nExtracted files:\\n\'; find /tmp/doc_text -maxdepth 1 -type f -printf \'%f %s bytes\\n\' 2>/dev/null | sort; printf \'\\nText:\\n\'; for f in /tmp/doc_text/*; do [ -f "$f" ] || continue; echo "===== $(basename "$f") ====="; cat "$f"; echo; done\n'] min_timeout_sec: 5.0 max_timeout_sec: 180.0
Trajectory dumped to jobs/p1-terminus-2-financial-document-processor-r2/financial-document-processor__vwi2BkR/agent/trajectory.json
Sending keys: ['for f in /tmp/doc_text/*; do echo "===== $(basename "$f") ====="; grep -inE \'invoice|receipt|bill|total|amount|due|vat|tax|gst|subtotal|payment|order|price|statement|letter|report|certificate\' "$f" || sed -n \'1,12p\' "$f"; done\n'] min_timeout_sec: 1.0 max_timeout_sec: 180.0
Sending keys: ['for f in /tmp/doc_text/*; do echo "===== $(basename "$f") ====="; wc -l -c "$f"; done\n'] min_timeout_sec: 0.5 max_timeout_sec: 180.0
Trajectory dumped to jobs/p1-terminus-2-financial-document-processor-r2/financial-document-processor__vwi2BkR/agent/trajectory.json
Sending keys: ["python3 - <<'PY'\nimport glob,os,re\nfor f in sorted(glob.glob('/tmp/doc_text/*')):\n s=open(f,errors='replace').read()\n print('\\n###',os.path.basename(f),'###')\n lines=[]\n for line in s.splitlines():\n  line=' '.join(line.split())\n  if line: lines.append(line)\n print('\\n'.join(lines[:80]))\nPY\n"] min_timeout_sec: 1.0 max_timeout_sec: 180.0
Trajectory dumped to jobs/p1-terminus-2-financial-document-processor-r2/financial-document-processor__vwi2BkR/agent/trajectory.json
Sending keys: ["python3 - <<'PY'\nimport glob,os,re\npat=re.compile(r'(invoice|receipt|bill|total|amount|due|vat|tax|gst|gross|net|subtotal|balance|payment|order)',re.I)\nfor f in sorted(glob.glob('/tmp/doc_text/*')):\n lines=[' '.join(x.split()) for x in open(f,errors='replace').read().splitlines() if x.strip()]\n print('\\n### '+os.path.basename(f)+' ###')\n print('HEAD:', ' | '.join(lines[:5]))\n hits=[x for x in lines if pat.search(x)]\n print('KEY:', ' | '.join(hits[-20:]) if hits else '(none)')\nPY\n"] min_timeout_sec: 1.0 max_timeout_sec: 180.0
Trajectory dumped to jobs/p1-terminus-2-financial-document-processor-r2/financial-document-processor__vwi2BkR/agent/trajectory.json
Sending keys: ["python3 - <<'PY'\nimport os,re\nfiles=['2lgKzDuI4E4g','6NVuAIhTV4KB','F0oZMhSUm2dO','GFAlpKoFg81H','JOiylq2_7S18','KrJiw0OZx7jf','QOoA_j33PD_E','T0r6Ou8zvqTA']\npat=re.compile(r'(invoice|receipt|bill|total|amount|due|vat|tax|gst|gross|net|subtotal|balance|payment|order|statement|memo)',re.I)\nfor n in files:\n f='/tmp/doc_text/'+n+'.txt'; lines=[' '.join(x.split()) for x in open(f,errors='replace').read().splitlines() if x.strip()]\n print('\\n###',n,'###\\nHEAD:', ' | '.join(lines[:6]))\n print('KEY:', ' | '.join(x for x in lines if pat.search(x))[:2500])\nPY\n"] min_timeout_sec: 1.0 max_timeout_sec: 180.0
Trajectory dumped to jobs/p1-terminus-2-financial-document-processor-r2/financial-document-processor__vwi2BkR/agent/trajectory.json
Sending keys: ['for f in /tmp/doc_text/{JOiylq2_7S18,ivE2mt3HwvEO,lxtL9XrYRsVG,w0i40MJP2Dzm}.txt; do echo "===== $f ====="; cat "$f"; done\n'] min_timeout_sec: 1.0 max_timeout_sec: 180.0
Trajectory dumped to jobs/p1-terminus-2-financial-document-processor-r2/financial-document-processor__vwi2BkR/agent/trajectory.json
Sending keys: ['for f in /tmp/doc_text/{2lgKzDuI4E4g,KrJiw0OZx7jf,JOiylq2_7S18,ivE2mt3HwvEO,lxtL9XrYRsVG,vvK89XK847m3,w0i40MJP2Dzm,T0r6Ou8zvqTA,wIQEB5nR79b2}.txt; do echo "===== $(basename "$f") ====="; grep -inE \'total|amount due|subtotal|vat|tax|gross|net worth|\\$|usd|totalprice\' "$f" | tail -30; done\n'] min_timeout_sec: 1.0 max_timeout_sec: 180.0
Trajectory dumped to jobs/p1-terminus-2-financial-document-processor-r2/financial-document-processor__vwi2BkR/agent/trajectory.json
Sending keys: ['for n in JOiylq2_7S18 ivE2mt3HwvEO 2lgKzDuI4E4g KrJiw0OZx7jf; do echo "===== $n ====="; nl -ba "/tmp/doc_text/$n.txt" | sed -n \'1,140p\'; done\n'] min_timeout_sec: 1.0 max_timeout_sec: 180.0
Trajectory dumped to jobs/p1-terminus-2-financial-document-processor-r2/financial-document-processor__vwi2BkR/agent/trajectory.json
Sending keys: ["nl -ba /tmp/doc_text/ivE2mt3HwvEO.txt | grep -E '^[ ]*[0-9]+[[:space:]]+(Total|VAT|Gross|Gross worth|Net worth|\\$|[0-9])' | tail -40\n"] min_timeout_sec: 0.5 max_timeout_sec: 180.0
Trajectory dumped to jobs/p1-terminus-2-financial-document-processor-r2/financial-document-processor__vwi2BkR/agent/trajectory.json
Sending keys: ["echo '===== JOiylq2_7S18 financial text ====='; nl -ba /tmp/doc_text/JOiylq2_7S18.txt | tail -80\n"] min_timeout_sec: 0.5 max_timeout_sec: 180.0
Trajectory dumped to jobs/p1-terminus-2-financial-document-processor-r2/financial-document-processor__vwi2BkR/agent/trajectory.json
Sending keys: ["cat > /tmp/process_documents.py <<'PY'\nfrom pathlib import Path\nfrom decimal import Decimal\nimport csv, shutil\nsrc=Path('/app/documents')\ninv=Path('/app/invoices'); other=Path('/app/other')\ninv.mkdir(exist_ok=True); other.mkdir(exist_ok=True)\n# filename: (total, vat)\ninvoices={\n '2lgKzDuI4E4g.jpg':('6558','0'),\n 'KrJiw0OZx7jf.jpg':('9963','0'),\n 'JOiylq2_7S18.jpg':('6860.45','623.68'),\n 'ivE2mt3HwvEO.jpg':('819.06','74.46'),\n 'lxtL9XrYRsVG.jpg':('797.91','72.54'),\n 'vvK89XK847m3.jpg':('6204.19','564.02'),\n 'w0i40MJP2Dzm.jpg':('44745.59','4067.78'),\n 'T0r6Ou8zvqTA.pdf':('4031.0','0'),\n 'wIQEB5nR79b2.pdf':('440.0','0'),\n 'UsN9tVTKskms.pdf':('896.0','0'),\n}\nallfiles={p.name for p in src.iterdir() if p.is_file()}\nmissing=set(invoices)-allfiles\nif missing: raise SystemExit('Missing invoice files: '+repr(missing))\nfor name in sorted(allfiles):\n dest=inv if name in invoices else other\n shutil.move(str(src/name),str(dest/name))\nrows=[]\ntotal=Decimal('0'); vat=Decimal('0')\nfor name,(t,v) in invoices.items():\n total+=Decimal(t); vat+=Decimal(v)\n rows.append((name,t,v))\ndef fmt(x):\n return format(x,'f').rstrip('0').rstrip('.') if x!=x.to_integral() else format(x,'f')\nwith (inv/'summary.csv').open('w',newline='') as f:\n w=csv.writer(f); w.writerow(['filename','total_amount','vat_amount'])\n w.writerows(rows); w.writerow(['total',fmt(total),fmt(vat)])\nprint('moved invoices:',len(invoices),'other:',len(allfiles)-len(invoices))\nprint('aggregate:',fmt(total),fmt(vat))\nPY\npython3 /tmp/process_documents.py\nprintf '\\nSource remaining:\\n'; find /app/documents -maxdepth 1 -type f -printf '%f\\n' | sort\nprintf '\\nInvoice files:\\n'; find /app/invoices -maxdepth 1 -type f -printf '%f\\n' | sort\nprintf '\\nOther files:\\n'; find /app/other -maxdepth 1 -type f -printf '%f\\n' | sort\nprintf '\\nCSV:\\n'; cat /app/invoices/summary.csv\n"] min_timeout_sec: 2.0 max_timeout_sec: 180.0
Trajectory dumped to jobs/p1-terminus-2-financial-document-processor-r2/financial-document-processor__vwi2BkR/agent/trajectory.json
Trajectory dumped to jobs/p1-terminus-2-financial-document-processor-r2/financial-document-processor__vwi2BkR/agent/trajectory.json
Trajectory dumped to jobs/p1-terminus-2-financial-document-processor-r2/financial-document-processor__vwi2BkR/agent/trajectory.json
Trajectory dumped to jobs/p1-terminus-2-financial-document-processor-r2/financial-document-processor__vwi2BkR/agent/trajectory.json
Collecting main service artifacts
