done winning-avg-corewars pi 1
done winning-avg-corewars mini-swe-agent 1
done count-dataset-tokens terminus-2 1
done winning-avg-corewars router 1
done winning-avg-corewars terminus-2 1
done count-dataset-tokens mini-swe-agent 1
done count-dataset-tokens pi 1
done count-dataset-tokens router 1
done build-cython-ext mini-swe-agent 1
done build-cython-ext pi 1
done build-cython-ext router 1
done build-cython-ext terminus-2 1
done large-scale-text-editing terminus-2 1
done large-scale-text-editing pi 1
done headless-terminal terminus-2 1
done headless-terminal mini-swe-agent 1
done headless-terminal pi 1
done large-scale-text-editing mini-swe-agent 1
done large-scale-text-editing router 1
done headless-terminal router 1
done gcode-to-text pi 1
done gcode-to-text mini-swe-agent 1
done gcode-to-text terminus-2 1
done gcode-to-text router 1
done distribution-search terminus-2 1
done distribution-search pi 1
done distribution-search mini-swe-agent 1
done distribution-search router 1
done constraints-scheduling terminus-2 1
done constraints-scheduling router 1
done constraints-scheduling mini-swe-agent 1
done constraints-scheduling pi 1
