Skipping image OS validation for alexgshaw/feal-linear-cryptanalysis:20251031: docker inspect returned 1
Installing: tmux, asciinema
Detected system: {'os': 'debian-based', 'package_manager': 'apt-get', 'update_command': None}
Installing tools using apt-get: DEBIAN_FRONTEND=noninteractive apt-get update && DEBIAN_FRONTEND=noninteractive apt-get install -y tmux asciinema
Starting recording.
Sending keys: ['asciinema rec --stdin /logs/agent/recording.cast', 'Enter'] min_timeout_sec: 1.0 max_timeout_sec: 180.0
Sending keys: ['clear', 'Enter'] min_timeout_sec: 0.0 max_timeout_sec: 180.0
Parser warnings: - Extra text detected after JSON object
Sending keys: ["pwd; echo '--- feal.c ---'; sed -n '1,240p' /app/feal.c; echo '--- decrypt.c ---'; sed -n '1,260p' /app/decrypt.c; echo '--- pairs head ---'; sed -n '1,8p' /app/pairs.txt; echo '--- ciphertexts head ---'; sed -n '1,8p' /app/ciphertexts.txt\n"] min_timeout_sec: 1.0 max_timeout_sec: 180.0
Trajectory dumped to jobs/p1-terminus-2-feal-linear-cryptanalysis-r1/feal-linear-cryptanalysis__NmHx7YZ/agent/trajectory.json
Sending keys: ["cd /app && python3 - <<'PY'\ntry:\n import z3\n print('z3-python available')\nexcept Exception as e:\n print('no z3-python:',e)\nPY\ncommand -v z3 || true\ncommand -v boolector || true\ncommand -v cvc5 || true\npython3 - <<'PY'\nimport importlib.util\nfor x in ['claripy','pyeda','pysat',' ortools']:\n print(x, bool(importlib.util.find_spec(x.strip())))\nPY\n"] min_timeout_sec: 0.5 max_timeout_sec: 180.0
Trajectory dumped to jobs/p1-terminus-2-feal-linear-cryptanalysis-r1/feal-linear-cryptanalysis__NmHx7YZ/agent/trajectory.json
Parser warnings: - Extra text detected after JSON object
Sending keys: ['python3 -m pip install --quiet z3-solver\n'] min_timeout_sec: 10.0 max_timeout_sec: 180.0
Trajectory dumped to jobs/p1-terminus-2-feal-linear-cryptanalysis-r1/feal-linear-cryptanalysis__NmHx7YZ/agent/trajectory.json
Sending keys: ["cd /app && cat > solve_attack.py <<'PY'\nfrom z3 import *\n\nMASK32 = 0xffffffff\n\ndef bv8(x):\n    return Extract(7, 0, x) if isinstance(x, ArithRef) else BitVecVal(x & 255, 8)\n\ndef g(a, b, x):\n    # All operands are 8-bit, matching uint8_t wraparound in C.\n    t = a + b + BitVecVal(x, 8)\n    t = Extract(7, 0, t)\n    return RotateLeft(t, 2)\n\ndef f(v):\n    x0 = Extract(7, 0, v)\n    x1 = Extract(15, 8, v)\n    x2 = Extract(23, 16, v)\n    x3 = Extract(31, 24, v)\n    y2 = g(x3 ^ x2, x1 ^ x0, 1)\n    y3 = g(x3, y2, 0)\n    y1 = g(x1 ^ x0, y2, 0)\n    y0 = g(x0, y1, 1)\n    return (ZeroExt(24, y0) |\n            (ZeroExt(24, y1) << 8) |\n            (ZeroExt(24, y2) << 16) |\n            (ZeroExt(24, y3) << 24))\n\ndef expand(seed):\n    # C evaluates this as uint32_t, so widen the 20-bit seed first.\n    s = ZeroExt(12, seed)\n    return s ^ (s << 16) ^ (s * BitVecVal(12345, 32))\n\ndef enc(p, keys):\n    left = Extract(63, 32, p)\n    right = Extract(31, 0, p)\n    right = right ^ left\n    for k in keys:\n        mixed = f(right ^ k)\n        oldright = right\n        right = left ^ mixed\n        left = oldright\n    left = left ^ right\n    return (ZeroExt(32, right) << 32) | ZeroExt(32, left)\n\ndef concrete_f(v):\n    x = [(v >> (8*i)) & 255 for i in range(4)]\n    def gg(a,b,c):\n        t=(a+b+c)&255\n        return ((t<<2)|(t>>6))&255\n    y=[0]*4\n    y[2]=gg(x[3]^x[2],x[1]^x[0],1)\n    y[3]=gg(x[3],y[2],0)\n    y[1]=gg(x[1]^x[0],y[2],0)\n    y[0]=gg(x[0],y[1],1)\n    return sum(y[i]<<(8*i) for i in range(4))\n\ndef dec(c, keys):\n    left=c & MASK32\n    right=(c >> 32) & MASK32\n    left ^= right\n    for k in range(3,-1,-1):\n        temp=left\n        left=right\n        mixed=concrete_f(temp ^ keys[k])\n        right=temp\n        left ^= mixed\n    right ^= left\n    return ((left&MASK32)<<32)|(right&MASK32)\n\npairs=[]\nwith open('/app/pairs.txt') as fp:\n    for line in fp:\n        if line.split():\n            a,b=line.split()[:2]\n            pairs.append((int(a),int(b)))\n\nseeds=[BitVec('seed%d'%i,20) for i in range(4)]\nkeys=[expand(s) for s in seeds]\ns=Solver()\nfor p,c in pairs:\n    s.add(enc(BitVecVal(p,64),keys) == BitVecVal(c,64))\nprint('constraints:',len(pairs), flush=True)\nif s.check() != sat:\n    raise SystemExit('no solution')\nm=s.model()\nvals=[m.eval(x).as_long() for x in seeds]\nek=[(v ^ (v<<16) ^ (v*12345)) & MASK32 for v in vals]\nprint('seeds:', ' '.join('0x%05x'%v for v in vals), flush=True)\nprint('expanded:', ' '.join('0x%08x'%v for v in ek), flush=True)\nfor i,(p,c) in enumerate(pairs):\n    got=dec(c,ek)\n    if got != p:\n        raise SystemExit('verification failed on pair %d: %d != %d'%(i,got,p))\nprint('verified known pairs:',len(pairs), flush=True)\nwith open('/app/plaintexts.txt','w') as out, open('/app/ciphertexts.txt') as fp:\n    n=0\n    for line in fp:\n        if line.split():\n            c=int(line.split()[0])\n            out.write(str(dec(c,ek))+'\\n')\n            n+=1\nprint('decrypted ciphertexts:',n, flush=True)\nPY\npython3 solve_attack.py\nwc -l /app/plaintexts.txt\nhead -5 /app/plaintexts.txt\n"] min_timeout_sec: 10.0 max_timeout_sec: 180.0
Trajectory dumped to jobs/p1-terminus-2-feal-linear-cryptanalysis-r1/feal-linear-cryptanalysis__NmHx7YZ/agent/trajectory.json
Sending keys: ["cd /app && gcc -O2 -o /tmp/decrypt decrypt.c && /tmp/decrypt /app/ciphertexts.txt 0x68e63 0x62571 0x1f61c 0xb74a5 > /tmp/decrypt.out && tail -n +1 /tmp/decrypt.out | cmp -s - /app/plaintexts.txt; if [ $? -eq 0 ]; then echo 'independent decrypt verification: OK'; else echo 'verification failed'; exit 1; fi\n"] min_timeout_sec: 2.0 max_timeout_sec: 180.0
Trajectory dumped to jobs/p1-terminus-2-feal-linear-cryptanalysis-r1/feal-linear-cryptanalysis__NmHx7YZ/agent/trajectory.json
Trajectory dumped to jobs/p1-terminus-2-feal-linear-cryptanalysis-r1/feal-linear-cryptanalysis__NmHx7YZ/agent/trajectory.json
Trajectory dumped to jobs/p1-terminus-2-feal-linear-cryptanalysis-r1/feal-linear-cryptanalysis__NmHx7YZ/agent/trajectory.json
Collecting main service artifacts
