Skipping image OS validation for alexgshaw/code-from-image:20251031: docker inspect returned 1
Installing: tmux, asciinema
Detected system: {'os': 'debian-based', 'package_manager': 'apt-get', 'update_command': None}
Installing tools using apt-get: DEBIAN_FRONTEND=noninteractive apt-get update && DEBIAN_FRONTEND=noninteractive apt-get install -y tmux asciinema
Starting recording.
Sending keys: ['asciinema rec --stdin /logs/agent/recording.cast', 'Enter'] min_timeout_sec: 1.0 max_timeout_sec: 180.0
Sending keys: ['clear', 'Enter'] min_timeout_sec: 0.0 max_timeout_sec: 180.0
Parser warnings: - Extra text detected after JSON object
Sending keys: ['file /app/code.png && identify /app/code.png 2>/dev/null || true\n'] min_timeout_sec: 0.1 max_timeout_sec: 180.0
Sending keys: ['tesseract /app/code.png stdout 2>/dev/null || true\n'] min_timeout_sec: 1.0 max_timeout_sec: 180.0
Trajectory dumped to jobs/p1-terminus-2-code-from-image-r2/code-from-image__iphevUx/agent/trajectory.json
Sending keys: ["ls -l /app; python3 - <<'PY'\nimport os\np='/app/code.png'\nprint('exists:',os.path.exists(p),'bytes:',os.path.getsize(p) if os.path.exists(p) else 0)\ntry:\n from PIL import Image\n im=Image.open(p)\n print('PIL:',im.size,im.mode)\nexcept Exception as e: print('PIL error:',e)\nfor m in ['cv2','pytesseract','easyocr','numpy']:\n try:\n  x=__import__(m); print(m,'available',getattr(x,'__version__',''))\n except Exception as e: print(m,'unavailable')\nPY\n"] min_timeout_sec: 1.0 max_timeout_sec: 180.0
Sending keys: ['python3 - <<\'PY\'\nfrom PIL import Image,ImageOps,ImageFilter\nim=Image.open(\'/app/code.png\').convert(\'L\')\nim=ImageOps.autocontrast(im).resize((im.width*4,im.height*4))\nim.save(\'/tmp/code_big.png\')\nim.point(lambda p: 0 if p<180 else 255).save(\'/tmp/code_bw.png\')\nprint(im.size)\nPY\nfor f in /tmp/code_big.png /tmp/code_bw.png; do echo "=== $f ==="; tesseract "$f" stdout --psm 6 2>/dev/null; done\n'] min_timeout_sec: 3.0 max_timeout_sec: 180.0
Trajectory dumped to jobs/p1-terminus-2-code-from-image-r2/code-from-image__iphevUx/agent/trajectory.json
Sending keys: ["python3 - <<'PY'\nimport struct,zlib\np='/app/code.png'; b=open(p,'rb').read()\nassert b[:8]==b'\\x89PNG\\r\\n\\x1a\\n'\npos=8; dat=b''\nwhile pos<len(b):\n n=struct.unpack('>I',b[pos:pos+4])[0]; typ=b[pos+4:pos+8]; chunk=b[pos+8:pos+8+n]; pos+=12+n\n if typ==b'IHDR': print('IHDR',struct.unpack('>IIBBBBB',chunk))\n if typ==b'IDAT': dat+=chunk\n if typ==b'IEND': break\nw,h,depth,ct,comp,filt,inter=struct.unpack('>IIBBBBB',b[16:29]); raw=zlib.decompress(dat)\nprint('raw bytes',len(raw),'color type',ct,'depth',depth,'interlace',inter)\n# decode common non-interlaced 8-bit PNGs\nif inter or depth!=8: raise SystemExit('unsupported PNG layout')\nbpp={0:1,2:3,3:1,4:2,6:4}[ct]; stride=w*bpp\nrows=[]; off=0; prev=bytearray(stride)\nfor y in range(h):\n ft=raw[off]; off+=1; cur=bytearray(raw[off:off+stride]); off+=stride\n for i in range(stride):\n  a=cur[i-bpp] if i>=bpp else 0; bb=prev[i]; c=prev[i-bpp] if i>=bpp else 0\n  if ft==1: cur[i]=(cur[i]+a)&255\n  elif ft==2: cur[i]=(cur[i]+bb)&255\n  elif ft==3: cur[i]=(cur[i]+((a+bb)//2))&255\n  elif ft==4:\n   q=a+bb-c; pa=abs(q-a); pb=abs(q-bb); pc=abs(q-c); pr=a if pa<=pb and pa<=pc else (bb if pb<=pc else c); cur[i]=(cur[i]+pr)&255\n  elif ft!=0: raise SystemExit('bad filter')\n rows.append(cur); prev=cur\n# luminance and compact preview\nfor y in range(0,h,max(1,h//60)):\n s=''\n for x in range(0,w,max(1,w//120)):\n  v=[]\n  for yy in range(y,min(h,y+max(1,h//60))):\n   for xx in range(x,min(w,x+max(1,w//120))):\n    q=rows[yy][xx*bpp:(xx+1)*bpp]\n    if ct==0: z=q[0]\n    elif ct==2: z=(299*q[0]+587*q[1]+114*q[2])//1000\n    elif ct==4: z=q[0]\n    else: z=(299*q[0]+587*q[1]+114*q[2])//1000\n    v.append(z)\n  z=sum(v)//len(v); s += ' #O*:. '[(z*7)//256]\n print(s.rstrip())\nPY\n"] min_timeout_sec: 2.0 max_timeout_sec: 180.0
Trajectory dumped to jobs/p1-terminus-2-code-from-image-r2/code-from-image__iphevUx/agent/trajectory.json
Sending keys: ['cat > /tmp/decode.py <<\'PY\'\nimport struct,zlib\nb=open(\'/app/code.png\',\'rb\').read(); pos=8; dat=b\'\'\nwhile pos<len(b):\n n=struct.unpack(\'>I\',b[pos:pos+4])[0]; t=b[pos+4:pos+8]; c=b[pos+8:pos+8+n]; pos+=n+12\n if t==b\'IHDR\': w,h,d,ct,co,fi,inter=struct.unpack(\'>IIBBBBB\',c)\n if t==b\'IDAT\': dat+=c\nraw=zlib.decompress(dat); bpp=4; stride=w*bpp; off=0; prev=bytearray(stride); pix=[]\nfor y in range(h):\n ft=raw[off]; off+=1; cur=bytearray(raw[off:off+stride]); off+=stride\n for i in range(stride):\n  a=cur[i-bpp] if i>=bpp else 0; bb=prev[i]; c=prev[i-bpp] if i>=bpp else 0\n  if ft==1: cur[i]=(cur[i]+a)&255\n  elif ft==2: cur[i]=(cur[i]+bb)&255\n  elif ft==3: cur[i]=(cur[i]+(a+bb)//2)&255\n  elif ft==4:\n   q=a+bb-c; pa=abs(q-a); pb=abs(q-bb); pc=abs(q-c); pr=a if pa<=pb and pa<=pc else (bb if pb<=pc else c); cur[i]=(cur[i]+pr)&255\n pix.append(cur); prev=cur\n# composite onto white, luminance\nvals=[]; amin=255; amax=0\nfor row in pix:\n for x in range(w):\n  r,g,bl,a=row[4*x:4*x+4]; amin=min(amin,a); amax=max(amax,a)\n  r=(r*a+255*(255-a))//255; g=(g*a+255*(255-a))//255; bl=(bl*a+255*(255-a))//255\n  vals.append((299*r+587*g+114*bl)//1000)\nprint(w,h,\'alpha\',amin,amax,\'gray\',min(vals),max(vals))\ndef pgm(path, W,H,data):\n open(path,\'wb\').write((\'P5\\n%d %d\\n255\\n\'%(W,H)).encode()+bytes(data))\npgm(\'/tmp/code.pgm\',w,h,vals)\n# nearest-neighbor 3x enlarged, threshold variants\nfor name,thr in [(\'bw\',200),(\'bw240\',240),(\'bw160\',160)]:\n out=[]\n for y in range(h):\n  for yy in range(3):\n   for x in range(w):\n    v=0 if vals[y*w+x]<thr else 255\n    out.extend([v]*3)\n pgm(\'/tmp/\'+name+\'.pgm\',w*3,h*3,out)\nPY\npython3 /tmp/decode.py\nfor f in /tmp/code.pgm /tmp/bw.pgm /tmp/bw240.pgm /tmp/bw160.pgm; do echo ===$f===; for p in 3 6 11 12; do tesseract "$f" stdout --psm $p 2>/dev/null; done; done\n'] min_timeout_sec: 5.0 max_timeout_sec: 180.0
Trajectory dumped to jobs/p1-terminus-2-code-from-image-r2/code-from-image__iphevUx/agent/trajectory.json
Sending keys: ['which tesseract; tesseract --version 2>&1 | head -5; tesseract --list-langs 2>&1; which convert magick pngtopnm pnmcat 2>/dev/null || true; ls -l /tmp/code.pgm /tmp/bw*.pgm\n'] min_timeout_sec: 1.0 max_timeout_sec: 180.0
Sending keys: ['for f in /tmp/code.pgm /tmp/bw.pgm /tmp/bw240.pgm /tmp/bw160.pgm; do echo "=== $f ==="; tesseract "$f" stdout --psm 6 2>&1; done\n'] min_timeout_sec: 3.0 max_timeout_sec: 180.0
Trajectory dumped to jobs/p1-terminus-2-code-from-image-r2/code-from-image__iphevUx/agent/trajectory.json
Parser warnings: - Extra text detected after JSON object
Sending keys: ['cat > /tmp/braille.py <<\'PY\'\nexec(open(\'/tmp/decode.py\').read().split("# composite onto white")[0])\n# pix is decoded RGBA rows; convert to black mask (the image is opaque)\nmask=[]\nfor row in pix:\n mask.append([1 if (299*row[4*x]+587*row[4*x+1]+114*row[4*x+2])//1000 < 128 else 0 for x in range(w)])\nproj=[sum(r) for r in mask]\n# row bands with ink, allowing small gaps inside a line\nbands=[]; start=None; gap=0\nfor y,n in enumerate(proj+[0]):\n if n:\n  if start is None: start=y\n  gap=0\n elif start is not None:\n  gap+=1\n  if gap>=4:\n   bands.append((start,y-gap+1)); start=None; gap=0\nprint(\'bands\',bands)\n# Braille: downsample horizontally by 2, vertically by 1 (each braille cell 2x4)\nfor bi,(a,b) in enumerate(bands):\n # include only relevant x range\n xs=[x for y in range(a,b) for x,v in enumerate(mask[y]) if v]\n if not xs: continue\n l=max(0,min(xs)-3); r=min(w,max(xs)+4)\n print(\'\\n--- LINE\',bi,\'rows\',a,b,\'x\',l,r,\'---\')\n for y0 in range(a,b,4):\n  out=[]\n  for x0 in range(l,r,2):\n   dots=0\n   coords=[(0,0,1),(0,1,2),(0,2,4),(1,0,8),(1,1,16),(1,2,32),(0,3,64),(1,3,128)]\n   for dx,dy,bit in coords:\n    if y0+dy<h and x0+dx<w and mask[y0+dy][x0+dx]: dots+=bit\n   out.append(chr(0x2800+dots) if dots else \' \')\n  print(\'\'.join(out).rstrip())\nPY\npython3 /tmp/braille.py\n'] min_timeout_sec: 3.0 max_timeout_sec: 180.0
Trajectory dumped to jobs/p1-terminus-2-code-from-image-r2/code-from-image__iphevUx/agent/trajectory.json
Sending keys: ["wc -l /tmp/braille.py /tmp/decode.py; grep -n 'composite\\|print\\|pix' /tmp/decode.py; python3 -u /tmp/braille.py; echo status:$?\n"] min_timeout_sec: 2.0 max_timeout_sec: 180.0
Sending keys: ['command -v apt-get || true; apt-cache policy tesseract-ocr 2>/dev/null | head -10 || true; command -v chafa viu jp2 txt2html img2txt 2>/dev/null || true\n'] min_timeout_sec: 1.0 max_timeout_sec: 180.0
Trajectory dumped to jobs/p1-terminus-2-code-from-image-r2/code-from-image__iphevUx/agent/trajectory.json
Sending keys: ['cat > /tmp/ascii.py <<\'PY\'\n# load decoder and build mask\nexec(open(\'/tmp/braille.py\').read().split("print(\'bands\'")[0])\n# bands are recomputed\nbands=[]; st=None; gap=0\nfor y,n in enumerate(proj+[0]):\n if n:\n  if st is None: st=y\n  gap=0\n elif st is not None:\n  gap+=1\n  if gap>=4: bands.append((st,y-gap+1)); st=None; gap=0\nimport sys\nbi=int(sys.argv[1]) if len(sys.argv)>1 else 0\na,b=bands[bi]; xs=[x for y in range(a,b) for x,v in enumerate(mask[y]) if v]; l=max(0,min(xs)-2); r=min(w,max(xs)+3)\n# 2x2 block representation for this line\nfor y in range(a,b,2):\n s=\'\'\n for x in range(l,r,2):\n  n=sum(mask[yy][xx] for yy in range(y,min(y+2,h)) for xx in range(x,min(x+2,w)))\n  s += \'█\' if n>=2 else (\'▄\' if n else \' \')\n print(s.rstrip())\nPY\nfor i in 0 1 2 3 4 5 6 7; do echo "=====LINE $i====="; python3 /tmp/ascii.py $i; done\n'] min_timeout_sec: 4.0 max_timeout_sec: 180.0
Trajectory dumped to jobs/p1-terminus-2-code-from-image-r2/code-from-image__iphevUx/agent/trajectory.json
Sending keys: ['DEBIAN_FRONTEND=noninteractive apt-get update -qq && DEBIAN_FRONTEND=noninteractive apt-get install -y -qq tesseract-ocr\n'] min_timeout_sec: 15.0 max_timeout_sec: 180.0
Sending keys: ['tesseract --list-langs; for f in /app/code.png /tmp/code.pgm /tmp/bw.pgm /tmp/bw240.pgm /tmp/bw160.pgm; do echo "===== $f ====="; for p in 3 6 11 12; do echo "--psm $p--"; tesseract "$f" stdout --psm $p 2>/dev/null; done; done\n'] min_timeout_sec: 8.0 max_timeout_sec: 180.0
Trajectory dumped to jobs/p1-terminus-2-code-from-image-r2/code-from-image__iphevUx/agent/trajectory.json
Sending keys: ['command -v tesseract || (DEBIAN_FRONTEND=noninteractive apt-get update -qq && DEBIAN_FRONTEND=noninteractive apt-get install -y -qq tesseract-ocr); tesseract --version | head -1; tesseract --list-langs\n'] min_timeout_sec: 15.0 max_timeout_sec: 180.0
Sending keys: ['rm -f /tmp/ocr*.txt; for spec in \'orig:/app/code.png:6\' \'orig11:/app/code.png:11\' \'pgm:/tmp/code.pgm:6\' \'bw:/tmp/bw.pgm:6\' \'bw240:/tmp/bw240.pgm:6\'; do name=${spec%%:*}; rest=${spec#*:}; f=${rest%:*}; p=${rest##*:}; tesseract "$f" "/tmp/ocr_$name" --psm "$p" 2>/dev/null; echo "===== $name ====="; sed -n \'1,120p\' "/tmp/ocr_$name.txt"; done\n'] min_timeout_sec: 10.0 max_timeout_sec: 180.0
Trajectory dumped to jobs/p1-terminus-2-code-from-image-r2/code-from-image__iphevUx/agent/trajectory.json
Parser warnings: - Extra text detected after JSON object
Sending keys: ["python3 - <<'PY'\nimport hashlib\nimg_bytes=open('/app/code.png','rb').read()\nsalt=b'0000TBENCH-SALT'\nh0=hashlib.sha256(img_bytes).digest()\nH=hashlib.sha256(h0+h0[:10]+salt).hexdigest()\nopen('/app/output.txt','w').write(H+'\\n')\nprint('h0 =',h0.hex())\nprint('H  =',H)\nprint('prefix_ok =',H.startswith('bee26a'))\nPY\ncat /app/output.txt\n"] min_timeout_sec: 1.0 max_timeout_sec: 180.0
Trajectory dumped to jobs/p1-terminus-2-code-from-image-r2/code-from-image__iphevUx/agent/trajectory.json
Trajectory dumped to jobs/p1-terminus-2-code-from-image-r2/code-from-image__iphevUx/agent/trajectory.json
Trajectory dumped to jobs/p1-terminus-2-code-from-image-r2/code-from-image__iphevUx/agent/trajectory.json
Trajectory dumped to jobs/p1-terminus-2-code-from-image-r2/code-from-image__iphevUx/agent/trajectory.json
Collecting main service artifacts
