Skipping image OS validation for alexgshaw/overfull-hbox:20260403: docker inspect returned 1
Installing: tmux, asciinema
Detected system: {'os': 'debian-based', 'package_manager': 'apt-get', 'update_command': None}
Installing tools using apt-get: DEBIAN_FRONTEND=noninteractive apt-get update && DEBIAN_FRONTEND=noninteractive apt-get install -y tmux asciinema
Starting recording.
Sending keys: ['asciinema rec --stdin /logs/agent/recording.cast', 'Enter'] min_timeout_sec: 1.0 max_timeout_sec: 180.0
Sending keys: ['clear', 'Enter'] min_timeout_sec: 0.0 max_timeout_sec: 180.0
Sending keys: ["pwd; printf '\\n--- files ---\\n'; ls -la; printf '\\n--- synonyms.txt ---\\n'; cat synonyms.txt; printf '\\n--- input.tex ---\\n'; cat input.tex; printf '\\n--- main.tex ---\\n'; cat main.tex\n"] min_timeout_sec: 0.2 max_timeout_sec: 180.0
Sending keys: ['pdflatex -interaction=nonstopmode -halt-on-error main.tex 2>&1 | tee /tmp/pdflatex.log\n'] min_timeout_sec: 2.0 max_timeout_sec: 180.0
Trajectory dumped to jobs/p1-terminus-2-overfull-hbox-r1/overfull-hbox__jkjdmnz/agent/trajectory.json
Sending keys: ["nl -ba input.tex; printf '\\n--- relevant synonym families ---\\n'; grep -inE 'curious|nature|confidence|riotous|excursion|privileged|responsive|creative|temperament|cooked|breakfast|muttered|lonely|guide|pathfinder|original|settler|freedom|neighborhood' synonyms.txt\n"] min_timeout_sec: 0.2 max_timeout_sec: 180.0
Sending keys: ["printf '\\n--- input paragraphs with visible line wrapping ---\\n'; sed -n '1,25p' input.tex | fold -w 100\n"] min_timeout_sec: 0.2 max_timeout_sec: 180.0
Trajectory dumped to jobs/p1-terminus-2-overfull-hbox-r1/overfull-hbox__jkjdmnz/agent/trajectory.json
Sending keys: ['for w in curious natures confidences riotous excursions privileged responsiveness creative temperament extraordinary cooked breakfast muttered lonely guide pathfinder original settler freedom neighborhood; do echo "--- $w ---"; grep -iE "(^|, )$w(,|$)" synonyms.txt || true; done\n'] min_timeout_sec: 0.2 max_timeout_sec: 180.0
Sending keys: ["grep -inE 'confidence|curious|nature|riotous|excursion|privilege|respons|creative|temperament|cook|breakfast|mutter|lonely|guide|pathfinder|original|settler|freedom|neighborhood' synonyms.txt\n"] min_timeout_sec: 0.2 max_timeout_sec: 180.0
Trajectory dumped to jobs/p1-terminus-2-overfull-hbox-r1/overfull-hbox__jkjdmnz/agent/trajectory.json
Sending keys: ["python3 - <<'PY'\nterms='curious natures confidences riotous excursions privileged glimpses responsiveness creative temperament extraordinary cooked breakfast muttered lonely guide pathfinder original settler freedom neighborhood'.split()\nfor line in open('synonyms.txt'):\n    vals=[x.strip() for x in line.rstrip().split(',')]\n    low=[x.lower() for x in vals]\n    if any(t in low or any(t in x for x in low) for t in terms):\n        print(line.rstrip())\nPY\n"] min_timeout_sec: 0.2 max_timeout_sec: 180.0
Sending keys: ["grep -nE 'Most of the confidences|riotous excursions|privileged glimpses|This responsiveness|creative temperament|cooked breakfast|muttered Finnish|I was a guide|a pathfinder|original settler|freedom of the' input.tex\n"] min_timeout_sec: 0.2 max_timeout_sec: 180.0
Trajectory dumped to jobs/p1-terminus-2-overfull-hbox-r1/overfull-hbox__jkjdmnz/agent/trajectory.json
Sending keys: ['python3 - <<\'PY\'\nimport re\ntext=open(\'input.tex\').read()\nwords=set(re.findall(r"[A-Za-z]+",text.lower()))\nfor line in open(\'synonyms.txt\'):\n    vals=[x.strip() for x in line.rstrip().split(\',\')]\n    low=[x.lower() for x in vals]\n    present=[v for v in vals if v.lower() in words]\n    if present:\n        for v in present:\n            shorter=[x for x in vals if len(x)<len(v)]\n            if shorter:\n                print(f\'{v}: {", ".join(shorter)}\')\nPY\n'] min_timeout_sec: 0.2 max_timeout_sec: 180.0
Sending keys: ["python3 - <<'PY'\nimport re\ntext=open('input.tex').read()\nfor n,line in enumerate(text.splitlines(),1):\n    ws=re.findall(r'[A-Za-z]+',line)\n    if any(w.lower() in {'curious','natures','riotous','excursions','responsiveness','creative','guide','pathfinder','original','settler','freedom','extraordinary','temperament'} for w in ws):\n        print(n, line)\nPY\n"] min_timeout_sec: 0.2 max_timeout_sec: 180.0
Trajectory dumped to jobs/p1-terminus-2-overfull-hbox-r1/overfull-hbox__jkjdmnz/agent/trajectory.json
Sending keys: ["python3 - <<'PY'\nfrom pathlib import Path\nimport re\np=Path('input.tex')\ns=p.read_text()\nrepls={\n    'communicative':'open',\n    'judgments':'opinions',\n    'curious':'odd',\n    'veteran':'dated',\n    'abnormal':'unusual',\n    'levity':'humor',\n    'intimate':'close',\n    'plagiaristic':'copied',\n    'obvious':'clear',\n    'infinite':'endless',\n    'fundamental':'basic',\n    'decencies':'manners',\n    'riotous':'wild',\n    'excursions':'trips',\n    'gorgeous':'lovely',\n    'heightened':'increased',\n    'intricate':'complex',\n    'responsiveness':'awareness',\n    'extraordinary':'amazing',\n    'temperament':'nature',\n    'abortive':'failed',\n    'elations':'joys',\n    'weatherbeaten':'worn',\n    'country':'land',\n    'friendly':'kind',\n    'electric':'powered',\n    'pathfinder':'scout',\n    'original':'initial',\n}\nfor old,new in repls.items():\n    s=re.sub(r'(?<![A-Za-z])'+re.escape(old)+r'(?![A-Za-z])',new,s)\np.write_text(s)\nPY\npdflatex -interaction=nonstopmode -halt-on-error main.tex 2>&1 | tee /tmp/pdflatex2.log\n"] min_timeout_sec: 2.0 max_timeout_sec: 180.0
Sending keys: ["printf '\\n--- overfull warnings ---\\n'; grep -i 'Overfull \\\\hbox' /tmp/pdflatex2.log || true; printf '\\n--- changed files ---\\n'; git diff -- input.tex main.tex synonyms.txt 2>/dev/null || diff -u <(cp input.tex /tmp/current-input && cat /tmp/current-input) input.tex || true\n"] min_timeout_sec: 0.2 max_timeout_sec: 180.0
Trajectory dumped to jobs/p1-terminus-2-overfull-hbox-r1/overfull-hbox__jkjdmnz/agent/trajectory.json
Sending keys: ["python3 - <<'PY'\nfrom pathlib import Path\nimport re\np=Path('input.tex')\ns=p.read_text()\nrepls={\n    'advice':'tips',\n    'advantages':'perks',\n    'mind':'brain',\n    'quality':'trait',\n    'attention':'focus',\n    'forever':'always',\n    'promises':'vows',\n    'machines':'devices',\n    'successful':'winning',\n    'interest':'concern',\n    'practical':'useful',\n    'reference':'mention',\n    'painting':'image',\n    'business':'firm',\n    'college':'school',\n    'family':'clan',\n    'middle':'core',\n    'centre':'core',\n    'single':'one',\n    'quick':'fast',\n    'obvious':'clear',\n    'reserved':'quiet',\n    'vulnerable':'weak',\n    'restless':'uneasy',\n    'revelation':'discovery',\n    'revelations':'exposures',\n    'romantic':'dreamy',\n    'practical':'useful',\n}\nfor old,new in repls.items():\n    s=re.sub(r'(?<![A-Za-z])'+re.escape(old)+r'(?![A-Za-z])',new,s)\np.write_text(s)\nPY\npdflatex -interaction=nonstopmode -halt-on-error main.tex 2>&1 | tee /tmp/pdflatex3.log\n"] min_timeout_sec: 2.0 max_timeout_sec: 180.0
Sending keys: ["printf '\\n--- overfull warnings ---\\n'; grep -i 'Overfull \\\\hbox' /tmp/pdflatex3.log || true; printf '\\n--- output status ---\\n'; grep -E 'Output written|Fatal error|Emergency stop' /tmp/pdflatex3.log\n"] min_timeout_sec: 0.2 max_timeout_sec: 180.0
Trajectory dumped to jobs/p1-terminus-2-overfull-hbox-r1/overfull-hbox__jkjdmnz/agent/trajectory.json
Sending keys: ["grep -inE 'successful|series|gesture|unbroken|broken|winning|effective|set|chain|trait|actions|behavior|conduct' synonyms.txt\n"] min_timeout_sec: 0.2 max_timeout_sec: 180.0
Sending keys: ["grep -n 'unbroken series' input.tex\n"] min_timeout_sec: 0.1 max_timeout_sec: 180.0
Trajectory dumped to jobs/p1-terminus-2-overfull-hbox-r1/overfull-hbox__jkjdmnz/agent/trajectory.json
Sending keys: ["python3 - <<'PY'\nfrom pathlib import Path\nimport re\np=Path('input.tex')\ns=p.read_text()\ns=re.sub(r'(?<![A-Za-z])series(?![A-Za-z])', 'set', s)\np.write_text(s)\nPY\npdflatex -interaction=nonstopmode -halt-on-error main.tex 2>&1 | tee /tmp/pdflatex-final.log\n"] min_timeout_sec: 2.0 max_timeout_sec: 180.0
Sending keys: ["printf '\\n--- overfull warnings ---\\n'; if grep -i 'Overfull \\\\hbox' /tmp/pdflatex-final.log; then exit 1; else echo 'none'; fi; printf '\\n--- compilation result ---\\n'; grep -E 'Output written|Fatal error|Emergency stop' /tmp/pdflatex-final.log; printf '\\n--- protected files unchanged check ---\\n'; sha256sum main.tex synonyms.txt\n"] min_timeout_sec: 0.2 max_timeout_sec: 180.0
Trajectory dumped to jobs/p1-terminus-2-overfull-hbox-r1/overfull-hbox__jkjdmnz/agent/trajectory.json
Trajectory dumped to jobs/p1-terminus-2-overfull-hbox-r1/overfull-hbox__jkjdmnz/agent/trajectory.json
Trajectory dumped to jobs/p1-terminus-2-overfull-hbox-r1/overfull-hbox__jkjdmnz/agent/trajectory.json
Trajectory dumped to jobs/p1-terminus-2-overfull-hbox-r1/overfull-hbox__jkjdmnz/agent/trajectory.json
Collecting main service artifacts
