Skipping image OS validation for alexgshaw/cobol-modernization:20251031: docker inspect returned 1
Installing: tmux, asciinema
Detected system: {'os': 'debian-based', 'package_manager': 'apt-get', 'update_command': None}
Installing tools using apt-get: DEBIAN_FRONTEND=noninteractive apt-get update && DEBIAN_FRONTEND=noninteractive apt-get install -y tmux asciinema
Starting recording.
Sending keys: ['asciinema rec --stdin /logs/agent/recording.cast', 'Enter'] min_timeout_sec: 1.0 max_timeout_sec: 180.0
Sending keys: ['clear', 'Enter'] min_timeout_sec: 0.0 max_timeout_sec: 180.0
Sending keys: ['ls -la /app /app/src /app/data\n'] min_timeout_sec: 0.1 max_timeout_sec: 180.0
Sending keys: ["sed -n '1,240p' /app/src/program.cbl\n"] min_timeout_sec: 0.1 max_timeout_sec: 180.0
Sending keys: ['printf \'%s\\n\' \'--- INPUT.DAT ---\'; cat -A /app/src/INPUT.DAT; printf \'%s\\n\' \'--- data files ---\'; for f in /app/data/*.DAT; do echo "### $f"; file "$f"; cat -A "$f"; done\n'] min_timeout_sec: 0.2 max_timeout_sec: 180.0
Trajectory dumped to jobs/p1-terminus-2-cobol-modernization-r2/cobol-modernization__yoNicUC/agent/trajectory.json
Sending keys: ['od -An -tx1 -v /app/src/INPUT.DAT; wc -c /app/src/INPUT.DAT /app/data/*.DAT; command -v cobc || true\n'] min_timeout_sec: 0.1 max_timeout_sec: 180.0
Sending keys: ['cat > /app/program.py <<\'PY\'\n#!/usr/bin/env python3\nimport os\n\nBASE = "/app"\nDATA = os.path.join(BASE, "data")\nSRC = os.path.join(BASE, "src")\n\n\ndef read_records(path, size):\n    with open(path, "rb") as f:\n        data = f.read()\n    return [data[i:i + size] for i in range(0, len(data), size) if len(data[i:i + size]) == size]\n\n\ndef field(record, start, length):\n    return record[start:start + length]\n\n\ndef numeric(value):\n    # Numeric PIC 9 fields are stored as zero-filled decimal digits.\n    return int(value.decode("ascii").strip() or "0")\n\n\ndef main():\n    with open(os.path.join(SRC, "INPUT.DAT"), "rb") as f:\n        raw = f.read()\n    if not raw:\n        print("Error: Input file is empty")\n        return\n\n    # INPUT-RECORD is 22 bytes.  Short sequential records are treated as\n    # space-padded for the alphanumeric portions; the supplied test input\n    # convention uses a short, un-delimited amount at the end.\n    inp = raw[:22]\n    buyer = inp[0:4]\n    seller = inp[4:8]\n    book = inp[8:12]\n    amount_bytes = inp[12:22]\n    amount_text = amount_bytes.decode("ascii", "ignore").strip()\n    amount = int(amount_text or "0")\n\n    accounts_path = os.path.join(DATA, "ACCOUNTS.DAT")\n    books_path = os.path.join(DATA, "BOOKS.DAT")\n    transactions_path = os.path.join(DATA, "TRANSACTIONS.DAT")\n\n    accounts = read_records(accounts_path, 34)\n    books = read_records(books_path, 28)\n\n    buyer_found = any(field(r, 0, 4) == buyer for r in accounts)\n    seller_found = any(field(r, 0, 4) == seller for r in accounts)\n    matching_books = [r for r in books if field(r, 0, 4) == book]\n    book_found = bool(matching_books)\n    valid_owner = any(field(r, 24, 4) == seller for r in matching_books)\n\n    if not (buyer_found and seller_found and book_found and valid_owner):\n        print("Transaction failed due to validation errors")\n        return\n\n    # COBOL updates records in place and retains all other bytes exactly.\n    updated_accounts = []\n    for record in accounts:\n        r = bytearray(record)\n        account_id = bytes(r[0:4])\n        balance = numeric(bytes(r[24:34]))\n        if account_id == buyer:\n            balance -= amount\n        if account_id == seller:\n            balance += amount\n        if account_id == buyer or account_id == seller:\n            r[24:34] = f"{balance:010d}".encode("ascii")\n        updated_accounts.append(bytes(r))\n    with open(accounts_path, "wb") as f:\n        f.write(b"".join(updated_accounts))\n\n    updated_books = []\n    for record in books:\n        r = bytearray(record)\n        if bytes(r[0:4]) == book:\n            r[24:28] = buyer\n        updated_books.append(bytes(r))\n    with open(books_path, "wb") as f:\n        f.write(b"".join(updated_books))\n\n    transaction = book + f"{amount:010d}".encode("ascii") + seller + buyer\n    with open(transactions_path, "ab") as f:\n        f.write(transaction)\n\n    print("Transaction completed successfully")\n\n\nif __name__ == "__main__":\n    main()\nPY\nchmod +x /app/program.py\npython3 -m py_compile /app/program.py\n'] min_timeout_sec: 0.2 max_timeout_sec: 180.0
Trajectory dumped to jobs/p1-terminus-2-cobol-modernization-r2/cobol-modernization__yoNicUC/agent/trajectory.json
Sending keys: ["sed -n '1,240p' /app/program.py\n"] min_timeout_sec: 0.1 max_timeout_sec: 180.0
Sending keys: ['mkdir -p /tmp/coboltest/orig /tmp/coboltest/cobol /tmp/coboltest/python; cp /app/data/*.DAT /tmp/coboltest/orig/; cp /app/data/*.DAT /tmp/coboltest/cobol/; cp /app/data/*.DAT /tmp/coboltest/python/; cobc -x -o /app/bookforum /app/src/program.cbl\n'] min_timeout_sec: 1.0 max_timeout_sec: 180.0
Sending keys: ['cp /tmp/coboltest/cobol/*.DAT /app/data/; (cd /app && ./bookforum); cp /app/data/*.DAT /tmp/coboltest/cobol/; cp /tmp/coboltest/orig/*.DAT /app/data/; python3 /app/program.py; cp /app/data/*.DAT /tmp/coboltest/python/; for f in ACCOUNTS.DAT BOOKS.DAT TRANSACTIONS.DAT; do echo "### $f"; cmp -l "/tmp/coboltest/cobol/$f" "/tmp/coboltest/python/$f" || true; sha256sum "/tmp/coboltest/cobol/$f" "/tmp/coboltest/python/$f"; done\n'] min_timeout_sec: 1.0 max_timeout_sec: 180.0
Sending keys: ['cp /tmp/coboltest/orig/*.DAT /app/data/; printf \'U001U002B0020000000200\' > /app/src/INPUT.DAT; cp /app/data/*.DAT /tmp/coboltest/cobol-valid/ 2>/dev/null || true; mkdir -p /tmp/coboltest/cobol-valid /tmp/coboltest/python-valid; cp /app/data/*.DAT /tmp/coboltest/cobol-valid/; cp /app/data/*.DAT /tmp/coboltest/python-valid/; (cd /app && ./bookforum); cp /app/data/*.DAT /tmp/coboltest/cobol-valid/; cp /tmp/coboltest/orig/*.DAT /app/data/; python3 /app/program.py; cp /app/data/*.DAT /tmp/coboltest/python-valid/; for f in ACCOUNTS.DAT BOOKS.DAT TRANSACTIONS.DAT; do echo "### $f"; cmp -l "/tmp/coboltest/cobol-valid/$f" "/tmp/coboltest/python-valid/$f" || true; sha256sum "/tmp/coboltest/cobol-valid/$f" "/tmp/coboltest/python-valid/$f"; done\n'] min_timeout_sec: 1.0 max_timeout_sec: 180.0
Trajectory dumped to jobs/p1-terminus-2-cobol-modernization-r2/cobol-modernization__yoNicUC/agent/trajectory.json
Sending keys: ["printf 'U001U002B007200' > /app/src/INPUT.DAT; cp /tmp/coboltest/orig/*.DAT /app/data/; rm -rf /tmp/coboltest /app/bookforum; python3 -m py_compile /app/program.py; wc -c /app/src/INPUT.DAT /app/data/*.DAT; ls -l /app/program.py\n"] min_timeout_sec: 0.2 max_timeout_sec: 180.0
Trajectory dumped to jobs/p1-terminus-2-cobol-modernization-r2/cobol-modernization__yoNicUC/agent/trajectory.json
Trajectory dumped to jobs/p1-terminus-2-cobol-modernization-r2/cobol-modernization__yoNicUC/agent/trajectory.json
Trajectory dumped to jobs/p1-terminus-2-cobol-modernization-r2/cobol-modernization__yoNicUC/agent/trajectory.json
Collecting main service artifacts
