Skipping image OS validation for alexgshaw/build-pov-ray:20251031: docker inspect returned 1
Installing: tmux, asciinema
Detected system: {'os': 'debian-based', 'package_manager': 'apt-get', 'update_command': None}
Installing tools using apt-get: DEBIAN_FRONTEND=noninteractive apt-get update && DEBIAN_FRONTEND=noninteractive apt-get install -y tmux asciinema
Starting recording.
Sending keys: ['asciinema rec --stdin /logs/agent/recording.cast', 'Enter'] min_timeout_sec: 1.0 max_timeout_sec: 180.0
Sending keys: ['clear', 'Enter'] min_timeout_sec: 0.0 max_timeout_sec: 180.0
Sending keys: ['pwd; ls -la; command -v wget || command -v curl; command -v gcc; uname -a\n'] min_timeout_sec: 0.2 max_timeout_sec: 180.0
Sending keys: ['for u in https://www.povray.org/ftp/pub/povray/Old-Versions/2.x/Unix/povray-2.2.tar.gz https://www.povray.org/ftp/pub/povray/Old-Versions/2.x/povray-2.2.tar.gz https://sourceforge.net/projects/povray/files/Old-Versions/2.x/Unix/povray-2.2.tar.gz/download; do echo "TRY $u"; wget -O /tmp/povray-2.2.tar.gz "$u" && file /tmp/povray-2.2.tar.gz && break; done\n'] min_timeout_sec: 10.0 max_timeout_sec: 180.0
Trajectory dumped to jobs/p1-terminus-2-build-pov-ray-r1/build-pov-ray__K7rdh8N/agent/trajectory.json
Sending keys: ['apt-get update && apt-get install -y build-essential make wget curl ca-certificates file gzip bzip2 tar\n'] min_timeout_sec: 10.0 max_timeout_sec: 180.0
Sending keys: ["python3 - <<'PY'\nimport json,urllib.parse,urllib.request\nq=urllib.parse.urlencode({'q':'povray 2.2','fl[]':'identifier,title','rows':50,'output':'json'})\nurl='https://archive.org/advancedsearch.php?'+q\ntry:\n d=json.load(urllib.request.urlopen(url,timeout=20))\n for x in d['response']['docs']: print(x)\nexcept Exception as e: print('ERROR',e)\nPY\n"] min_timeout_sec: 10.0 max_timeout_sec: 180.0
Sending keys: ['for u in http://ftp.povray.org/pub/povray/Old-Versions/2.x/Unix/povray-2.2.tar.gz ftp://ftp.povray.org/pub/povray/Old-Versions/2.x/Unix/povray-2.2.tar.gz https://povray.org/ftp/pub/povray/Old-Versions/2.x/Unix/povray-2.2.tar.gz https://web.archive.org/web/20160301000000id_/http://www.povray.org/ftp/pub/povray/Old-Versions/2.x/Unix/povray-2.2.tar.gz; do echo TRY:$u; wget -q --no-check-certificate -O /tmp/povray-2.2.tar.gz "$u" && file /tmp/povray-2.2.tar.gz && test "$(stat -c%s /tmp/povray-2.2.tar.gz)" -gt 10000 && break; done\n'] min_timeout_sec: 15.0 max_timeout_sec: 180.0
Trajectory dumped to jobs/p1-terminus-2-build-pov-ray-r1/build-pov-ray__K7rdh8N/agent/trajectory.json
Sending keys: [''] min_timeout_sec: 15.0 max_timeout_sec: 180.0
Sending keys: ['echo READY; command -v gcc; gcc --version | head -1; command -v python3\n'] min_timeout_sec: 0.5 max_timeout_sec: 180.0
Sending keys: ["python3 - <<'PY'\nimport json,urllib.parse,urllib.request\nq=urllib.parse.urlencode({'q':'(povray OR pov-ray) AND (2.2 OR 22)','fl[]':['identifier','title'],'rows':100,'output':'json'})\ntry:\n d=json.load(urllib.request.urlopen('https://archive.org/advancedsearch.php?'+q,timeout=30))\n for x in d['response']['docs']: print(x.get('identifier'), x.get('title'))\nexcept Exception as e: print('ERROR',e)\nPY\n"] min_timeout_sec: 10.0 max_timeout_sec: 180.0
Sending keys: ['for u in https://web.archive.org/web/20170101000000id_/http://www.povray.org/ftp/pub/povray/Old-Versions/2.x/Unix/povray-2.2.tar.gz https://www.povray.org/ftp/pub/povray/Old-Versions/2.x/Unix/povray-2.2.tar.bz2 https://github.com/POV-Ray/povray/archive/refs/tags/v2.2.tar.gz https://github.com/POV-Ray/povray/archive/refs/tags/2.2.tar.gz; do echo "TRY $u"; wget -q --timeout=20 --no-check-certificate -O /tmp/povray-2.2.tar.gz "$u"; if test -s /tmp/povray-2.2.tar.gz && file /tmp/povray-2.2.tar.gz | grep -Eiq \'gzip|bzip|tar|compress\'; then file /tmp/povray-2.2.tar.gz; break; fi; done\n'] min_timeout_sec: 20.0 max_timeout_sec: 180.0
Trajectory dumped to jobs/p1-terminus-2-build-pov-ray-r1/build-pov-ray__K7rdh8N/agent/trajectory.json
Sending keys: [''] min_timeout_sec: 20.0 max_timeout_sec: 180.0
Sending keys: [''] min_timeout_sec: 20.0 max_timeout_sec: 180.0
Sending keys: ['echo SHELL_READY; command -v gcc; gcc --version | head -1; dpkg --audit\n'] min_timeout_sec: 1.0 max_timeout_sec: 180.0
Sending keys: ["python3 - <<'PY'\nimport json,urllib.parse,urllib.request\nfor query in ['povray 2.2','pov-ray 2.2','identifier:povray*']:\n print('QUERY',query)\n u='https://archive.org/advancedsearch.php?'+urllib.parse.urlencode({'q':query,'fl[]':['identifier','title'],'rows':100,'output':'json'})\n try:\n  d=json.load(urllib.request.urlopen(u,timeout=30))\n  for x in d['response']['docs']: print(x.get('identifier'),x.get('title'))\n except Exception as e: print('ERROR',e)\nPY\n"] min_timeout_sec: 10.0 max_timeout_sec: 180.0
Trajectory dumped to jobs/p1-terminus-2-build-pov-ray-r1/build-pov-ray__K7rdh8N/agent/trajectory.json
Sending keys: ["python3 - <<'PY'\nimport json,urllib.parse,urllib.request\nqueries=['title:povray','povray','pov-ray','povray AND source']\nfor query in queries:\n print('\\nQUERY',query)\n u='https://archive.org/advancedsearch.php?'+urllib.parse.urlencode([('q',query),('fl[]','identifier'),('fl[]','title'),('rows','100'),('output','json')])\n try:\n  d=json.load(urllib.request.urlopen(u,timeout=30))\n  print('count',d['response']['numFound'])\n  for x in d['response']['docs']: print(x)\n except Exception as e: print('ERROR',e)\nPY\n"] min_timeout_sec: 10.0 max_timeout_sec: 180.0
Sending keys: ["python3 - <<'PY'\nimport json,urllib.request\nfor url in ['https://api.github.com/search/repositories?q=POV-Ray','https://api.github.com/repos/POV-Ray/povray/tags?per_page=100','https://api.github.com/repos/POV-Ray/povray/branches?per_page=100']:\n print('\\nURL',url)\n try:\n  d=json.load(urllib.request.urlopen(urllib.request.Request(url,headers={'User-Agent':'Mozilla/5.0'}),timeout=30))\n  if isinstance(d,dict) and 'items' in d: d=d['items']\n  for x in d: print(x.get('full_name') or x.get('name'),x.get('tarball_url') or x.get('zipball_url') or x.get('commit',{}).get('sha'))\n except Exception as e: print('ERROR',e)\nPY\n"] min_timeout_sec: 10.0 max_timeout_sec: 180.0
Sending keys: ['for u in https://ftp.povray.org/pub/povray/Old-Versions/2.x/Unix/povray-2.2.tar.gz https://ftp.povray.org/pub/povray/Old-Versions/2.x/povray-2.2.tar.gz http://ftp.scene.org/graphics/3d/povray/old/povray-2.2.tar.gz https://www.filewatcher.com/m/povray-2.2.tar.gz.123456.html; do echo ===$u; wget -S --timeout=20 --user-agent=\'Mozilla/5.0\' -O /tmp/test "$u" 2>&1 | tail -8; file /tmp/test; done\n'] min_timeout_sec: 25.0 max_timeout_sec: 180.0
Trajectory dumped to jobs/p1-terminus-2-build-pov-ray-r1/build-pov-ray__K7rdh8N/agent/trajectory.json
Sending keys: ["rm -rf /tmp/povray-git; git clone --filter=blob:none https://github.com/POV-Ray/povray.git /tmp/povray-git && cd /tmp/povray-git && git tag -l | grep -Ei '(^|[^0-9])2[.]2|2[.]2|2_2' | head -30 && git log --all --format='%h %ad %s' --date=short --reverse | head -20\n"] min_timeout_sec: 30.0 max_timeout_sec: 180.0
Sending keys: ["python3 - <<'PY'\nimport json,urllib.request,urllib.parse\nfor q in ['povray 2.2','povray old source','povray unix source']:\n u='https://api.github.com/search/repositories?'+urllib.parse.urlencode({'q':q,'per_page':100})\n print('\\n',q)\n try:\n  d=json.load(urllib.request.urlopen(urllib.request.Request(u,headers={'User-Agent':'build-task'})))\n  for x in d.get('items',[]): print(x['full_name'],x['html_url'])\n except Exception as e: print(e)\nPY\n"] min_timeout_sec: 10.0 max_timeout_sec: 180.0
Sending keys: ["python3 - <<'PY'\nimport json,urllib.request\nitem='archlinux_pkg_povray'\nfor url in [f'https://archive.org/metadata/{item}',f'https://archive.org/download/{item}/']:\n print('URL',url)\n try:\n  d=json.load(urllib.request.urlopen(url,timeout=30))\n  if 'files' in d:\n   for f in d['files']:\n    n=f.get('name','')\n    if any(s in n.lower() for s in ['povray','source','tar','pkgbuild']): print(n,f.get('size'))\n  else: print(d)\n except Exception as e: print(e)\nPY\n"] min_timeout_sec: 10.0 max_timeout_sec: 180.0
Sending keys: ["curl -L --max-time 30 -s 'https://snapshot.debian.org/mr/package/povray/' | head -c 5000; echo\n"] min_timeout_sec: 35.0 max_timeout_sec: 180.0
Trajectory dumped to jobs/p1-terminus-2-build-pov-ray-r1/build-pov-ray__K7rdh8N/agent/trajectory.json
Sending keys: ['C-c\n'] min_timeout_sec: 0.5 max_timeout_sec: 180.0
Sending keys: ['echo PROMPT_OK; ls -ld /tmp/povray-git 2>/dev/null || true; command -v git || true\n'] min_timeout_sec: 0.5 max_timeout_sec: 180.0
Sending keys: ["python3 - <<'PY'\nimport json,urllib.request,urllib.parse\n\ndef get(u):\n r=urllib.request.Request(u,headers={'User-Agent':'build-task'})\n return json.load(urllib.request.urlopen(r,timeout=15))\nfor u in ['https://api.github.com/repos/POV-Ray/povray/tags?per_page=100','https://archive.org/metadata/archlinux_pkg_povray','https://snapshot.debian.org/mr/package/povray/']:\n print('\\nURL',u)\n try:\n  d=get(u)\n  if isinstance(d,list):\n   for x in d: print(x.get('name'),x.get('zipball_url') or x.get('tarball_url'))\n  elif 'files' in d:\n   for f in d['files']:\n    n=f.get('name','')\n    if any(z in n.lower() for z in ('povray','source','tar','pkgbuild')): print(n,f.get('size'))\n  else: print(str(d)[:10000])\n except Exception as e: print('ERROR',e)\nPY\n"] min_timeout_sec: 35.0 max_timeout_sec: 180.0
Sending keys: ['rm -rf /tmp/povray-git; timeout 60 git clone --depth 1 https://github.com/POV-Ray/povray.git /tmp/povray-git; test -d /tmp/povray-git && (cd /tmp/povray-git && git log -1 --oneline && find . -maxdepth 2 -type f | head)\n'] min_timeout_sec: 60.0 max_timeout_sec: 180.0
Trajectory dumped to jobs/p1-terminus-2-build-pov-ray-r1/build-pov-ray__K7rdh8N/agent/trajectory.json
Sending keys: ['C-c\n\n'] min_timeout_sec: 0.5 max_timeout_sec: 180.0
Sending keys: ["printf 'SHELL_OK\\n'\n"] min_timeout_sec: 0.5 max_timeout_sec: 180.0
Sending keys: ["ps aux | grep -E '[w]get|[c]url|[g]it|[p]ython' || true; ls -la /tmp | head\n"] min_timeout_sec: 0.5 max_timeout_sec: 180.0
Trajectory dumped to jobs/p1-terminus-2-build-pov-ray-r1/build-pov-ray__K7rdh8N/agent/trajectory.json
Sending keys: ['C-cC-cC-c\n'] min_timeout_sec: 1.0 max_timeout_sec: 180.0
Sending keys: ['echo RESET_TEST\n'] min_timeout_sec: 1.0 max_timeout_sec: 180.0
Sending keys: ['exec /bin/bash\n'] min_timeout_sec: 1.0 max_timeout_sec: 180.0
Sending keys: ["printf 'NEW_SHELL_OK\\n'; pwd\n"] min_timeout_sec: 1.0 max_timeout_sec: 180.0
Trajectory dumped to jobs/p1-terminus-2-build-pov-ray-r1/build-pov-ray__K7rdh8N/agent/trajectory.json
Parser warnings: - Command 1 should end with newline when followed by another command. Otherwise the two commands will be concatenated together on the same line.
Sending keys: ['C-d'] min_timeout_sec: 2.0 max_timeout_sec: 180.0
Sending keys: ['\n'] min_timeout_sec: 1.0 max_timeout_sec: 180.0
Sending keys: ['echo TERMINAL_TEST\n'] min_timeout_sec: 1.0 max_timeout_sec: 180.0
Trajectory dumped to jobs/p1-terminus-2-build-pov-ray-r1/build-pov-ray__K7rdh8N/agent/trajectory.json
Sending keys: ['C-c\n'] min_timeout_sec: 1.0 max_timeout_sec: 180.0
Sending keys: ['C-d\n'] min_timeout_sec: 2.0 max_timeout_sec: 180.0
Sending keys: ['echo RECOVERED\n'] min_timeout_sec: 1.0 max_timeout_sec: 180.0
Trajectory dumped to jobs/p1-terminus-2-build-pov-ray-r1/build-pov-ray__K7rdh8N/agent/trajectory.json
Sending keys: [''] min_timeout_sec: 10.0 max_timeout_sec: 180.0
Trajectory dumped to jobs/p1-terminus-2-build-pov-ray-r1/build-pov-ray__K7rdh8N/agent/trajectory.json
Sending keys: ['C-\\\n'] min_timeout_sec: 1.0 max_timeout_sec: 180.0
Sending keys: ['C-c\n'] min_timeout_sec: 1.0 max_timeout_sec: 180.0
Sending keys: ['C-d\n'] min_timeout_sec: 3.0 max_timeout_sec: 180.0
Sending keys: ['echo ALIVE\n'] min_timeout_sec: 1.0 max_timeout_sec: 180.0
Trajectory dumped to jobs/p1-terminus-2-build-pov-ray-r1/build-pov-ray__K7rdh8N/agent/trajectory.json
Sending keys: ['C-c'] min_timeout_sec: 5.0 max_timeout_sec: 180.0
Trajectory dumped to jobs/p1-terminus-2-build-pov-ray-r1/build-pov-ray__K7rdh8N/agent/trajectory.json
Sending keys: ['python3 -c "import json,urllib.request,urllib.parse; q=urllib.parse.urlencode([(\'q\',\'povray 2.2\'),(\'fl[]\',\'identifier\'),(\'fl[]\',\'title\'),(\'rows\',\'200\'),(\'output\',\'json\')]); d=json.load(urllib.request.urlopen(\'https://archive.org/advancedsearch.php?\'+q,timeout=20)); print(\'FOUND\',d[\'response\'][\'numFound\']); [print(x.get(\'identifier\'),repr(x.get(\'title\'))) for x in d[\'response\'][\'docs\']]"\n'] min_timeout_sec: 25.0 max_timeout_sec: 180.0
Sending keys: ['python3 -c "import json,urllib.request,urllib.parse; q=urllib.parse.urlencode({\'q\':\'povray 2.2\',\'per_page\':100}); d=json.load(urllib.request.urlopen(urllib.request.Request(\'https://api.github.com/search/repositories?\'+q,headers={\'User-Agent\':\'Mozilla/5.0\'}),timeout=20)); [print(x[\'full_name\'],x[\'html_url\']) for x in d.get(\'items\',[])]"\n'] min_timeout_sec: 25.0 max_timeout_sec: 180.0
Sending keys: ['for u in \'http://www.povray.org/ftp/pub/povray/Old-Versions/2.x/Unix/povray-2.2.tar.gz?download=1\' \'https://web.archive.org/web/20160301000000id_/http://www.povray.org/ftp/pub/povray/Old-Versions/2.x/Unix/povray-2.2.tar.gz\' \'https://ftp.povray.org/pub/povray/Old-Versions/2.x/Unix/povray-2.2.tar.gz?x=1\'; do echo TRY:$u; timeout 25 wget -q --no-check-certificate --user-agent=\'Mozilla/5.0\' -O /tmp/povray-2.2.tar.gz "$u"; file /tmp/povray-2.2.tar.gz; test $(stat -c%s /tmp/povray-2.2.tar.gz 2>/dev/null || echo 0) -gt 10000 && break; done\n'] min_timeout_sec: 60.0 max_timeout_sec: 180.0
Trajectory dumped to jobs/p1-terminus-2-build-pov-ray-r1/build-pov-ray__K7rdh8N/agent/trajectory.json
Sending keys: ['python3 -c "import json,urllib.request; items=[\'Linux_Games_CD-ROM_Walnut_Creek_July_1999\',\'practicalguideto0000hart_h3x8\',\'OS2_The_Most_Complete_Collection_Powersource\']; [print(\'ITEM\',i) or [print(f.get(\'name\'),f.get(\'size\')) for f in json.load(urllib.request.urlopen(\'https://archive.org/metadata/\'+i,timeout=30)).get(\'files\',[]) if any(s in f.get(\'name\',\'\').lower() for s in [\'pov\',\'ray\',\'source\',\'tar\',\'iso\',\'zip\'])] for i in items]"\n'] min_timeout_sec: 35.0 max_timeout_sec: 180.0
Sending keys: ['apt-get install -y p7zip-full libarchive-tools >/dev/null 2>&1 || true; python3 -c "import json,urllib.request; d=json.load(urllib.request.urlopen(\'https://archive.org/metadata/Linux_Games_CD-ROM_Walnut_Creek_July_1999\',timeout=30)); [print(\'https://archive.org/download/Linux_Games_CD-ROM_Walnut_Creek_July_1999/\'+f[\'name\']) for f in d.get(\'files\',[]) if f.get(\'name\',\'\').lower().endswith((\'.iso\',\'.zip\',\'.7z\',\'.tar.gz\'))]"\n'] min_timeout_sec: 35.0 max_timeout_sec: 180.0
Sending keys: ['python3 -c "import json,urllib.request; d=json.load(urllib.request.urlopen(\'https://archive.org/metadata/Linux_Games_CD-ROM_Walnut_Creek_July_1999\',timeout=30)); print(\'\\n\'.join(f.get(\'name\',\'\') for f in d.get(\'files\',[])))" | grep -iE \'pov|ray|unix|source|iso|zip|tar\' | head -100\n'] min_timeout_sec: 35.0 max_timeout_sec: 180.0
Trajectory dumped to jobs/p1-terminus-2-build-pov-ray-r1/build-pov-ray__K7rdh8N/agent/trajectory.json
Sending keys: ["wget -c --timeout=30 --tries=3 -O /tmp/Linux_Games.iso 'https://archive.org/download/Linux_Games_CD-ROM_Walnut_Creek_July_1999/Linux_Games_CD-ROM_Walnut_Creek_July_1999.iso'\n"] min_timeout_sec: 60.0 max_timeout_sec: 180.0
Sending keys: ["ls -lh /tmp/Linux_Games.iso; file /tmp/Linux_Games.iso; 7z l /tmp/Linux_Games.iso | grep -iE 'pov|ray|source|tar|gz' | head -100\n"] min_timeout_sec: 20.0 max_timeout_sec: 180.0
Trajectory dumped to jobs/p1-terminus-2-build-pov-ray-r1/build-pov-ray__K7rdh8N/agent/trajectory.json
Sending keys: ['python3 -c "import json,urllib.request,urllib.parse; qs=[\'povray-2.2\',\'povray 2.2 source\',\'POV-Ray 2.2\',\'title:(povray) AND year:[1990 TO 2000]\']; [print(\'QUERY\',q) or (lambda d:[print(x.get(\'identifier\'),x.get(\'title\')) for x in d[\'response\'][\'docs\']])(json.load(urllib.request.urlopen(\'https://archive.org/advancedsearch.php?\'+urllib.parse.urlencode([(\'q\',q),(\'fl[]\',\'identifier\'),(\'fl[]\',\'title\'),(\'rows\',\'500\'),(\'output\',\'json\')]),timeout=30))) for q in qs]"\n'] min_timeout_sec: 60.0 max_timeout_sec: 180.0
Sending keys: ["curl --max-time 30 -s 'https://web.archive.org/cdx/search/cdx?url=www.povray.org/ftp/pub/povray/Old-Versions/2.x/Unix/povray-2.2.tar.gz&output=json&filter=statuscode:200&fl=timestamp,original,statuscode,digest,length' | head -c 10000; echo\n"] min_timeout_sec: 35.0 max_timeout_sec: 180.0
Sending keys: ['for q in \'"povray-2.2.tar.gz"\' \'povray 2.2 source download\'; do echo SEARCH:$q; curl -L --max-time 20 -A \'Mozilla/5.0\' -sG \'https://www.google.com/search\' --data-urlencode "q=$q" | grep -Eo \'https?[^" ]+\' | grep -Ei \'pov|tar|sourceforge|ftp\' | head -20; done\n'] min_timeout_sec: 45.0 max_timeout_sec: 180.0
Trajectory dumped to jobs/p1-terminus-2-build-pov-ray-r1/build-pov-ray__K7rdh8N/agent/trajectory.json
Sending keys: ['python3 -c "import json,urllib.request; items=[\'So_Much_for_Windows_and_OS2_Power_User_Software_1994\',\'os2mast_594\',\'apc3122\',\'os2fever\',\'os2_94\']; [print(\'\\nITEM\',i) or [print(f.get(\'name\'),f.get(\'size\')) for f in json.load(urllib.request.urlopen(\'https://archive.org/metadata/\'+i,timeout=30)).get(\'files\',[]) if f.get(\'name\',\'\').lower().endswith((\'.iso\',\'.zip\',\'.7z\',\'.bin\'))] for i in items]"\n'] min_timeout_sec: 40.0 max_timeout_sec: 180.0
Sending keys: ['python3 -c "import json,urllib.request; i=\'So_Much_for_Windows_and_OS2_Power_User_Software_1994\'; d=json.load(urllib.request.urlopen(\'https://archive.org/metadata/\'+i,timeout=30)); [print(\'https://archive.org/download/\'+i+\'/\'+f[\'name\']) for f in d.get(\'files\',[]) if f.get(\'name\',\'\').lower().endswith((\'.iso\',\'.zip\',\'.7z\',\'.bin\'))]"\n'] min_timeout_sec: 20.0 max_timeout_sec: 180.0
Sending keys: ['python3 -c "import json,urllib.request; i=\'So_Much_for_Windows_and_OS2_Power_User_Software_1994\'; d=json.load(urllib.request.urlopen(\'https://archive.org/metadata/\'+i,timeout=30)); print(\'\\\\n\'.join(f.get(\'name\',\'\') for f in d.get(\'files\',[])))" | grep -iE \'pov|ray|source|unix|tar|zip|iso\' | head -100\n'] min_timeout_sec: 30.0 max_timeout_sec: 180.0
Trajectory dumped to jobs/p1-terminus-2-build-pov-ray-r1/build-pov-ray__K7rdh8N/agent/trajectory.json
Sending keys: ["wget -c --timeout=30 --tries=3 -O /tmp/poweruser.iso 'https://archive.org/download/So_Much_for_Windows_and_OS2_Power_User_Software_1994/So%20Much%20for%20Windows%20and%20OS2%20%28Power%20User%20Software%29%20%281994%29.ISO'\n"] min_timeout_sec: 60.0 max_timeout_sec: 180.0
Sending keys: ["ls -lh /tmp/poweruser.iso; file /tmp/poweruser.iso; 7z l /tmp/poweruser.iso | grep -iE 'pov|ray|source|unix|tar|tgz|gz|zip' | head -200\n"] min_timeout_sec: 30.0 max_timeout_sec: 180.0
Trajectory dumped to jobs/p1-terminus-2-build-pov-ray-r1/build-pov-ray__K7rdh8N/agent/trajectory.json
Sending keys: [''] min_timeout_sec: 45.0 max_timeout_sec: 180.0
Sending keys: [''] min_timeout_sec: 30.0 max_timeout_sec: 180.0
Sending keys: ["ls -lh /tmp/poweruser.iso; file /tmp/poweruser.iso; 7z l /tmp/poweruser.iso | grep -iE 'pov|ray|source|unix|tar|tgz|gz|zip' | head -200\n"] min_timeout_sec: 30.0 max_timeout_sec: 180.0
Trajectory dumped to jobs/p1-terminus-2-build-pov-ray-r1/build-pov-ray__K7rdh8N/agent/trajectory.json
Sending keys: ["7z l -slt /tmp/poweruser.iso | grep -iE '(^Path =|pov|povray|pov-ray|2[.]2)' | tail -100\n"] min_timeout_sec: 30.0 max_timeout_sec: 180.0
Sending keys: ["7z l /tmp/poweruser.iso | grep -iE '/?pov|povray|pov-ray' | head -100\n"] min_timeout_sec: 30.0 max_timeout_sec: 180.0
Trajectory dumped to jobs/p1-terminus-2-build-pov-ray-r1/build-pov-ray__K7rdh8N/agent/trajectory.json
Sending keys: ['python3 -c "import json,urllib.request,urllib.parse; qs=[\'povray-2.2.tar.gz\',\'povray 2.2\',\'povray-2.2\']; [print(\'Q\',q) or print(urllib.request.urlopen(\'https://grep.app/api/search?\'+urllib.parse.urlencode({\'q\':q}),timeout=20).read().decode()[:8000]) for q in qs]"\n'] min_timeout_sec: 60.0 max_timeout_sec: 180.0
Sending keys: ['for u in \'https://github.com/POV-Ray/povray/releases/download/v2.2/povray-2.2.tar.gz\' \'https://github.com/POV-Ray/povray/releases/download/2.2/povray-2.2.tar.gz\' \'https://github.com/POV-Ray/povray/archive/v2.2.tar.gz\' \'https://github.com/POV-Ray/povray/archive/2.2.tar.gz\' \'https://raw.githubusercontent.com/POV-Ray/povray/2.2/README\' \'https://sources.debian.org/data/main/p/povray/2.2-1/povray-2.2.tar.gz\'; do echo TRY:$u; timeout 20 curl -L -sS -o /tmp/candidate "$u" -w \'%{http_code} %{size_download}\\n\'; file /tmp/candidate; done\n'] min_timeout_sec: 60.0 max_timeout_sec: 180.0
Sending keys: ['python3 -c "import json,urllib.request,urllib.parse; qs=[\'identifier:povray-2.2*\',\'povray-2.2.tar.gz\',\'title:povray AND mediatype:software\']; [print(\'Q\',q) or (lambda d:[print(x) for x in d[\'response\'][\'docs\']])(json.load(urllib.request.urlopen(\'https://archive.org/advancedsearch.php?\'+urllib.parse.urlencode([(\'q\',q),(\'fl[]\',\'identifier\'),(\'fl[]\',\'title\'),(\'rows\',\'500\'),(\'output\',\'json\')]),timeout=30))) for q in qs]"\n'] min_timeout_sec: 60.0 max_timeout_sec: 180.0
Trajectory dumped to jobs/p1-terminus-2-build-pov-ray-r1/build-pov-ray__K7rdh8N/agent/trajectory.json
Sending keys: ["wget -c --timeout=30 --tries=3 -O /tmp/os2mast.zip 'https://archive.org/download/os2mast_594/os2mast_594.zip'\n"] min_timeout_sec: 60.0 max_timeout_sec: 180.0
Sending keys: [''] min_timeout_sec: 50.0 max_timeout_sec: 180.0
Sending keys: ["ls -lh /tmp/os2mast.zip; file /tmp/os2mast.zip; 7z l /tmp/os2mast.zip | grep -iE 'pov|ray|source|unix|tar|gz|zip' | head -100\n"] min_timeout_sec: 30.0 max_timeout_sec: 180.0
Sending keys: ['for u in \'ftp://ftp.povray.org/pub/povray/Old-Versions/2.x/Unix/povray-2.2.tar.gz\' \'https://povray.org/ftp/pub/povray/Old-Versions/2.x/Unix/povray-2.2.tar.gz\' \'http://povray.org/ftp/pub/povray/Old-Versions/2.x/Unix/povray-2.2.tar.gz\' \'https://download.povray.org/Old-Versions/2.x/Unix/povray-2.2.tar.gz\'; do echo TRY:$u; timeout 15 curl -L -k -sS -o /tmp/x -w \'%{http_code} %{size_download}\\n\' "$u"; file /tmp/x; done\n'] min_timeout_sec: 60.0 max_timeout_sec: 180.0
Sending keys: ['curl -L --max-time 20 -A \'Mozilla/5.0\' -sG \'https://www.bing.com/search\' --data-urlencode \'q="povray-2.2.tar.gz"\' | grep -Eio \'.{0,100}(povray-2\\.2|tar\\.gz).{0,150}\' | head -30\n'] min_timeout_sec: 25.0 max_timeout_sec: 180.0
Trajectory dumped to jobs/p1-terminus-2-build-pov-ray-r1/build-pov-ray__K7rdh8N/agent/trajectory.json
Sending keys: ["ls -lh /tmp/os2mast.zip /tmp/poweruser.iso 2>/dev/null; file /tmp/os2mast.zip 2>/dev/null || true; test -f /tmp/os2mast.zip && 7z l /tmp/os2mast.zip | grep -iE 'pov|ray|source|unix|tar|tgz|gz' | head -150\n"] min_timeout_sec: 40.0 max_timeout_sec: 180.0
Sending keys: ["find /app /tmp -maxdepth 3 -type f \\( -iname '*pov*' -o -iname '*.tar.gz' -o -iname '*.tgz' \\) -printf '%p %s\\n' 2>/dev/null | head -100\n"] min_timeout_sec: 5.0 max_timeout_sec: 180.0
Sending keys: ['python3 -c "import urllib.request; u=\'https://sources.debian.org/api/search/?q=povray\'; print(urllib.request.urlopen(u,timeout=20).read().decode()[:10000])"\n'] min_timeout_sec: 25.0 max_timeout_sec: 180.0
Sending keys: ["apt-cache madison povray 2>/dev/null || true; grep -Ril 'povray' /var/lib/apt/lists 2>/dev/null | head\n"] min_timeout_sec: 5.0 max_timeout_sec: 180.0
Trajectory dumped to jobs/p1-terminus-2-build-pov-ray-r1/build-pov-ray__K7rdh8N/agent/trajectory.json
Sending keys: ["rm -rf /tmp/pov22; mkdir -p /tmp/pov22; 7z e /tmp/os2mast.zip '-ios2mast 594/ZIPPED/OS2/APP/POV22F.ZIP' '-ios2mast 594/ZIPPED/OS2/APP/POVRAY22.ZIP' '-ios2mast 594/ZIPPED/OS2/APP/POVSCN22.ZIP' -o/tmp/pov22 -y; ls -lh /tmp/pov22\n"] min_timeout_sec: 30.0 max_timeout_sec: 180.0
Sending keys: ['for f in /tmp/pov22/*.ZIP; do echo ==== $f; 7z l "$f" | head -25; 7z l "$f" | grep -iE \'source|src|make|unix|linux|\\.c$|\\.h$|\\.mak|povray|pov22\' | head -100; done\n'] min_timeout_sec: 30.0 max_timeout_sec: 180.0
Sending keys: ["7z x /tmp/pov22/POVRAY22.ZIP -o/tmp/povray22-files -y >/dev/null; find /tmp/povray22-files -type f -printf '%P %s\\n' | head -100\n"] min_timeout_sec: 30.0 max_timeout_sec: 180.0
Trajectory dumped to jobs/p1-terminus-2-build-pov-ray-r1/build-pov-ray__K7rdh8N/agent/trajectory.json
Sending keys: ["rm -rf /tmp/pov22 /tmp/povray22-files; mkdir -p /tmp/pov22; 7z e /tmp/os2mast.zip 'os2mast 594/ZIPPED/OS2/APP/POV22F.ZIP' 'os2mast 594/ZIPPED/OS2/APP/POVRAY22.ZIP' 'os2mast 594/ZIPPED/OS2/APP/POVSCN22.ZIP' -o/tmp/pov22 -y; ls -lh /tmp/pov22\n"] min_timeout_sec: 30.0 max_timeout_sec: 180.0
Sending keys: ['for f in /tmp/pov22/*.ZIP; do echo ==== "$f"; 7z l "$f" | grep -iE \'source|src|make|unix|linux|\\.c$|\\.h$|\\.mak|povray|pov22|README|DOC\' | head -120; done\n'] min_timeout_sec: 30.0 max_timeout_sec: 180.0
Sending keys: ["mkdir -p /tmp/povray22-files; 7z x /tmp/pov22/POVRAY22.ZIP -o/tmp/povray22-files -y >/dev/null; find /tmp/povray22-files -type f -printf '%P %s\\n' | head -150\n"] min_timeout_sec: 30.0 max_timeout_sec: 180.0
Trajectory dumped to jobs/p1-terminus-2-build-pov-ray-r1/build-pov-ray__K7rdh8N/agent/trajectory.json
Sending keys: ["rm -rf /app/povray-2.2; mkdir -p /app/povray-2.2; cp -a /tmp/povray22-files/. /app/povray-2.2/; find /app/povray-2.2 -maxdepth 2 -type f -printf '%P\\n' | head -100\n"] min_timeout_sec: 1.0 max_timeout_sec: 180.0
Sending keys: ["cd /app/povray-2.2/source; sed -n '1,240p' Makefile; echo '--- config ---'; sed -n '1,180p' config.h; echo '--- top files ---'; find .. -maxdepth 2 -type f -printf '%p\\n' | sort | head -150\n"] min_timeout_sec: 1.0 max_timeout_sec: 180.0
Sending keys: ['cd /app/povray-2.2/source; make clean >/dev/null 2>&1 || true; make -j2\n'] min_timeout_sec: 1.0 max_timeout_sec: 180.0
Trajectory dumped to jobs/p1-terminus-2-build-pov-ray-r1/build-pov-ray__K7rdh8N/agent/trajectory.json
Sending keys: ["cd /app/povray-2.2/source; nl -ba Makefile | sed -n '90,145p'; echo '--- visible whitespace ---'; sed -n '105,130l' Makefile\n"] min_timeout_sec: 1.0 max_timeout_sec: 180.0
Sending keys: ["cd /app/povray-2.2/source; grep -nE '^[ ]+[A-Za-z./$()_-]+|^[^#[:space:]].*:$|^[[:space:]]+[[:alnum:]_.-]+[[:space:]]' Makefile | head -100\n"] min_timeout_sec: 1.0 max_timeout_sec: 180.0
Trajectory dumped to jobs/p1-terminus-2-build-pov-ray-r1/build-pov-ray__K7rdh8N/agent/trajectory.json
Sending keys: ["cd /app/povray-2.2/source; cp Makefile Makefile.orig; perl -pi -e 's/\\r$//; s/\\x1a$//' Makefile; tail -5 Makefile | od -An -tx1c; make clean >/dev/null 2>&1 || true; make -j2\n"] min_timeout_sec: 2.0 max_timeout_sec: 180.0
Trajectory dumped to jobs/p1-terminus-2-build-pov-ray-r1/build-pov-ray__K7rdh8N/agent/trajectory.json
Sending keys: ["cd /app/povray-2.2/source; cp Makefile Makefile.nom486; sed -i 's/-m486[[:space:]]*//' Makefile; grep -nE '^(CC|CFLAGS|LDFLAGS)|gcc' Makefile | head -20; make clean >/dev/null 2>&1 || true; make -j2\n"] min_timeout_sec: 2.0 max_timeout_sec: 180.0
Trajectory dumped to jobs/p1-terminus-2-build-pov-ray-r1/build-pov-ray__K7rdh8N/agent/trajectory.json
Sending keys: ["cd /app/povray-2.2/source; make clean >/dev/null 2>&1 || true; make -j1 > /tmp/pov-build.log 2>&1; s=$?; echo BUILD_STATUS:$s; grep -n -B3 -A8 -E 'error:|undefined reference|collect2:' /tmp/pov-build.log | head -160; tail -40 /tmp/pov-build.log\n"] min_timeout_sec: 10.0 max_timeout_sec: 180.0
Trajectory dumped to jobs/p1-terminus-2-build-pov-ray-r1/build-pov-ray__K7rdh8N/agent/trajectory.json
Sending keys: ["cd /app/povray-2.2/source; find . -type f \\( -name '*.c' -o -name '*.h' -o -name 'Makefile' \\) -print0 | xargs -0 perl -pi -e 's/\\r$//; s/\\x1a$//'; echo REMAINING_CTRL_Z; grep -rl $'\\x1a' . || true; make clean >/dev/null 2>&1 || true; make -j1 > /tmp/pov-build.log 2>&1; s=$?; echo BUILD_STATUS:$s; grep -n -B3 -A8 -E 'error:|undefined reference|collect2:' /tmp/pov-build.log | head -200; tail -30 /tmp/pov-build.log\n"] min_timeout_sec: 15.0 max_timeout_sec: 180.0
Trajectory dumped to jobs/p1-terminus-2-build-pov-ray-r1/build-pov-ray__K7rdh8N/agent/trajectory.json
Sending keys: [''] min_timeout_sec: 15.0 max_timeout_sec: 180.0
Trajectory dumped to jobs/p1-terminus-2-build-pov-ray-r1/build-pov-ray__K7rdh8N/agent/trajectory.json
Sending keys: ["install -m 0755 /app/povray-2.2/source/povray.exe /usr/local/bin/povray; file /usr/local/bin/povray; find /app/povray-2.2 -maxdepth 4 -type d -iname '*include*' -o -iname '*povdoc*' | sort\n"] min_timeout_sec: 1.0 max_timeout_sec: 180.0
Sending keys: ["ls -la /app/povray-2.2; find /app/povray-2.2 -maxdepth 3 -type f | grep -Ei 'include|\\.inc$|povdoc' | head -100\n"] min_timeout_sec: 1.0 max_timeout_sec: 180.0
Sending keys: ['/usr/local/bin/povray +L/app/povray-2.2/povdoc/include +I/app/deps/illum1.pov +O/dev/null +P -V; echo POVRAY_STATUS:$?\n'] min_timeout_sec: 15.0 max_timeout_sec: 180.0
Trajectory dumped to jobs/p1-terminus-2-build-pov-ray-r1/build-pov-ray__K7rdh8N/agent/trajectory.json
Sending keys: ['cd /app/povray-2.2; 7z l POVDOC.ZIP | head -80\n'] min_timeout_sec: 5.0 max_timeout_sec: 180.0
Sending keys: ["cd /app/povray-2.2; rm -rf povdoc; mkdir -p povdoc; 7z x POVDOC.ZIP -opovdoc -y >/tmp/povdoc-extract.log; find povdoc -maxdepth 3 -type f -printf '%P\\n' | head -100\n"] min_timeout_sec: 10.0 max_timeout_sec: 180.0
Sending keys: ["if [ -f /app/povray-2.2/povdoc/include/shapes.inc ]; then echo INCLUDE_OK; else echo INCLUDE_MISSING; find /app/povray-2.2/povdoc -type f | grep -i 'shapes.inc' || true; fi; /usr/local/bin/povray +L/app/povray-2.2/povdoc/include +I/app/deps/illum1.pov +O/dev/null +P -V; echo POVRAY_STATUS:$?\n"] min_timeout_sec: 15.0 max_timeout_sec: 180.0
Trajectory dumped to jobs/p1-terminus-2-build-pov-ray-r1/build-pov-ray__K7rdh8N/agent/trajectory.json
Sending keys: ['cd /app/povray-2.2/povdoc; rm -rf include; mkdir include; for f in INCLUDE/*; do [ -f "$f" ] || continue; cp "$f" "include/$(basename "$f" | tr \'[:upper:]\' \'[:lower:]\')"; done; ls -la include\n'] min_timeout_sec: 1.0 max_timeout_sec: 180.0
Sending keys: ['test -f /app/povray-2.2/povdoc/include/shapes.inc && echo INCLUDE_OK; /usr/local/bin/povray +L/app/povray-2.2/povdoc/include +I/app/deps/illum1.pov +O/dev/null +P -V; echo POVRAY_STATUS:$?\n'] min_timeout_sec: 15.0 max_timeout_sec: 180.0
Trajectory dumped to jobs/p1-terminus-2-build-pov-ray-r1/build-pov-ray__K7rdh8N/agent/trajectory.json
Trajectory dumped to jobs/p1-terminus-2-build-pov-ray-r1/build-pov-ray__K7rdh8N/agent/trajectory.json
Trajectory dumped to jobs/p1-terminus-2-build-pov-ray-r1/build-pov-ray__K7rdh8N/agent/trajectory.json
Trajectory dumped to jobs/p1-terminus-2-build-pov-ray-r1/build-pov-ray__K7rdh8N/agent/trajectory.json
Collecting main service artifacts
