Installing: tmux, asciinema
Detected system: {'os': 'debian-based', 'package_manager': 'apt-get', 'update_command': None}
Installing tools using apt-get: DEBIAN_FRONTEND=noninteractive apt-get update && DEBIAN_FRONTEND=noninteractive apt-get install -y tmux asciinema
Starting recording.
Sending keys: ['asciinema rec --stdin /logs/agent/recording.cast', 'Enter'] min_timeout_sec: 1.0 max_timeout_sec: 180.0
Sending keys: ['clear', 'Enter'] min_timeout_sec: 0.0 max_timeout_sec: 180.0
Sending keys: ['ls -la /app\n'] min_timeout_sec: 0.1 max_timeout_sec: 180.0
Sending keys: ['7z l /app/secrets.7z\n'] min_timeout_sec: 1.0 max_timeout_sec: 180.0
Sending keys: ['mkdir -p /tmp/secrets_extract && 7z e -y /app/secrets.7z -o/tmp/secrets_extract secret_file.txt && cat /tmp/secrets_extract/secret_file.txt > /app/solution.txt && cat /app/solution.txt\n'] min_timeout_sec: 1.0 max_timeout_sec: 180.0
Trajectory dumped to jobs/wd-terminus-2-crack-7z-hash-rep1/crack-7z-hash__FkR2hwZ/agent/trajectory.json
Sending keys: ['command -v 7za 7zr bsdtar tar python3; python3 -c \'import importlib.util; print("py7zr", bool(importlib.util.find_spec("py7zr")))\'\n'] min_timeout_sec: 0.5 max_timeout_sec: 180.0
Sending keys: ['if command -v 7za >/dev/null; then 7za e -y /app/secrets.7z -o/tmp/secrets_extract secret_file.txt; elif command -v 7zr >/dev/null; then 7zr e -y /app/secrets.7z -o/tmp/secrets_extract secret_file.txt; elif python3 -c \'import py7zr\' 2>/dev/null; then mkdir -p /tmp/secrets_extract; python3 -c \'import py7zr; py7zr.SevenZipFile("/app/secrets.7z").extractall("/tmp/secrets_extract")\'; else echo \'No 7z extractor available\'; fi\n'] min_timeout_sec: 1.0 max_timeout_sec: 180.0
Sending keys: ['if [ -f /tmp/secrets_extract/secret_file.txt ]; then cp /tmp/secrets_extract/secret_file.txt /app/solution.txt; cat /app/solution.txt; else apt-get update -qq && apt-get install -y -qq p7zip-full && mkdir -p /tmp/secrets_extract && 7z e -y /app/secrets.7z -o/tmp/secrets_extract secret_file.txt && cp /tmp/secrets_extract/secret_file.txt /app/solution.txt && cat /app/solution.txt; fi\n'] min_timeout_sec: 10.0 max_timeout_sec: 180.0
Trajectory dumped to jobs/wd-terminus-2-crack-7z-hash-rep1/crack-7z-hash__FkR2hwZ/agent/trajectory.json
Sending keys: [''] min_timeout_sec: 10.0 max_timeout_sec: 180.0
Trajectory dumped to jobs/wd-terminus-2-crack-7z-hash-rep1/crack-7z-hash__FkR2hwZ/agent/trajectory.json
Sending keys: ["find /app/john -maxdepth 2 -type f -printf '%p\\n' | head -100; echo '--- tools ---'; command -v john || true; find / -type f \\( -name '7z2john*' -o -name '*7z*john*' \\) 2>/dev/null | head -20\n"] min_timeout_sec: 1.0 max_timeout_sec: 180.0
Sending keys: ['7z l -slt /app/secrets.7z\n'] min_timeout_sec: 1.0 max_timeout_sec: 180.0
Trajectory dumped to jobs/wd-terminus-2-crack-7z-hash-rep1/crack-7z-hash__FkR2hwZ/agent/trajectory.json
Sending keys: ["perl /app/john/run/7z2john.pl /app/secrets.7z > /tmp/secrets.hash; cat /tmp/secrets.hash; find /app/john -type f -perm -111 -name 'john*' -o -type f -name 'john' 2>/dev/null\n"] min_timeout_sec: 1.0 max_timeout_sec: 180.0
Sending keys: ["if [ -x /app/john/run/john ]; then /app/john/run/john --wordlist=/app/john/run/password.lst /tmp/secrets.hash; elif command -v john >/dev/null; then john --wordlist=/app/john/run/password.lst /tmp/secrets.hash; else echo 'john executable not found'; fi\n"] min_timeout_sec: 10.0 max_timeout_sec: 180.0
Sending keys: ['if [ -x /app/john/run/john ]; then /app/john/run/john --show /tmp/secrets.hash; elif command -v john >/dev/null; then john --show /tmp/secrets.hash; fi\n'] min_timeout_sec: 1.0 max_timeout_sec: 180.0
Trajectory dumped to jobs/wd-terminus-2-crack-7z-hash-rep1/crack-7z-hash__FkR2hwZ/agent/trajectory.json
Sending keys: ['apt-get update -qq && apt-get install -y -qq libcompress-raw-lzma-perl\n'] min_timeout_sec: 10.0 max_timeout_sec: 180.0
Sending keys: ['perl /app/john/run/7z2john.pl /app/secrets.7z > /tmp/secrets.hash && wc -c /tmp/secrets.hash && head -c 300 /tmp/secrets.hash; echo\n'] min_timeout_sec: 1.0 max_timeout_sec: 180.0
Sending keys: ['/app/john/run/john --wordlist=/app/john/run/password.lst /tmp/secrets.hash\n'] min_timeout_sec: 10.0 max_timeout_sec: 180.0
Sending keys: ['password=$(/app/john/run/john --show /tmp/secrets.hash | awk -F: \'NR==1 {print $2}\'); echo "Recovered password: $password"; rm -rf /tmp/secrets_extract; mkdir -p /tmp/secrets_extract; 7z x -y -p"$password" /app/secrets.7z -o/tmp/secrets_extract secrets/secret_file.txt && cp /tmp/secrets_extract/secrets/secret_file.txt /app/solution.txt && printf \'Solution: \' && cat /app/solution.txt\n'] min_timeout_sec: 10.0 max_timeout_sec: 180.0
Trajectory dumped to jobs/wd-terminus-2-crack-7z-hash-rep1/crack-7z-hash__FkR2hwZ/agent/trajectory.json
Sending keys: ['ls -l /tmp/secrets.hash; od -An -tx1c /tmp/secrets.hash; perl -e \'use Compress::Raw::Lzma; print "LZMA module OK\\n"\'; perl /app/john/run/7z2john.pl /app/secrets.7z 2>&1 | tee /tmp/secrets.hash.debug\n'] min_timeout_sec: 2.0 max_timeout_sec: 180.0
Sending keys: ["grep -nE '^(sub |my |print|usage|7z|hash)' /app/john/run/7z2john.pl | head -80; sed -n '1,180p' /app/john/run/7z2john.pl\n"] min_timeout_sec: 1.0 max_timeout_sec: 180.0
Sending keys: ["find /app/john/run -maxdepth 1 -type f \\( -name '*7z*' -o -name 'john' \\) -printf '%f %s bytes\\n'; /app/john/run/john --list=build-info 2>/dev/null | head -30\n"] min_timeout_sec: 1.0 max_timeout_sec: 180.0
Trajectory dumped to jobs/wd-terminus-2-crack-7z-hash-rep1/crack-7z-hash__FkR2hwZ/agent/trajectory.json
Sending keys: ['perl /app/john/run/7z2john.pl /app/secrets.7z 2>/dev/null > /tmp/secrets.hash; cat /tmp/secrets.hash; /app/john/run/john --wordlist=/app/john/run/password.lst /tmp/secrets.hash\n'] min_timeout_sec: 10.0 max_timeout_sec: 180.0
Sending keys: ['password=$(/app/john/run/john --show /tmp/secrets.hash | sed -n \'1p\' | cut -d: -f2); printf \'Recovered password: <%s>\\n\' "$password"; rm -rf /tmp/secrets_extract; mkdir -p /tmp/secrets_extract; 7z x -y -p"$password" /app/secrets.7z -o/tmp/secrets_extract secrets/secret_file.txt && cp /tmp/secrets_extract/secrets/secret_file.txt /app/solution.txt && printf \'Solution: \' && cat /app/solution.txt\n'] min_timeout_sec: 10.0 max_timeout_sec: 180.0
Trajectory dumped to jobs/wd-terminus-2-crack-7z-hash-rep1/crack-7z-hash__FkR2hwZ/agent/trajectory.json
Sending keys: [''] min_timeout_sec: 10.0 max_timeout_sec: 180.0
Trajectory dumped to jobs/wd-terminus-2-crack-7z-hash-rep1/crack-7z-hash__FkR2hwZ/agent/trajectory.json
Sending keys: [''] min_timeout_sec: 60.0 max_timeout_sec: 180.0
Trajectory dumped to jobs/wd-terminus-2-crack-7z-hash-rep1/crack-7z-hash__FkR2hwZ/agent/trajectory.json
Sending keys: [''] min_timeout_sec: 60.0 max_timeout_sec: 180.0
Trajectory dumped to jobs/wd-terminus-2-crack-7z-hash-rep1/crack-7z-hash__FkR2hwZ/agent/trajectory.json
Parser warnings: - Command 1 should end with newline when followed by another command. Otherwise the two commands will be concatenated together on the same line.
Sending keys: ['s'] min_timeout_sec: 1.0 max_timeout_sec: 180.0
Sending keys: [''] min_timeout_sec: 60.0 max_timeout_sec: 180.0
Trajectory dumped to jobs/wd-terminus-2-crack-7z-hash-rep1/crack-7z-hash__FkR2hwZ/agent/trajectory.json
Parser warnings: - Command 1 should end with newline when followed by another command. Otherwise the two commands will be concatenated together on the same line.
Sending keys: ['C-c'] min_timeout_sec: 1.0 max_timeout_sec: 180.0
Sending keys: ["wc -l /app/john/run/password.lst; grep -inE 'secret|password|secrets|archive|solution|john|7z|word|file|admin|test|flag' /app/john/run/password.lst | head -100; head -30 /app/john/run/password.lst; tail -30 /app/john/run/password.lst\n"] min_timeout_sec: 1.0 max_timeout_sec: 180.0
Sending keys: ['grep -iE \'secret|password|secrets|archive|solution|john|7z|word|file|admin|test|flag\' /app/john/run/password.lst > /tmp/targeted.lst; for p in secret secrets password 7z john archive solution secret_file; do echo "$p"; done >> /tmp/targeted.lst; sort -u /tmp/targeted.lst -o /tmp/targeted.lst; /app/john/run/john --pot=/tmp/targeted.pot --wordlist=/tmp/targeted.lst /tmp/secrets.hash; /app/john/run/john --pot=/tmp/targeted.pot --show /tmp/secrets.hash\n'] min_timeout_sec: 60.0 max_timeout_sec: 180.0
Trajectory dumped to jobs/wd-terminus-2-crack-7z-hash-rep1/crack-7z-hash__FkR2hwZ/agent/trajectory.json
Sending keys: [''] min_timeout_sec: 60.0 max_timeout_sec: 180.0
Trajectory dumped to jobs/wd-terminus-2-crack-7z-hash-rep1/crack-7z-hash__FkR2hwZ/agent/trajectory.json
Sending keys: [''] min_timeout_sec: 60.0 max_timeout_sec: 180.0
Trajectory dumped to jobs/wd-terminus-2-crack-7z-hash-rep1/crack-7z-hash__FkR2hwZ/agent/trajectory.json
Sending keys: ['s\n'] min_timeout_sec: 1.0 max_timeout_sec: 180.0
Sending keys: [''] min_timeout_sec: 60.0 max_timeout_sec: 180.0
Trajectory dumped to jobs/wd-terminus-2-crack-7z-hash-rep1/crack-7z-hash__FkR2hwZ/agent/trajectory.json
Sending keys: [''] min_timeout_sec: 60.0 max_timeout_sec: 180.0
Trajectory dumped to jobs/wd-terminus-2-crack-7z-hash-rep1/crack-7z-hash__FkR2hwZ/agent/trajectory.json
Sending keys: [''] min_timeout_sec: 60.0 max_timeout_sec: 180.0
Trajectory dumped to jobs/wd-terminus-2-crack-7z-hash-rep1/crack-7z-hash__FkR2hwZ/agent/trajectory.json
Sending keys: ['s\n'] min_timeout_sec: 60.0 max_timeout_sec: 180.0
Trajectory dumped to jobs/wd-terminus-2-crack-7z-hash-rep1/crack-7z-hash__FkR2hwZ/agent/trajectory.json
Sending keys: [''] min_timeout_sec: 60.0 max_timeout_sec: 180.0
Trajectory dumped to jobs/wd-terminus-2-crack-7z-hash-rep1/crack-7z-hash__FkR2hwZ/agent/trajectory.json
Sending keys: [''] min_timeout_sec: 60.0 max_timeout_sec: 180.0
Trajectory dumped to jobs/wd-terminus-2-crack-7z-hash-rep1/crack-7z-hash__FkR2hwZ/agent/trajectory.json
Sending keys: [''] min_timeout_sec: 60.0 max_timeout_sec: 180.0
Trajectory dumped to jobs/wd-terminus-2-crack-7z-hash-rep1/crack-7z-hash__FkR2hwZ/agent/trajectory.json
Sending keys: ['s\n'] min_timeout_sec: 60.0 max_timeout_sec: 180.0
Trajectory dumped to jobs/wd-terminus-2-crack-7z-hash-rep1/crack-7z-hash__FkR2hwZ/agent/trajectory.json
Sending keys: [''] min_timeout_sec: 60.0 max_timeout_sec: 180.0
Trajectory dumped to jobs/wd-terminus-2-crack-7z-hash-rep1/crack-7z-hash__FkR2hwZ/agent/trajectory.json
Sending keys: [''] min_timeout_sec: 60.0 max_timeout_sec: 180.0
Trajectory dumped to jobs/wd-terminus-2-crack-7z-hash-rep1/crack-7z-hash__FkR2hwZ/agent/trajectory.json
Sending keys: [''] min_timeout_sec: 60.0 max_timeout_sec: 180.0
Trajectory dumped to jobs/wd-terminus-2-crack-7z-hash-rep1/crack-7z-hash__FkR2hwZ/agent/trajectory.json
Sending keys: [''] min_timeout_sec: 60.0 max_timeout_sec: 180.0
Trajectory dumped to jobs/wd-terminus-2-crack-7z-hash-rep1/crack-7z-hash__FkR2hwZ/agent/trajectory.json
Sending keys: ["find /app -maxdepth 3 -type f -printf '%p %s bytes\\n'; echo '--- env ---'; env | sort; echo '--- history ---'; cat /root/.bash_history 2>/dev/null || true; echo '--- strings ---'; strings -a /app/secrets.7z\n"] min_timeout_sec: 2.0 max_timeout_sec: 180.0
Sending keys: ["grep -RInaE 'secrets\\.7z|secret_file|solution\\.txt|password|7z' /app /tmp /root 2>/dev/null | head -100\n"] min_timeout_sec: 2.0 max_timeout_sec: 180.0
Sending keys: ['7z l -slt /app/secrets.7z; stat /app/secrets.7z; xxd /app/secrets.7z\n'] min_timeout_sec: 2.0 max_timeout_sec: 180.0
Trajectory dumped to jobs/wd-terminus-2-crack-7z-hash-rep1/crack-7z-hash__FkR2hwZ/agent/trajectory.json
Sending keys: ["cat > /tmp/candidates.lst <<'EOF'\nletmein\nletmein1\nopensesame\nopenSesame\nopensame\nwelcome\nwelcome1\nchangeme\nqwerty\nqwerty123\nabc123\nadmin\nadmin123\nroot\nroot123\nsecret\nSecret\nSECRET\nsecrets\nSecrets\npassword\nPassword\nPASSWORD\npassword123\nPassword123\npass123\npassw0rd\n7zip\n7z\nsevenzip\narchive\nArchive\nsecretfile\nsecret_file\nsecret-file\nsolution\njohn\njohnny\nword\nword123\nhidden\nhiddenword\nmysecret\nmy_secret\ntopsecret\ntrustno1\n05042025\n20250504\n2025-05-04\n04052025\n050425\n542025\n2025\n0504\nmay2025\nMay2025\nmayfour\nMay4\n050420\nsecret2025\nSecret2025\nsecrets2025\npassword2025\narchive2025\n\nEOF\n/app/john/run/john --pot=/tmp/candidates.pot --wordlist=/tmp/candidates.lst /tmp/secrets.hash\n"] min_timeout_sec: 60.0 max_timeout_sec: 180.0
Sending keys: ['password=$(/app/john/run/john --pot=/tmp/candidates.pot --show /tmp/secrets.hash | sed -n \'1p\' | cut -d: -f2); printf \'Recovered password: <%s>\\n\' "$password"; if [ -n "$password" ]; then rm -rf /tmp/secrets_extract; mkdir -p /tmp/secrets_extract; 7z x -y -p"$password" /app/secrets.7z -o/tmp/secrets_extract secrets/secret_file.txt && cp /tmp/secrets_extract/secrets/secret_file.txt /app/solution.txt && printf \'Solution: \' && cat /app/solution.txt; fi\n'] min_timeout_sec: 10.0 max_timeout_sec: 180.0
Trajectory dumped to jobs/wd-terminus-2-crack-7z-hash-rep1/crack-7z-hash__FkR2hwZ/agent/trajectory.json
Sending keys: ["echo '--- references ---'; grep -RInaE 'secrets\\.7z|secret_file|7zAES|solution\\.txt' /app /tmp /root /etc 2>/dev/null | head -100; echo '--- recent files ---'; find / -xdev -type f -printf '%T@ %p\\n' 2>/dev/null | sort -nr | head -100\n"] min_timeout_sec: 3.0 max_timeout_sec: 180.0
Sending keys: ["echo '--- app tree ---'; find /app -maxdepth 4 -printf '%M %s %p\\n' 2>/dev/null; echo '--- processes ---'; ps auxww; echo '--- john result ---'; /app/john/run/john --pot=/tmp/candidates.pot --show /tmp/secrets.hash; test -f /app/solution.txt && { echo 'solution exists'; cat /app/solution.txt; } || echo 'solution missing'\n"] min_timeout_sec: 2.0 max_timeout_sec: 180.0
Sending keys: ["echo '--- archive metadata strings ---'; strings -a /app/secrets.7z; echo '--- candidate wordlist context ---'; sed -n '1,120p' /app/john/run/password.lst\n"] min_timeout_sec: 1.0 max_timeout_sec: 180.0
Trajectory dumped to jobs/wd-terminus-2-crack-7z-hash-rep1/crack-7z-hash__FkR2hwZ/agent/trajectory.json
Sending keys: ["command -v hashcat || true; command -v hashcat.bin || true; command -v hcxdumptool || true; grep -m1 -E 'model name|flags' /proc/cpuinfo; /app/john/run/john --list=formats 2>/dev/null | tr ',' '\\n' | grep -iE '7z|7zip' || true\n"] min_timeout_sec: 1.0 max_timeout_sec: 180.0
Sending keys: ["apt-cache show hashcat 2>/dev/null | sed -n '1,20p'; apt-cache policy hashcat 2>/dev/null\n"] min_timeout_sec: 1.0 max_timeout_sec: 180.0
Trajectory dumped to jobs/wd-terminus-2-crack-7z-hash-rep1/crack-7z-hash__FkR2hwZ/agent/trajectory.json
Sending keys: ['apt-get update -qq && apt-get install -y -qq hashcat\n'] min_timeout_sec: 20.0 max_timeout_sec: 180.0
Sending keys: ["hashcat --version; hashcat --example-hashes 2>/dev/null | grep -A8 -B3 -i '7-zip' | head -30 || true\n"] min_timeout_sec: 2.0 max_timeout_sec: 180.0
Sending keys: ["sed 's/^secrets\\.7z://' /tmp/secrets.hash > /tmp/hashcat.7z; hashcat -m 11600 -a 0 --status --status-timer=10 /tmp/hashcat.7z /app/john/run/password.lst\n"] min_timeout_sec: 60.0 max_timeout_sec: 180.0
Trajectory dumped to jobs/wd-terminus-2-crack-7z-hash-rep1/crack-7z-hash__FkR2hwZ/agent/trajectory.json
Sending keys: ['hashcat --version; hashcat -m 11600 --example-hashes 2>/dev/null | head -40 || true\n'] min_timeout_sec: 2.0 max_timeout_sec: 180.0
Sending keys: ["sed 's/^secrets\\.7z://' /tmp/secrets.hash > /tmp/hashcat.7z; cat /tmp/hashcat.7z; hashcat -m 11600 -a 0 --status --status-timer=10 /tmp/hashcat.7z /app/john/run/password.lst\n"] min_timeout_sec: 60.0 max_timeout_sec: 180.0
Sending keys: ['hashcat -m 11600 --show /tmp/hashcat.7z\n'] min_timeout_sec: 2.0 max_timeout_sec: 180.0
Trajectory dumped to jobs/wd-terminus-2-crack-7z-hash-rep1/crack-7z-hash__FkR2hwZ/agent/trajectory.json
Sending keys: ['C-c\n'] min_timeout_sec: 2.0 max_timeout_sec: 180.0
Sending keys: ["grep -v '^#!' /app/john/run/password.lst | head -20000 > /tmp/top20k.lst; hashcat -m 11600 -O -a 0 --status --status-timer=15 --potfile-path=/tmp/hashcat-top.pot /tmp/hashcat.7z /tmp/top20k.lst\n"] min_timeout_sec: 60.0 max_timeout_sec: 180.0
Sending keys: ['result=$(hashcat -m 11600 --potfile-path=/tmp/hashcat-top.pot --show /tmp/hashcat.7z | grep \'^\\$7z\\$\' | head -1); printf \'Crack result: %s\\n\' "$result"; if [ -n "$result" ]; then password=${result##*:}; rm -rf /tmp/secrets_extract; mkdir -p /tmp/secrets_extract; 7z x -y -p"$password" /app/secrets.7z -o/tmp/secrets_extract secrets/secret_file.txt && cp /tmp/secrets_extract/secrets/secret_file.txt /app/solution.txt && printf \'Solution: \' && cat /app/solution.txt; fi\n'] min_timeout_sec: 10.0 max_timeout_sec: 180.0
Trajectory dumped to jobs/wd-terminus-2-crack-7z-hash-rep1/crack-7z-hash__FkR2hwZ/agent/trajectory.json
Sending keys: ['q\n'] min_timeout_sec: 3.0 max_timeout_sec: 180.0
Sending keys: ["grep -v '^#!' /app/john/run/password.lst | head -20000 > /tmp/top20k.lst; wc -l /tmp/top20k.lst; hashcat -m 11600 -O -a 0 --status --status-timer=15 --potfile-path=/tmp/hashcat-top.pot /tmp/hashcat.7z /tmp/top20k.lst\n"] min_timeout_sec: 60.0 max_timeout_sec: 180.0
Trajectory dumped to jobs/wd-terminus-2-crack-7z-hash-rep1/crack-7z-hash__FkR2hwZ/agent/trajectory.json
Parser warnings: - Command 1 should end with newline when followed by another command. Otherwise the two commands will be concatenated together on the same line.
Sending keys: ['C-c'] min_timeout_sec: 3.0 max_timeout_sec: 180.0
Sending keys: ["grep -v '^#!' /app/john/run/password.lst | head -20000 > /tmp/top20k.lst; wc -l /tmp/top20k.lst; hashcat -m 11600 -O -a 0 --status --status-timer=15 --potfile-path=/tmp/hashcat-top.pot /tmp/hashcat.7z /tmp/top20k.lst\n"] min_timeout_sec: 60.0 max_timeout_sec: 180.0
Trajectory dumped to jobs/wd-terminus-2-crack-7z-hash-rep1/crack-7z-hash__FkR2hwZ/agent/trajectory.json
Collecting main service artifacts
Exception AgentTimeoutError is in exclude_exceptions, not retrying
Not retrying trial because the exception is not in include_exceptions or the maximum number of retries has been reached
