Skipping image OS validation for alexgshaw/git-leak-recovery:20251031: docker inspect returned 1
Installing: tmux, asciinema
Detected system: {'os': 'debian-based', 'package_manager': 'apt-get', 'update_command': None}
Installing tools using apt-get: DEBIAN_FRONTEND=noninteractive apt-get update && DEBIAN_FRONTEND=noninteractive apt-get install -y tmux asciinema
Starting recording.
Sending keys: ['asciinema rec --stdin /logs/agent/recording.cast', 'Enter'] min_timeout_sec: 1.0 max_timeout_sec: 180.0
Sending keys: ['clear', 'Enter'] min_timeout_sec: 0.0 max_timeout_sec: 180.0
Sending keys: ["cd /app/repo && printf '%s\\n' '--- status ---' && git status --short --branch && printf '%s\\n' '--- refs ---' && git show-ref && printf '%s\\n' '--- reflogs ---' && git reflog --all --date=iso && printf '%s\\n' '--- object counts ---' && git count-objects -v\n"] min_timeout_sec: 1.0 max_timeout_sec: 180.0
Sending keys: ['cd /app/repo && printf \'%s\\n\' \'--- dangling objects ---\' && git fsck --full --no-reflogs --unreachable 2>/dev/null && printf \'%s\\n\' \'--- all objects containing secret pattern ---\' && for o in $(git rev-list --objects --all; git fsck --full --no-reflogs --unreachable 2>/dev/null | awk \'$2=="blob"||$2=="commit"||$2=="tree"{print $3}\'); do git cat-file --batch 2>/dev/null <<EOF | grep -aE \'secret\\[[^]]*\\]\' && echo "OBJECT=$o"\n$o\nEOF\ndone\n'] min_timeout_sec: 2.0 max_timeout_sec: 180.0
Trajectory dumped to jobs/p1-terminus-2-git-leak-recovery-r1/git-leak-recovery__PceExdR/agent/trajectory.json
Sending keys: ["cd /app/repo && echo '--- unreachable commit ---' && git show --stat --oneline --decorate 6b4c75caa9a2aa9a630e16764007b0109b1f5c07 && echo '--- commit contents ---' && git show --format=fuller --no-ext-diff 6b4c75caa9a2aa9a630e16764007b0109b1f5c07 && echo '--- current tree ---' && git ls-tree -r HEAD && echo '--- current filesystem search ---' && grep -RInaE 'secret\\[[^]]*\\]' --exclude-dir=.git . || true\n"] min_timeout_sec: 1.0 max_timeout_sec: 180.0
Sending keys: ["printf '%s\\n' 'secret[lost_and_found_in_git]' > /app/secret.txt && chmod 600 /app/secret.txt && cat /app/secret.txt\n"] min_timeout_sec: 0.1 max_timeout_sec: 180.0
Sending keys: ['cd /app/repo && git reflog expire --expire=now --all && git gc --prune=now --aggressive\n'] min_timeout_sec: 2.0 max_timeout_sec: 180.0
Sending keys: ['cd /app/repo && echo \'--- status ---\' && git status --short --branch && echo \'--- log ---\' && git log --oneline --decorate --all && echo \'--- object check ---\' && git fsck --full --no-reflogs --unreachable 2>/dev/null || true && echo \'--- repository secret search ---\' && (grep -RInaE \'secret\\[[^]]*\\]\' --exclude-dir=.git . || true) && (git cat-file --batch-all-objects --batch-check=\'%(objectname) %(objecttype)\' | while read oid typ; do git cat-file "$typ" "$oid" 2>/dev/null; done | grep -aE \'secret\\[[^]]*\\]\' || true) && echo \'--- reflog files ---\' && find .git/logs -type f -maxdepth 3 -print 2>/dev/null\n'] min_timeout_sec: 2.0 max_timeout_sec: 180.0
Trajectory dumped to jobs/p1-terminus-2-git-leak-recovery-r1/git-leak-recovery__PceExdR/agent/trajectory.json
Sending keys: ['printf \'%s\\n\' \'--- recovered secret ---\' && stat -c \'%a %n\' /app/secret.txt && cat /app/secret.txt && cd /app/repo && printf \'%s\\n\' \'--- status ---\' && git status --porcelain=v1 --branch && printf \'%s\\n\' \'--- history ---\' && git log --format=\'%H %s\' --all && printf \'%s\\n\' \'--- reflogs ---\' && git reflog --all && printf \'%s\\n\' \'--- fsck ---\' && git fsck --full --no-reflogs --unreachable 2>/dev/null || true && printf \'%s\\n\' \'--- secret scan ---\' && ! grep -RInaE \'secret\\[[^]]*\\]\' --exclude-dir=.git . && ! (git cat-file --batch-all-objects --batch-check=\'%(objectname) %(objecttype)\' | while read oid typ; do git cat-file "$typ" "$oid" 2>/dev/null; done | grep -aE \'secret\\[[^]]*\\]\')\n'] min_timeout_sec: 1.0 max_timeout_sec: 180.0
Trajectory dumped to jobs/p1-terminus-2-git-leak-recovery-r1/git-leak-recovery__PceExdR/agent/trajectory.json
Trajectory dumped to jobs/p1-terminus-2-git-leak-recovery-r1/git-leak-recovery__PceExdR/agent/trajectory.json
Trajectory dumped to jobs/p1-terminus-2-git-leak-recovery-r1/git-leak-recovery__PceExdR/agent/trajectory.json
Collecting main service artifacts
