Installing: tmux, asciinema
Detected system: {'os': 'debian-based', 'package_manager': 'apt-get', 'update_command': None}
Installing tools using apt-get: DEBIAN_FRONTEND=noninteractive apt-get update && DEBIAN_FRONTEND=noninteractive apt-get install -y tmux asciinema
Starting recording.
Sending keys: ['asciinema rec --stdin /logs/agent/recording.cast', 'Enter'] min_timeout_sec: 1.0 max_timeout_sec: 180.0
Sending keys: ['clear', 'Enter'] min_timeout_sec: 0.0 max_timeout_sec: 180.0
Sending keys: ["wc -l /app/input.csv /app/expected.csv; printf '\\nINPUT HEAD:\\n'; sed -n '1,8p' /app/input.csv; printf '\\nEXPECTED HEAD:\\n'; sed -n '1,8p' /app/expected.csv\n"] min_timeout_sec: 0.2 max_timeout_sec: 180.0
Sending keys: ["printf '\\nDIFF SAMPLE:\\n'; diff -u /app/input.csv /app/expected.csv | sed -n '1,120p'\n"] min_timeout_sec: 0.5 max_timeout_sec: 180.0
Trajectory dumped to jobs/p1-terminus-2-large-scale-text-editing-r3/large-scale-text-editing__NFYmqrX/agent/trajectory.json
Sending keys: ['cat > /app/apply_macros.vim <<\'EOF\'\ncall setreg(\'a\', ":s/^\\s*\\([^,]*\\S\\)\\s*,\\s*\\([^,]*\\S\\)\\s*,\\s*\\([^,]*\\S\\)\\s*$/\\U\\3;\\2;\\1\\E;OK/\\r")\ncall setreg(\'b\', ":s/^/&/\\r")\ncall setreg(\'c\', ":s/$/&/\\r")\n:%normal! @a\n:%normal! @b\n:%normal! @c\n:x\nEOF\ncat /app/apply_macros.vim\n'] min_timeout_sec: 0.2 max_timeout_sec: 180.0
Sending keys: ['vim -Nu NONE -n -Es /app/input.csv -S /app/apply_macros.vim; status=$?; echo VIM_STATUS:$status; cmp -s /app/input.csv /app/expected.csv; echo CMP_STATUS:$?\n'] min_timeout_sec: 10.0 max_timeout_sec: 180.0
Trajectory dumped to jobs/p1-terminus-2-large-scale-text-editing-r3/large-scale-text-editing__NFYmqrX/agent/trajectory.json
Sending keys: [''] min_timeout_sec: 10.0 max_timeout_sec: 180.0
Trajectory dumped to jobs/p1-terminus-2-large-scale-text-editing-r3/large-scale-text-editing__NFYmqrX/agent/trajectory.json
Sending keys: [''] min_timeout_sec: 20.0 max_timeout_sec: 180.0
Trajectory dumped to jobs/p1-terminus-2-large-scale-text-editing-r3/large-scale-text-editing__NFYmqrX/agent/trajectory.json
Parser warnings: - Command 1 should end with newline when followed by another command. Otherwise the two commands will be concatenated together on the same line.
Sending keys: ['C-c'] min_timeout_sec: 0.5 max_timeout_sec: 180.0
Sending keys: ['cat > /app/apply_macros.vim <<\'EOF\'\ncall setreg(\'a\', ":s/^\\s*\\([^,]*\\S\\)\\s*,\\s*\\([^,]*\\S\\)\\s*,\\s*\\([^,]*\\S\\)\\s*$/\\U\\3;\\2;\\1\\E;OK/\\r")\ncall setreg(\'b\', "0")\ncall setreg(\'c\', "$")\n:%normal! @a\n:%normal! @b\n:%normal! @c\n:x\nEOF\nvim -Nu NONE -n -Es /app/input.csv -S /app/apply_macros.vim; status=$?; echo VIM_STATUS:$status; cmp -s /app/input.csv /app/expected.csv; echo CMP_STATUS:$?\n'] min_timeout_sec: 30.0 max_timeout_sec: 180.0
Trajectory dumped to jobs/p1-terminus-2-large-scale-text-editing-r3/large-scale-text-editing__NFYmqrX/agent/trajectory.json
Sending keys: ['\n'] min_timeout_sec: 1.0 max_timeout_sec: 180.0
Sending keys: ["printf 'PROMPT_CHECK\\n'; ls -l /app/apply_macros.vim; tail -n +1 /app/apply_macros.vim\n"] min_timeout_sec: 0.2 max_timeout_sec: 180.0
Trajectory dumped to jobs/p1-terminus-2-large-scale-text-editing-r3/large-scale-text-editing__NFYmqrX/agent/trajectory.json
Sending keys: ['C-c\n'] min_timeout_sec: 1.0 max_timeout_sec: 180.0
Sending keys: ['cat > /app/apply_macros.vim <<\'EOF\'\ncall setreg(\'a\', ":s/^\\s*\\([^,]*\\S\\)\\s*,\\s*\\([^,]*\\S\\)\\s*,\\s*\\([^,]*\\S\\)\\s*$/\\U\\3;\\2;\\1\\E;OK/\\r")\ncall setreg(\'b\', "0")\ncall setreg(\'c\', "$")\n:%normal! @a\n:%normal! @b\n:%normal! @c\n:x\nEOF\nprintf \'SCRIPT_READY\\n\'\n'] min_timeout_sec: 0.2 max_timeout_sec: 180.0
Sending keys: ['vim -Nu NONE -n -Es /app/input.csv -S /app/apply_macros.vim; status=$?; echo VIM_STATUS:$status; cmp -s /app/input.csv /app/expected.csv; echo CMP_STATUS:$?\n'] min_timeout_sec: 60.0 max_timeout_sec: 180.0
Trajectory dumped to jobs/p1-terminus-2-large-scale-text-editing-r3/large-scale-text-editing__NFYmqrX/agent/trajectory.json
Parser warnings: - Command 1 should end with newline when followed by another command. Otherwise the two commands will be concatenated together on the same line.
Sending keys: ['C-c'] min_timeout_sec: 2.0 max_timeout_sec: 180.0
Sending keys: [''] min_timeout_sec: 3.0 max_timeout_sec: 180.0
Trajectory dumped to jobs/p1-terminus-2-large-scale-text-editing-r3/large-scale-text-editing__NFYmqrX/agent/trajectory.json
Sending keys: ["\nprintf 'READY\\n'\n"] min_timeout_sec: 0.5 max_timeout_sec: 180.0
Trajectory dumped to jobs/p1-terminus-2-large-scale-text-editing-r3/large-scale-text-editing__NFYmqrX/agent/trajectory.json
Sending keys: ['C-c\n'] min_timeout_sec: 1.0 max_timeout_sec: 180.0
Sending keys: ['echo SHELL_OK\n'] min_timeout_sec: 1.0 max_timeout_sec: 180.0
Trajectory dumped to jobs/p1-terminus-2-large-scale-text-editing-r3/large-scale-text-editing__NFYmqrX/agent/trajectory.json
Parser warnings: - Command 1 should end with newline when followed by another command. Otherwise the two commands will be concatenated together on the same line.
Sending keys: ['C-c'] min_timeout_sec: 3.0 max_timeout_sec: 180.0
Sending keys: [''] min_timeout_sec: 5.0 max_timeout_sec: 180.0
Trajectory dumped to jobs/p1-terminus-2-large-scale-text-editing-r3/large-scale-text-editing__NFYmqrX/agent/trajectory.json
Parser warnings: - Command 1 should end with newline when followed by another command. Otherwise the two commands will be concatenated together on the same line.
Sending keys: ['C-cC-c'] min_timeout_sec: 2.0 max_timeout_sec: 180.0
Sending keys: [''] min_timeout_sec: 5.0 max_timeout_sec: 180.0
Trajectory dumped to jobs/p1-terminus-2-large-scale-text-editing-r3/large-scale-text-editing__NFYmqrX/agent/trajectory.json
Sending keys: ['\n'] min_timeout_sec: 5.0 max_timeout_sec: 180.0
Sending keys: [''] min_timeout_sec: 10.0 max_timeout_sec: 180.0
Trajectory dumped to jobs/p1-terminus-2-large-scale-text-editing-r3/large-scale-text-editing__NFYmqrX/agent/trajectory.json
Parser warnings: - Command 1 should end with newline when followed by another command. Otherwise the two commands will be concatenated together on the same line.
Sending keys: ['C-\\'] min_timeout_sec: 3.0 max_timeout_sec: 180.0
Sending keys: [''] min_timeout_sec: 5.0 max_timeout_sec: 180.0
Trajectory dumped to jobs/p1-terminus-2-large-scale-text-editing-r3/large-scale-text-editing__NFYmqrX/agent/trajectory.json
Parser warnings: - Command 1 should end with newline when followed by another command. Otherwise the two commands will be concatenated together on the same line.
Sending keys: ['C-z'] min_timeout_sec: 3.0 max_timeout_sec: 180.0
Sending keys: [''] min_timeout_sec: 5.0 max_timeout_sec: 180.0
Trajectory dumped to jobs/p1-terminus-2-large-scale-text-editing-r3/large-scale-text-editing__NFYmqrX/agent/trajectory.json
Sending keys: ['C-c'] min_timeout_sec: 10.0 max_timeout_sec: 180.0
Trajectory dumped to jobs/p1-terminus-2-large-scale-text-editing-r3/large-scale-text-editing__NFYmqrX/agent/trajectory.json
Parser warnings: - Command 1 should end with newline when followed by another command. Otherwise the two commands will be concatenated together on the same line.
Sending keys: ['C-\\'] min_timeout_sec: 5.0 max_timeout_sec: 180.0
Sending keys: ['C-c\n'] min_timeout_sec: 2.0 max_timeout_sec: 180.0
Sending keys: ['cat > /app/apply_macros.vim <<\'EOF\'\ncall setreg(\'a\', ":%s/^\\s*\\([^,]*\\S\\)\\s*,\\s*\\([^,]*\\S\\)\\s*,\\s*\\([^,]*\\S\\)\\s*$/\\U\\3;\\2;\\1\\E;OK/g\\r:wq\\r")\ncall setreg(\'b\', "0")\ncall setreg(\'c\', "$")\n:%normal! @a\n:%normal! @b\n:%normal! @c\n:x\nEOF\n'] min_timeout_sec: 0.2 max_timeout_sec: 180.0
Sending keys: ['vim -Nu NONE -n -Es /app/input.csv -S /app/apply_macros.vim; s=$?; echo VIM_STATUS:$s; cmp -s /app/input.csv /app/expected.csv; echo CMP_STATUS:$?\n'] min_timeout_sec: 20.0 max_timeout_sec: 180.0
Trajectory dumped to jobs/p1-terminus-2-large-scale-text-editing-r3/large-scale-text-editing__NFYmqrX/agent/trajectory.json
Parser warnings: - Command 1 should end with newline when followed by another command. Otherwise the two commands will be concatenated together on the same line.
Sending keys: ['C-\\'] min_timeout_sec: 10.0 max_timeout_sec: 180.0
Sending keys: [''] min_timeout_sec: 10.0 max_timeout_sec: 180.0
Trajectory dumped to jobs/p1-terminus-2-large-scale-text-editing-r3/large-scale-text-editing__NFYmqrX/agent/trajectory.json
Sending keys: ['C-\\\\'] min_timeout_sec: 30.0 max_timeout_sec: 180.0
Trajectory dumped to jobs/p1-terminus-2-large-scale-text-editing-r3/large-scale-text-editing__NFYmqrX/agent/trajectory.json
Parser warnings: - Command 1 should end with newline when followed by another command. Otherwise the two commands will be concatenated together on the same line.
Sending keys: ['C-cC-cC-cC-cC-c'] min_timeout_sec: 60.0 max_timeout_sec: 180.0
Sending keys: [''] min_timeout_sec: 30.0 max_timeout_sec: 180.0
Trajectory dumped to jobs/p1-terminus-2-large-scale-text-editing-r3/large-scale-text-editing__NFYmqrX/agent/trajectory.json
Parser warnings: - Command 1 should end with newline when followed by another command. Otherwise the two commands will be concatenated together on the same line.
Sending keys: ['\nC-cC-cC-cC-cC-c'] min_timeout_sec: 60.0 max_timeout_sec: 180.0
Sending keys: [''] min_timeout_sec: 20.0 max_timeout_sec: 180.0
Trajectory dumped to jobs/p1-terminus-2-large-scale-text-editing-r3/large-scale-text-editing__NFYmqrX/agent/trajectory.json
Parser warnings: - Command 1 should end with newline when followed by another command. Otherwise the two commands will be concatenated together on the same line.
Sending keys: ['C-d'] min_timeout_sec: 10.0 max_timeout_sec: 180.0
Sending keys: [''] min_timeout_sec: 10.0 max_timeout_sec: 180.0
Trajectory dumped to jobs/p1-terminus-2-large-scale-text-editing-r3/large-scale-text-editing__NFYmqrX/agent/trajectory.json
Sending keys: ['C-c\n'] min_timeout_sec: 10.0 max_timeout_sec: 180.0
Sending keys: [''] min_timeout_sec: 10.0 max_timeout_sec: 180.0
Trajectory dumped to jobs/p1-terminus-2-large-scale-text-editing-r3/large-scale-text-editing__NFYmqrX/agent/trajectory.json
Sending keys: ['\n'] min_timeout_sec: 10.0 max_timeout_sec: 180.0
Sending keys: [''] min_timeout_sec: 20.0 max_timeout_sec: 180.0
Trajectory dumped to jobs/p1-terminus-2-large-scale-text-editing-r3/large-scale-text-editing__NFYmqrX/agent/trajectory.json
Sending keys: [''] min_timeout_sec: 60.0 max_timeout_sec: 180.0
Trajectory dumped to jobs/p1-terminus-2-large-scale-text-editing-r3/large-scale-text-editing__NFYmqrX/agent/trajectory.json
Sending keys: [''] min_timeout_sec: 60.0 max_timeout_sec: 180.0
Trajectory dumped to jobs/p1-terminus-2-large-scale-text-editing-r3/large-scale-text-editing__NFYmqrX/agent/trajectory.json
Sending keys: ['C-c'] min_timeout_sec: 30.0 max_timeout_sec: 180.0
Trajectory dumped to jobs/p1-terminus-2-large-scale-text-editing-r3/large-scale-text-editing__NFYmqrX/agent/trajectory.json
Sending keys: ['\n'] min_timeout_sec: 1.0 max_timeout_sec: 180.0
Sending keys: ['echo SHELL_READY; pgrep -a vim || true\n'] min_timeout_sec: 0.5 max_timeout_sec: 180.0
Trajectory dumped to jobs/p1-terminus-2-large-scale-text-editing-r3/large-scale-text-editing__NFYmqrX/agent/trajectory.json
Sending keys: ['C-c\n'] min_timeout_sec: 10.0 max_timeout_sec: 180.0
Sending keys: [''] min_timeout_sec: 10.0 max_timeout_sec: 180.0
Trajectory dumped to jobs/p1-terminus-2-large-scale-text-editing-r3/large-scale-text-editing__NFYmqrX/agent/trajectory.json
Parser warnings: - Command 1 should end with newline when followed by another command. Otherwise the two commands will be concatenated together on the same line.
Sending keys: ['C-d'] min_timeout_sec: 10.0 max_timeout_sec: 180.0
Sending keys: [''] min_timeout_sec: 10.0 max_timeout_sec: 180.0
Trajectory dumped to jobs/p1-terminus-2-large-scale-text-editing-r3/large-scale-text-editing__NFYmqrX/agent/trajectory.json
Sending keys: ['\n'] min_timeout_sec: 5.0 max_timeout_sec: 180.0
Trajectory dumped to jobs/p1-terminus-2-large-scale-text-editing-r3/large-scale-text-editing__NFYmqrX/agent/trajectory.json
Sending keys: ['C-c'] min_timeout_sec: 60.0 max_timeout_sec: 180.0
Trajectory dumped to jobs/p1-terminus-2-large-scale-text-editing-r3/large-scale-text-editing__NFYmqrX/agent/trajectory.json
Sending keys: ["head -n 3 /app/input.csv; printf '%s\\n' '--- script ---'; cat /app/apply_macros.vim 2>/dev/null || true\n"] min_timeout_sec: 0.2 max_timeout_sec: 180.0
Sending keys: ['cat > /app/apply_macros.vim <<\'EOF\'\ncall setreg(\'a\', ":%s/^\\s*\\([^,]*\\S\\)\\s*,\\s*\\([^,]*\\S\\)\\s*,\\s*\\([^,]*\\S\\)\\s*$/\\U\\3;\\2;\\1\\E;OK/g\\r:wq\\r")\ncall setreg(\'b\', "0")\ncall setreg(\'c\', "$")\n:%normal! @a\n:%normal! @b\n:%normal! @c\n:x\nEOF\nvim -Nu NONE -n -Es /app/input.csv -S /app/apply_macros.vim; s=$?; echo VIM_STATUS:$s; cmp -s /app/input.csv /app/expected.csv; echo CMP_STATUS:$?\n'] min_timeout_sec: 30.0 max_timeout_sec: 180.0
Trajectory dumped to jobs/p1-terminus-2-large-scale-text-editing-r3/large-scale-text-editing__NFYmqrX/agent/trajectory.json
Sending keys: [''] min_timeout_sec: 30.0 max_timeout_sec: 180.0
Trajectory dumped to jobs/p1-terminus-2-large-scale-text-editing-r3/large-scale-text-editing__NFYmqrX/agent/trajectory.json
Sending keys: [''] min_timeout_sec: 30.0 max_timeout_sec: 180.0
Trajectory dumped to jobs/p1-terminus-2-large-scale-text-editing-r3/large-scale-text-editing__NFYmqrX/agent/trajectory.json
Sending keys: [''] min_timeout_sec: 60.0 max_timeout_sec: 180.0
Trajectory dumped to jobs/p1-terminus-2-large-scale-text-editing-r3/large-scale-text-editing__NFYmqrX/agent/trajectory.json
Sending keys: [''] min_timeout_sec: 60.0 max_timeout_sec: 180.0
Trajectory dumped to jobs/p1-terminus-2-large-scale-text-editing-r3/large-scale-text-editing__NFYmqrX/agent/trajectory.json
Collecting main service artifacts
Exception AgentTimeoutError is in exclude_exceptions, not retrying
Not retrying trial because the exception is not in include_exceptions or the maximum number of retries has been reached
