Skipping image OS validation for alexgshaw/build-cython-ext:20251031: docker inspect returned 1
Trajectory dumped to jobs/direct-terminus-2-build-cython-ext-rep1/build-cython-ext__QNBN2Vb/agent/trajectory.json
Trajectory dumped to jobs/direct-terminus-2-build-cython-ext-rep1/build-cython-ext__QNBN2Vb/agent/trajectory.json
Trajectory dumped to jobs/direct-terminus-2-build-cython-ext-rep1/build-cython-ext__QNBN2Vb/agent/trajectory.json
Trajectory dumped to jobs/direct-terminus-2-build-cython-ext-rep1/build-cython-ext__QNBN2Vb/agent/trajectory.json
Trajectory dumped to jobs/direct-terminus-2-build-cython-ext-rep1/build-cython-ext__QNBN2Vb/agent/trajectory.json
Trajectory dumped to jobs/direct-terminus-2-build-cython-ext-rep1/build-cython-ext__QNBN2Vb/agent/trajectory.json
Trajectory dumped to jobs/direct-terminus-2-build-cython-ext-rep1/build-cython-ext__QNBN2Vb/agent/trajectory.json
Trajectory dumped to jobs/direct-terminus-2-build-cython-ext-rep1/build-cython-ext__QNBN2Vb/agent/trajectory.json
Trajectory dumped to jobs/direct-terminus-2-build-cython-ext-rep1/build-cython-ext__QNBN2Vb/agent/trajectory.json
Trajectory dumped to jobs/direct-terminus-2-build-cython-ext-rep1/build-cython-ext__QNBN2Vb/agent/trajectory.json
Trajectory dumped to jobs/direct-terminus-2-build-cython-ext-rep1/build-cython-ext__QNBN2Vb/agent/trajectory.json
Trajectory dumped to jobs/direct-terminus-2-build-cython-ext-rep1/build-cython-ext__QNBN2Vb/agent/trajectory.json
Trajectory dumped to jobs/direct-terminus-2-build-cython-ext-rep1/build-cython-ext__QNBN2Vb/agent/trajectory.json
Trajectory dumped to jobs/direct-terminus-2-build-cython-ext-rep1/build-cython-ext__QNBN2Vb/agent/trajectory.json
Trajectory dumped to jobs/direct-terminus-2-build-cython-ext-rep1/build-cython-ext__QNBN2Vb/agent/trajectory.json
Trajectory dumped to jobs/direct-terminus-2-build-cython-ext-rep1/build-cython-ext__QNBN2Vb/agent/trajectory.json
Trajectory dumped to jobs/direct-terminus-2-build-cython-ext-rep1/build-cython-ext__QNBN2Vb/agent/trajectory.json
Parser warnings: - Extra text detected after JSON object
Trajectory dumped to jobs/direct-terminus-2-build-cython-ext-rep1/build-cython-ext__QNBN2Vb/agent/trajectory.json
Trajectory dumped to jobs/direct-terminus-2-build-cython-ext-rep1/build-cython-ext__QNBN2Vb/agent/trajectory.json
Trajectory dumped to jobs/direct-terminus-2-build-cython-ext-rep1/build-cython-ext__QNBN2Vb/agent/trajectory.json
Trajectory dumped to jobs/direct-terminus-2-build-cython-ext-rep1/build-cython-ext__QNBN2Vb/agent/trajectory.json
Trajectory dumped to jobs/direct-terminus-2-build-cython-ext-rep1/build-cython-ext__QNBN2Vb/agent/trajectory.json
Trajectory dumped to jobs/direct-terminus-2-build-cython-ext-rep1/build-cython-ext__QNBN2Vb/agent/trajectory.json
Trajectory dumped to jobs/direct-terminus-2-build-cython-ext-rep1/build-cython-ext__QNBN2Vb/agent/trajectory.json
Trajectory dumped to jobs/direct-terminus-2-build-cython-ext-rep1/build-cython-ext__QNBN2Vb/agent/trajectory.json
Trajectory dumped to jobs/direct-terminus-2-build-cython-ext-rep1/build-cython-ext__QNBN2Vb/agent/trajectory.json
Parser warnings: - Command 1 should end with newline when followed by another command. Otherwise the two commands will be concatenated together on the same line.
Trajectory dumped to jobs/direct-terminus-2-build-cython-ext-rep1/build-cython-ext__QNBN2Vb/agent/trajectory.json
Trajectory dumped to jobs/direct-terminus-2-build-cython-ext-rep1/build-cython-ext__QNBN2Vb/agent/trajectory.json
Trajectory dumped to jobs/direct-terminus-2-build-cython-ext-rep1/build-cython-ext__QNBN2Vb/agent/trajectory.json
Trajectory dumped to jobs/direct-terminus-2-build-cython-ext-rep1/build-cython-ext__QNBN2Vb/agent/trajectory.json
Trajectory dumped to jobs/direct-terminus-2-build-cython-ext-rep1/build-cython-ext__QNBN2Vb/agent/trajectory.json
Trajectory dumped to jobs/direct-terminus-2-build-cython-ext-rep1/build-cython-ext__QNBN2Vb/agent/trajectory.json
Trajectory dumped to jobs/direct-terminus-2-build-cython-ext-rep1/build-cython-ext__QNBN2Vb/agent/trajectory.json
Trajectory dumped to jobs/direct-terminus-2-build-cython-ext-rep1/build-cython-ext__QNBN2Vb/agent/trajectory.json
Trajectory dumped to jobs/direct-terminus-2-build-cython-ext-rep1/build-cython-ext__QNBN2Vb/agent/trajectory.json
Trajectory dumped to jobs/direct-terminus-2-build-cython-ext-rep1/build-cython-ext__QNBN2Vb/agent/trajectory.json
Trajectory dumped to jobs/direct-terminus-2-build-cython-ext-rep1/build-cython-ext__QNBN2Vb/agent/trajectory.json
Trajectory dumped to jobs/direct-terminus-2-build-cython-ext-rep1/build-cython-ext__QNBN2Vb/agent/trajectory.json
Trajectory dumped to jobs/direct-terminus-2-build-cython-ext-rep1/build-cython-ext__QNBN2Vb/agent/trajectory.json
Trajectory dumped to jobs/direct-terminus-2-build-cython-ext-rep1/build-cython-ext__QNBN2Vb/agent/trajectory.json
Trajectory dumped to jobs/direct-terminus-2-build-cython-ext-rep1/build-cython-ext__QNBN2Vb/agent/trajectory.json
Collecting main service artifacts
