Skipping image OS validation for alexgshaw/fix-git:20260403: docker inspect returned 1
Installing: tmux, asciinema
Detected system: {'os': 'debian-based', 'package_manager': 'apt-get', 'update_command': None}
Installing tools using apt-get: DEBIAN_FRONTEND=noninteractive apt-get update && DEBIAN_FRONTEND=noninteractive apt-get install -y tmux asciinema
Starting recording.
Sending keys: ['asciinema rec --stdin /logs/agent/recording.cast', 'Enter'] min_timeout_sec: 1.0 max_timeout_sec: 180.0
Sending keys: ['clear', 'Enter'] min_timeout_sec: 0.0 max_timeout_sec: 180.0
Sending keys: ["git status --short --branch && printf '\\nBranches:\\n' && git branch -avv && printf '\\nRecent commits:\\n' && git log --all --decorate --oneline --graph -20\n"] min_timeout_sec: 0.5 max_timeout_sec: 180.0
Trajectory dumped to jobs/live-lookup-fix-git-20261007-144735/fix-git__vuW7uUW/agent/trajectory.json
Sending keys: ["printf '%s\\n' 'HEAD reflog:' && git reflog --date=iso --all && printf '%s\\n' 'Unreachable commits:' && git fsck --no-reflogs --unreachable 2>/dev/null\n"] min_timeout_sec: 0.5 max_timeout_sec: 180.0
Trajectory dumped to jobs/live-lookup-fix-git-20261007-144735/fix-git__vuW7uUW/agent/trajectory.json
Sending keys: ['git show --stat --oneline --decorate c499730 && git show --format=fuller --no-ext-diff c499730\n'] min_timeout_sec: 0.5 max_timeout_sec: 180.0
Sending keys: ['git merge --no-edit c499730\n'] min_timeout_sec: 1.0 max_timeout_sec: 180.0
Sending keys: ['git status --short --branch && git log --all --decorate --oneline --graph -10\n'] min_timeout_sec: 0.5 max_timeout_sec: 180.0
Trajectory dumped to jobs/live-lookup-fix-git-20261007-144735/fix-git__vuW7uUW/agent/trajectory.json
Sending keys: ['git merge --no-edit c499730\n'] min_timeout_sec: 1.0 max_timeout_sec: 180.0
Sending keys: ["git status --short --branch && git log --decorate --oneline --graph -8 && printf '\\nVerified content:\\n' && grep -nE 'Stanford|Postdoc' _includes/about.md _layouts/default.html\n"] min_timeout_sec: 0.5 max_timeout_sec: 180.0
Trajectory dumped to jobs/live-lookup-fix-git-20261007-144735/fix-git__vuW7uUW/agent/trajectory.json
Trajectory dumped to jobs/live-lookup-fix-git-20261007-144735/fix-git__vuW7uUW/agent/trajectory.json
Collecting main service artifacts
