Skipping image OS validation for alexgshaw/polyglot-rust-c:20251031: docker inspect returned 1
Installing: tmux, asciinema
Detected system: {'os': 'debian-based', 'package_manager': 'apt-get', 'update_command': None}
Installing tools using apt-get: DEBIAN_FRONTEND=noninteractive apt-get update && DEBIAN_FRONTEND=noninteractive apt-get install -y tmux asciinema
Starting recording.
Sending keys: ['asciinema rec --stdin /logs/agent/recording.cast', 'Enter'] min_timeout_sec: 1.0 max_timeout_sec: 180.0
Sending keys: ['clear', 'Enter'] min_timeout_sec: 0.0 max_timeout_sec: 180.0
Sending keys: ['mkdir -p /app/polyglot\ncat > /app/polyglot/main.rs <<\'EOF\'\n#![allow(unused)]\n\nfn main() {\n    let n: u64 = std::env::args().nth(1).unwrap().parse().unwrap();\n    let (mut a, mut b) = (1u128, 1u128);\n    for _ in 0..n {\n        let c = a + b;\n        a = b;\n        b = c;\n    }\n    println!("{}", a);\n}\nEOF\nrustc /app/polyglot/main.rs -o /tmp/rmain && /tmp/rmain 10\ng++ -x c++ /app/polyglot/main.rs -o /tmp/cmain 2>&1 || true\n'] min_timeout_sec: 1.0 max_timeout_sec: 180.0
Trajectory dumped to jobs/p1-terminus-2-polyglot-rust-c-r3-retry1/polyglot-rust-c__snTwG2J/agent/trajectory.json
Sending keys: ["echo '--- rust ---'; rustc --version; echo '--- c++ ---'; g++ --version | head -1; echo '--- file ---'; sed -n '1,80p' /app/polyglot/main.rs; echo '--- rust test ---'; rustc /app/polyglot/main.rs -o /tmp/rmain && /tmp/rmain 10; echo '--- c++ test ---'; g++ -x c++ /app/polyglot/main.rs -o /tmp/cmain\n"] min_timeout_sec: 1.0 max_timeout_sec: 180.0
Trajectory dumped to jobs/p1-terminus-2-polyglot-rust-c-r3-retry1/polyglot-rust-c__snTwG2J/agent/trajectory.json
Sending keys: ['cat > /app/polyglot/main.rs <<\'EOF\'\nfn main() {\n    let n: u32 = std::env::args().nth(1).unwrap().parse().unwrap();\n    let (mut a, mut b): (u128, u128) = (1, 1);\n    for _ in 0..n {\n        let c = a + b;\n        a = b;\n        b = c;\n    }\n    println!("{}", a);\n    /*\n    /* */\n#include <iostream>\n#include <cstdlib>\n\nint main(int argc, char **argv) {\n    unsigned long long n = std::strtoull(argv[1], nullptr, 10);\n    unsigned long long a = 1, b = 1;\n    for (unsigned long long i = 0; i < n; ++i) {\n        unsigned long long c = a + b;\n        a = b;\n        b = c;\n    }\n    std::cout << a << \'\\\\n\';\n    "*/"";}\nEOF\nrustc /app/polyglot/main.rs -o /app/polyglot/main && printf \'Rust: \'; /app/polyglot/main 10\ng++ -x c++ /app/polyglot/main.rs -o /app/polyglot/cmain && printf \'C++: \'; /app/polyglot/cmain 10\nprintf \'Checks: \'; /app/polyglot/main 0; /app/polyglot/cmain 1; /app/polyglot/main 2\n'] min_timeout_sec: 1.0 max_timeout_sec: 180.0
Trajectory dumped to jobs/p1-terminus-2-polyglot-rust-c-r3-retry1/polyglot-rust-c__snTwG2J/agent/trajectory.json
Sending keys: [''] min_timeout_sec: 2.0 max_timeout_sec: 180.0
Trajectory dumped to jobs/p1-terminus-2-polyglot-rust-c-r3-retry1/polyglot-rust-c__snTwG2J/agent/trajectory.json
Sending keys: ['cat > /app/polyglot/main.rs <<\'EOF\'\n/*\n/* */\n#include <iostream>\n#include <cstdlib>\nint main(int argc, char **argv) {\n    unsigned long long n = std::strtoull(argv[1], nullptr, 10);\n    unsigned long long a = 1, b = 1;\n    for (unsigned long long i = 0; i < n; ++i) {\n        unsigned long long c = a + b;\n        a = b;\n        b = c;\n    }\n    std::cout << a << \'\\n\';\n    return 0;\n}\n// Rust source follows; the backslash continues this C++ comment. \\\n*/ fn main(){let n:u32=std::env::args().nth(1).unwrap().parse().unwrap();let(mut a,mut b):(u128,u128)=(1,1);for _ in 0..n{let c=a+b;a=b;b=c;}println!("{}",a);}\nEOF\nset -e\nrustc /app/polyglot/main.rs -o /app/polyglot/main\ng++ -x c++ /app/polyglot/main.rs -o /app/polyglot/cmain\nfor n in 0 1 2 3 10; do printf \'%s: \' "$n"; /app/polyglot/main "$n"; printf \'%s: \' "$n"; /app/polyglot/cmain "$n"; done\n'] min_timeout_sec: 1.0 max_timeout_sec: 180.0
Trajectory dumped to jobs/p1-terminus-2-polyglot-rust-c-r3-retry1/polyglot-rust-c__snTwG2J/agent/trajectory.json
Sending keys: [''] min_timeout_sec: 2.0 max_timeout_sec: 180.0
Trajectory dumped to jobs/p1-terminus-2-polyglot-rust-c-r3-retry1/polyglot-rust-c__snTwG2J/agent/trajectory.json
Trajectory dumped to jobs/p1-terminus-2-polyglot-rust-c-r3-retry1/polyglot-rust-c__snTwG2J/agent/trajectory.json
Trajectory dumped to jobs/p1-terminus-2-polyglot-rust-c-r3-retry1/polyglot-rust-c__snTwG2J/agent/trajectory.json
Trajectory dumped to jobs/p1-terminus-2-polyglot-rust-c-r3-retry1/polyglot-rust-c__snTwG2J/agent/trajectory.json
Collecting main service artifacts
