Skipping image OS validation for alexgshaw/build-cython-ext:20251031: docker inspect returned 1
Installing: tmux, asciinema
Detected system: {'os': 'debian-based', 'package_manager': 'apt-get', 'update_command': None}
Installing tools using apt-get: DEBIAN_FRONTEND=noninteractive apt-get update && DEBIAN_FRONTEND=noninteractive apt-get install -y tmux asciinema
Starting recording.
Sending keys: ['asciinema rec --stdin /logs/agent/recording.cast', 'Enter'] min_timeout_sec: 1.0 max_timeout_sec: 180.0
Sending keys: ['clear', 'Enter'] min_timeout_sec: 0.0 max_timeout_sec: 180.0
Parser warnings: - Extra text detected after JSON object
Sending keys: ['cd /app && git clone --depth 1 --branch 0.5.3 https://github.com/SPOCKnots/pyknotid.git\n'] min_timeout_sec: 1.0 max_timeout_sec: 180.0
Trajectory dumped to jobs/p1-terminus-2-build-cython-ext-r2/build-cython-ext__XiBqjTU/agent/trajectory.json
Sending keys: [''] min_timeout_sec: 10.0 max_timeout_sec: 180.0
Trajectory dumped to jobs/p1-terminus-2-build-cython-ext-r2/build-cython-ext__XiBqjTU/agent/trajectory.json
Sending keys: ["cd /app/pyknotid && git status --short --branch && printf '\\n--- versions ---\\n' && python3 - <<'PY'\nimport sys\nprint(sys.version)\nimport numpy\nprint('numpy', numpy.__version__)\ntry:\n import Cython\n print('cython', Cython.__version__)\nexcept Exception as e:\n print('cython unavailable:', e)\nPY\nprintf '\\n--- repository files ---\\n' && find . -maxdepth 2 -type f | sort && printf '\\n--- setup.py ---\\n' && sed -n '1,260p' setup.py\n"] min_timeout_sec: 2.0 max_timeout_sec: 180.0
Trajectory dumped to jobs/p1-terminus-2-build-cython-ext-r2/build-cython-ext__XiBqjTU/agent/trajectory.json
Sending keys: ["cd /app/pyknotid && python3 -m pip install -U Cython && printf '\\n--- extension sources ---\\n' && find pyknotid -type f \\( -name '*.pyx' -o -name '*.pxd' \\) -print | sort && printf '\\n--- deprecated API scan ---\\n' && grep -RInE 'np\\.(int|float|bool|complex|object|unicode|str)([^A-Za-z0-9_]|$)|numpy\\.(int|float|bool|complex|object|unicode|str)([^A-Za-z0-9_]|$)|PyInt|longint|PyString' pyknotid --include='*.py' --include='*.pyx' --include='*.pxd' || true\n"] min_timeout_sec: 20.0 max_timeout_sec: 180.0
Sending keys: ['cd /app/pyknotid && rm -rf build && python3 setup.py build_ext --inplace 2>&1 | tee /tmp/pyknotid-build.log\n'] min_timeout_sec: 30.0 max_timeout_sec: 180.0
Trajectory dumped to jobs/p1-terminus-2-build-cython-ext-r2/build-cython-ext__XiBqjTU/agent/trajectory.json
Sending keys: ['python3 -m pip install -U setuptools wheel && cd /app/pyknotid && rm -rf build && python3 setup.py build_ext --inplace 2>&1 | tee /tmp/pyknotid-build.log\n'] min_timeout_sec: 30.0 max_timeout_sec: 180.0
Trajectory dumped to jobs/p1-terminus-2-build-cython-ext-r2/build-cython-ext__XiBqjTU/agent/trajectory.json
Sending keys: [''] min_timeout_sec: 15.0 max_timeout_sec: 180.0
Trajectory dumped to jobs/p1-terminus-2-build-cython-ext-r2/build-cython-ext__XiBqjTU/agent/trajectory.json
Parser warnings: - Extra text detected after JSON object
Sending keys: ["cd /app/pyknotid && python3 - <<'PY'\nfrom pathlib import Path\nreplacements = {\n    'pyknotid/spacecurves/spacecurve.py': {\n        'np.float': 'float',\n        'np.bool': 'bool',\n    },\n    'pyknotid/spacecurves/periodiccell.py': {\n        'np.int': 'np.int64',\n    },\n    'pyknotid/spacecurves/ccomplexity.pyx': {\n        'np.int': 'np.int64',\n    },\n}\nfor name, pairs in replacements.items():\n    p = Path(name)\n    s = p.read_text()\n    old = s\n    for a, b in pairs.items():\n        s = s.replace(a, b)\n    if s != old:\n        p.write_text(s)\n        print('patched', name)\nPY\nrm -rf build\npython3 setup.py build_ext --inplace 2>&1 | tee /tmp/pyknotid-build-final.log\n"] min_timeout_sec: 30.0 max_timeout_sec: 180.0
Trajectory dumped to jobs/p1-terminus-2-build-cython-ext-r2/build-cython-ext__XiBqjTU/agent/trajectory.json
Sending keys: [''] min_timeout_sec: 15.0 max_timeout_sec: 180.0
Trajectory dumped to jobs/p1-terminus-2-build-cython-ext-r2/build-cython-ext__XiBqjTU/agent/trajectory.json
Sending keys: ["cd /app/pyknotid && python3 -m pip install --no-deps . && python3 - <<'PY'\nimport os\nimport numpy as np\nimport pyknotid\nfrom pyknotid.spacecurves import chelpers, ccomplexity\nfrom pyknotid import cinvariants\nimport pyknotid.make as mk\nimport pyknotid.spacecurves as sp\nprint('numpy:', np.__version__)\nprint('pyknotid:', pyknotid.__file__)\nprint('chelpers:', chelpers.__file__)\nprint('ccomplexity:', ccomplexity.__file__)\nprint('cinvariants:', cinvariants.__file__)\nk = sp.Knot(mk.three_twist(num_points=100))\nout = k.alexander_polynomial(-1)\nprint('SMOKE_OK:', out)\nPY\n"] min_timeout_sec: 30.0 max_timeout_sec: 180.0
Sending keys: ['cd /app/pyknotid && python3 -m pytest -q tests --ignore=tests/test_random_curves.py --ignore=tests/test_catalogue.py 2>&1 | tee /tmp/pyknotid-pytest.log\n'] min_timeout_sec: 30.0 max_timeout_sec: 180.0
Trajectory dumped to jobs/p1-terminus-2-build-cython-ext-r2/build-cython-ext__XiBqjTU/agent/trajectory.json
Sending keys: ['python3 -m pip install -U vispy networkx planarity peewee sympy appdirs requests tqdm pytest\n'] min_timeout_sec: 30.0 max_timeout_sec: 180.0
Trajectory dumped to jobs/p1-terminus-2-build-cython-ext-r2/build-cython-ext__XiBqjTU/agent/trajectory.json
Sending keys: [''] min_timeout_sec: 30.0 max_timeout_sec: 180.0
Trajectory dumped to jobs/p1-terminus-2-build-cython-ext-r2/build-cython-ext__XiBqjTU/agent/trajectory.json
Sending keys: [''] min_timeout_sec: 30.0 max_timeout_sec: 180.0
Trajectory dumped to jobs/p1-terminus-2-build-cython-ext-r2/build-cython-ext__XiBqjTU/agent/trajectory.json
Sending keys: [''] min_timeout_sec: 20.0 max_timeout_sec: 180.0
Trajectory dumped to jobs/p1-terminus-2-build-cython-ext-r2/build-cython-ext__XiBqjTU/agent/trajectory.json
Sending keys: ["cd /app/pyknotid && python3 - <<'PY'\nimport numpy as np\nimport pyknotid\nfrom pyknotid.spacecurves import chelpers, ccomplexity\nfrom pyknotid import cinvariants\nimport pyknotid.make as mk\nimport pyknotid.spacecurves as sp\nprint('numpy:', np.__version__)\nprint('pyknotid:', pyknotid.__file__)\nprint('chelpers:', chelpers.__file__)\nprint('ccomplexity:', ccomplexity.__file__)\nprint('cinvariants:', cinvariants.__file__)\nk = sp.Knot(mk.three_twist(num_points=100))\nout = k.alexander_polynomial(-1)\nprint('SMOKE_OK:', out)\nPY\n"] min_timeout_sec: 10.0 max_timeout_sec: 180.0
Sending keys: ['cd /app/pyknotid && python3 -m pytest -q tests --ignore=tests/test_random_curves.py --ignore=tests/test_catalogue.py 2>&1 | tee /tmp/pyknotid-pytest.log\n'] min_timeout_sec: 30.0 max_timeout_sec: 180.0
Trajectory dumped to jobs/p1-terminus-2-build-cython-ext-r2/build-cython-ext__XiBqjTU/agent/trajectory.json
Sending keys: ["cd /app/pyknotid && python3 - <<'PY'\nfrom pathlib import Path\np = Path('pyknotid/make/torus.py')\ns = p.read_text()\ns2 = s.replace('from fractions import gcd', 'from math import gcd')\nif s2 == s:\n    print('gcd import already patched or not found')\nelse:\n    p.write_text(s2)\n    print('patched', p)\nPY\npython3 -m pip install --no-deps .\npython3 - <<'PY'\nimport numpy as np\nimport pyknotid\nfrom pyknotid.spacecurves import chelpers, ccomplexity\nfrom pyknotid import cinvariants\nimport pyknotid.make as mk\nimport pyknotid.spacecurves as sp\nprint('numpy:', np.__version__)\nprint('pyknotid:', pyknotid.__file__)\nprint('chelpers:', chelpers.__file__)\nprint('ccomplexity:', ccomplexity.__file__)\nprint('cinvariants:', cinvariants.__file__)\nk = sp.Knot(mk.three_twist(num_points=100))\nprint('SMOKE_OK:', k.alexander_polynomial(-1))\nPY\n"] min_timeout_sec: 30.0 max_timeout_sec: 180.0
Sending keys: ['cd /app/pyknotid && python3 -m pytest -q tests --ignore=tests/test_random_curves.py --ignore=tests/test_catalogue.py 2>&1 | tee /tmp/pyknotid-pytest.log\n'] min_timeout_sec: 30.0 max_timeout_sec: 180.0
Trajectory dumped to jobs/p1-terminus-2-build-cython-ext-r2/build-cython-ext__XiBqjTU/agent/trajectory.json
Sending keys: ["cd /app/pyknotid && printf '%s\\n' '--- remaining deprecated aliases ---' && grep -RInE '\\b(np|numpy)\\.(int|float|bool|complex|object|unicode|str)([^A-Za-z0-9_]|$)' pyknotid --include='*.py' --include='*.pyx' --include='*.pxd' || true && printf '%s\\n' '--- fractions gcd ---' && grep -RIn 'fractions import gcd' pyknotid --include='*.py' || true\n"] min_timeout_sec: 1.0 max_timeout_sec: 180.0
Sending keys: ["cd /app/pyknotid && python3 - <<'PY'\nfrom pathlib import Path\nimport re\n# Replace exact removed aliases only; np.float64/np.int64/etc. are left unchanged.\nrepls = {\n    'int': 'int',\n    'float': 'float',\n    'bool': 'bool',\n    'complex': 'complex',\n    'object': 'object',\n    'unicode': 'str',\n    'str': 'str',\n}\nfor p in Path('pyknotid').rglob('*'):\n    if p.suffix not in ('.py', '.pyx', '.pxd'):\n        continue\n    s = p.read_text()\n    old = s\n    for name, replacement in repls.items():\n        s = re.sub(r'(?<![A-Za-z0-9_])(?:np|numpy)\\.' + name + r'(?![A-Za-z0-9_])', replacement, s)\n    if s != old:\n        p.write_text(s)\n        print('patched', p)\nPY\npython3 - <<'PY'\nfrom pathlib import Path\nimport re\nbad=[]\nfor p in Path('pyknotid').rglob('*'):\n    if p.suffix in ('.py','.pyx','.pxd'):\n        for n,line in enumerate(p.read_text().splitlines(),1):\n            if re.search(r'\\b(?:np|numpy)\\.(?:int|float|bool|complex|object|unicode|str)(?![A-Za-z0-9_])', line): bad.append(f'{p}:{n}:{line}')\nprint('\\n'.join(bad) if bad else 'NO_DEPRECATED_NUMPY_ALIASES')\nPY\npython3 -m pip install --no-deps .\npython3 - <<'PY'\nimport numpy as np\nimport pyknotid\nfrom pyknotid.spacecurves import chelpers, ccomplexity\nfrom pyknotid import cinvariants\nimport pyknotid.make as mk\nimport pyknotid.spacecurves as sp\nprint('numpy:', np.__version__)\nprint('chelpers:', chelpers.__file__)\nprint('ccomplexity:', ccomplexity.__file__)\nprint('cinvariants:', cinvariants.__file__)\nk = sp.Knot(mk.three_twist(num_points=100))\nprint('SMOKE_OK:', k.alexander_polynomial(-1))\nPY\n"] min_timeout_sec: 30.0 max_timeout_sec: 180.0
Sending keys: ['cd /app/pyknotid && python3 -m pytest -q tests --ignore=tests/test_random_curves.py --ignore=tests/test_catalogue.py 2>&1 | tee /tmp/pyknotid-pytest-final.log\n'] min_timeout_sec: 30.0 max_timeout_sec: 180.0
Trajectory dumped to jobs/p1-terminus-2-build-cython-ext-r2/build-cython-ext__XiBqjTU/agent/trajectory.json
Sending keys: ["cd /app/pyknotid && printf '%s\\n' '--- all np.float occurrences ---' && grep -RIn --exclude='*.c' --exclude='*.so' --exclude-dir='.git' -E '(^|[^A-Za-z0-9_])(np|numpy)\\.float([^A-Za-z0-9_]|$)' . || true && printf '%s\\n' '--- all deprecated aliases ---' && grep -RIn --exclude='*.c' --exclude='*.so' --exclude-dir='.git' -E '(^|[^A-Za-z0-9_])(np|numpy)\\.(int|float|bool|complex|object|unicode|str)([^A-Za-z0-9_]|$)' . || true\n"] min_timeout_sec: 2.0 max_timeout_sec: 180.0
Sending keys: ['cd /app/pyknotid && python3 -m pytest -q tests/test_knot.py::test_invariants -x --full-trace\n'] min_timeout_sec: 10.0 max_timeout_sec: 180.0
Trajectory dumped to jobs/p1-terminus-2-build-cython-ext-r2/build-cython-ext__XiBqjTU/agent/trajectory.json
Sending keys: ["cd /app/pyknotid && python3 - <<'PY'\nfrom pathlib import Path\nimport re\nroots=[Path('/app/pyknotid'),Path('/usr/local/lib/python3.13/site-packages/pyknotid')]\npat=re.compile(r'(?<![A-Za-z0-9_])(?:np|numpy)\\.(?:int|float|bool|complex|object|unicode|str)(?![A-Za-z0-9_])')\nseen=set()\nfor root in roots:\n    if not root.exists(): continue\n    for p in root.rglob('*'):\n        if p.suffix not in ('.py','.pyx','.pxd'): continue\n        try: lines=p.read_text().splitlines()\n        except Exception: continue\n        for i,line in enumerate(lines,1):\n            if pat.search(line):\n                key=(str(p),i,line)\n                if key not in seen:\n                    seen.add(key); print(f'{p}:{i}:{line}')\nprint('matches:',len(seen))\nPY\npython3 - <<'PY'\nimport traceback\ntry:\n    from tests.test_knot import test_invariants\n    test_invariants()\nexcept BaseException:\n    traceback.print_exc()\nPY\n"] min_timeout_sec: 10.0 max_timeout_sec: 180.0
Trajectory dumped to jobs/p1-terminus-2-build-cython-ext-r2/build-cython-ext__XiBqjTU/agent/trajectory.json
Sending keys: ["cd /app/pyknotid && grep -RIn --exclude='*.c' --exclude='*.so' --exclude-dir='.git' -E '(^|[^A-Za-z0-9_])n\\.(int|float|bool|complex|object|unicode|str)([^A-Za-z0-9_]|$)' pyknotid || true\n"] min_timeout_sec: 1.0 max_timeout_sec: 180.0
Sending keys: ["cd /app/pyknotid && python3 - <<'PY'\nfrom pathlib import Path\nimport re\n# spacecurve.py aliases NumPy as n; replace removed scalar aliases only.\nfor p in Path('pyknotid').rglob('*.py'):\n    s=p.read_text()\n    old=s\n    for name,replacement in {\n        'int':'int','float':'float','bool':'bool','complex':'complex',\n        'object':'object','unicode':'str','str':'str'\n    }.items():\n        s=re.sub(r'(?<![A-Za-z0-9_])n\\.'+name+r'(?![A-Za-z0-9_])', replacement, s)\n    if s != old:\n        p.write_text(s)\n        print('patched',p)\nPY\npython3 -m pip install --no-deps .\npython3 - <<'PY'\nimport numpy as np\nimport pyknotid\nfrom pyknotid.spacecurves import chelpers, ccomplexity\nfrom pyknotid import cinvariants\nimport pyknotid.make as mk\nimport pyknotid.spacecurves as sp\nprint('numpy:', np.__version__)\nprint('pyknotid:', pyknotid.__file__)\nprint('chelpers:', chelpers.__file__)\nprint('ccomplexity:', ccomplexity.__file__)\nprint('cinvariants:', cinvariants.__file__)\nk=sp.Knot(mk.three_twist(num_points=100))\nprint('SMOKE_OK:', k.alexander_polynomial(-1))\nPY\n"] min_timeout_sec: 30.0 max_timeout_sec: 180.0
Sending keys: ['cd /app/pyknotid && python3 -m pytest -q tests --ignore=tests/test_random_curves.py --ignore=tests/test_catalogue.py 2>&1 | tee /tmp/pyknotid-pytest-final.log\n'] min_timeout_sec: 30.0 max_timeout_sec: 180.0
Trajectory dumped to jobs/p1-terminus-2-build-cython-ext-r2/build-cython-ext__XiBqjTU/agent/trajectory.json
Sending keys: ["cd /app/pyknotid && sed -n '280,390p' pyknotid/representations/representation.py && printf '\\n--- failing test ---\\n' && grep -RIn -A80 -B20 'reconstructed_space_curve' tests && printf '\\n--- planarity API ---\\n' && python3 - <<'PY'\nimport inspect, planarity, networkx as nx\nprint('planarity', getattr(planarity,'__version__','unknown'), planarity.__file__)\nprint('PGraph methods:', [x for x in dir(planarity.PGraph) if not x.startswith('_')])\ng=nx.cycle_graph(4)\npg=planarity.PGraph(g)\nprint('before', list(pg.nodes(data=True)) if hasattr(pg,'nodes') else 'no nodes')\nprint('embed result', pg.embed_drawplanar())\nprint('after graph', planarity.networkx_graph(pg).nodes(data=True))\nPY\n"] min_timeout_sec: 5.0 max_timeout_sec: 180.0
Trajectory dumped to jobs/p1-terminus-2-build-cython-ext-r2/build-cython-ext__XiBqjTU/agent/trajectory.json
Parser warnings: - Extra text detected after JSON object
Sending keys: ["cd /app/pyknotid && sed -n '300,430p' pyknotid/representations/representation.py && python3 - <<'PY'\nimport planarity, networkx as nx\nfor g in (nx.cycle_graph(4), nx.path_graph(4)):\n    print('INPUT', list(g.nodes(data=True)), list(g.edges()))\n    pg=planarity.PGraph(g)\n    print('nodes before', pg.nodes())\n    print('edges before', pg.edges())\n    print('mapping', pg.mapping())\n    print('embed', pg.embed_drawplanar())\n    print('nodes after', pg.nodes())\n    print('edges after', pg.edges())\n    print('mapping after', pg.mapping())\n    ng=planarity.networkx_graph(pg)\n    print('NETWORKX', list(ng.nodes(data=True)), list(ng.edges(data=True)))\nPY\n"] min_timeout_sec: 5.0 max_timeout_sec: 180.0
Trajectory dumped to jobs/p1-terminus-2-build-cython-ext-r2/build-cython-ext__XiBqjTU/agent/trajectory.json
Sending keys: ['cd /app/pyknotid && python3 - <<\'PY\'\nfrom pathlib import Path\np = Path(\'pyknotid/representations/representation.py\')\ns = p.read_text()\nold = "            y = data[\'pos\']\\n"\nnew = "            # planarity < 1.0 exposed the ordering as `pos`;\\n            # planarity 1.0 exposes it as `vertex_position`.\\n            y = data.get(\'pos\', data.get(\'vertex_position\'))\\n            if y is None:\\n                raise KeyError(\'pos/vertex_position\')\\n"\nif old not in s:\n    raise SystemExit(\'expected position lookup was not found\')\np.write_text(s.replace(old, new, 1))\nprint(\'patched\', p)\nPY\npython3 -m pip install --no-deps .\npython3 -m pytest -q tests/test_spacecurve.py::test_reconstructed_space_curve -x\n'] min_timeout_sec: 30.0 max_timeout_sec: 180.0
Sending keys: ['cd /app/pyknotid && python3 -m pytest -q tests --ignore=tests/test_random_curves.py --ignore=tests/test_catalogue.py 2>&1 | tee /tmp/pyknotid-pytest-final.log\n'] min_timeout_sec: 30.0 max_timeout_sec: 180.0
Trajectory dumped to jobs/p1-terminus-2-build-cython-ext-r2/build-cython-ext__XiBqjTU/agent/trajectory.json
Sending keys: ['cd /app/pyknotid && sed -n \'335,375p\' pyknotid/representations/representation.py && grep -nE "data\\[\'(start|end|pos)\'\\]" pyknotid/representations/representation.py\n'] min_timeout_sec: 1.0 max_timeout_sec: 180.0
Sending keys: ['cd /app/pyknotid && python3 - <<\'PY\'\nfrom pathlib import Path\np=Path(\'pyknotid/representations/representation.py\')\ns=p.read_text()\ns=s.replace("            xb = data[\'start\']\\n", "            xb = data.get(\'start\', data.get(\'vertex_start\'))\\n")\ns=s.replace("            xe = data[\'end\']\\n", "            xe = data.get(\'end\', data.get(\'vertex_end\'))\\n")\np.write_text(s)\nprint(\'patched node start/end compatibility\')\nPY\npython3 -m pip install --no-deps .\npython3 -m pytest -q tests/test_spacecurve.py::test_reconstructed_space_curve -x\n'] min_timeout_sec: 30.0 max_timeout_sec: 180.0
Sending keys: ['cd /app/pyknotid && python3 -m pytest -q tests --ignore=tests/test_random_curves.py --ignore=tests/test_catalogue.py 2>&1 | tee /tmp/pyknotid-pytest-final.log\n'] min_timeout_sec: 30.0 max_timeout_sec: 180.0
Trajectory dumped to jobs/p1-terminus-2-build-cython-ext-r2/build-cython-ext__XiBqjTU/agent/trajectory.json
Sending keys: ['cd /app/pyknotid && sed -n \'335,430p\' pyknotid/representations/representation.py && printf \'\\n--- direct metadata accesses ---\\n\' && grep -nE "data\\[[\'\\"](pos|start|end|position|edge_position|edge_start|edge_end)[\'\\"]\\]" pyknotid/representations/representation.py || true\n'] min_timeout_sec: 1.0 max_timeout_sec: 180.0
Sending keys: ['cd /app/pyknotid && python3 - <<\'PY\'\nfrom pathlib import Path\np=Path(\'pyknotid/representations/representation.py\')\ns=p.read_text()\n# Within the planar graph construction, y is the normalized position value.\ns=s.replace("            nodes_by_height[data[\'pos\']] = node\\n", "            nodes_by_height[y] = node\\n")\np.write_text(s)\nprint(\'patched remaining direct pos access\')\nPY\npython3 -m pip install --no-deps .\npython3 -m pytest -q tests/test_spacecurve.py::test_reconstructed_space_curve -x\n'] min_timeout_sec: 30.0 max_timeout_sec: 180.0
Trajectory dumped to jobs/p1-terminus-2-build-cython-ext-r2/build-cython-ext__XiBqjTU/agent/trajectory.json
Sending keys: ['cd /app/pyknotid && grep -n "data\\[\'pos\'\\]" pyknotid/representations/representation.py || true\n'] min_timeout_sec: 1.0 max_timeout_sec: 180.0
Sending keys: ['cd /app/pyknotid && python3 - <<\'PY\'\nfrom pathlib import Path\np = Path(\'pyknotid/representations/representation.py\')\ns = p.read_text()\ncount = s.count("data[\'pos\']")\ns = s.replace("data[\'pos\']", "y")\np.write_text(s)\nprint(\'replaced data[pos] references:\', count)\nPY\npython3 -m pip install --no-deps .\npython3 -m pytest -q tests/test_spacecurve.py::test_reconstructed_space_curve -x\n'] min_timeout_sec: 30.0 max_timeout_sec: 180.0
Trajectory dumped to jobs/p1-terminus-2-build-cython-ext-r2/build-cython-ext__XiBqjTU/agent/trajectory.json
Trajectory dumped to jobs/p1-terminus-2-build-cython-ext-r2/build-cython-ext__XiBqjTU/agent/trajectory.json
Collecting main service artifacts
Exception AgentTimeoutError is in exclude_exceptions, not retrying
Not retrying trial because the exception is not in include_exceptions or the maximum number of retries has been reached
