Skipping image OS validation for alexgshaw/fix-ocaml-gc:20251031: docker inspect returned 1
Installing: tmux, asciinema
Detected system: {'os': 'debian-based', 'package_manager': 'apt-get', 'update_command': None}
Installing tools using apt-get: DEBIAN_FRONTEND=noninteractive apt-get update && DEBIAN_FRONTEND=noninteractive apt-get install -y tmux asciinema
Starting recording.
Sending keys: ['asciinema rec --stdin /logs/agent/recording.cast', 'Enter'] min_timeout_sec: 1.0 max_timeout_sec: 180.0
Sending keys: ['clear', 'Enter'] min_timeout_sec: 0.0 max_timeout_sec: 180.0
Parser warnings: - Extra text detected after JSON object
Sending keys: ["pwd; printf '\\n--- files ---\\n'; ls -la; printf '\\n--- git status ---\\n'; git status --short --branch\n"] min_timeout_sec: 0.2 max_timeout_sec: 180.0
Sending keys: ["printf '\\n--- HACKING ---\\n'; sed -n '1,240p' HACKING.adoc\n"] min_timeout_sec: 0.2 max_timeout_sec: 180.0
Sending keys: ["printf '\\n--- recent commits ---\\n'; git log --oneline -12; printf '\\n--- GC references ---\\n'; grep -RIn --exclude-dir=.git -E 'run.?length|sweep|free.*space|free.*list' runtime | head -120\n"] min_timeout_sec: 0.3 max_timeout_sec: 180.0
Trajectory dumped to jobs/p1-terminus-2-fix-ocaml-gc-r3/fix-ocaml-gc__FTFPauv/agent/trajectory.json
Sending keys: ["cd /app/ocaml\npwd\nprintf '\\n--- files ---\\n'\nls -la\nprintf '\\n--- git status ---\\n'\ngit status --short --branch\nprintf '\\n--- recent commits ---\\n'\ngit log --oneline -12\n"] min_timeout_sec: 0.3 max_timeout_sec: 180.0
Sending keys: ["printf '\\n--- HACKING ---\\n'\nsed -n '1,260p' HACKING.adoc\n"] min_timeout_sec: 0.3 max_timeout_sec: 180.0
Sending keys: ["printf '\\n--- changed files ---\\n'\ngit diff --stat\nprintf '\\n--- GC references ---\\n'\ngrep -RIn --exclude-dir=.git -E 'run.?length|sweep|free.*space|free.*list' runtime | head -200\n"] min_timeout_sec: 0.4 max_timeout_sec: 180.0
Trajectory dumped to jobs/p1-terminus-2-fix-ocaml-gc-r3/fix-ocaml-gc__FTFPauv/agent/trajectory.json
Sending keys: ["cd /app/ocaml\nprintf '%s\\n' '--- build instructions ---'\ngrep -n -A18 -B4 -E 'bootstrap|make world|testsuite|one DIR|configuration|configure' HACKING.adoc BOOTSTRAP.adoc | head -240\nprintf '%s\\n' '--- runtime source status clues ---'\nfind runtime -maxdepth 1 -type f -printf '%f %TY-%Tm-%Td %TH:%TM:%TS\\n' | sort | tail -80\n"] min_timeout_sec: 0.3 max_timeout_sec: 180.0
Sending keys: ["cd /app/ocaml\nprintf '%s\\n' '--- shared_heap sweep implementation ---'\nnl -ba runtime/shared_heap.c | sed -n '520,780p'\nprintf '%s\\n' '--- runtime heap declarations ---'\ngrep -RIn -E 'typedef.*freelist|freelist|free.*run|run.*free|next.*sweep' runtime/*.h runtime/*.c | head -240\n"] min_timeout_sec: 0.4 max_timeout_sec: 180.0
Sending keys: ["cd /app/ocaml\nprintf '%s\\n' '--- test prerequisites ---'\nls -la config 2>/dev/null || true\nls -la runtime/ 2>/dev/null | head -80\nprintf '%s\\n' '--- required test ---'\nmake -C testsuite one DIR=tests/basic\n"] min_timeout_sec: 20.0 max_timeout_sec: 180.0
Trajectory dumped to jobs/p1-terminus-2-fix-ocaml-gc-r3/fix-ocaml-gc__FTFPauv/agent/trajectory.json
Sending keys: ['cd /app/ocaml\n./configure --enable-ocamltest\n'] min_timeout_sec: 15.0 max_timeout_sec: 180.0
Sending keys: ['cd /app/ocaml\nmake -j4\n'] min_timeout_sec: 30.0 max_timeout_sec: 180.0
Sending keys: ['cd /app/ocaml\nmake -C testsuite one DIR=tests/basic\n'] min_timeout_sec: 30.0 max_timeout_sec: 180.0
Trajectory dumped to jobs/p1-terminus-2-fix-ocaml-gc-r3/fix-ocaml-gc__FTFPauv/agent/trajectory.json
Sending keys: [''] min_timeout_sec: 20.0 max_timeout_sec: 180.0
Sending keys: ["cd /app/ocaml\nprintf '%s\\n' '--- generated configuration ---'\nls -l Makefile.config Makefile.build_config config/Makefile 2>&1 || true\nprintf '%s\\n' '--- running build processes ---'\nps -eo pid,stat,cmd | grep -E 'configure|make|ocaml' | grep -v grep || true\n"] min_timeout_sec: 0.5 max_timeout_sec: 180.0
Trajectory dumped to jobs/p1-terminus-2-fix-ocaml-gc-r3/fix-ocaml-gc__FTFPauv/agent/trajectory.json
Sending keys: [''] min_timeout_sec: 30.0 max_timeout_sec: 180.0
Sending keys: ["cd /app/ocaml\nps -eo pid,stat,cmd | grep -E 'configure|make|gcc|ocaml' | grep -v grep || true\n"] min_timeout_sec: 0.5 max_timeout_sec: 180.0
Trajectory dumped to jobs/p1-terminus-2-fix-ocaml-gc-r3/fix-ocaml-gc__FTFPauv/agent/trajectory.json
Sending keys: [''] min_timeout_sec: 30.0 max_timeout_sec: 180.0
Sending keys: ["cd /app/ocaml\nps -eo pid,stat,cmd | grep -E 'configure|make|gcc|ocaml' | grep -v grep || true\n"] min_timeout_sec: 0.5 max_timeout_sec: 180.0
Trajectory dumped to jobs/p1-terminus-2-fix-ocaml-gc-r3/fix-ocaml-gc__FTFPauv/agent/trajectory.json
Sending keys: ["cd /app/ocaml\nnl -ba runtime/shared_heap.c | sed -n '520,780p'\nprintf '%s\\n' '--- relevant declarations ---'\ngrep -RIn -E 'struct.*free|free.*run|freelist|pool_sweep|Val.*free|Black|White|color' runtime/caml runtime/*.h runtime/shared_heap.c | head -260\n"] min_timeout_sec: 0.5 max_timeout_sec: 180.0
Sending keys: ["cd /app/ocaml\nprintf '%s\\n' '--- boot compiler ---'\nls -l boot/ocamlc boot/ocamlrun runtime/ocamlrun 2>&1\nprintf '%s\\n' '--- failing command rule ---'\nnl -ba stdlib/Makefile | sed -n '125,160p'\nprintf '%s\\n' '--- runtime build flags ---'\ngrep -nE 'CFLAGS|DEBUG|SANIT|OCAMLRUN' Makefile.config Makefile.build_config | head -100\n"] min_timeout_sec: 0.4 max_timeout_sec: 180.0
Sending keys: ["cd /app/ocaml\nulimit -c unlimited\nOCAMLRUNPARAM='b=1' boot/ocamlrun boot/ocamlc -use-runtime ./runtime/ocamlrun -dinstr stdlib/camlinternalFormatBasics.ml -o /tmp/camlinternalFormatBasics.cmo\n"] min_timeout_sec: 5.0 max_timeout_sec: 180.0
Trajectory dumped to jobs/p1-terminus-2-fix-ocaml-gc-r3/fix-ocaml-gc__FTFPauv/agent/trajectory.json
Sending keys: ["cd /app/ocaml\nprintf '%s\\n' '--- pool_sweep 1 ---'\nsed -n '540,640p' runtime/shared_heap.c\nprintf '%s\\n' '--- pool_sweep 2 ---'\nsed -n '640,770p' runtime/shared_heap.c\n"] min_timeout_sec: 0.4 max_timeout_sec: 180.0
Sending keys: ["cd /app/ocaml\nprintf '%s\\n' '--- declarations and constants ---'\ngrep -n -E 'typedef.*free|struct.*free|free.*struct|Free|free.*header|Next|pool_sweep|wosize|Wosize' runtime/shared_heap.c runtime/caml/*.h runtime/*.h | head -220\n"] min_timeout_sec: 0.4 max_timeout_sec: 180.0
Sending keys: ['cd /app/ocaml\nmake -C stdlib -n camlinternalFormatBasics.cmi 2>&1 | tail -40\n'] min_timeout_sec: 0.5 max_timeout_sec: 180.0
Trajectory dumped to jobs/p1-terminus-2-fix-ocaml-gc-r3/fix-ocaml-gc__FTFPauv/agent/trajectory.json
Sending keys: ["cd /app/ocaml\nsed -n '530,690p' runtime/shared_heap.c\n"] min_timeout_sec: 0.3 max_timeout_sec: 180.0
Sending keys: ["cd /app/ocaml\ngrep -n -C4 -E 'free|Free|sweep|next' runtime/shared_heap.c | sed -n '80,260p'\n"] min_timeout_sec: 0.3 max_timeout_sec: 180.0
Sending keys: ["cd /app/ocaml\ngrep -n -C5 -E 'sweep|freelist|free_list|mark.*free|No_scan_tag' runtime/major_gc.c | head -260\n"] min_timeout_sec: 0.3 max_timeout_sec: 180.0
Sending keys: ["cd /app/ocaml\nfind . -maxdepth 2 -type f \\( -name 'ocamlc' -o -name 'ocamlc.opt' -o -name 'ocamlrun' \\) -ls\n"] min_timeout_sec: 0.2 max_timeout_sec: 180.0
Trajectory dumped to jobs/p1-terminus-2-fix-ocaml-gc-r3/fix-ocaml-gc__FTFPauv/agent/trajectory.json
Sending keys: ['cd /app/ocaml\nprintf \'%s\\n\' \'--- pool_sweep function ---\'\nawk \'/^static intnat pool_sweep\\(/,/^}/ {print NR ":" $0}\' runtime/shared_heap.c\nprintf \'%s\\n\' \'--- nearby free-run comments ---\'\ngrep -n -i -C6 -E \'run.?length|compressed|free.*block|freelist|free list\' runtime/shared_heap.c\n'] min_timeout_sec: 0.5 max_timeout_sec: 180.0
Sending keys: ["cd /app/ocaml\nprintf '%s\\n' '--- pool and heap types ---'\ngrep -n -C8 -E 'typedef struct pool|struct pool|typedef.*heap_state|struct caml_heap_state|free_start|free.*run|next_free' runtime/shared_heap.c runtime/caml/*.h\n"] min_timeout_sec: 0.4 max_timeout_sec: 180.0
Sending keys: ['cd /app/ocaml\nprintf \'%s\\n\' \'--- debugger availability ---\'\ncommand -v gdb || true\ncommand -v valgrind || true\nprintf \'%s\\n\' \'--- crash reproduction with core enabled ---\'\nulimit -c unlimited\n./runtime/ocamlrun ./boot/ocamlc -use-runtime ./runtime/ocamlrun -I ./stdlib -c ./stdlib/camlinternalFormatBasics.mli -o /tmp/camlinternalFormatBasics.cmi\nprintf \'exit=%s\\n\' "$?"\n'] min_timeout_sec: 5.0 max_timeout_sec: 180.0
Trajectory dumped to jobs/p1-terminus-2-fix-ocaml-gc-r3/fix-ocaml-gc__FTFPauv/agent/trajectory.json
Sending keys: ["cd /app/ocaml\nprintf '%s\\n' '--- core files ---'\nfind . /tmp -maxdepth 2 -type f -name 'core*' -ls 2>/dev/null | head -20\nprintf '%s\\n' '--- sweep symbols ---'\nnm -an runtime/ocamlrun | grep -E 'pool_sweep|caml_sweep|shared_heap' | tail -30\n"] min_timeout_sec: 0.4 max_timeout_sec: 180.0
Sending keys: ["cd /app/ocaml\ngdb -q -batch -ex 'set pagination off' -ex 'bt full' -ex 'info registers' ./runtime/ocamlrun core 2>&1 | tail -160\n"] min_timeout_sec: 3.0 max_timeout_sec: 180.0
Sending keys: ["cd /app/ocaml\nprintf '%s\\n' '--- shared_heap 530-600 ---'\nsed -n '530,600p' runtime/shared_heap.c\n"] min_timeout_sec: 0.3 max_timeout_sec: 180.0
Sending keys: ["cd /app/ocaml\nprintf '%s\\n' '--- shared_heap 601-680 ---'\nsed -n '601,680p' runtime/shared_heap.c\n"] min_timeout_sec: 0.3 max_timeout_sec: 180.0
Sending keys: ["cd /app/ocaml\nprintf '%s\\n' '--- shared_heap 681-765 ---'\nsed -n '681,765p' runtime/shared_heap.c\n"] min_timeout_sec: 0.3 max_timeout_sec: 180.0
Trajectory dumped to jobs/p1-terminus-2-fix-ocaml-gc-r3/fix-ocaml-gc__FTFPauv/agent/trajectory.json
Sending keys: ["cd /app/ocaml\nfind /app /tmp -maxdepth 3 -type f -name 'core*' -printf '%p %s bytes\\n' 2>/dev/null | head -20\n"] min_timeout_sec: 0.3 max_timeout_sec: 180.0
Sending keys: ["cd /app/ocaml\nnl -ba runtime/shared_heap.c | sed -n '535,585p'\n"] min_timeout_sec: 0.3 max_timeout_sec: 180.0
Sending keys: ["cd /app/ocaml\nnl -ba runtime/shared_heap.c | sed -n '586,635p'\n"] min_timeout_sec: 0.3 max_timeout_sec: 180.0
Sending keys: ["cd /app/ocaml\nnl -ba runtime/shared_heap.c | sed -n '636,685p'\n"] min_timeout_sec: 0.3 max_timeout_sec: 180.0
Sending keys: ["cd /app/ocaml\nulimit -c unlimited\ngdb -q -batch -ex 'set pagination off' -ex 'run' -ex 'bt' -ex 'bt full' --args ./runtime/ocamlrun ./boot/ocamlc -use-runtime ./runtime/ocamlrun -I ./stdlib -c ./stdlib/camlinternalFormatBasics.mli -o /tmp/camlinternalFormatBasics.cmi 2>&1 | tail -120\n"] min_timeout_sec: 8.0 max_timeout_sec: 180.0
Trajectory dumped to jobs/p1-terminus-2-fix-ocaml-gc-r3/fix-ocaml-gc__FTFPauv/agent/trajectory.json
Sending keys: ["cd /app/ocaml\npython3 - <<'PY'\np='runtime/shared_heap.c'\ns=open(p).read()\nold='''          /* add the free blocks following this block, skipping over them */\n          p += wh * Wosize_hd(hd);\n        } else {'''\nnew='''          /* Skip the rest of this compressed free run.  The wosize in\n             a free header is the number of additional free blocks in the\n             run, so include the current block as well. */\n          p += wh * (Wosize_hd(hd) + 1);\n        } else {'''\nif old not in s:\n    raise SystemExit('free-run block not found')\ns=s.replace(old,new,1)\nold2='''        p += Whsize_hd(hd);\n      } while (p + wh <= end);'''\nnew2='''        if (!POOL_BLOCK_FREE_HD(hd))\n          p += Whsize_hd(hd);\n      } while (p + wh <= end);'''\nif old2 not in s:\n    raise SystemExit('common cursor increment not found')\ns=s.replace(old2,new2,1)\nopen(p,'w').write(s)\nPY\nsed -n '638,658p' runtime/shared_heap.c\n"] min_timeout_sec: 0.4 max_timeout_sec: 180.0
Sending keys: ['cd /app/ocaml\nmake -j4 runtime/ocamlrun\n'] min_timeout_sec: 20.0 max_timeout_sec: 180.0
Sending keys: ['cd /app/ocaml\nrm -f /tmp/camlinternalFormatBasics.cmi\n./runtime/ocamlrun ./boot/ocamlc -use-runtime ./runtime/ocamlrun -I ./stdlib -c ./stdlib/camlinternalFormatBasics.mli -o /tmp/camlinternalFormatBasics.cmi\nprintf \'exit=%s\\n\' "$?"\n'] min_timeout_sec: 5.0 max_timeout_sec: 180.0
Trajectory dumped to jobs/p1-terminus-2-fix-ocaml-gc-r3/fix-ocaml-gc__FTFPauv/agent/trajectory.json
Sending keys: ["cd /app/ocaml\npython3 - <<'PY'\np='runtime/shared_heap.c'\nlines=open(p).read().splitlines(True)\nfor i,line in enumerate(lines):\n    if 'p += wh * Wosize_hd(hd);' in line:\n        lines[i] = '''        /* Skip the complete compressed free run.  The free header's\n           wosize is the number of additional free blocks in the run. */\n        p += wh * (Wosize_hd(hd) + 1);\n'''\n        # The next common increment must not also be applied to a free run.\n        for j in range(i + 1, min(i + 12, len(lines))):\n            if 'p += Whsize_hd(hd);' in lines[j]:\n                lines[j] = '''      if (!POOL_BLOCK_FREE_HD(hd))\n        p += Whsize_hd(hd);\n'''\n                break\n        else:\n            raise SystemExit('common increment not found')\n        break\nelse:\n    raise SystemExit('free-run increment not found')\nopen(p,'w').writelines(lines)\nPY\nnl -ba runtime/shared_heap.c | sed -n '638,660p'\n"] min_timeout_sec: 0.4 max_timeout_sec: 180.0
Sending keys: ['cd /app/ocaml\nmake -j4 runtime/ocamlrun\n'] min_timeout_sec: 20.0 max_timeout_sec: 180.0
Sending keys: ['cd /app/ocaml\nrm -f /tmp/camlinternalFormatBasics.cmi\n./runtime/ocamlrun ./boot/ocamlc -use-runtime ./runtime/ocamlrun -I ./stdlib -c ./stdlib/camlinternalFormatBasics.mli -o /tmp/camlinternalFormatBasics.cmi\nprintf \'exit=%s\\n\' "$?"\n'] min_timeout_sec: 5.0 max_timeout_sec: 180.0
Trajectory dumped to jobs/p1-terminus-2-fix-ocaml-gc-r3/fix-ocaml-gc__FTFPauv/agent/trajectory.json
Sending keys: ["cd /app/ocaml\npython3 - <<'PY'\np='runtime/shared_heap.c'\ns=open(p).read()\nold='''        /* add the free blocks following this block, skipping over them */\n        p += wh * Wosize_hd(hd);\n      } else {\n'''\nnew='''        /* Skip the complete compressed free run.  The free header's\n           wosize is the number of additional free blocks in the run. */\n        p += wh * (Wosize_hd(hd) + 1);\n      } else {\n'''\nif old not in s:\n    raise SystemExit('target free-run block not found')\ns=s.replace(old,new,1)\nold='''      p += Whsize_hd(hd);\n    } while (p + wh <= end);'''\nnew='''      if (!POOL_BLOCK_FREE_HD(hd))\n        p += Whsize_hd(hd);\n    } while (p + wh <= end);'''\nif old not in s:\n    raise SystemExit('target common increment not found')\ns=s.replace(old,new,1)\nopen(p,'w').write(s)\nPY\nnl -ba runtime/shared_heap.c | sed -n '640,658p'\n"] min_timeout_sec: 0.4 max_timeout_sec: 180.0
Sending keys: ['cd /app/ocaml\nmake -B -j4 runtime/ocamlrun\n'] min_timeout_sec: 25.0 max_timeout_sec: 180.0
Sending keys: ['cd /app/ocaml\nrm -f /tmp/camlinternalFormatBasics.cmi\n./runtime/ocamlrun ./boot/ocamlc -use-runtime ./runtime/ocamlrun -I ./stdlib -c ./stdlib/camlinternalFormatBasics.mli -o /tmp/camlinternalFormatBasics.cmi\nprintf \'exit=%s\\n\' "$?"\n'] min_timeout_sec: 5.0 max_timeout_sec: 180.0
Trajectory dumped to jobs/p1-terminus-2-fix-ocaml-gc-r3/fix-ocaml-gc__FTFPauv/agent/trajectory.json
Sending keys: ["cd /app/ocaml\nprintf '%s\\n' '--- runtime targets ---'\nmake -n runtime/shared_heap.b.o runtime/ocamlrun 2>&1 | tail -80\nprintf '%s\\n' '--- object timestamps ---'\nls -l --full-time runtime/shared_heap.c runtime/shared_heap*.o runtime/ocamlrun 2>&1\n"] min_timeout_sec: 0.5 max_timeout_sec: 180.0
Sending keys: ['cd /app/ocaml\nmake runtime/shared_heap.b.o\nmake runtime/ocamlrun\n'] min_timeout_sec: 20.0 max_timeout_sec: 180.0
Sending keys: ['cd /app/ocaml\nrm -f /tmp/camlinternalFormatBasics.cmi\n./runtime/ocamlrun ./boot/ocamlc -use-runtime ./runtime/ocamlrun -I ./stdlib -c ./stdlib/camlinternalFormatBasics.mli -o /tmp/camlinternalFormatBasics.cmi\nprintf \'exit=%s\\n\' "$?"\n'] min_timeout_sec: 5.0 max_timeout_sec: 180.0
Trajectory dumped to jobs/p1-terminus-2-fix-ocaml-gc-r3/fix-ocaml-gc__FTFPauv/agent/trajectory.json
Sending keys: ['cd /app/ocaml\nmake -j4\n'] min_timeout_sec: 40.0 max_timeout_sec: 180.0
Sending keys: ['cd /app/ocaml\nmake -C testsuite one DIR=tests/basic\n'] min_timeout_sec: 40.0 max_timeout_sec: 180.0
Trajectory dumped to jobs/p1-terminus-2-fix-ocaml-gc-r3/fix-ocaml-gc__FTFPauv/agent/trajectory.json
Sending keys: ["cd /app/ocaml\nprintf '%s\\n' '--- free macros ---'\ngrep -RIn -C8 -E 'POOL_BLOCK_FREE|POOL_FREE_HEADER|POOL_FIRST_BLOCK|POOL_END|wsize_sizeclass' runtime\nprintf '%s\\n' '--- runtime copies ---'\nsha256sum runtime/ocamlrun boot/ocamlrun\n"] min_timeout_sec: 0.5 max_timeout_sec: 180.0
Sending keys: ["cd /app/ocaml\nprintf '%s\\n' '--- stdlib rule and flags ---'\nnl -ba stdlib/Makefile | sed -n '130,155p'\ncat stdlib/Compflags 2>/dev/null | head -100\n"] min_timeout_sec: 0.4 max_timeout_sec: 180.0
Sending keys: ["cd /app/ocaml\nmake -C stdlib clean >/dev/null 2>&1 || true\nmake -C stdlib V=1 OCAMLRUN='$(ROOTDIR)/boot/ocamlrun' USE_BOOT_OCAMLC=true camlinternalFormatBasics.cmi\n"] min_timeout_sec: 10.0 max_timeout_sec: 180.0
Trajectory dumped to jobs/p1-terminus-2-fix-ocaml-gc-r3/fix-ocaml-gc__FTFPauv/agent/trajectory.json
Sending keys: ["cd /app/ocaml\nprintf '%s\\n' '--- pool macro definitions ---'\ngrep -RIn -C12 -E '#define (POOL_FREE_HEADER|POOL_BLOCK_FREE_HD|POOL_BLOCK_FREE_HP|POOL_FIRST_BLOCK|POOL_END)|POOL_FREE_HEADER' runtime runtime/caml\n"] min_timeout_sec: 0.5 max_timeout_sec: 180.0
Sending keys: ["cd /app/ocaml\nprintf '%s\\n' '--- free header uses ---'\ngrep -RIn -C5 -E 'POOL_FREE_HEADER|Wosize_hp\\(last_free_block\\)|Wosize_hd\\(hd\\)' runtime/shared_heap.c runtime/*.c\nprintf '%s\\n' '--- executable hashes ---'\nsha256sum runtime/ocamlrun boot/ocamlrun\nstat -c '%n %y %s' runtime/ocamlrun boot/ocamlrun runtime/shared_heap.b.o\n"] min_timeout_sec: 0.5 max_timeout_sec: 180.0
Sending keys: ["cd /app/ocaml\nulimit -c unlimited\ngdb -q -batch -ex 'set pagination off' -ex 'handle SIGSEGV stop print nopass' -ex 'run' -ex 'bt 20' -ex 'frame 0' -ex 'info registers' --args ./boot/ocamlrun ./boot/ocamlc -strict-sequence -absname -w +a-4-9-41-42-44-45-48 -g -warn-error +A -bin-annot -nostdlib -principal -nopervasives -c ./stdlib/camlinternalFormatBasics.mli 2>&1 | tail -160\n"] min_timeout_sec: 8.0 max_timeout_sec: 180.0
Trajectory dumped to jobs/p1-terminus-2-fix-ocaml-gc-r3/fix-ocaml-gc__FTFPauv/agent/trajectory.json
Sending keys: ["cd /app/ocaml\nprintf '%s\\n' '--- macros ---'\ngrep -RIn -E '^#define[[:space:]]+(POOL_FREE_HEADER|POOL_BLOCK_FREE_HD|POOL_BLOCK_FREE_HP|POOL_FIRST_BLOCK|POOL_END|POOL_WSIZE)' runtime runtime/caml\n"] min_timeout_sec: 0.4 max_timeout_sec: 180.0
Sending keys: ["cd /app/ocaml\nprintf '%s\\n' '--- current sweep loop ---'\nnl -ba runtime/shared_heap.c | sed -n '560,660p'\nprintf '%s\\n' '--- statistics loop ---'\nnl -ba runtime/shared_heap.c | sed -n '1550,1600p'\n"] min_timeout_sec: 0.5 max_timeout_sec: 180.0
Sending keys: ["cd /app/ocaml\ngrep -n -C8 -E 'POOL_FREE_HEADER|POOL_BLOCK_FREE_HD|POOL_BLOCK_FREE_HP' runtime/shared_heap.c runtime/caml/*.h\n"] min_timeout_sec: 0.4 max_timeout_sec: 180.0
Trajectory dumped to jobs/p1-terminus-2-fix-ocaml-gc-r3/fix-ocaml-gc__FTFPauv/agent/trajectory.json
Sending keys: ["cd /app/ocaml\nsed -n '1,180p' runtime/shared_heap.c\n"] min_timeout_sec: 0.4 max_timeout_sec: 180.0
Sending keys: ["cd /app/ocaml\ngrep -RIn -E 'POOL_FREE_HEADER|POOL_BLOCK_FREE_HD|POOL_BLOCK_FREE_HP|POOL_FIRST_BLOCK|POOL_END|POOL_WSIZE' runtime | head -100\n"] min_timeout_sec: 0.4 max_timeout_sec: 180.0
Sending keys: ["cd /app/ocaml\npython3 - <<'PY'\np='runtime/shared_heap.c'\ns=open(p).read()\ns=s.replace('''        p += wh * (Wosize_hd(hd) + 1);\n      } else {''','''        p += wh * Wosize_hd(hd);\n      } else {''',1)\ns=s.replace('''      if (!POOL_BLOCK_FREE_HD(hd))\n        p += Whsize_hd(hd);\n    } while (p + wh <= end);''','''      p += Whsize_hd(hd);\n    } while (p + wh <= end);''',1)\nopen(p,'w').write(s)\nPY\nnl -ba runtime/shared_heap.c | sed -n '640,655p'\nmake runtime/shared_heap.b.o runtime/ocamlrun\ncp runtime/ocamlrun boot/ocamlrun\n"] min_timeout_sec: 25.0 max_timeout_sec: 180.0
Sending keys: ['cd /app/ocaml\nrm -f /tmp/camlinternalFormatBasics.cmi\n./boot/ocamlrun ./boot/ocamlc -strict-sequence -absname -w +a-4-9-41-42-44-45-48 -g -warn-error +A -bin-annot -nostdlib -principal -nopervasives -c ./stdlib/camlinternalFormatBasics.mli\nprintf \'exit=%s\\n\' "$?"\n'] min_timeout_sec: 8.0 max_timeout_sec: 180.0
Trajectory dumped to jobs/p1-terminus-2-fix-ocaml-gc-r3/fix-ocaml-gc__FTFPauv/agent/trajectory.json
Sending keys: ["cd /app/ocaml\npython3 - <<'PY'\np='runtime/shared_heap.c'\ns=open(p).read()\nold='''        /* Skip the complete compressed free run.  The free header's\n           wosize is the number of additional free blocks in the run. */\n        p += wh * Wosize_hd(hd);\n      } else {'''\nnew='''        /* Skip the free blocks following this block. */\n        p += wh * Wosize_hd(hd);\n      } else {'''\nif old not in s:\n    raise SystemExit('free-run block not found')\ns=s.replace(old,new,1)\nold='''        p += Whsize_hd(hd);\n    } while (p + wh <= end);'''\nnew='''        p += wh;\n    } while (p + wh <= end);'''\nif old not in s:\n    raise SystemExit('common increment not found')\ns=s.replace(old,new,1)\nopen(p,'w').write(s)\nPY\nnl -ba runtime/shared_heap.c | sed -n '640,655p'\n"] min_timeout_sec: 0.4 max_timeout_sec: 180.0
Sending keys: ['cd /app/ocaml\nmake runtime/shared_heap.b.o runtime/ocamlrun\ncp runtime/ocamlrun boot/ocamlrun\n'] min_timeout_sec: 25.0 max_timeout_sec: 180.0
Sending keys: ['cd /app/ocaml\nrm -f /tmp/camlinternalFormatBasics.cmi\n./boot/ocamlrun ./boot/ocamlc -strict-sequence -absname -w +a-4-9-41-42-44-45-48 -g -warn-error +A -bin-annot -nostdlib -principal -nopervasives -c ./stdlib/camlinternalFormatBasics.mli\nprintf \'exit=%s\\n\' "$?"\n'] min_timeout_sec: 8.0 max_timeout_sec: 180.0
Sending keys: ['cd /app/ocaml\nmake -j4\n'] min_timeout_sec: 45.0 max_timeout_sec: 180.0
Sending keys: ['cd /app/ocaml\nmake -C testsuite one DIR=tests/basic\n'] min_timeout_sec: 45.0 max_timeout_sec: 180.0
Trajectory dumped to jobs/p1-terminus-2-fix-ocaml-gc-r3/fix-ocaml-gc__FTFPauv/agent/trajectory.json
Sending keys: ["cd /app/ocaml\npython3 - <<'PY'\np='runtime/shared_heap.c'\ns=open(p).read()\nneedle='p += Whsize_hd(hd);'\nif s.count(needle) != 1:\n    raise SystemExit('expected exactly one sweep cursor increment, found %d' % s.count(needle))\ns=s.replace(needle, 'p += wh;', 1)\nopen(p, 'w').write(s)\nPY\nnl -ba runtime/shared_heap.c | sed -n '640,655p'\n"] min_timeout_sec: 0.4 max_timeout_sec: 180.0
Sending keys: ['cd /app/ocaml\nmake runtime/shared_heap.b.o runtime/ocamlrun\ncp runtime/ocamlrun boot/ocamlrun\n'] min_timeout_sec: 25.0 max_timeout_sec: 180.0
Sending keys: ['cd /app/ocaml\nrm -f /tmp/camlinternalFormatBasics.cmi\n./boot/ocamlrun ./boot/ocamlc -strict-sequence -absname -w +a-4-9-41-42-44-45-48 -g -warn-error +A -bin-annot -nostdlib -principal -nopervasives -c ./stdlib/camlinternalFormatBasics.mli\nprintf \'exit=%s\\n\' "$?"\n'] min_timeout_sec: 8.0 max_timeout_sec: 180.0
Sending keys: ['cd /app/ocaml\nmake -j4\n'] min_timeout_sec: 45.0 max_timeout_sec: 180.0
Sending keys: ['cd /app/ocaml\nmake -C testsuite one DIR=tests/basic\n'] min_timeout_sec: 45.0 max_timeout_sec: 180.0
Trajectory dumped to jobs/p1-terminus-2-fix-ocaml-gc-r3/fix-ocaml-gc__FTFPauv/agent/trajectory.json
Sending keys: [''] min_timeout_sec: 40.0 max_timeout_sec: 180.0
Sending keys: ["cd /app/ocaml\nps -eo pid,stat,cmd | grep -E 'make|gcc|ocaml' | grep -v grep || true\n"] min_timeout_sec: 0.5 max_timeout_sec: 180.0
Trajectory dumped to jobs/p1-terminus-2-fix-ocaml-gc-r3/fix-ocaml-gc__FTFPauv/agent/trajectory.json
Sending keys: [''] min_timeout_sec: 45.0 max_timeout_sec: 180.0
Sending keys: ["cd /app/ocaml\nps -eo pid,stat,cmd | grep -E 'make|gcc|ocaml' | grep -v grep || true\nls -l ocamlc ocamlopt ocamltest/ocamltest 2>&1 || true\n"] min_timeout_sec: 0.5 max_timeout_sec: 180.0
Trajectory dumped to jobs/p1-terminus-2-fix-ocaml-gc-r3/fix-ocaml-gc__FTFPauv/agent/trajectory.json
Sending keys: [''] min_timeout_sec: 45.0 max_timeout_sec: 180.0
Sending keys: ["cd /app/ocaml\nps -eo pid,stat,cmd | grep -E 'make|gcc|ocaml' | grep -v grep || true\nls -l ocamlc ocamlopt ocamltest/ocamltest 2>&1 || true\n"] min_timeout_sec: 0.5 max_timeout_sec: 180.0
Trajectory dumped to jobs/p1-terminus-2-fix-ocaml-gc-r3/fix-ocaml-gc__FTFPauv/agent/trajectory.json
Sending keys: [''] min_timeout_sec: 45.0 max_timeout_sec: 180.0
Sending keys: ["cd /app/ocaml\nps -eo pid,stat,cmd | grep -E 'make|gcc|ocaml' | grep -v grep || true\nls -l ocamlc ocamlopt ocamltest/ocamltest 2>&1 || true\n"] min_timeout_sec: 0.5 max_timeout_sec: 180.0
Trajectory dumped to jobs/p1-terminus-2-fix-ocaml-gc-r3/fix-ocaml-gc__FTFPauv/agent/trajectory.json
Sending keys: [''] min_timeout_sec: 45.0 max_timeout_sec: 180.0
Sending keys: ["cd /app/ocaml\nps -eo pid,stat,cmd | grep -E 'make|gcc|ocaml' | grep -v grep || true\nls -l ocamlc ocamlopt ocamltest/ocamltest 2>&1 || true\n"] min_timeout_sec: 0.5 max_timeout_sec: 180.0
Trajectory dumped to jobs/p1-terminus-2-fix-ocaml-gc-r3/fix-ocaml-gc__FTFPauv/agent/trajectory.json
Sending keys: [''] min_timeout_sec: 45.0 max_timeout_sec: 180.0
Sending keys: ["cd /app/ocaml\nps -eo pid,stat,cmd | grep -E 'make|gcc|ocaml' | grep -v grep || true\nls -l ocamlc ocamlopt ocamltest/ocamltest 2>&1 || true\n"] min_timeout_sec: 0.5 max_timeout_sec: 180.0
Trajectory dumped to jobs/p1-terminus-2-fix-ocaml-gc-r3/fix-ocaml-gc__FTFPauv/agent/trajectory.json
Sending keys: [''] min_timeout_sec: 45.0 max_timeout_sec: 180.0
Sending keys: ["cd /app/ocaml\nps -eo pid,stat,cmd | grep -E 'make|gcc|ocaml' | grep -v grep || true\nls -l ocamlc ocamlopt ocamltest/ocamltest 2>&1 || true\n"] min_timeout_sec: 0.5 max_timeout_sec: 180.0
Trajectory dumped to jobs/p1-terminus-2-fix-ocaml-gc-r3/fix-ocaml-gc__FTFPauv/agent/trajectory.json
Sending keys: [''] min_timeout_sec: 45.0 max_timeout_sec: 180.0
Sending keys: ["cd /app/ocaml\nps -eo pid,stat,cmd | grep -E 'make|gcc|ocaml' | grep -v grep || true\nls -l ocamlc ocamlopt ocamltest/ocamltest 2>&1 || true\n"] min_timeout_sec: 0.5 max_timeout_sec: 180.0
Trajectory dumped to jobs/p1-terminus-2-fix-ocaml-gc-r3/fix-ocaml-gc__FTFPauv/agent/trajectory.json
Sending keys: [''] min_timeout_sec: 45.0 max_timeout_sec: 180.0
Sending keys: ["cd /app/ocaml\nps -eo pid,stat,cmd | grep -E 'make|gcc|ocaml' | grep -v grep || true\nls -l ocamlc ocamlopt ocamltest/ocamltest 2>&1 || true\n"] min_timeout_sec: 0.5 max_timeout_sec: 180.0
Trajectory dumped to jobs/p1-terminus-2-fix-ocaml-gc-r3/fix-ocaml-gc__FTFPauv/agent/trajectory.json
Sending keys: [''] min_timeout_sec: 45.0 max_timeout_sec: 180.0
Sending keys: ["cd /app/ocaml\nps -eo pid,stat,cmd | grep -E 'make|gcc|ocaml' | grep -v grep || true\nls -l ocamlc ocamlopt ocamltest/ocamltest 2>&1 || true\n"] min_timeout_sec: 0.5 max_timeout_sec: 180.0
Trajectory dumped to jobs/p1-terminus-2-fix-ocaml-gc-r3/fix-ocaml-gc__FTFPauv/agent/trajectory.json
Sending keys: [''] min_timeout_sec: 45.0 max_timeout_sec: 180.0
Sending keys: ["cd /app/ocaml\nps -eo pid,stat,cmd | grep -E 'make|gcc|ocaml' | grep -v grep || true\nls -l ocamlc ocamlopt ocamltest/ocamltest 2>&1 || true\n"] min_timeout_sec: 0.5 max_timeout_sec: 180.0
Trajectory dumped to jobs/p1-terminus-2-fix-ocaml-gc-r3/fix-ocaml-gc__FTFPauv/agent/trajectory.json
Sending keys: [''] min_timeout_sec: 45.0 max_timeout_sec: 180.0
Sending keys: ["cd /app/ocaml\nps -eo pid,stat,cmd | grep -E 'make|gcc|ocaml' | grep -v grep || true\nls -l ocamlc ocamlopt ocamltest/ocamltest 2>&1 || true\n"] min_timeout_sec: 0.5 max_timeout_sec: 180.0
Trajectory dumped to jobs/p1-terminus-2-fix-ocaml-gc-r3/fix-ocaml-gc__FTFPauv/agent/trajectory.json
Sending keys: [''] min_timeout_sec: 45.0 max_timeout_sec: 180.0
Sending keys: ["cd /app/ocaml\nps -eo pid,stat,cmd | grep -E 'make|gcc|ocaml' | grep -v grep || true\nls -l ocamlc ocamlopt ocamltest/ocamltest 2>&1 || true\n"] min_timeout_sec: 0.5 max_timeout_sec: 180.0
Trajectory dumped to jobs/p1-terminus-2-fix-ocaml-gc-r3/fix-ocaml-gc__FTFPauv/agent/trajectory.json
Sending keys: [''] min_timeout_sec: 45.0 max_timeout_sec: 180.0
Sending keys: ["cd /app/ocaml\nps -eo pid,stat,cmd | grep -E 'make|gcc|ocaml' | grep -v grep || true\nls -l ocamlc ocamlopt ocamltest/ocamltest 2>&1 || true\n"] min_timeout_sec: 0.5 max_timeout_sec: 180.0
Trajectory dumped to jobs/p1-terminus-2-fix-ocaml-gc-r3/fix-ocaml-gc__FTFPauv/agent/trajectory.json
Sending keys: [''] min_timeout_sec: 45.0 max_timeout_sec: 180.0
Sending keys: ["cd /app/ocaml\nps -eo pid,stat,cmd | grep -E 'make|gcc|ocaml' | grep -v grep || true\nls -l ocamlc ocamlopt ocamltest/ocamltest 2>&1 || true\n"] min_timeout_sec: 0.5 max_timeout_sec: 180.0
Trajectory dumped to jobs/p1-terminus-2-fix-ocaml-gc-r3/fix-ocaml-gc__FTFPauv/agent/trajectory.json
Sending keys: [''] min_timeout_sec: 45.0 max_timeout_sec: 180.0
Sending keys: ["cd /app/ocaml\nps -eo pid,stat,cmd | grep -E 'make|gcc|ocaml' | grep -v grep || true\nls -l ocamlc ocamlopt ocamltest/ocamltest 2>&1 || true\n"] min_timeout_sec: 0.5 max_timeout_sec: 180.0
Trajectory dumped to jobs/p1-terminus-2-fix-ocaml-gc-r3/fix-ocaml-gc__FTFPauv/agent/trajectory.json
Sending keys: [''] min_timeout_sec: 45.0 max_timeout_sec: 180.0
Sending keys: ["cd /app/ocaml\nps -eo pid,stat,cmd | grep -E 'make|gcc|ocaml' | grep -v grep || true\nls -l ocamlc ocamlopt ocamltest/ocamltest 2>&1 || true\n"] min_timeout_sec: 0.5 max_timeout_sec: 180.0
Trajectory dumped to jobs/p1-terminus-2-fix-ocaml-gc-r3/fix-ocaml-gc__FTFPauv/agent/trajectory.json
Sending keys: [''] min_timeout_sec: 45.0 max_timeout_sec: 180.0
Sending keys: ["cd /app/ocaml\nps -eo pid,stat,cmd | grep -E 'make|gcc|ocaml' | grep -v grep || true\nls -l ocamlc ocamlopt ocamltest/ocamltest 2>&1 || true\n"] min_timeout_sec: 0.5 max_timeout_sec: 180.0
Trajectory dumped to jobs/p1-terminus-2-fix-ocaml-gc-r3/fix-ocaml-gc__FTFPauv/agent/trajectory.json
Sending keys: [''] min_timeout_sec: 45.0 max_timeout_sec: 180.0
Sending keys: ["cd /app/ocaml\nps -eo pid,stat,cmd | grep -E 'make|gcc|ocaml' | grep -v grep || true\nls -l ocamlc ocamlopt ocamltest/ocamltest 2>&1 || true\n"] min_timeout_sec: 0.5 max_timeout_sec: 180.0
Trajectory dumped to jobs/p1-terminus-2-fix-ocaml-gc-r3/fix-ocaml-gc__FTFPauv/agent/trajectory.json
Sending keys: [''] min_timeout_sec: 45.0 max_timeout_sec: 180.0
Sending keys: ["cd /app/ocaml\nps -eo pid,stat,cmd | grep -E 'make|gcc|ocaml' | grep -v grep || true\nls -l ocamlc ocamlopt ocamltest/ocamltest 2>&1 || true\n"] min_timeout_sec: 0.5 max_timeout_sec: 180.0
Trajectory dumped to jobs/p1-terminus-2-fix-ocaml-gc-r3/fix-ocaml-gc__FTFPauv/agent/trajectory.json
Sending keys: [''] min_timeout_sec: 45.0 max_timeout_sec: 180.0
Sending keys: ["cd /app/ocaml\nps -eo pid,stat,cmd | grep -E 'make|gcc|ocaml' | grep -v grep || true\nls -l ocamlc ocamlopt ocamltest/ocamltest 2>&1 || true\n"] min_timeout_sec: 0.5 max_timeout_sec: 180.0
Trajectory dumped to jobs/p1-terminus-2-fix-ocaml-gc-r3/fix-ocaml-gc__FTFPauv/agent/trajectory.json
Sending keys: [''] min_timeout_sec: 45.0 max_timeout_sec: 180.0
Trajectory dumped to jobs/p1-terminus-2-fix-ocaml-gc-r3/fix-ocaml-gc__FTFPauv/agent/trajectory.json
