Skipping image OS validation for alexgshaw/adaptive-rejection-sampler:20251031: docker inspect returned 1
Trajectory dumped to jobs/p1-terminus-2-adaptive-rejection-sampler-r2/adaptive-rejection-sampler__DRGrVSq/agent/trajectory.json
Trajectory dumped to jobs/p1-terminus-2-adaptive-rejection-sampler-r2/adaptive-rejection-sampler__DRGrVSq/agent/trajectory.json
Trajectory dumped to jobs/p1-terminus-2-adaptive-rejection-sampler-r2/adaptive-rejection-sampler__DRGrVSq/agent/trajectory.json
Trajectory dumped to jobs/p1-terminus-2-adaptive-rejection-sampler-r2/adaptive-rejection-sampler__DRGrVSq/agent/trajectory.json
Trajectory dumped to jobs/p1-terminus-2-adaptive-rejection-sampler-r2/adaptive-rejection-sampler__DRGrVSq/agent/trajectory.json
Trajectory dumped to jobs/p1-terminus-2-adaptive-rejection-sampler-r2/adaptive-rejection-sampler__DRGrVSq/agent/trajectory.json
Trajectory dumped to jobs/p1-terminus-2-adaptive-rejection-sampler-r2/adaptive-rejection-sampler__DRGrVSq/agent/trajectory.json
Trajectory dumped to jobs/p1-terminus-2-adaptive-rejection-sampler-r2/adaptive-rejection-sampler__DRGrVSq/agent/trajectory.json
Trajectory dumped to jobs/p1-terminus-2-adaptive-rejection-sampler-r2/adaptive-rejection-sampler__DRGrVSq/agent/trajectory.json
Parser warnings: - Command 1 should end with newline when followed by another command. Otherwise the two commands will be concatenated together on the same line.
Trajectory dumped to jobs/p1-terminus-2-adaptive-rejection-sampler-r2/adaptive-rejection-sampler__DRGrVSq/agent/trajectory.json
Trajectory dumped to jobs/p1-terminus-2-adaptive-rejection-sampler-r2/adaptive-rejection-sampler__DRGrVSq/agent/trajectory.json
Trajectory dumped to jobs/p1-terminus-2-adaptive-rejection-sampler-r2/adaptive-rejection-sampler__DRGrVSq/agent/trajectory.json
Trajectory dumped to jobs/p1-terminus-2-adaptive-rejection-sampler-r2/adaptive-rejection-sampler__DRGrVSq/agent/trajectory.json
Trajectory dumped to jobs/p1-terminus-2-adaptive-rejection-sampler-r2/adaptive-rejection-sampler__DRGrVSq/agent/trajectory.json
Trajectory dumped to jobs/p1-terminus-2-adaptive-rejection-sampler-r2/adaptive-rejection-sampler__DRGrVSq/agent/trajectory.json
Parser warnings: - Command 1 should end with newline when followed by another command. Otherwise the two commands will be concatenated together on the same line.
- Command 2 should end with newline when followed by another command. Otherwise the two commands will be concatenated together on the same line.
Trajectory dumped to jobs/p1-terminus-2-adaptive-rejection-sampler-r2/adaptive-rejection-sampler__DRGrVSq/agent/trajectory.json
Parser warnings: - Command 2 should end with newline when followed by another command. Otherwise the two commands will be concatenated together on the same line.
Trajectory dumped to jobs/p1-terminus-2-adaptive-rejection-sampler-r2/adaptive-rejection-sampler__DRGrVSq/agent/trajectory.json
Trajectory dumped to jobs/p1-terminus-2-adaptive-rejection-sampler-r2/adaptive-rejection-sampler__DRGrVSq/agent/trajectory.json
Trajectory dumped to jobs/p1-terminus-2-adaptive-rejection-sampler-r2/adaptive-rejection-sampler__DRGrVSq/agent/trajectory.json
Trajectory dumped to jobs/p1-terminus-2-adaptive-rejection-sampler-r2/adaptive-rejection-sampler__DRGrVSq/agent/trajectory.json
Trajectory dumped to jobs/p1-terminus-2-adaptive-rejection-sampler-r2/adaptive-rejection-sampler__DRGrVSq/agent/trajectory.json
Trajectory dumped to jobs/p1-terminus-2-adaptive-rejection-sampler-r2/adaptive-rejection-sampler__DRGrVSq/agent/trajectory.json
Collecting main service artifacts
