Skipping image OS validation for alexgshaw/winning-avg-corewars:20251031: docker inspect returned 1
Both tmux and asciinema are already installed
Starting recording.
Sending keys: ['asciinema rec --stdin /logs/agent/recording.cast', 'Enter'] min_timeout_sec: 1.0 max_timeout_sec: 180.0
Sending keys: ['clear', 'Enter'] min_timeout_sec: 0.0 max_timeout_sec: 180.0
Sending keys: ["pwd; printf '\\nFiles:\\n'; find . -maxdepth 2 -type f -printf '%p\\n' | sort; printf '\\nstone.red:\\n'; cat warriors/stone.red; printf '\\npaper.red:\\n'; cat warriors/paper.red; printf '\\nvampire.red:\\n'; cat warriors/vampire.red; printf '\\nsnake.red:\\n'; cat warriors/snake.red; printf '\\ng2-clear.red:\\n'; cat warriors/g2-clear.red\n"] min_timeout_sec: 1.0 max_timeout_sec: 180.0
Trajectory dumped to jobs/p1-terminus-2-winning-avg-corewars-r3/winning-avg-corewars__Mog836p/agent/trajectory.json
Sending keys: ["find . -type f -perm /111 -printf '%p\\n' | sort; command -v pmars || true; find pmars-0.9.4 -maxdepth 2 -type f | head -40\n"] min_timeout_sec: 0.5 max_timeout_sec: 180.0
Sending keys: ['if command -v pmars >/dev/null 2>&1; then pmars -b -r 100 warriors/stone.red warriors/paper.red; else cd pmars-0.9.4 && make -j2; fi\n'] min_timeout_sec: 3.0 max_timeout_sec: 180.0
Trajectory dumped to jobs/p1-terminus-2-winning-avg-corewars-r3/winning-avg-corewars__Mog836p/agent/trajectory.json
Sending keys: ['for a in stone vampire paper snake g2-clear; do for b in stone vampire paper snake g2-clear; do [ "$a" = "$b" ] && continue; echo "=== $a vs $b ==="; pmars -b -r 100 warriors/$a.red warriors/$b.red; done; done\n'] min_timeout_sec: 8.0 max_timeout_sec: 180.0
Sending keys: ["cat > my_warrior.red <<'EOF'\n;redcode-94\n;name Rapid Scanner\n;author challenge\n;assert CORESIZE == 8000 && MAXCYCLES == 80000\n\nstep equ 17\nstart   spl     1\n        spl     scan\n        jmp     clear\nscan    add     #step, ptr\n        jmz.f   scan, @ptr\n        mov     bomb, @ptr\n        mov     bomb, *ptr\n        jmp     scan\nptr     dat     100, 100\nbomb    dat     0, 0\nclear   mov     bomb, >gate\n        djn     clear, >gate\ngate    dat     0, 4000\n        end     start\nEOF\npmars -b -r 100 my_warrior.red warriors/stone.red; pmars -b -r 100 my_warrior.red warriors/vampire.red; pmars -b -r 100 my_warrior.red warriors/paper.red; pmars -b -r 100 my_warrior.red warriors/snake.red; pmars -b -r 100 my_warrior.red warriors/g2-clear.red\n"] min_timeout_sec: 8.0 max_timeout_sec: 180.0
Trajectory dumped to jobs/p1-terminus-2-winning-avg-corewars-r3/winning-avg-corewars__Mog836p/agent/trajectory.json
Sending keys: ["cat > scan4.red <<'EOF'\n;redcode-94\n;name Fast Scan 4\n;assert CORESIZE == 8000 && MAXCYCLES == 80000\nstep equ 4\nstart spl 1\n      spl scan\n      jmp clear\nscan  add #step, p\n      jmz.f scan, @p\n      mov bomb, @p\n      mov bomb, *p\n      jmp scan\np     dat 100,100\nbomb  dat 0,0\nclear mov bomb, >gate\n      djn clear, >gate\ngate  dat 0,4000\n      end start\nEOF\ncat > scan8.red <<'EOF'\n;redcode-94\n;name Fast Scan 8\n;assert CORESIZE == 8000 && MAXCYCLES == 80000\nstep equ 8\nstart spl 1\n      spl scan\n      jmp clear\nscan  add #step, p\n      jmz.f scan, @p\n      mov bomb, @p\n      mov bomb, *p\n      jmp scan\np     dat 100,100\nbomb  dat 0,0\nclear mov bomb, >gate\n      djn clear, >gate\ngate  dat 0,4000\n      end start\nEOF\nfor w in scan4 scan8; do echo ===$w===; for o in stone vampire paper snake g2-clear; do pmars -b -r 100 $w.red warriors/$o.red | tail -1; done; done\n"] min_timeout_sec: 10.0 max_timeout_sec: 180.0
Sending keys: ["cat > imp.red <<'EOF'\n;redcode-94\n;name Imp Spiral\n;assert CORESIZE == 8000 && MAXCYCLES == 80000\nstart spl 1\n      spl 1\n      spl imp\n      spl imp+2667\n      spl imp+5334\n      jmp imp+1\nimp   mov 0,2667\n      end start\nEOF\nfor o in stone vampire paper snake g2-clear; do echo ===$o===; pmars -b -r 100 imp.red warriors/$o.red | tail -1; done\n"] min_timeout_sec: 8.0 max_timeout_sec: 180.0
Trajectory dumped to jobs/p1-terminus-2-winning-avg-corewars-r3/winning-avg-corewars__Mog836p/agent/trajectory.json
Sending keys: ["cat > hybrid.red <<'EOF'\n;redcode-94\n;name Scanner Imp Hybrid\n;assert CORESIZE == 8000 && MAXCYCLES == 80000\nstep equ 4\nstart spl 1\n      spl 1\n      spl scan\n      spl clear\n      spl imp\n      spl imp+2667\n      spl imp+5334\n      jmp imp+1\nscan  add #step, p\n      jmz.f scan, @p\n      mov bomb, @p\n      mov bomb, *p\n      jmp scan\np     dat 100,100\nbomb  dat 0,0\nclear mov bomb, >gate\n      djn clear, >gate\ngate  dat 0,4000\nimp   mov 0,2667\n      end start\nEOF\nfor o in stone vampire paper snake g2-clear; do echo ===$o===; pmars -b -r 100 hybrid.red warriors/$o.red | tail -1; done\n"] min_timeout_sec: 10.0 max_timeout_sec: 180.0
Sending keys: ["cat > hybrid8.red <<'EOF'\n;redcode-94\n;name Scanner Imp Hybrid 8\n;assert CORESIZE == 8000 && MAXCYCLES == 80000\nstep equ 8\nstart spl 1\n      spl 1\n      spl scan\n      spl clear\n      spl imp\n      spl imp+2667\n      spl imp+5334\n      jmp imp+1\nscan  add #step, p\n      jmz.f scan, @p\n      mov bomb, @p\n      mov bomb, *p\n      jmp scan\np     dat 100,100\nbomb  dat 0,0\nclear mov bomb, >gate\n      djn clear, >gate\ngate  dat 0,4000\nimp   mov 0,2667\n      end start\nEOF\nfor o in stone vampire paper snake g2-clear; do echo ===$o===; pmars -b -r 100 hybrid8.red warriors/$o.red | tail -1; done\n"] min_timeout_sec: 10.0 max_timeout_sec: 180.0
Sending keys: ["cat > hybridbomb.red <<'EOF'\n;redcode-94\n;name Carpet Imp Hybrid\n;assert CORESIZE == 8000 && MAXCYCLES == 80000\nstart spl 1\n      spl 1\n      spl bomber\n      spl imp\n      spl imp+2667\n      spl imp+5334\n      jmp imp+1\nbomber add #4,bptr\n       mov bomb,@bptr\n       jmp bomber\nbptr   dat 100,100\nbomb   dat 0,0\nimp    mov 0,2667\n       end start\nEOF\nfor o in stone vampire paper snake g2-clear; do echo ===$o===; pmars -b -r 100 hybridbomb.red warriors/$o.red | tail -1; done\n"] min_timeout_sec: 10.0 max_timeout_sec: 180.0
Trajectory dumped to jobs/p1-terminus-2-winning-avg-corewars-r3/winning-avg-corewars__Mog836p/agent/trajectory.json
Sending keys: ["python3 - <<'PY'\nfrom pathlib import Path\nsrc=Path('warriors/g2-clear.red').read_text()\nfor b in range(1,33):\n    s=src.replace('bptr    dat,       9', 'bptr    dat,       9') if False else src\n    # Replace only the actual source line's B field.\n    s=s.replace('bptr    dat,       9', f'bptr    dat,       {b}')\n    s=s.replace('bptr    dat,       9', f'bptr    dat,       {b}')\n    # source has spacing and operands; robustly replace the line\n    lines=[]\n    for line in s.splitlines():\n        if line.lstrip().startswith('bptr'):\n            line=f'bptr    dat     bomb,       {b}'\n        lines.append(line)\n    Path(f'g2b{b}.red').write_text('\\n'.join(lines)+'\\n')\nPY\nfor b in $(seq 1 32); do printf 'b%02d ' $b; pmars -b -r 100 g2b$b.red warriors/stone.red | tail -1; done\n"] min_timeout_sec: 30.0 max_timeout_sec: 180.0
Sending keys: ["python3 - <<'PY'\nfrom pathlib import Path\nsrc=Path('warriors/g2-clear.red').read_text()\nfor d in [100,250,500,900,1200,1800,2200,2400,2600,2700,2800,3000,3200,3600,4000,5000,6000,7000]:\n    s=src.replace('dec     equ     2700',f'dec     equ     {d}')\n    Path(f'g2d{d}.red').write_text(s)\nPY\nfor d in 100 250 500 900 1200 1800 2200 2400 2600 2700 2800 3000 3200 3600 4000 5000 6000 7000; do printf 'd%04d ' $d; pmars -b -r 100 g2d$d.red warriors/stone.red | tail -1; done\n"] min_timeout_sec: 20.0 max_timeout_sec: 180.0
Trajectory dumped to jobs/p1-terminus-2-winning-avg-corewars-r3/winning-avg-corewars__Mog836p/agent/trajectory.json
Sending keys: ['for w in g2b10 g2b15 g2b21 g2b27 g2d2600; do echo ===$w===; for o in stone vampire paper snake g2-clear; do printf \'%-9s \' "$o"; pmars -b -r 100 $w.red warriors/$o.red | tail -1; done; done\n'] min_timeout_sec: 15.0 max_timeout_sec: 180.0
Sending keys: ['for b in 21 27; do for d in 2600 2700; do python3 - "$b" "$d" <<\'PY\'\nfrom pathlib import Path\nimport sys\nb,d=sys.argv[1:]\ns=Path(\'warriors/g2-clear.red\').read_text()\nlines=[]\nfor line in s.replace(\'dec     equ     2700\',f\'dec     equ     {d}\').splitlines():\n    if line.lstrip().startswith(\'bptr\'):\n        line=f\'bptr    dat     bomb,       {b}\'\n    lines.append(line)\nPath(f\'combo{b}_{d}.red\').write_text(\'\\n\'.join(lines)+\'\\n\')\nPY\n  done; done\nfor w in combo21_2600 combo21_2700 combo27_2600 combo27_2700; do echo ===$w===; for o in stone vampire paper snake g2-clear; do printf \'%-9s \' "$o"; pmars -b -r 100 $w.red warriors/$o.red | tail -1; done; done\n'] min_timeout_sec: 15.0 max_timeout_sec: 180.0
Trajectory dumped to jobs/p1-terminus-2-winning-avg-corewars-r3/winning-avg-corewars__Mog836p/agent/trajectory.json
Sending keys: ["cp combo21_2600.red my_warrior.red\nsed -n '1,120p' my_warrior.red\n"] min_timeout_sec: 0.2 max_timeout_sec: 180.0
Sending keys: ['pmars -b -r 100 my_warrior.red warriors/stone.red; pmars -b -r 100 my_warrior.red warriors/vampire.red; pmars -b -r 100 my_warrior.red warriors/paper.red; pmars -b -r 100 my_warrior.red warriors/snake.red; pmars -b -r 100 my_warrior.red warriors/g2-clear.red\n'] min_timeout_sec: 8.0 max_timeout_sec: 180.0
Trajectory dumped to jobs/p1-terminus-2-winning-avg-corewars-r3/winning-avg-corewars__Mog836p/agent/trajectory.json
Trajectory dumped to jobs/p1-terminus-2-winning-avg-corewars-r3/winning-avg-corewars__Mog836p/agent/trajectory.json
Trajectory dumped to jobs/p1-terminus-2-winning-avg-corewars-r3/winning-avg-corewars__Mog836p/agent/trajectory.json
Trajectory dumped to jobs/p1-terminus-2-winning-avg-corewars-r3/winning-avg-corewars__Mog836p/agent/trajectory.json
Collecting main service artifacts
