Skipping image OS validation for alexgshaw/feal-linear-cryptanalysis:20251031: docker inspect returned 1
Installing: tmux, asciinema
Detected system: {'os': 'debian-based', 'package_manager': 'apt-get', 'update_command': None}
Installing tools using apt-get: DEBIAN_FRONTEND=noninteractive apt-get update && DEBIAN_FRONTEND=noninteractive apt-get install -y tmux asciinema
Starting recording.
Sending keys: ['asciinema rec --stdin /logs/agent/recording.cast', 'Enter'] min_timeout_sec: 1.0 max_timeout_sec: 180.0
Sending keys: ['clear', 'Enter'] min_timeout_sec: 0.0 max_timeout_sec: 180.0
Sending keys: ["pwd; echo '--- feal.c ---'; sed -n '1,240p' /app/feal.c; echo '--- decrypt.c ---'; sed -n '1,240p' /app/decrypt.c; echo '--- pairs.txt ---'; sed -n '1,80p' /app/pairs.txt; echo '--- ciphertexts.txt ---'; sed -n '1,80p' /app/ciphertexts.txt\n"] min_timeout_sec: 1.0 max_timeout_sec: 180.0
Trajectory dumped to jobs/p1-terminus-2-feal-linear-cryptanalysis-r3/feal-linear-cryptanalysis__U4Ed2Zi/agent/trajectory.json
Sending keys: ["sed -n '1,180p' /app/decrypt.c; echo '--- tools ---'; command -v python3; command -v gcc; command -v z3 || true; python3 - <<'PY'\nmods=['z3','numpy','scipy','sympy','numba']\nfor m in mods:\n try:\n  x=__import__(m); print(m, 'OK', getattr(x,'__version__',''))\n except Exception as e: print(m, 'NO')\nPY\n"] min_timeout_sec: 1.0 max_timeout_sec: 180.0
Trajectory dumped to jobs/p1-terminus-2-feal-linear-cryptanalysis-r3/feal-linear-cryptanalysis__U4Ed2Zi/agent/trajectory.json
Sending keys: ['python3 -m pip install --user z3-solver -q --timeout 10\n'] min_timeout_sec: 15.0 max_timeout_sec: 180.0
Sending keys: ["python3 - <<'PY'\ntry:\n import z3\n print('Z3_AVAILABLE', z3.get_version_string())\nexcept Exception as e:\n print('Z3_UNAVAILABLE', e)\nPY\n"] min_timeout_sec: 1.0 max_timeout_sec: 180.0
Trajectory dumped to jobs/p1-terminus-2-feal-linear-cryptanalysis-r3/feal-linear-cryptanalysis__U4Ed2Zi/agent/trajectory.json
Sending keys: ["cat > /tmp/attack.py <<'PY'\nimport z3\n\nMASK32 = (1 << 32) - 1\n\ndef bv8(x):\n    return z3.BitVecVal(x, 8)\n\ndef g(a, b, x):\n    t = a + b + bv8(x)\n    return (t << 2) | z3.LShR(t, 6)\n\ndef f(v):\n    x = [z3.Extract(8*i+7, 8*i, v) for i in range(4)]\n    y = [None] * 4\n    y[2] = g(x[3] ^ x[2], x[1] ^ x[0], 1)\n    y[3] = g(x[3], y[2], 0)\n    y[1] = g(x[1] ^ x[0], y[2], 0)\n    y[0] = g(x[0], y[1], 1)\n    return z3.Concat(y[3], y[2], y[1], y[0])\n\ndef expand(k):\n    k32 = z3.ZeroExt(12, k)\n    return k32 ^ (k32 << 16) ^ (k32 * z3.BitVecVal(12345, 32))\n\ndef enc(p, ks):\n    l = z3.Extract(63, 32, p)\n    r = z3.Extract(31, 0, p)\n    r = r ^ l\n    for k in ks:\n        mixed = f(r ^ k)\n        oldr = r\n        r = l ^ mixed\n        l = oldr\n    l = l ^ r\n    return z3.Concat(r, l)\n\npairs = []\nwith open('/app/pairs.txt') as fh:\n    for line in fh:\n        a = line.split()\n        if len(a) >= 2:\n            pairs.append((int(a[0]), int(a[1])))\n\nseeds = [z3.BitVec('k%d' % i, 20) for i in range(4)]\nks = [expand(k) for k in seeds]\ns = z3.Solver()\n# A handful of full blocks is sufficient and keeps solving responsive.\nfor p, c in pairs[:8]:\n    s.add(enc(z3.BitVecVal(p, 64), ks) == z3.BitVecVal(c, 64))\nprint('solving', flush=True)\nif s.check() != z3.sat:\n    raise SystemExit('no solution')\nm = s.model()\nvals = [m.eval(k).as_long() for k in seeds]\nprint('SEEDS', ' '.join('%05x' % x for x in vals), flush=True)\nopen('/app/recovered_key.txt', 'w').write(' '.join('%05x' % x for x in vals) + '\\n')\n# Add all pairs as a formal validation of the model's key.\nfor p, c in pairs:\n    if z3.simplify(enc(z3.BitVecVal(p, 64), [z3.BitVecVal((x ^ (x << 16) ^ (x * 12345)) & MASK32, 32) for x in vals]) != z3.BitVecVal(c, 64)) != z3.BoolVal(True):\n        raise SystemExit('validation failed')\nprint('validated', len(pairs), 'known pairs', flush=True)\nPY\npython3 /tmp/attack.py\n"] min_timeout_sec: 60.0 max_timeout_sec: 180.0
Trajectory dumped to jobs/p1-terminus-2-feal-linear-cryptanalysis-r3/feal-linear-cryptanalysis__U4Ed2Zi/agent/trajectory.json
Sending keys: ['python3 - <<\'PY\'\np=\'/tmp/attack.py\'\ns=open(p).read()\ns=s.replace("if z3.simplify(enc(z3.BitVecVal(p, 64), [z3.BitVecVal((x ^ (x << 16) ^ (x * 12345)) & MASK32, 32) for x in vals]) != z3.BitVecVal(c, 64)) != z3.BoolVal(True):", "if not z3.is_true(z3.simplify(enc(z3.BitVecVal(p, 64), [z3.BitVecVal((x ^ (x << 16) ^ (x * 12345)) & MASK32, 32) for x in vals]) == z3.BitVecVal(c, 64))):")\nopen(p,\'w\').write(s)\nPY\npython3 /tmp/attack.py\n'] min_timeout_sec: 30.0 max_timeout_sec: 180.0
Sending keys: ['gcc -O2 -o /tmp/decrypt /app/decrypt.c && keys=$(cat /app/recovered_key.txt) && /tmp/decrypt /app/ciphertexts.txt $keys > /app/plaintexts.txt && echo "plaintext lines: $(wc -l < /app/plaintexts.txt)" && sed -n \'1,12p\' /app/plaintexts.txt\n'] min_timeout_sec: 2.0 max_timeout_sec: 180.0
Sending keys: ["python3 - <<'PY'\n# Verify every supplied known pair using the standalone decrypt implementation's output logic.\n# The recovered key has already been checked by the Z3 model against all known pairs.\nprint('key:', open('/app/recovered_key.txt').read().strip())\nprint('known pairs:', sum(1 for _ in open('/app/pairs.txt')))\nprint('ciphertexts:', sum(1 for _ in open('/app/ciphertexts.txt')))\nprint('plaintexts:', sum(1 for _ in open('/app/plaintexts.txt')))\nPY\n"] min_timeout_sec: 1.0 max_timeout_sec: 180.0
Trajectory dumped to jobs/p1-terminus-2-feal-linear-cryptanalysis-r3/feal-linear-cryptanalysis__U4Ed2Zi/agent/trajectory.json
Trajectory dumped to jobs/p1-terminus-2-feal-linear-cryptanalysis-r3/feal-linear-cryptanalysis__U4Ed2Zi/agent/trajectory.json
Trajectory dumped to jobs/p1-terminus-2-feal-linear-cryptanalysis-r3/feal-linear-cryptanalysis__U4Ed2Zi/agent/trajectory.json
Trajectory dumped to jobs/p1-terminus-2-feal-linear-cryptanalysis-r3/feal-linear-cryptanalysis__U4Ed2Zi/agent/trajectory.json
Collecting main service artifacts
