Skipping image OS validation for alexgshaw/large-scale-text-editing:20251031: docker inspect returned 1
Installing: tmux, asciinema
Detected system: {'os': 'debian-based', 'package_manager': 'apt-get', 'update_command': None}
Installing tools using apt-get: DEBIAN_FRONTEND=noninteractive apt-get update && DEBIAN_FRONTEND=noninteractive apt-get install -y tmux asciinema
Starting recording.
Sending keys: ['asciinema rec --stdin /logs/agent/recording.cast', 'Enter'] min_timeout_sec: 1.0 max_timeout_sec: 180.0
Sending keys: ['clear', 'Enter'] min_timeout_sec: 0.0 max_timeout_sec: 180.0
Sending keys: ["wc -l -c input.csv expected.csv; printf '\\nINPUT:\\n'; head -5 input.csv; printf '\\nEXPECTED:\\n'; head -5 expected.csv\n"] min_timeout_sec: 0.2 max_timeout_sec: 180.0
Sending keys: ['cmp -l input.csv expected.csv | head -20; diff -u <(head -20 input.csv) <(head -20 expected.csv) | head -100\n'] min_timeout_sec: 0.2 max_timeout_sec: 180.0
Trajectory dumped to jobs/p1-terminus-2-large-scale-text-editing-r2/large-scale-text-editing__KSVxikh/agent/trajectory.json
Sending keys: ['cat > /app/apply_macros.vim <<\'EOF\'\ncall setreg(\'a\', ":s/^\\\\s*\\\\([^,]*\\\\S\\\\)\\\\s*,\\\\s*\\\\([^,]*\\\\S\\\\)\\\\s*,\\\\s*\\\\([^,]*\\\\S\\\\)\\\\s*$/\\\\U\\\\1\\\\E,\\\\U\\\\2\\\\E,\\\\U\\\\3\\\\E/\\r")\ncall setreg(\'b\', ":s/^\\\\([^,]*\\\\),\\\\([^,]*\\\\),\\\\([^,]*\\\\)$/\\\\3;\\\\2;\\\\1/\\r")\ncall setreg(\'c\', ":s/$/;OK/\\r")\n:%normal! @a\n:%normal! @b\n:%normal! @c\n:wq\nEOF\ncat /app/apply_macros.vim\n'] min_timeout_sec: 0.2 max_timeout_sec: 180.0
Sending keys: ['time vim -Nu NONE -n -Es /app/input.csv -S /app/apply_macros.vim\n'] min_timeout_sec: 60.0 max_timeout_sec: 180.0
Sending keys: ['rc=$?; printf \'vim_rc=%s\\n\' "$rc"; cmp -s /app/input.csv /app/expected.csv; printf \'cmp_rc=%s\\n\' "$?"; wc -l -c /app/input.csv /app/expected.csv\n'] min_timeout_sec: 0.5 max_timeout_sec: 180.0
Trajectory dumped to jobs/p1-terminus-2-large-scale-text-editing-r2/large-scale-text-editing__KSVxikh/agent/trajectory.json
Sending keys: [''] min_timeout_sec: 10.0 max_timeout_sec: 180.0
Sending keys: ['printf \'status_check\\n\'; pgrep -af \'vim -Nu NONE -n -Es\' || true; cmp -s /app/input.csv /app/expected.csv; printf \'cmp_rc=%s\\n\' "$?"; wc -l -c /app/input.csv /app/expected.csv; head -3 /app/input.csv\n'] min_timeout_sec: 0.5 max_timeout_sec: 180.0
Trajectory dumped to jobs/p1-terminus-2-large-scale-text-editing-r2/large-scale-text-editing__KSVxikh/agent/trajectory.json
Sending keys: [''] min_timeout_sec: 30.0 max_timeout_sec: 180.0
Sending keys: [''] min_timeout_sec: 30.0 max_timeout_sec: 180.0
Sending keys: ['printf \'status_check\\n\'; pgrep -af \'vim -Nu NONE -n -Es\' || true; cmp -s /app/input.csv /app/expected.csv; printf \'cmp_rc=%s\\n\' "$?"; wc -l -c /app/input.csv /app/expected.csv\n'] min_timeout_sec: 0.5 max_timeout_sec: 180.0
Trajectory dumped to jobs/p1-terminus-2-large-scale-text-editing-r2/large-scale-text-editing__KSVxikh/agent/trajectory.json
Trajectory dumped to jobs/p1-terminus-2-large-scale-text-editing-r2/large-scale-text-editing__KSVxikh/agent/trajectory.json
Trajectory dumped to jobs/p1-terminus-2-large-scale-text-editing-r2/large-scale-text-editing__KSVxikh/agent/trajectory.json
Trajectory dumped to jobs/p1-terminus-2-large-scale-text-editing-r2/large-scale-text-editing__KSVxikh/agent/trajectory.json
Collecting main service artifacts
