Skipping image OS validation for alexgshaw/large-scale-text-editing:20251031: docker inspect returned 1
Installing: tmux, asciinema
Detected system: {'os': 'debian-based', 'package_manager': 'apt-get', 'update_command': None}
Installing tools using apt-get: DEBIAN_FRONTEND=noninteractive apt-get update && DEBIAN_FRONTEND=noninteractive apt-get install -y tmux asciinema
Starting recording.
Sending keys: ['asciinema rec --stdin /logs/agent/recording.cast', 'Enter'] min_timeout_sec: 1.0 max_timeout_sec: 180.0
Sending keys: ['clear', 'Enter'] min_timeout_sec: 0.0 max_timeout_sec: 180.0
Sending keys: ["wc -l -c input.csv expected.csv; printf '\\n--- input head ---\\n'; sed -n '1,8p' input.csv; printf '\\n--- expected head ---\\n'; sed -n '1,8p' expected.csv; printf '\\n--- diff sample ---\\n'; diff -u <(sed -n '1,30p' input.csv) <(sed -n '1,30p' expected.csv) | head -80\n"] min_timeout_sec: 0.5 max_timeout_sec: 180.0
Trajectory dumped to jobs/direct-terminus-2-large-scale-text-editing-rep1/large-scale-text-editing__H4MoAvG/agent/trajectory.json
Sending keys: ['cp input.csv input.csv.orig\ncat > apply_macros.vim <<\'EOF\'\ncall setreg(\'a\', ":s/^\\\\s*\\\\([^,]*\\\\S\\\\)\\\\s*,\\\\s*\\\\([^,]*\\\\S\\\\)\\\\s*,\\\\s*\\\\([^,]*\\\\S\\\\)\\\\s*$/\\\\3;\\\\2;\\\\1;OK/\\rgUU")\ncall setreg(\'b\', "0")\ncall setreg(\'c\', "$")\n:%normal! @a\n:%normal! @b\n:%normal! @c\n:wq\nEOF\nvim -Nu NONE -n -Es input.csv -S apply_macros.vim\nrc=$?; echo vim_rc=$rc; cmp -s input.csv expected.csv; echo cmp_rc=$?; echo \'--- script ---\'; cat apply_macros.vim; echo \'--- checks ---\'; wc -c apply_macros.vim; test $rc -eq 0 && cmp -s input.csv expected.csv && echo SUCCESS\n'] min_timeout_sec: 30.0 max_timeout_sec: 180.0
Trajectory dumped to jobs/direct-terminus-2-large-scale-text-editing-rep1/large-scale-text-editing__H4MoAvG/agent/trajectory.json
Sending keys: [''] min_timeout_sec: 30.0 max_timeout_sec: 180.0
Trajectory dumped to jobs/direct-terminus-2-large-scale-text-editing-rep1/large-scale-text-editing__H4MoAvG/agent/trajectory.json
Parser warnings: - Command 1 should end with newline when followed by another command. Otherwise the two commands will be concatenated together on the same line.
Sending keys: ['C-c'] min_timeout_sec: 2.0 max_timeout_sec: 180.0
Sending keys: ["printf 'prompt-returned\\n'; wc -c input.csv; sed -n '1,3p' input.csv; ps -eo pid,stat,cmd | grep '[v]im' || true\n"] min_timeout_sec: 0.5 max_timeout_sec: 180.0
Trajectory dumped to jobs/direct-terminus-2-large-scale-text-editing-rep1/large-scale-text-editing__H4MoAvG/agent/trajectory.json
Sending keys: ['C-c\n'] min_timeout_sec: 1.0 max_timeout_sec: 180.0
Sending keys: ["ps -eo pid,stat,cmd | grep '[v]im' || true; echo '--- size ---'; wc -c input.csv input.csv.orig; echo '--- head ---'; sed -n '1,3p' input.csv\n"] min_timeout_sec: 0.5 max_timeout_sec: 180.0
Trajectory dumped to jobs/direct-terminus-2-large-scale-text-editing-rep1/large-scale-text-editing__H4MoAvG/agent/trajectory.json
Parser warnings: - Command 1 should end with newline when followed by another command. Otherwise the two commands will be concatenated together on the same line.
Sending keys: ['C-c'] min_timeout_sec: 2.0 max_timeout_sec: 180.0
Sending keys: ['\n'] min_timeout_sec: 1.0 max_timeout_sec: 180.0
Sending keys: ["echo SHELL_READY; pgrep -a vim || true; wc -c input.csv input.csv.orig; sed -n '1,3p' input.csv\n"] min_timeout_sec: 1.0 max_timeout_sec: 180.0
Trajectory dumped to jobs/direct-terminus-2-large-scale-text-editing-rep1/large-scale-text-editing__H4MoAvG/agent/trajectory.json
Sending keys: ['\n'] min_timeout_sec: 2.0 max_timeout_sec: 180.0
Sending keys: ["echo READY; pgrep -a vim || true; wc -c input.csv input.csv.orig; sed -n '1,3p' input.csv\n"] min_timeout_sec: 1.0 max_timeout_sec: 180.0
Trajectory dumped to jobs/direct-terminus-2-large-scale-text-editing-rep1/large-scale-text-editing__H4MoAvG/agent/trajectory.json
Sending keys: ['C-cC-cC-c\n'] min_timeout_sec: 3.0 max_timeout_sec: 180.0
Sending keys: ["echo RECOVERED; pgrep -a vim || true; ps -eo pid,stat,cmd | grep '[v]im' || true\n"] min_timeout_sec: 1.0 max_timeout_sec: 180.0
Trajectory dumped to jobs/direct-terminus-2-large-scale-text-editing-rep1/large-scale-text-editing__H4MoAvG/agent/trajectory.json
Parser warnings: - Command 1 should end with newline when followed by another command. Otherwise the two commands will be concatenated together on the same line.
- Command 2 should end with newline when followed by another command. Otherwise the two commands will be concatenated together on the same line.
Sending keys: ['C-\\'] min_timeout_sec: 2.0 max_timeout_sec: 180.0
Sending keys: ['C-c'] min_timeout_sec: 2.0 max_timeout_sec: 180.0
Sending keys: ['\n'] min_timeout_sec: 1.0 max_timeout_sec: 180.0
Trajectory dumped to jobs/direct-terminus-2-large-scale-text-editing-rep1/large-scale-text-editing__H4MoAvG/agent/trajectory.json
Sending keys: ['C-z\n'] min_timeout_sec: 2.0 max_timeout_sec: 180.0
Sending keys: ['jobs -l; pgrep -a vim || true\n'] min_timeout_sec: 1.0 max_timeout_sec: 180.0
Trajectory dumped to jobs/direct-terminus-2-large-scale-text-editing-rep1/large-scale-text-editing__H4MoAvG/agent/trajectory.json
Sending keys: ['C-c\n'] min_timeout_sec: 10.0 max_timeout_sec: 180.0
Trajectory dumped to jobs/direct-terminus-2-large-scale-text-editing-rep1/large-scale-text-editing__H4MoAvG/agent/trajectory.json
Sending keys: ['C-\\\\\n'] min_timeout_sec: 10.0 max_timeout_sec: 180.0
Trajectory dumped to jobs/direct-terminus-2-large-scale-text-editing-rep1/large-scale-text-editing__H4MoAvG/agent/trajectory.json
Sending keys: [':qa!\n'] min_timeout_sec: 5.0 max_timeout_sec: 180.0
Trajectory dumped to jobs/direct-terminus-2-large-scale-text-editing-rep1/large-scale-text-editing__H4MoAvG/agent/trajectory.json
Sending keys: [''] min_timeout_sec: 60.0 max_timeout_sec: 180.0
Trajectory dumped to jobs/direct-terminus-2-large-scale-text-editing-rep1/large-scale-text-editing__H4MoAvG/agent/trajectory.json
Sending keys: [''] min_timeout_sec: 60.0 max_timeout_sec: 180.0
Trajectory dumped to jobs/direct-terminus-2-large-scale-text-editing-rep1/large-scale-text-editing__H4MoAvG/agent/trajectory.json
Sending keys: [''] min_timeout_sec: 60.0 max_timeout_sec: 180.0
Trajectory dumped to jobs/direct-terminus-2-large-scale-text-editing-rep1/large-scale-text-editing__H4MoAvG/agent/trajectory.json
Sending keys: ['C-c'] min_timeout_sec: 10.0 max_timeout_sec: 180.0
Trajectory dumped to jobs/direct-terminus-2-large-scale-text-editing-rep1/large-scale-text-editing__H4MoAvG/agent/trajectory.json
Sending keys: ['C-cC-cC-cC-cC-c'] min_timeout_sec: 20.0 max_timeout_sec: 180.0
Trajectory dumped to jobs/direct-terminus-2-large-scale-text-editing-rep1/large-scale-text-editing__H4MoAvG/agent/trajectory.json
Parser warnings: - Command 1 should end with newline when followed by another command. Otherwise the two commands will be concatenated together on the same line.
Sending keys: ['C-z'] min_timeout_sec: 5.0 max_timeout_sec: 180.0
Sending keys: [''] min_timeout_sec: 5.0 max_timeout_sec: 180.0
Trajectory dumped to jobs/direct-terminus-2-large-scale-text-editing-rep1/large-scale-text-editing__H4MoAvG/agent/trajectory.json
Sending keys: ['kill %1 2>/dev/null || true\ncp input.csv.orig input.csv\ncat > apply_macros.vim <<\'EOF\'\ncall setreg(\'a\', ":s/^\\\\s*\\\\([^,]*\\\\S\\\\)\\\\s*,\\\\s*\\\\([^,]*\\\\S\\\\)\\\\s*,\\\\s*\\\\([^,]*\\\\S\\\\)\\\\s*$/\\\\U\\\\3\\\\E;\\\\U\\\\2\\\\E;\\\\U\\\\1\\\\E;OK/\\r")\ncall setreg(\'b\', "0")\ncall setreg(\'c\', "$")\n:%normal! @a\n:%normal! @b\n:%normal! @c\n:wq\nEOF\nwc -c apply_macros.vim\nvim -Nu NONE -n -Es input.csv -S apply_macros.vim\nrc=$?; echo vim_rc=$rc; cmp -s input.csv expected.csv; echo cmp_rc=$?; sed -n \'1,3p\' input.csv\n'] min_timeout_sec: 60.0 max_timeout_sec: 180.0
Trajectory dumped to jobs/direct-terminus-2-large-scale-text-editing-rep1/large-scale-text-editing__H4MoAvG/agent/trajectory.json
Sending keys: [''] min_timeout_sec: 60.0 max_timeout_sec: 180.0
Trajectory dumped to jobs/direct-terminus-2-large-scale-text-editing-rep1/large-scale-text-editing__H4MoAvG/agent/trajectory.json
Trajectory dumped to jobs/direct-terminus-2-large-scale-text-editing-rep1/large-scale-text-editing__H4MoAvG/agent/trajectory.json
Trajectory dumped to jobs/direct-terminus-2-large-scale-text-editing-rep1/large-scale-text-editing__H4MoAvG/agent/trajectory.json
Trajectory dumped to jobs/direct-terminus-2-large-scale-text-editing-rep1/large-scale-text-editing__H4MoAvG/agent/trajectory.json
Collecting main service artifacts
