meta-harness: fix-git -> terminus-2 2.0.0 (exact: known task (hard-coded cache))
Installing: tmux, asciinema
Detected system: {'os': 'debian-based', 'package_manager': 'apt-get', 'update_command': None}
Installing tools using apt-get: DEBIAN_FRONTEND=noninteractive apt-get update && DEBIAN_FRONTEND=noninteractive apt-get install -y tmux asciinema
Starting recording.
Sending keys: ['asciinema rec --stdin /logs/agent/recording.cast', 'Enter'] min_timeout_sec: 1.0 max_timeout_sec: 180.0
Sending keys: ['clear', 'Enter'] min_timeout_sec: 0.0 max_timeout_sec: 180.0
Sending keys: ["git status --short --branch && printf '\\nBranches:\\n' && git branch -avv && printf '\\nRecent commits:\\n' && git log --oneline --decorate --all -20\n"] min_timeout_sec: 0.5 max_timeout_sec: 180.0
Sending keys: ["printf '\\nReflog:\\n' && git reflog --all --date=local -30 && printf '\\nStashes:\\n' && git stash list\n"] min_timeout_sec: 0.5 max_timeout_sec: 180.0
Trajectory dumped to jobs/live-luna-fix-git-20261009-202741/fix-git__bQVF7Po/agent/trajectory.json
Sending keys: ['git show --stat --oneline --decorate c499730 && git show --format=fuller --no-ext-diff c499730\n'] min_timeout_sec: 0.5 max_timeout_sec: 180.0
Sending keys: ['git merge-base --is-ancestor d7d3e4b c499730; printf \'master-is-ancestor-of-commit: %s\\n\' "$?"; git rev-list --parents -n 1 c499730\n'] min_timeout_sec: 0.2 max_timeout_sec: 180.0
Sending keys: ['git cherry-pick c499730\n'] min_timeout_sec: 1.0 max_timeout_sec: 180.0
Sending keys: ['git status --short --branch && git log --oneline --decorate -3\n'] min_timeout_sec: 0.5 max_timeout_sec: 180.0
Trajectory dumped to jobs/live-luna-fix-git-20261009-202741/fix-git__bQVF7Po/agent/trajectory.json
Parser warnings: - Command 1 should end with newline when followed by another command. Otherwise the two commands will be concatenated together on the same line.
Sending keys: ['q'] min_timeout_sec: 0.1 max_timeout_sec: 180.0
Sending keys: ['git cherry-pick c499730\n'] min_timeout_sec: 1.0 max_timeout_sec: 180.0
Sending keys: ['git status --short --branch && git log --oneline --decorate -3\n'] min_timeout_sec: 0.5 max_timeout_sec: 180.0
Trajectory dumped to jobs/live-luna-fix-git-20261009-202741/fix-git__bQVF7Po/agent/trajectory.json
Sending keys: ['q\n'] min_timeout_sec: 0.2 max_timeout_sec: 180.0
Sending keys: ['git cherry-pick c499730\n'] min_timeout_sec: 1.0 max_timeout_sec: 180.0
Sending keys: ['git status --short --branch && git log --oneline --decorate -3\n'] min_timeout_sec: 0.5 max_timeout_sec: 180.0
Trajectory dumped to jobs/live-luna-fix-git-20261009-202741/fix-git__bQVF7Po/agent/trajectory.json
Sending keys: ['\n'] min_timeout_sec: 0.2 max_timeout_sec: 180.0
Sending keys: ['q\n'] min_timeout_sec: 0.2 max_timeout_sec: 180.0
Sending keys: ['git cherry-pick c499730\n'] min_timeout_sec: 1.0 max_timeout_sec: 180.0
Sending keys: ['git status --short --branch && git log --oneline --decorate -3\n'] min_timeout_sec: 0.5 max_timeout_sec: 180.0
Trajectory dumped to jobs/live-luna-fix-git-20261009-202741/fix-git__bQVF7Po/agent/trajectory.json
Parser warnings: - Command 1 should end with newline when followed by another command. Otherwise the two commands will be concatenated together on the same line.
Sending keys: ['C-c'] min_timeout_sec: 0.3 max_timeout_sec: 180.0
Sending keys: ["printf 'SHELL_READY\\n'\n"] min_timeout_sec: 0.2 max_timeout_sec: 180.0
Sending keys: ['GIT_PAGER=cat git cherry-pick c499730\n'] min_timeout_sec: 1.0 max_timeout_sec: 180.0
Sending keys: ['GIT_PAGER=cat git status --short --branch && GIT_PAGER=cat git log --oneline --decorate -3\n'] min_timeout_sec: 0.5 max_timeout_sec: 180.0
Trajectory dumped to jobs/live-luna-fix-git-20261009-202741/fix-git__bQVF7Po/agent/trajectory.json
Sending keys: ['q\n'] min_timeout_sec: 0.5 max_timeout_sec: 180.0
Trajectory dumped to jobs/live-luna-fix-git-20261009-202741/fix-git__bQVF7Po/agent/trajectory.json
Sending keys: ['\n'] min_timeout_sec: 0.3 max_timeout_sec: 180.0
Sending keys: ['q'] min_timeout_sec: 0.5 max_timeout_sec: 180.0
Trajectory dumped to jobs/live-luna-fix-git-20261009-202741/fix-git__bQVF7Po/agent/trajectory.json
Sending keys: ['C-c\n'] min_timeout_sec: 0.5 max_timeout_sec: 180.0
Sending keys: ['q\n'] min_timeout_sec: 0.5 max_timeout_sec: 180.0
Trajectory dumped to jobs/live-luna-fix-git-20261009-202741/fix-git__bQVF7Po/agent/trajectory.json
Sending keys: ['C-c\n'] min_timeout_sec: 1.0 max_timeout_sec: 180.0
Trajectory dumped to jobs/live-luna-fix-git-20261009-202741/fix-git__bQVF7Po/agent/trajectory.json
Sending keys: ['git --no-pager cherry-pick c499730\n'] min_timeout_sec: 1.0 max_timeout_sec: 180.0
Sending keys: ['git --no-pager status --short --branch && git --no-pager log --oneline --decorate -3\n'] min_timeout_sec: 0.5 max_timeout_sec: 180.0
Trajectory dumped to jobs/live-luna-fix-git-20261009-202741/fix-git__bQVF7Po/agent/trajectory.json
Sending keys: ["printf '%s\\n' '--- conflicted about.md ---'; cat -n _includes/about.md; printf '%s\\n' '--- stray file ---'; ls -l -- 'tatus --short --branch'\n"] min_timeout_sec: 0.3 max_timeout_sec: 180.0
Sending keys: ["rm -f -- 'tatus --short --branch'\ncat > _includes/about.md <<'EOF'\nI am a Postdoctoral Researcher at Stanford CS.\n\nPreviously, I was a Student Researcher at [Google Research](https://research.google/), an ML Research Intern at [Apple Health AI](https://machinelearning.apple.com/work-with-us) and a data scientist and the second full-time employee at [HealthRhythms](https://www.healthrhythms.com).\nEOF\n\ngit add _includes/about.md _layouts/default.html\ngit -c core.editor=true -c sequence.editor=true cherry-pick --continue\n"] min_timeout_sec: 1.0 max_timeout_sec: 180.0
Sending keys: ['git --no-pager status --short --branch && git --no-pager log --oneline --decorate -4\n'] min_timeout_sec: 0.5 max_timeout_sec: 180.0
Trajectory dumped to jobs/live-luna-fix-git-20261009-202741/fix-git__bQVF7Po/agent/trajectory.json
Trajectory dumped to jobs/live-luna-fix-git-20261009-202741/fix-git__bQVF7Po/agent/trajectory.json
Trajectory dumped to jobs/live-luna-fix-git-20261009-202741/fix-git__bQVF7Po/agent/trajectory.json
Trajectory dumped to jobs/live-luna-fix-git-20261009-202741/fix-git__bQVF7Po/agent/trajectory.json
Collecting main service artifacts
