Skipping image OS validation for alexgshaw/portfolio-optimization:20251031: docker inspect returned 1
Installing: tmux, asciinema
Detected system: {'os': 'debian-based', 'package_manager': 'apt-get', 'update_command': None}
Installing tools using apt-get: DEBIAN_FRONTEND=noninteractive apt-get update && DEBIAN_FRONTEND=noninteractive apt-get install -y tmux asciinema
Starting recording.
Sending keys: ['asciinema rec --stdin /logs/agent/recording.cast', 'Enter'] min_timeout_sec: 1.0 max_timeout_sec: 180.0
Sending keys: ['clear', 'Enter'] min_timeout_sec: 0.0 max_timeout_sec: 180.0
Sending keys: ["pwd && ls -la && printf '\\n--- files ---\\n' && find . -maxdepth 2 -type f -print\n"] min_timeout_sec: 0.2 max_timeout_sec: 180.0
Sending keys: ["printf '\\n--- baseline ---\\n' && sed -n '1,240p' portfolio_baseline.py && printf '\\n--- optimized.py ---\\n' && sed -n '1,240p' portfolio_optimized.py && printf '\\n--- optimized.c ---\\n' && sed -n '1,320p' portfolio_optimized.c\n"] min_timeout_sec: 0.2 max_timeout_sec: 180.0
Sending keys: ["printf '\\n--- setup.py ---\\n' && cat setup.py && printf '\\n--- benchmark.py ---\\n' && sed -n '1,280p' benchmark.py\n"] min_timeout_sec: 0.2 max_timeout_sec: 180.0
Trajectory dumped to jobs/p1-terminus-2-portfolio-optimization-r3/portfolio-optimization__uU4xzBJ/agent/trajectory.json
Sending keys: ['nl -ba portfolio_optimized.c\n'] min_timeout_sec: 0.2 max_timeout_sec: 180.0
Sending keys: ['cat > portfolio_optimized.c <<\'EOF\'\n/* Fast portfolio calculations implemented as a NumPy C extension. */\n#define NPY_NO_DEPRECATED_API NPY_1_7_API_VERSION\n#include <Python.h>\n#include <numpy/arrayobject.h>\n#include <math.h>\n\nstatic PyObject *portfolio_risk_c(PyObject *self, PyObject *args) {\n    PyArrayObject *weights, *cov;\n    if (!PyArg_ParseTuple(args, "O!O!", &PyArray_Type, &weights,\n                          &PyArray_Type, &cov))\n        return NULL;\n\n    if (PyArray_NDIM(weights) != 1 || PyArray_NDIM(cov) != 2) {\n        PyErr_SetString(PyExc_ValueError, "weights must be 1D and cov_matrix must be 2D");\n        return NULL;\n    }\n    npy_intp n = PyArray_DIM(weights, 0);\n    if (PyArray_DIM(cov, 0) != n || PyArray_DIM(cov, 1) != n) {\n        PyErr_SetString(PyExc_ValueError, "cov_matrix must be square and match weights");\n        return NULL;\n    }\n    if (PyArray_TYPE(weights) != NPY_DOUBLE || PyArray_TYPE(cov) != NPY_DOUBLE ||\n        !PyArray_IS_C_CONTIGUOUS(weights) || !PyArray_IS_C_CONTIGUOUS(cov)) {\n        PyErr_SetString(PyExc_TypeError, "arrays must be contiguous float64 arrays");\n        return NULL;\n    }\n\n    const double *x = (const double *)PyArray_DATA(weights);\n    const double *s = (const double *)PyArray_DATA(cov);\n    double result = 0.0;\n    /* Keep the same row-major accumulation order as the Python baseline. */\n    for (npy_intp i = 0; i < n; ++i) {\n        const double *row = s + i * n;\n        double row_sum = 0.0;\n        for (npy_intp j = 0; j < n; ++j)\n            row_sum += row[j] * x[j];\n        result += x[i] * row_sum;\n    }\n    return PyFloat_FromDouble(sqrt(result));\n}\n\nstatic PyObject *portfolio_return_c(PyObject *self, PyObject *args) {\n    PyArrayObject *weights, *returns;\n    if (!PyArg_ParseTuple(args, "O!O!", &PyArray_Type, &weights,\n                          &PyArray_Type, &returns))\n        return NULL;\n    if (PyArray_NDIM(weights) != 1 || PyArray_NDIM(returns) != 1 ||\n        PyArray_DIM(weights, 0) != PyArray_DIM(returns, 0)) {\n        PyErr_SetString(PyExc_ValueError, "weights and expected_returns must be matching 1D arrays");\n        return NULL;\n    }\n    if (PyArray_TYPE(weights) != NPY_DOUBLE || PyArray_TYPE(returns) != NPY_DOUBLE ||\n        !PyArray_IS_C_CONTIGUOUS(weights) || !PyArray_IS_C_CONTIGUOUS(returns)) {\n        PyErr_SetString(PyExc_TypeError, "arrays must be contiguous float64 arrays");\n        return NULL;\n    }\n    npy_intp n = PyArray_DIM(weights, 0);\n    const double *x = (const double *)PyArray_DATA(weights);\n    const double *r = (const double *)PyArray_DATA(returns);\n    double result = 0.0;\n    for (npy_intp i = 0; i < n; ++i)\n        result += x[i] * r[i];\n    return PyFloat_FromDouble(result);\n}\n\nstatic PyMethodDef module_methods[] = {\n    {"portfolio_risk_c", portfolio_risk_c, METH_VARARGS, "Compute sqrt(x^T S x)."},\n    {"portfolio_return_c", portfolio_return_c, METH_VARARGS, "Compute x^T r."},\n    {NULL, NULL, 0, NULL}\n};\n\nstatic struct PyModuleDef moduledef = {\n    PyModuleDef_HEAD_INIT,\n    "portfolio_optimized_c",\n    "Optimized portfolio calculations",\n    -1,\n    module_methods\n};\n\nPyMODINIT_FUNC PyInit_portfolio_optimized_c(void) {\n    import_array();\n    return PyModule_Create(&moduledef);\n}\nEOF\n\ncat > portfolio_optimized.py <<\'EOF\'\n"""Python wrapper for the optimized portfolio C extension."""\nimport numpy as np\nimport portfolio_optimized_c as _c\n\n\ndef portfolio_risk_c(weights, cov_matrix):\n    """Return sqrt(weights.T @ cov_matrix @ weights)."""\n    w = np.ascontiguousarray(weights, dtype=np.float64)\n    cov = np.ascontiguousarray(cov_matrix, dtype=np.float64)\n    return _c.portfolio_risk_c(w, cov)\n\n\ndef portfolio_return_c(weights, expected_returns):\n    """Return the expected portfolio return weights.T @ expected_returns."""\n    w = np.ascontiguousarray(weights, dtype=np.float64)\n    r = np.ascontiguousarray(expected_returns, dtype=np.float64)\n    return _c.portfolio_return_c(w, r)\n\n\n__all__ = ["portfolio_risk_c", "portfolio_return_c"]\nEOF\n\npython3 setup.py build_ext --inplace\n'] min_timeout_sec: 1.0 max_timeout_sec: 180.0
Sending keys: ["python3 - <<'PY'\nfrom portfolio_baseline import generate_test_data, portfolio_risk_python, portfolio_return_python\nfrom portfolio_optimized import portfolio_risk_c, portfolio_return_c\nfor n in (1, 10, 50):\n    w, cov, r = generate_test_data(n)\n    a, b = portfolio_risk_python(w, cov), portfolio_risk_c(w, cov)\n    c, d = portfolio_return_python(w, r), portfolio_return_c(w, r)\n    print(n, a, b, abs(a-b), c, d, abs(c-d))\nPY\n"] min_timeout_sec: 1.0 max_timeout_sec: 180.0
Sending keys: ['python3 benchmark.py\n'] min_timeout_sec: 10.0 max_timeout_sec: 180.0
Trajectory dumped to jobs/p1-terminus-2-portfolio-optimization-r3/portfolio-optimization__uU4xzBJ/agent/trajectory.json
Sending keys: [''] min_timeout_sec: 10.0 max_timeout_sec: 180.0
Trajectory dumped to jobs/p1-terminus-2-portfolio-optimization-r3/portfolio-optimization__uU4xzBJ/agent/trajectory.json
Sending keys: [''] min_timeout_sec: 10.0 max_timeout_sec: 180.0
Trajectory dumped to jobs/p1-terminus-2-portfolio-optimization-r3/portfolio-optimization__uU4xzBJ/agent/trajectory.json
Sending keys: [''] min_timeout_sec: 15.0 max_timeout_sec: 180.0
Trajectory dumped to jobs/p1-terminus-2-portfolio-optimization-r3/portfolio-optimization__uU4xzBJ/agent/trajectory.json
Sending keys: [''] min_timeout_sec: 20.0 max_timeout_sec: 180.0
Trajectory dumped to jobs/p1-terminus-2-portfolio-optimization-r3/portfolio-optimization__uU4xzBJ/agent/trajectory.json
Sending keys: [''] min_timeout_sec: 15.0 max_timeout_sec: 180.0
Trajectory dumped to jobs/p1-terminus-2-portfolio-optimization-r3/portfolio-optimization__uU4xzBJ/agent/trajectory.json
Sending keys: [''] min_timeout_sec: 20.0 max_timeout_sec: 180.0
Trajectory dumped to jobs/p1-terminus-2-portfolio-optimization-r3/portfolio-optimization__uU4xzBJ/agent/trajectory.json
Trajectory dumped to jobs/p1-terminus-2-portfolio-optimization-r3/portfolio-optimization__uU4xzBJ/agent/trajectory.json
Trajectory dumped to jobs/p1-terminus-2-portfolio-optimization-r3/portfolio-optimization__uU4xzBJ/agent/trajectory.json
Trajectory dumped to jobs/p1-terminus-2-portfolio-optimization-r3/portfolio-optimization__uU4xzBJ/agent/trajectory.json
Collecting main service artifacts
