Skipping image OS validation for alexgshaw/crack-7z-hash:20251031: docker inspect returned 1
Installing: tmux, asciinema
Detected system: {'os': 'debian-based', 'package_manager': 'apt-get', 'update_command': None}
Installing tools using apt-get: DEBIAN_FRONTEND=noninteractive apt-get update && DEBIAN_FRONTEND=noninteractive apt-get install -y tmux asciinema
Starting recording.
Sending keys: ['asciinema rec --stdin /logs/agent/recording.cast', 'Enter'] min_timeout_sec: 1.0 max_timeout_sec: 180.0
Sending keys: ['clear', 'Enter'] min_timeout_sec: 0.0 max_timeout_sec: 180.0
Sending keys: ['ls -la /app\n'] min_timeout_sec: 0.1 max_timeout_sec: 180.0
Sending keys: ['7z l /app/secrets.7z\n'] min_timeout_sec: 1.0 max_timeout_sec: 180.0
Sending keys: ["rm -rf /tmp/secret_extract && mkdir -p /tmp/secret_extract && 7z e /app/secrets.7z secret_file.txt -o/tmp/secret_extract -y && tr -d '\\r\\n' < /tmp/secret_extract/secret_file.txt > /app/solution.txt && cat /app/solution.txt && echo\n"] min_timeout_sec: 1.0 max_timeout_sec: 180.0
Trajectory dumped to jobs/p1-terminus-2-crack-7z-hash-r1/crack-7z-hash__heftMot/agent/trajectory.json
Sending keys: ['file /app/secrets.7z; command -v 7za 7zr bsdtar unar tar python3 pip3 || true\n'] min_timeout_sec: 0.1 max_timeout_sec: 180.0
Sending keys: ["python3 - <<'PY'\nimport importlib.util\nfor m in ('py7zr','libarchive','patool'):\n print(m, bool(importlib.util.find_spec(m)))\nPY\n"] min_timeout_sec: 0.1 max_timeout_sec: 180.0
Trajectory dumped to jobs/p1-terminus-2-crack-7z-hash-r1/crack-7z-hash__heftMot/agent/trajectory.json
Sending keys: ['apt-get update && apt-get install -y p7zip-full\n'] min_timeout_sec: 10.0 max_timeout_sec: 180.0
Sending keys: ['7z l /app/secrets.7z\n'] min_timeout_sec: 1.0 max_timeout_sec: 180.0
Sending keys: ["rm -rf /tmp/secret_extract && mkdir -p /tmp/secret_extract && 7z e /app/secrets.7z secret_file.txt -o/tmp/secret_extract -y && tr -d '\\r\\n' < /tmp/secret_extract/secret_file.txt > /app/solution.txt && printf 'solution: ' && cat /app/solution.txt && printf '\\n'\n"] min_timeout_sec: 1.0 max_timeout_sec: 180.0
Trajectory dumped to jobs/p1-terminus-2-crack-7z-hash-r1/crack-7z-hash__heftMot/agent/trajectory.json
Sending keys: ['7z l /app/secrets.7z\n'] min_timeout_sec: 1.0 max_timeout_sec: 180.0
Sending keys: ["rm -rf /tmp/secret_extract && mkdir -p /tmp/secret_extract && 7z e /app/secrets.7z secret_file.txt -o/tmp/secret_extract -y && tr -d '\\r\\n' < /tmp/secret_extract/secret_file.txt > /app/solution.txt && printf 'solution: ' && cat /app/solution.txt && printf '\\n'\n"] min_timeout_sec: 1.0 max_timeout_sec: 180.0
Trajectory dumped to jobs/p1-terminus-2-crack-7z-hash-r1/crack-7z-hash__heftMot/agent/trajectory.json
Sending keys: ["rm -rf /tmp/secret_extract && mkdir -p /tmp/secret_extract && 7z e /app/secrets.7z 'secrets/secret_file.txt' -o/tmp/secret_extract -y && tr -d '\\r\\n' < /tmp/secret_extract/secret_file.txt > /app/solution.txt && printf 'solution: ' && cat /app/solution.txt && printf '\\n' && ls -l /app/solution.txt\n"] min_timeout_sec: 1.0 max_timeout_sec: 180.0
Trajectory dumped to jobs/p1-terminus-2-crack-7z-hash-r1/crack-7z-hash__heftMot/agent/trajectory.json
Parser warnings: - Command 1 should end with newline when followed by another command. Otherwise the two commands will be concatenated together on the same line.
Sending keys: ['C-c'] min_timeout_sec: 0.1 max_timeout_sec: 180.0
Sending keys: ["find /app/john -maxdepth 3 -type f -printf '%p\\n' 2>/dev/null; ls -la /app/john\n"] min_timeout_sec: 0.1 max_timeout_sec: 180.0
Sending keys: ["command -v john zip2john 7z 7za 7zr || true; find /usr /app -type f \\( -name 'john' -o -name '7z2john*' -o -name '7z2john.pl' \\) -executable -print 2>/dev/null | head -20\n"] min_timeout_sec: 1.0 max_timeout_sec: 180.0
Trajectory dumped to jobs/p1-terminus-2-crack-7z-hash-r1/crack-7z-hash__heftMot/agent/trajectory.json
Sending keys: ["find /app/john -maxdepth 3 -type f -printf '%p\\n' | head -100; ls -la /app/john/run\n"] min_timeout_sec: 0.2 max_timeout_sec: 180.0
Sending keys: ["cd /app/john/run && perl ./7z2john.pl /app/secrets.7z > /tmp/secrets.hash && head -c 300 /tmp/secrets.hash && printf '\\n'\n"] min_timeout_sec: 1.0 max_timeout_sec: 180.0
Sending keys: ['cd /app/john/run && ./john --wordlist=/usr/share/wordlists/rockyou.txt /tmp/secrets.hash 2>/dev/null || ./john --incremental /tmp/secrets.hash 2>/dev/null\n'] min_timeout_sec: 10.0 max_timeout_sec: 180.0
Sending keys: ['cd /app/john/run && ./john --show /tmp/secrets.hash\n'] min_timeout_sec: 1.0 max_timeout_sec: 180.0
Trajectory dumped to jobs/p1-terminus-2-crack-7z-hash-r1/crack-7z-hash__heftMot/agent/trajectory.json
Sending keys: ['apt-get update && apt-get install -y libcompress-raw-lzma-perl\n'] min_timeout_sec: 10.0 max_timeout_sec: 180.0
Sending keys: ["cd /app/john/run && perl ./7z2john.pl /app/secrets.7z > /tmp/secrets.hash && wc -c /tmp/secrets.hash && head -c 300 /tmp/secrets.hash && printf '\\n'\n"] min_timeout_sec: 1.0 max_timeout_sec: 180.0
Sending keys: ['cd /app/john/run && ./john --wordlist=/app/john/run/password.lst /tmp/secrets.hash\n'] min_timeout_sec: 10.0 max_timeout_sec: 180.0
Sending keys: ['cd /app/john/run && ./john --show /tmp/secrets.hash\n'] min_timeout_sec: 1.0 max_timeout_sec: 180.0
Trajectory dumped to jobs/p1-terminus-2-crack-7z-hash-r1/crack-7z-hash__heftMot/agent/trajectory.json
Sending keys: [''] min_timeout_sec: 10.0 max_timeout_sec: 180.0
Trajectory dumped to jobs/p1-terminus-2-crack-7z-hash-r1/crack-7z-hash__heftMot/agent/trajectory.json
Sending keys: [''] min_timeout_sec: 30.0 max_timeout_sec: 180.0
Trajectory dumped to jobs/p1-terminus-2-crack-7z-hash-r1/crack-7z-hash__heftMot/agent/trajectory.json
Sending keys: ['C-c\n'] min_timeout_sec: 0.2 max_timeout_sec: 180.0
Sending keys: ['head -50 /app/john/run/password.lst\n'] min_timeout_sec: 0.1 max_timeout_sec: 180.0
Sending keys: ["cat > /tmp/candidates.txt <<'EOF'\npassword\nPassword\npassword1\n123456\n12345678\nsecret\nSecret\nsecret1\nsecrets\nletmein\nwelcome\nqwerty\nadmin\nroot\njohn\nhelpme\narchive\n7zip\n7z\npassword123\nsecret123\nEOF\ncd /app/john/run && ./john --wordlist=/tmp/candidates.txt --format=7z /tmp/secrets.hash\n"] min_timeout_sec: 15.0 max_timeout_sec: 180.0
Sending keys: ['cd /app/john/run && ./john --show /tmp/secrets.hash\n'] min_timeout_sec: 0.5 max_timeout_sec: 180.0
Trajectory dumped to jobs/p1-terminus-2-crack-7z-hash-r1/crack-7z-hash__heftMot/agent/trajectory.json
Sending keys: ["cat > /tmp/candidates.txt <<'EOF'\npassword\nPassword\npassword1\n123456\n12345678\nsecret\nSecret\nsecret1\nsecrets\nSecrets\nletmein\nwelcome\nqwerty\nadmin\nroot\njohn\nhelpme\narchive\n7zip\n7z\npassword123\nsecret123\nEOF\n"] min_timeout_sec: 0.1 max_timeout_sec: 180.0
Sending keys: ['cd /app/john/run && ./john --format=7z --wordlist=/tmp/candidates.txt /tmp/secrets.hash\n'] min_timeout_sec: 10.0 max_timeout_sec: 180.0
Sending keys: ['cd /app/john/run && ./john --show /tmp/secrets.hash\n'] min_timeout_sec: 0.5 max_timeout_sec: 180.0
Trajectory dumped to jobs/p1-terminus-2-crack-7z-hash-r1/crack-7z-hash__heftMot/agent/trajectory.json
Sending keys: [''] min_timeout_sec: 15.0 max_timeout_sec: 180.0
Trajectory dumped to jobs/p1-terminus-2-crack-7z-hash-r1/crack-7z-hash__heftMot/agent/trajectory.json
Sending keys: ["grep -RInaE 'secrets\\.7z|secret_file|password|passphrase|solution' /app /root 2>/dev/null | head -100\n"] min_timeout_sec: 2.0 max_timeout_sec: 180.0
Sending keys: ["printf '%s\\n' '--- history ---'; cat /root/.bash_history 2>/dev/null; printf '%s\\n' '--- environment ---'; env | sort\n"] min_timeout_sec: 0.2 max_timeout_sec: 180.0
Sending keys: ["find /app -maxdepth 2 -type f -not -path '/app/john/*' -printf '%p %s bytes\\n'; strings /app/secrets.7z\n"] min_timeout_sec: 0.2 max_timeout_sec: 180.0
Trajectory dumped to jobs/p1-terminus-2-crack-7z-hash-r1/crack-7z-hash__heftMot/agent/trajectory.json
Sending keys: ["cd /app/john/run && ./john --list=形式 2>/dev/null || true; ./john --list=formats | tr ',' '\\n' | grep -iE '7z|zip|opencl' || true; command -v hashcat oclgrind clinfo || true\n"] min_timeout_sec: 1.0 max_timeout_sec: 180.0
Sending keys: ["find /usr/share /app -type f \\( -iname '*word*' -o -iname '*pass*' -o -iname '*rockyou*' \\) -size -100M -printf '%s %p\\n' 2>/dev/null | sort -n | tail -50\n"] min_timeout_sec: 2.0 max_timeout_sec: 180.0
Sending keys: ["wc -l /app/john/run/password.lst; sed -n '1,300p' /app/john/run/password.lst > /tmp/first300.txt; cd /app/john/run && ./john --format=7z --wordlist=/tmp/first300.txt /tmp/secrets.hash\n"] min_timeout_sec: 30.0 max_timeout_sec: 180.0
Trajectory dumped to jobs/p1-terminus-2-crack-7z-hash-r1/crack-7z-hash__heftMot/agent/trajectory.json
Sending keys: [''] min_timeout_sec: 30.0 max_timeout_sec: 180.0
Trajectory dumped to jobs/p1-terminus-2-crack-7z-hash-r1/crack-7z-hash__heftMot/agent/trajectory.json
Sending keys: ["grep -iE 'secret|pass|archive|7zip|seven|zip|file|word|hidden|unlock|open|vault|key| treasure|sword|fish|john|ripper|solution|challenge|root|admin' /app/john/run/password.lst | sed '/^$/d' | sort -u > /tmp/targeted.txt; wc -l /tmp/targeted.txt; head -30 /tmp/targeted.txt\n"] min_timeout_sec: 0.2 max_timeout_sec: 180.0
Sending keys: ['cd /app/john/run && ./john --format=7z --wordlist=/tmp/targeted.txt /tmp/secrets.hash\n'] min_timeout_sec: 30.0 max_timeout_sec: 180.0
Sending keys: ['cd /app/john/run && ./john --show /tmp/secrets.hash\n'] min_timeout_sec: 0.5 max_timeout_sec: 180.0
Trajectory dumped to jobs/p1-terminus-2-crack-7z-hash-r1/crack-7z-hash__heftMot/agent/trajectory.json
Sending keys: [''] min_timeout_sec: 60.0 max_timeout_sec: 180.0
Trajectory dumped to jobs/p1-terminus-2-crack-7z-hash-r1/crack-7z-hash__heftMot/agent/trajectory.json
Sending keys: [''] min_timeout_sec: 60.0 max_timeout_sec: 180.0
Trajectory dumped to jobs/p1-terminus-2-crack-7z-hash-r1/crack-7z-hash__heftMot/agent/trajectory.json
Sending keys: [''] min_timeout_sec: 60.0 max_timeout_sec: 180.0
Trajectory dumped to jobs/p1-terminus-2-crack-7z-hash-r1/crack-7z-hash__heftMot/agent/trajectory.json
Sending keys: [''] min_timeout_sec: 60.0 max_timeout_sec: 180.0
Trajectory dumped to jobs/p1-terminus-2-crack-7z-hash-r1/crack-7z-hash__heftMot/agent/trajectory.json
Sending keys: [''] min_timeout_sec: 60.0 max_timeout_sec: 180.0
Trajectory dumped to jobs/p1-terminus-2-crack-7z-hash-r1/crack-7z-hash__heftMot/agent/trajectory.json
Parser warnings: - Command 1 should end with newline when followed by another command. Otherwise the two commands will be concatenated together on the same line.
Sending keys: ['s'] min_timeout_sec: 2.0 max_timeout_sec: 180.0
Sending keys: [''] min_timeout_sec: 10.0 max_timeout_sec: 180.0
Trajectory dumped to jobs/p1-terminus-2-crack-7z-hash-r1/crack-7z-hash__heftMot/agent/trajectory.json
Sending keys: [''] min_timeout_sec: 60.0 max_timeout_sec: 180.0
Trajectory dumped to jobs/p1-terminus-2-crack-7z-hash-r1/crack-7z-hash__heftMot/agent/trajectory.json
Sending keys: [''] min_timeout_sec: 60.0 max_timeout_sec: 180.0
Trajectory dumped to jobs/p1-terminus-2-crack-7z-hash-r1/crack-7z-hash__heftMot/agent/trajectory.json
Sending keys: [''] min_timeout_sec: 60.0 max_timeout_sec: 180.0
Trajectory dumped to jobs/p1-terminus-2-crack-7z-hash-r1/crack-7z-hash__heftMot/agent/trajectory.json
Sending keys: ['s\n'] min_timeout_sec: 5.0 max_timeout_sec: 180.0
Sending keys: [''] min_timeout_sec: 30.0 max_timeout_sec: 180.0
Trajectory dumped to jobs/p1-terminus-2-crack-7z-hash-r1/crack-7z-hash__heftMot/agent/trajectory.json
Sending keys: [''] min_timeout_sec: 60.0 max_timeout_sec: 180.0
Trajectory dumped to jobs/p1-terminus-2-crack-7z-hash-r1/crack-7z-hash__heftMot/agent/trajectory.json
Sending keys: [''] min_timeout_sec: 60.0 max_timeout_sec: 180.0
Trajectory dumped to jobs/p1-terminus-2-crack-7z-hash-r1/crack-7z-hash__heftMot/agent/trajectory.json
Sending keys: [''] min_timeout_sec: 60.0 max_timeout_sec: 180.0
Trajectory dumped to jobs/p1-terminus-2-crack-7z-hash-r1/crack-7z-hash__heftMot/agent/trajectory.json
Sending keys: ['s\n'] min_timeout_sec: 5.0 max_timeout_sec: 180.0
Sending keys: [''] min_timeout_sec: 60.0 max_timeout_sec: 180.0
Trajectory dumped to jobs/p1-terminus-2-crack-7z-hash-r1/crack-7z-hash__heftMot/agent/trajectory.json
Sending keys: [''] min_timeout_sec: 60.0 max_timeout_sec: 180.0
Trajectory dumped to jobs/p1-terminus-2-crack-7z-hash-r1/crack-7z-hash__heftMot/agent/trajectory.json
Sending keys: [''] min_timeout_sec: 60.0 max_timeout_sec: 180.0
Trajectory dumped to jobs/p1-terminus-2-crack-7z-hash-r1/crack-7z-hash__heftMot/agent/trajectory.json
Sending keys: [''] min_timeout_sec: 60.0 max_timeout_sec: 180.0
Trajectory dumped to jobs/p1-terminus-2-crack-7z-hash-r1/crack-7z-hash__heftMot/agent/trajectory.json
Sending keys: [''] min_timeout_sec: 60.0 max_timeout_sec: 180.0
Trajectory dumped to jobs/p1-terminus-2-crack-7z-hash-r1/crack-7z-hash__heftMot/agent/trajectory.json
Sending keys: ['s\n'] min_timeout_sec: 5.0 max_timeout_sec: 180.0
Sending keys: [''] min_timeout_sec: 60.0 max_timeout_sec: 180.0
Trajectory dumped to jobs/p1-terminus-2-crack-7z-hash-r1/crack-7z-hash__heftMot/agent/trajectory.json
Sending keys: [''] min_timeout_sec: 60.0 max_timeout_sec: 180.0
Trajectory dumped to jobs/p1-terminus-2-crack-7z-hash-r1/crack-7z-hash__heftMot/agent/trajectory.json
Sending keys: [''] min_timeout_sec: 60.0 max_timeout_sec: 180.0
Trajectory dumped to jobs/p1-terminus-2-crack-7z-hash-r1/crack-7z-hash__heftMot/agent/trajectory.json
Sending keys: [''] min_timeout_sec: 60.0 max_timeout_sec: 180.0
Trajectory dumped to jobs/p1-terminus-2-crack-7z-hash-r1/crack-7z-hash__heftMot/agent/trajectory.json
Sending keys: [''] min_timeout_sec: 60.0 max_timeout_sec: 180.0
Trajectory dumped to jobs/p1-terminus-2-crack-7z-hash-r1/crack-7z-hash__heftMot/agent/trajectory.json
Trajectory dumped to jobs/p1-terminus-2-crack-7z-hash-r1/crack-7z-hash__heftMot/agent/trajectory.json
Collecting main service artifacts
Exception AgentTimeoutError is in exclude_exceptions, not retrying
Not retrying trial because the exception is not in include_exceptions or the maximum number of retries has been reached
