Skipping image OS validation for alexgshaw/path-tracing:20251031: docker inspect returned 1
Installing: tmux, asciinema
Detected system: {'os': 'debian-based', 'package_manager': 'apt-get', 'update_command': None}
Installing tools using apt-get: DEBIAN_FRONTEND=noninteractive apt-get update && DEBIAN_FRONTEND=noninteractive apt-get install -y tmux asciinema
Starting recording.
Sending keys: ['asciinema rec --stdin /logs/agent/recording.cast', 'Enter'] min_timeout_sec: 1.0 max_timeout_sec: 180.0
Sending keys: ['clear', 'Enter'] min_timeout_sec: 0.0 max_timeout_sec: 180.0
Parser warnings: - Extra text detected after JSON object
Sending keys: ['file image.ppm; head -c 100 image.ppm | od -An -tc; identify image.ppm 2>/dev/null || true\n'] min_timeout_sec: 0.5 max_timeout_sec: 180.0
Sending keys: ["python3 - <<'PY'\nfrom PIL import Image\nim=Image.open('image.ppm'); print(im.size,im.mode)\nfrom collections import Counter\nc=Counter(im.getdata()); print('colors',len(c)); print(c.most_common(20))\nPY\n"] min_timeout_sec: 1.0 max_timeout_sec: 180.0
Trajectory dumped to jobs/p1-terminus-2-path-tracing-r3/path-tracing__aPS9QEc/agent/trajectory.json
Sending keys: ["python3 - <<'PY'\nfrom collections import Counter\np=open('image.ppm','rb').read().split()\nassert p[0]==b'P3'\nw,h,m=map(int,p[1:4]); a=list(map(int,p[4:]))\npix=[tuple(a[i:i+3]) for i in range(0,len(a),3)]\nprint('size',w,h,'pixels',len(pix),'max',m)\nc=Counter(pix); print('unique',len(c)); print('top',c.most_common(30))\nfor name,fn in [('min',min),('max',max)]: print(name,[fn(x[k] for x in pix) for k in range(3)])\n# sample a 60x30 thumbnail by nearest pixel, map dominant colors to symbols\nfor y in range(30):\n s=''\n for x in range(60):\n  q=pix[(y*h//30)*w+(x*w//60)]\n  # common exact color categories / grayscale-ish encoding\n  if q==(159,197,255): ch='.'\n  elif q[0]>240 and q[1]>240 and q[2]>240: ch='W'\n  elif max(q)-min(q)<15 and sum(q)//3<80: ch='#'\n  elif q[2]>q[0]+30: ch='B'\n  elif q[1]>q[0]+25: ch='G'\n  elif q[0]>q[1]+25: ch='R'\n  else: ch='o'\n  s+=ch\n print(s)\nPY\n"] min_timeout_sec: 2.0 max_timeout_sec: 180.0
Trajectory dumped to jobs/p1-terminus-2-path-tracing-r3/path-tracing__aPS9QEc/agent/trajectory.json
Sending keys: [''] min_timeout_sec: 3.0 max_timeout_sec: 180.0
Trajectory dumped to jobs/p1-terminus-2-path-tracing-r3/path-tracing__aPS9QEc/agent/trajectory.json
Sending keys: ["python3 - <<'PY'\np=open('image.ppm','rb').read().split();w,h=map(int,p[1:3]);a=list(map(int,p[4:]));\n# average blocks, character based on RGB\nfor yy in range(45):\n s=''\n for xx in range(80):\n  vals=[]\n  for y in range(yy*h//45,(yy+1)*h//45):\n   for x in range(xx*w//80,(xx+1)*w//80): vals.append((a[3*(y*w+x)],a[3*(y*w+x)+1],a[3*(y*w+x)+2]))\n  r=sum(v[0] for v in vals)//len(vals);g=sum(v[1] for v in vals)//len(vals);b=sum(v[2] for v in vals)//len(vals)\n  if r>g+35: c='R'\n  elif b>r+35: c='.'\n  elif max(r,g,b)<35:c='@'\n  elif max(r,g,b)<70:c='#'\n  elif max(r,g,b)<110:c='+'\n  elif max(r,g,b)<170:c='o'\n  elif max(r,g,b)<220:c='O'\n  else:c='W'\n  s+=c\n print(s)\nPY\n"] min_timeout_sec: 4.0 max_timeout_sec: 180.0
Sending keys: ["python3 - <<'PY'\np=open('image.ppm','rb').read().split();w,h=map(int,p[1:3]);a=list(map(int,p[4:]));\nfor col,n in [((152,152,152),'gray152'),((67,67,67),'gray67'),((51,10,10),'red'),((20,20,20),'dark')]:\n pts=[(i%w,i//w) for i in range(w*h) if tuple(a[3*i:3*i+3])==col]\n print(n,len(pts), (min(x for x,y in pts),min(y for x,y in pts),max(x for x,y in pts),max(y for x,y in pts)) if pts else '')\nPY\n"] min_timeout_sec: 3.0 max_timeout_sec: 180.0
Trajectory dumped to jobs/p1-terminus-2-path-tracing-r3/path-tracing__aPS9QEc/agent/trajectory.json
Parser warnings: - Extra text detected after JSON object
Sending keys: ["cat > /tmp/an.py <<'PY'\np=open('image.ppm','rb').read().split();w,h=map(int,p[1:3]);a=list(map(int,p[4:]));\ndef q(x,y):return tuple(a[3*(y*w+x):3*(y*w+x)+3])\ndef runs(y):\n old=q(0,y); st=0\n for x in range(1,w):\n  z=q(x,y)\n  if z!=old:\n   if x-st>20: print(st,x-1,x-st,old)\n   st=x;old=z\n if w-st>20:print(st,w-1,w-st,old)\nfor y in [0,100,300,500,600,650,675,700,750,800,900,1000,1200,1500,1799]:\n print('\\nY',y,'samples',[q(x,y) for x in [0,300,600,900,1100,1150,1200,1250,1300,1500,1800,2100,2399]])\n print('runs:');runs(y)\nprint('vertical center')\nfor y in range(0,h,50):print(y,q(0,y),q(1200,y),q(2399,y))\nPY\npython3 /tmp/an.py\n"] min_timeout_sec: 4.0 max_timeout_sec: 180.0
Trajectory dumped to jobs/p1-terminus-2-path-tracing-r3/path-tracing__aPS9QEc/agent/trajectory.json
Sending keys: ['python3 /tmp/an.py\n'] min_timeout_sec: 5.0 max_timeout_sec: 180.0
Trajectory dumped to jobs/p1-terminus-2-path-tracing-r3/path-tracing__aPS9QEc/agent/trajectory.json
Sending keys: ['cat > image.c <<\'EOF\'\n#include <stdio.h>\n#include <math.h>\nint main(){FILE*f=fopen("reconstructed.ppm","wb");int W=2400,H=1800,x,y;fwrite("P6\\n2400 1800\\n255\\n",1,15,f);\nfor(y=0;y<H;y++)for(x=0;x<W;x++){double X=(x-1200)/600.,Y=(900-y)/600.,dx=fabs(x-1200)/1200.,r,g,b;\nif(y<900){r=146+.0475*y+13*dx*dx*(1-y/900.);g=190+.030*y+7*dx*dx*(1-y/900.);b=255;}\nelse{double d=Y, t=-1.5/d, Xw=X*t, Z=t;int ix=(int)floor(Xw),iz=(int)floor(Z);r=g=b=((ix+iz)&1)?67:152;\n double a=X*X+d*d+1, q=2*(-1.5*d-3), c=2.25+2.25-6+9-1; /* ray-sphere quadratic */\n double D=q*q-4*a*c, ts=1e9;\n if(D>0){double u=(-q-sqrt(D))/(2*a);if(u>0)ts=u;}\n if(ts<t){double sx=X*ts, sy=1.5+d*ts, sz=ts; double lx=-2-sx,ly=5-sy,lz=1-sz,L=sqrt(lx*lx+ly*ly+lz*lz);lx/=L;ly/=L;lz/=L;double nx=sx,ny=sy-1,nz=sz-3,N=sqrt(nx*nx+ny*ny+nz*nz);double z=nx*lx+ny*ly+nz*lz;double sh=.35+.65*(z>0?z/N:0);r=51*sh;g=10*sh;b=10*sh;}\n else {double px=X*t,pz=t;double sx=px-(-2),sz=pz-1;double tt=1.5/5.;double hx=px+sx*tt,hz=pz+sz*tt;double dd=sqrt(hx*hx+(hz-3)*(hz-3));if(dd<1&&pz>3)r=g=b=20;}\n}\nunsigned char q[3]={r<0?0:r>255?255:r,g<0?0:g>255?255:g,b<0?0:b>255?255:b};fwrite(q,1,3,f);}fclose(f);}\nEOF\ngcc -O2 -static -o image image.c -lm && ./image\nwc -c image.c; gzip -c image.c | wc -c\n'] min_timeout_sec: 3.0 max_timeout_sec: 180.0
Sending keys: ["python3 - <<'PY'\np=open('image.ppm','rb').read().split();q=open('reconstructed.ppm','rb').read();i=q.find(b'\\n255\\n')+6; a=list(map(int,p[4:])); b=list(q[i:]);\nimport math\nn=min(len(a),len(b)); e=sum((a[j]-b[j])**2 for j in range(n))/n\nprint('rmse',math.sqrt(e),'bytes',len(b))\nPY\n"] min_timeout_sec: 2.0 max_timeout_sec: 180.0
Trajectory dumped to jobs/p1-terminus-2-path-tracing-r3/path-tracing__aPS9QEc/agent/trajectory.json
Sending keys: [''] min_timeout_sec: 3.0 max_timeout_sec: 180.0
Trajectory dumped to jobs/p1-terminus-2-path-tracing-r3/path-tracing__aPS9QEc/agent/trajectory.json
Sending keys: ["python3 - <<'PY'\np='image.c';s=open(p).read();s=s.replace('t=-1.5/d','t=-.5/d').replace('q=2*(-1.5*d-3), c=2.25+2.25-6+9-1','q=2*(1.5*d-3), c=.25+9-1');open(p,'w').write(s)\nPY\ngcc -O2 -static -o image image.c -lm && ./image\npython3 - <<'PY'\np=open('image.ppm','rb').read().split();q=open('reconstructed.ppm','rb').read();i=q.find(b'\\n255\\n')+6;a=list(map(int,p[4:]));b=list(q[i:]);import math\nprint('rmse',math.sqrt(sum((a[j]-b[j])**2 for j in range(len(a)))/len(a)))\nPY\n"] min_timeout_sec: 4.0 max_timeout_sec: 180.0
Trajectory dumped to jobs/p1-terminus-2-path-tracing-r3/path-tracing__aPS9QEc/agent/trajectory.json
Sending keys: [''] min_timeout_sec: 3.0 max_timeout_sec: 180.0
Trajectory dumped to jobs/p1-terminus-2-path-tracing-r3/path-tracing__aPS9QEc/agent/trajectory.json
Sending keys: ["python3 - <<'PY'\nfrom collections import Counter\np=open('image.ppm','rb').read().split();w,h=map(int,p[1:3]);A=list(map(int,p[4:]))\nq=open('reconstructed.ppm','rb').read();i=q.index(b'\\n255\\n')+6;B=list(q[i:]);\nprint(len(A),len(B),q[:i])\nfor name,ys in [('sky',(0,900)),('ground',(900,1800)),('top',(0,800)),('sphere',(800,1300))]:\n z=[]\n for y in range(*ys):\n  for x in range(w):\n   k=3*(y*w+x);z.extend((A[k]-B[k],A[k+1]-B[k+1],A[k+2]-B[k+2]))\n import math\n print(name,math.sqrt(sum(v*v for v in z)/len(z)),sum(abs(v) for v in z)/len(z))\nprint('gen',Counter(map(tuple,zip(B[::3],B[1::3],B[2::3]))).most_common(12))\nfor x,y in [(0,0),(1200,0),(0,899),(1200,899),(0,900),(300,1000),(1200,1000),(1200,1200),(1200,1500)]:\n k=3*(y*w+x);print(x,y,tuple(A[k:k+3]),tuple(B[k:k+3]))\nPY\n"] min_timeout_sec: 4.0 max_timeout_sec: 180.0
Trajectory dumped to jobs/p1-terminus-2-path-tracing-r3/path-tracing__aPS9QEc/agent/trajectory.json
Sending keys: ["python3 - <<'PY'\nq=open('reconstructed.ppm','rb').read();print(repr(q[:40]),len(q))\nPY\n"] min_timeout_sec: 0.2 max_timeout_sec: 180.0
Sending keys: ["python3 - <<'PY'\nfrom collections import Counter\nimport math\np=open('image.ppm','rb').read().split();w,h=map(int,p[1:3]);A=list(map(int,p[4:]))\nq=open('reconstructed.ppm','rb').read();j=q.find(b'255\\n');print('headerpos',j,repr(q[:j+4]));B=list(q[j+4:]);print('lengths',len(A),len(B))\nfor name,y0,y1 in [('sky',0,900),('ground',900,1800),('sphere',800,1300)]:\n ss=0;n=0;sa=0\n for y in range(y0,y1):\n  for x in range(w):\n   k=3*(y*w+x)\n   for c in range(3):\n    d=A[k+c]-B[k+c];ss+=d*d;sa+=abs(d);n+=1\n print(name,'rmse',math.sqrt(ss/n),'mae',sa/n)\nprint('samples')\nfor x,y in [(0,0),(1200,0),(0,899),(1200,899),(0,900),(300,1000),(1200,1000),(1200,1200),(1200,1500)]:\n k=3*(y*w+x);print(x,y,tuple(A[k:k+3]),tuple(B[k:k+3]))\nPY\n"] min_timeout_sec: 4.0 max_timeout_sec: 180.0
Trajectory dumped to jobs/p1-terminus-2-path-tracing-r3/path-tracing__aPS9QEc/agent/trajectory.json
Sending keys: ["sed -i 's/,1,15,f)/,1,18,f)/' image.c\ngcc -O2 -static -o image image.c -lm && ./image\npython3 - <<'PY'\nimport math\np=open('image.ppm','rb').read().split();w,h=map(int,p[1:3]);A=list(map(int,p[4:]))\nq=open('reconstructed.ppm','rb').read();print('header',repr(q[:18]),'size',len(q));B=list(q[18:]);print('payload',len(B),'expected',w*h*3)\nfor name,y0,y1 in [('all',0,1800),('sky',0,900),('ground',900,1800),('sphere',800,1300)]:\n ss=sa=n=0\n for y in range(y0,y1):\n  for x in range(w):\n   k=3*(y*w+x)\n   for c in range(3):\n    d=A[k+c]-B[k+c];ss+=d*d;sa+=abs(d);n+=1\n print(name,'rmse',math.sqrt(ss/n),'mae',sa/n)\nfor x,y in [(0,0),(1200,0),(0,899),(1200,899),(0,900),(300,1000),(1200,1000),(1200,1200),(1200,1500)]:\n k=3*(y*w+x);print(x,y,tuple(A[k:k+3]),tuple(B[k:k+3]))\nPY\nwc -c image.c; gzip -c image.c | wc -c\n"] min_timeout_sec: 5.0 max_timeout_sec: 180.0
Trajectory dumped to jobs/p1-terminus-2-path-tracing-r3/path-tracing__aPS9QEc/agent/trajectory.json
Sending keys: ["sed -i 's/,1,18,f)/,1,17,f)/' image.c\ngcc -O2 -static -o image image.c -lm && ./image\npython3 - <<'PY'\nimport math\np=open('image.ppm','rb').read().split();w,h=map(int,p[1:3]);A=list(map(int,p[4:]))\nq=open('reconstructed.ppm','rb').read();print('header',repr(q[:17]),'size',len(q));B=list(q[17:]);print('payload',len(B),'expected',w*h*3)\nfor name,y0,y1 in [('all',0,1800),('sky',0,900),('ground',900,1800),('sphere',800,1300)]:\n ss=sa=n=0\n for y in range(y0,y1):\n  for x in range(w):\n   k=3*(y*w+x)\n   for c in range(3):\n    d=A[k+c]-B[k+c];ss+=d*d;sa+=abs(d);n+=1\n print(name,'rmse',math.sqrt(ss/n),'mae',sa/n)\nfor x,y in [(0,0),(1200,0),(0,899),(1200,899),(0,900),(300,1000),(1200,1000),(1200,1200),(1200,1500)]:\n k=3*(y*w+x);print(x,y,tuple(A[k:k+3]),tuple(B[k:k+3]))\nPY\nwc -c image.c; gzip -c image.c | wc -c\n"] min_timeout_sec: 5.0 max_timeout_sec: 180.0
Trajectory dumped to jobs/p1-terminus-2-path-tracing-r3/path-tracing__aPS9QEc/agent/trajectory.json
Sending keys: ["python3 - <<'PY'\np=open('image.ppm','rb').read().split();w,h=map(int,p[1:3]);a=list(map(int,p[4:]));\ndef q(x,y):return tuple(a[3*(y*w+x):3*(y*w+x)+3])\nfor y in [900,920,950,1000,1050,1100,1150,1200,1250,1300,1400,1500,1600,1700,1799]:\n # transitions in grayscale/other color, omit short antialias runs\n z=[q(x,y) for x in range(w)]; runs=[];st=0\n for x in range(1,w):\n  if z[x]!=z[x-1]:\n   if x-st>=10:runs.append((st,x-1,z[x-1]))\n   st=x\n if w-st>=10:runs.append((st,w-1,z[-1]))\n print(y,runs[:30])\nPY\n"] min_timeout_sec: 4.0 max_timeout_sec: 180.0
Sending keys: ["python3 - <<'PY'\np=open('image.ppm','rb').read().split();w,h=map(int,p[1:3]);a=list(map(int,p[4:]));\nfor y in range(780,1450,10):\n xs=[]\n for x in range(w):\n  r,g,b=a[3*(y*w+x):3*(y*w+x)+3]\n  if r>g*2 and g<40:xs.append(x)\n if xs:print(y,min(xs),max(xs),len(xs))\nPY\n"] min_timeout_sec: 4.0 max_timeout_sec: 180.0
Trajectory dumped to jobs/p1-terminus-2-path-tracing-r3/path-tracing__aPS9QEc/agent/trajectory.json
Sending keys: ["sed -i 's/t=-.5\\/d/t=-15\\/d/' image.c\ngcc -O2 -static -o image image.c -lm && ./image\npython3 - <<'PY'\nimport math\np=open('image.ppm','rb').read().split();w,h=map(int,p[1:3]);A=list(map(int,p[4:]));B=list(open('reconstructed.ppm','rb').read()[17:])\nfor name,y0,y1 in [('all',0,1800),('sky',0,900),('ground',900,1800),('sphere',800,1300)]:\n s=n=0\n for y in range(y0,y1):\n  for x in range(w):\n   k=3*(y*w+x)\n   for c in range(3):s+=(A[k+c]-B[k+c])**2;n+=1\n print(name,math.sqrt(s/n))\nPY\n"] min_timeout_sec: 5.0 max_timeout_sec: 180.0
Trajectory dumped to jobs/p1-terminus-2-path-tracing-r3/path-tracing__aPS9QEc/agent/trajectory.json
Sending keys: [''] min_timeout_sec: 4.0 max_timeout_sec: 180.0
Trajectory dumped to jobs/p1-terminus-2-path-tracing-r3/path-tracing__aPS9QEc/agent/trajectory.json
Sending keys: ["sed -i 's/t=-15\\/d/t=-1.5\\/d/' image.c\ngcc -O2 -static -o image image.c -lm && ./image\npython3 - <<'PY'\nimport math\np=open('image.ppm','rb').read().split();w,h=map(int,p[1:3]);A=list(map(int,p[4:]));B=list(open('reconstructed.ppm','rb').read()[17:])\nfor name,y0,y1 in [('all',0,1800),('sky',0,900),('ground',900,1800),('sphere',800,1300)]:\n s=n=0\n for y in range(y0,y1):\n  for x in range(w):\n   k=3*(y*w+x)\n   for c in range(3):s+=(A[k+c]-B[k+c])**2;n+=1\n print(name,math.sqrt(s/n))\nPY\n"] min_timeout_sec: 5.0 max_timeout_sec: 180.0
Trajectory dumped to jobs/p1-terminus-2-path-tracing-r3/path-tracing__aPS9QEc/agent/trajectory.json
Sending keys: [''] min_timeout_sec: 4.0 max_timeout_sec: 180.0
Trajectory dumped to jobs/p1-terminus-2-path-tracing-r3/path-tracing__aPS9QEc/agent/trajectory.json
Sending keys: ["python3 - <<'PY'\np=open('image.ppm','rb').read().split();w,h=map(int,p[1:3]);A=list(map(int,p[4:]));B=list(open('reconstructed.ppm','rb').read()[17:])\ndef row(a,y):\n z=[];last=None;st=0\n for x in range(w):\n  k=3*(y*w+x);v=tuple(a[k:k+3])\n  if v!=last:\n   if x-st>30:z.append((st,x-1,last))\n   st=x;last=v;st=x\n if w-st>30:z.append((st,w-1,last))\n return z[:12]\nfor y in [900,920,950,1000,1100,1200,1300,1500,1700]:\n print('Y',y,'T',row(A,y));print('  G',row(B,y))\n# ground mismatch excluding red/shadow pixels\nn=m=0\nfor y in range(900,1800):\n for x in range(w):\n  k=3*(y*w+x); t=tuple(A[k:k+3]);g=tuple(B[k:k+3])\n  if t in ((67,67,67),(152,152,152)):n+=1;m+=t!=g\nprint('checker mismatch',m,n,m/n)\nPY\n"] min_timeout_sec: 4.0 max_timeout_sec: 180.0
Trajectory dumped to jobs/p1-terminus-2-path-tracing-r3/path-tracing__aPS9QEc/agent/trajectory.json
Sending keys: ["python3 - <<'PY'\np='image.c';s=open(p).read()\nold='double z=nx*lx+ny*ly+nz*lz;double sh=.35+.65*(z>0?z/N:0);r=51*sh;g=10*sh;b=10*sh;'\ns=s.replace(old,'r=51;g=10;b=10;')\nold='double px=X*t,pz=t;double sx=px-(-2),sz=pz-1;double tt=1.5/5.;double hx=px+sx*tt,hz=pz+sz*tt;double dd=sqrt(hx*hx+(hz-3)*(hz-3));if(dd<1&&pz>3)r=g=b=20;'\nnew='double u=(x-850)/400.,v=(y-1300)/180.;if(u*u+v*v<1){r*=.3;g*=.3;b*=.3;}'\ns=s.replace(old,new)\nopen(p,'w').write(s)\nPY\ngcc -O2 -static -o image image.c -lm && ./image\npython3 - <<'PY'\nimport math\np=open('image.ppm','rb').read().split();w,h=map(int,p[1:3]);A=list(map(int,p[4:]));B=list(open('reconstructed.ppm','rb').read()[17:])\nfor name,y0,y1 in [('all',0,1800),('sky',0,900),('ground',900,1800),('sphere',800,1300)]:\n s=n=0\n for y in range(y0,y1):\n  for x in range(w):\n   k=3*(y*w+x)\n   for c in range(3):s+=(A[k+c]-B[k+c])**2;n+=1\n print(name,math.sqrt(s/n))\nPY\nwc -c image.c; gzip -c image.c | wc -c\n"] min_timeout_sec: 5.0 max_timeout_sec: 180.0
Trajectory dumped to jobs/p1-terminus-2-path-tracing-r3/path-tracing__aPS9QEc/agent/trajectory.json
Sending keys: [''] min_timeout_sec: 4.0 max_timeout_sec: 180.0
Trajectory dumped to jobs/p1-terminus-2-path-tracing-r3/path-tracing__aPS9QEc/agent/trajectory.json
Sending keys: ["sed -i 's/, Z=t;/, Z=t-.5;/' image.c\ngcc -O2 -static -o image image.c -lm && ./image\npython3 - <<'PY'\nimport math\np=open('image.ppm','rb').read().split();w,h=map(int,p[1:3]);A=list(map(int,p[4:]));B=list(open('reconstructed.ppm','rb').read()[17:])\nfor name,y0,y1 in [('all',0,1800),('sky',0,900),('ground',900,1800),('sphere',800,1300)]:\n s=n=0\n for y in range(y0,y1):\n  for x in range(w):\n   k=3*(y*w+x)\n   for c in range(3):s+=(A[k+c]-B[k+c])**2;n+=1\n print(name,math.sqrt(s/n))\nPY\nwc -c image.c; gzip -c image.c | wc -c\n"] min_timeout_sec: 5.0 max_timeout_sec: 180.0
Trajectory dumped to jobs/p1-terminus-2-path-tracing-r3/path-tracing__aPS9QEc/agent/trajectory.json
Sending keys: [''] min_timeout_sec: 4.0 max_timeout_sec: 180.0
Trajectory dumped to jobs/p1-terminus-2-path-tracing-r3/path-tracing__aPS9QEc/agent/trajectory.json
Sending keys: ["python3 - <<'PY'\nimport math\np=open('image.ppm','rb').read().split();w,h=map(int,p[1:3]);A=list(map(int,p[4:]));B=list(open('reconstructed.ppm','rb').read()[17:])\nfor name,y0,y1,x0,x1 in [('all',0,1800,0,w),('sky',0,900,0,w),('ground',900,1800,0,w),('sphere',800,1200,950,1450),('shadow',1150,1450,400,1300)]:\n s=n=0\n for y in range(y0,y1):\n  for x in range(x0,x1):\n   k=3*(y*w+x)\n   for c in range(3):s+=(A[k+c]-B[k+c])**2;n+=1\n print(name,math.sqrt(s/n))\ndef runs(a,y):\n z=[];last=None;st=0\n for x in range(w):\n  k=3*(y*w+x);v=tuple(a[k:k+3])\n  if v!=last:\n   if x-st>40:z.append((st,x-1,last))\n   st=x;last=v\n if w-st>40:z.append((st,w-1,last))\n return z\nfor y in [950,1000,1100,1200,1300,1500]:\n print(y,'T',runs(A,y)[:18]);print(y,'G',runs(B,y)[:18])\nPY\n"] min_timeout_sec: 5.0 max_timeout_sec: 180.0
Trajectory dumped to jobs/p1-terminus-2-path-tracing-r3/path-tracing__aPS9QEc/agent/trajectory.json
Sending keys: [''] min_timeout_sec: 5.0 max_timeout_sec: 180.0
Trajectory dumped to jobs/p1-terminus-2-path-tracing-r3/path-tracing__aPS9QEc/agent/trajectory.json
Sending keys: [''] min_timeout_sec: 8.0 max_timeout_sec: 180.0
Trajectory dumped to jobs/p1-terminus-2-path-tracing-r3/path-tracing__aPS9QEc/agent/trajectory.json
Sending keys: ["sed -i 's/q=2*(1.5\\*d-3)/q=2*(.5*d-3)/' image.c\ngcc -O2 -static -o image image.c -lm && ./image\npython3 - <<'PY'\nimport math\np=open('image.ppm','rb').read().split();w,h=map(int,p[1:3]);A=list(map(int,p[4:]));B=list(open('reconstructed.ppm','rb').read()[17:])\nfor name,y0,y1 in [('all',0,1800),('sky',0,900),('ground',900,1800),('sphere',800,1300)]:\n s=n=0\n for y in range(y0,y1):\n  for x in range(w):\n   k=3*(y*w+x)\n   for c in range(3):s+=(A[k+c]-B[k+c])**2;n+=1\n print(name,math.sqrt(s/n))\nxs=[]\nfor y in range(700,1500):\n for x in range(w):\n  k=3*(y*w+x)\n  if B[k]>B[k+1]*2 and B[k+1]<40:xs.append((x,y))\nprint('red bounds',min(x for x,y in xs),max(x for x,y in xs),min(y for x,y in xs),max(y for x,y in xs))\nPY\nwc -c image.c; gzip -c image.c | wc -c\n"] min_timeout_sec: 5.0 max_timeout_sec: 180.0
Trajectory dumped to jobs/p1-terminus-2-path-tracing-r3/path-tracing__aPS9QEc/agent/trajectory.json
Sending keys: [''] min_timeout_sec: 5.0 max_timeout_sec: 180.0
Trajectory dumped to jobs/p1-terminus-2-path-tracing-r3/path-tracing__aPS9QEc/agent/trajectory.json
Sending keys: ["grep -n 'double a\\|q=\\|double D' image.c\npython3 - <<'PY'\nq=open('reconstructed.ppm','rb').read();B=q[17:];w=2400;xs=[]\nfor y in range(700,1500):\n for x in range(w):\n  k=3*(y*w+x);r,g,b=B[k:k+3]\n  if r>g*2 and g<40:xs.append((x,y))\nprint('bounds', (min(x for x,y in xs),max(x for x,y in xs),min(y for x,y in xs),max(y for x,y in xs)) if xs else None)\nPY\n"] min_timeout_sec: 2.0 max_timeout_sec: 180.0
Trajectory dumped to jobs/p1-terminus-2-path-tracing-r3/path-tracing__aPS9QEc/agent/trajectory.json
Sending keys: ['grep -n . image.c\n'] min_timeout_sec: 0.5 max_timeout_sec: 180.0
Sending keys: ["python3 - <<'PY'\np='image.c';s=open(p).read();print('old coefficient present', 'q=2*(1.5*d-3)' in s);s=s.replace('q=2*(1.5*d-3)','q=2*(.5*d-3)');open(p,'w').write(s)\nPY\ngrep -n 'q=' image.c\ngcc -O2 -static -o image image.c -lm && ./image\npython3 - <<'PY'\nimport math\np=open('image.ppm','rb').read().split();w,h=map(int,p[1:3]);A=list(map(int,p[4:]));B=list(open('reconstructed.ppm','rb').read()[17:])\ns=n=0\nfor j in range(len(A)):s+=(A[j]-B[j])**2;n+=1\nprint('rmse',math.sqrt(s/n))\nxs=[]\nfor y in range(700,1500):\n for x in range(w):\n  k=3*(y*w+x);r,g,b=B[k:k+3]\n  if r>g*2 and g<40:xs.append((x,y))\nprint('bounds',min(x for x,y in xs),max(x for x,y in xs),min(y for x,y in xs),max(y for x,y in xs))\nPY\nwc -c image.c; gzip -c image.c | wc -c\n"] min_timeout_sec: 5.0 max_timeout_sec: 180.0
Trajectory dumped to jobs/p1-terminus-2-path-tracing-r3/path-tracing__aPS9QEc/agent/trajectory.json
Sending keys: [''] min_timeout_sec: 5.0 max_timeout_sec: 180.0
Trajectory dumped to jobs/p1-terminus-2-path-tracing-r3/path-tracing__aPS9QEc/agent/trajectory.json
Sending keys: ["python3 - <<'PY'\np='image.c';s=open(p).read();old='if(y<900){r=146+.0475*y+13*dx*dx*(1-y/900.);g=190+.030*y+7*dx*dx*(1-y/900.);b=255;}'\nnew='if(y<900){r=146+.0475*y+13*dx*dx*(1-y/900.);g=190+.030*y+7*dx*dx*(1-y/900.);b=255;double a=X*X+d*d+1,q=2*(.5*d-3),c=8.25,D=q*q-4*a*c;if(D>0&&(-q-sqrt(D))/(2*a)>0)r=51,g=10,b=10;}'\ns=s.replace(old,new);open(p,'w').write(s)\nPY\ngcc -O2 -static -o image image.c -lm && ./image\npython3 - <<'PY'\nimport math\np=open('image.ppm','rb').read().split();w,h=map(int,p[1:3]);A=list(map(int,p[4:]));B=list(open('reconstructed.ppm','rb').read()[17:])\ns=n=0\nfor j in range(len(A)):s+=(A[j]-B[j])**2;n+=1\nprint('rmse',math.sqrt(s/n))\nxs=[]\nfor y in range(700,1400):\n for x in range(w):\n  k=3*(y*w+x);r,g,b=B[k:k+3]\n  if r>g*2 and g<40:xs.append((x,y))\nprint('bounds',min(x for x,y in xs),max(x for x,y in xs),min(y for x,y in xs),max(y for x,y in xs))\nPY\nwc -c image.c; gzip -c image.c | wc -c\n"] min_timeout_sec: 5.0 max_timeout_sec: 180.0
Trajectory dumped to jobs/p1-terminus-2-path-tracing-r3/path-tracing__aPS9QEc/agent/trajectory.json
Sending keys: ["sed -i '5s/d\\*d+1/q=0;Y*Y+1/;5s/2\\*(\\.5\\*d-3)/2*(.5*Y-3)/' image.c\n# repair the replacement if the compact sed form did not preserve a valid declaration\npython3 - <<'PY'\np='image.c';s=open(p).read();s=s.replace('double a=X*X+q=0;Y*Y+1,q=2*(.5*Y-3)', 'double a=X*X+Y*Y+1,q=2*(.5*Y-3)');open(p,'w').write(s)\nPY\ngrep -n 'if(y<900)' image.c\ngcc -O2 -static -o image image.c -lm && ./image\npython3 - <<'PY'\nimport math\np=open('image.ppm','rb').read().split();w,h=map(int,p[1:3]);A=list(map(int,p[4:]));B=list(open('reconstructed.ppm','rb').read()[17:])\nprint('rmse',math.sqrt(sum((A[j]-B[j])**2 for j in range(len(A)))/len(A)))\nxs=[]\nfor y in range(700,1400):\n for x in range(w):\n  k=3*(y*w+x);r,g,b=B[k:k+3]\n  if r>g*2 and g<40:xs.append((x,y))\nprint('bounds',min(x for x,y in xs),max(x for x,y in xs),min(y for x,y in xs),max(y for x,y in xs))\nPY\nwc -c image.c; gzip -c image.c | wc -c\n"] min_timeout_sec: 5.0 max_timeout_sec: 180.0
Trajectory dumped to jobs/p1-terminus-2-path-tracing-r3/path-tracing__aPS9QEc/agent/trajectory.json
Sending keys: [''] min_timeout_sec: 5.0 max_timeout_sec: 180.0
Trajectory dumped to jobs/p1-terminus-2-path-tracing-r3/path-tracing__aPS9QEc/agent/trajectory.json
Sending keys: ["python3 - <<'PY'\np='image.c';s=open(p).read();s=s.replace('q=2*(.5*Y-3),c=8.25','q=2*(.5*Y-2.8),c=7.36').replace('q=2*(.5*d-3), c=.25+9-1','q=2*(.5*d-2.8), c=7.36');open(p,'w').write(s)\nPY\ngcc -O2 -static -o image image.c -lm && ./image\npython3 - <<'PY'\nimport math\np=open('image.ppm','rb').read().split();w,h=map(int,p[1:3]);A=list(map(int,p[4:]));B=list(open('reconstructed.ppm','rb').read()[17:]);print('rmse',math.sqrt(sum((A[j]-B[j])**2 for j in range(len(A)))/len(A)))\nxs=[]\nfor y in range(700,1400):\n for x in range(w):\n  k=3*(y*w+x);r,g,b=B[k:k+3]\n  if r>g*2 and g<40:xs.append((x,y))\nprint('bounds',min(x for x,y in xs),max(x for x,y in xs),min(y for x,y in xs),max(y for x,y in xs))\nPY\nwc -c image.c; gzip -c image.c | wc -c\n"] min_timeout_sec: 5.0 max_timeout_sec: 180.0
Trajectory dumped to jobs/p1-terminus-2-path-tracing-r3/path-tracing__aPS9QEc/agent/trajectory.json
Sending keys: [''] min_timeout_sec: 5.0 max_timeout_sec: 180.0
Trajectory dumped to jobs/p1-terminus-2-path-tracing-r3/path-tracing__aPS9QEc/agent/trajectory.json
Sending keys: ["python3 - <<'PY'\np='image.c';s=open(p).read();s=s.replace('q=2*(.5*Y-2.8),c=7.36','q=2*(.4*Y-2.8),c=7.3276').replace('q=2*(.5*d-2.8), c=7.36','q=2*(.4*d-2.8), c=7.3276');open(p,'w').write(s)\nPY\ngcc -O2 -static -o image image.c -lm && ./image\npython3 - <<'PY'\nimport math\np=open('image.ppm','rb').read().split();w,h=map(int,p[1:3]);A=list(map(int,p[4:]));B=list(open('reconstructed.ppm','rb').read()[17:]);print('rmse',math.sqrt(sum((A[j]-B[j])**2 for j in range(len(A)))/len(A)))\nxs=[]\nfor y in range(700,1400):\n for x in range(w):\n  k=3*(y*w+x);r,g,b=B[k:k+3]\n  if r>g*2 and g<40:xs.append((x,y))\nprint('bounds',min(x for x,y in xs),max(x for x,y in xs),min(y for x,y in xs),max(y for x,y in xs))\nPY\nwc -c image.c; gzip -c image.c | wc -c\n"] min_timeout_sec: 5.0 max_timeout_sec: 180.0
Trajectory dumped to jobs/p1-terminus-2-path-tracing-r3/path-tracing__aPS9QEc/agent/trajectory.json
Sending keys: [''] min_timeout_sec: 5.0 max_timeout_sec: 180.0
Trajectory dumped to jobs/p1-terminus-2-path-tracing-r3/path-tracing__aPS9QEc/agent/trajectory.json
Sending keys: ["python3 - <<'PY'\nfrom collections import Counter\np=open('image.ppm','rb').read().split();w,h=map(int,p[1:3]);A=list(map(int,p[4:]));B=list(open('reconstructed.ppm','rb').read()[17:])\ndef runs(a,y):\n z=[];last=None;st=0\n for x in range(w):\n  k=3*(y*w+x);v=tuple(a[k:k+3])\n  if v!=last:\n   if x-st>30:z.append((st,x-1,last))\n   st=x;last=v\n if w-st>30:z.append((st,w-1,last))\n return z[:14]\nfor y in [950,1000,1100,1200,1300,1500,1700]:print(y,'T',runs(A,y),'G',runs(B,y))\nfor name,a in [('T',A),('G',B)]:\n c=Counter(tuple(a[3*i:3*i+3]) for i in range(w*800, min(w*h,w*1300)))\n print(name,c.most_common(12))\nPY\n"] min_timeout_sec: 5.0 max_timeout_sec: 180.0
Trajectory dumped to jobs/p1-terminus-2-path-tracing-r3/path-tracing__aPS9QEc/agent/trajectory.json
Sending keys: ["sed -i 's/(x-850)\\/400.,v=(y-1300)\\/180./(x-885)\\/395.,v=(y-1286)\\/135./;s/r\\*=\\.3;g\\*=\\.3;b\\*=\\.3/r*=.305;g*=.305;b*=.305/' image.c\ngcc -O2 -static -o image image.c -lm && ./image\npython3 - <<'PY'\nimport math\np=open('image.ppm','rb').read().split();w,h=map(int,p[1:3]);A=list(map(int,p[4:]));B=list(open('reconstructed.ppm','rb').read()[17:])\nprint('rmse',math.sqrt(sum((A[j]-B[j])**2 for j in range(len(A)))/len(A)))\nprint('header',repr(open('reconstructed.ppm','rb').read()[:17]),'payload',len(B))\nPY\nwc -c image.c; gzip -c image.c | wc -c\n"] min_timeout_sec: 5.0 max_timeout_sec: 180.0
Trajectory dumped to jobs/p1-terminus-2-path-tracing-r3/path-tracing__aPS9QEc/agent/trajectory.json
Sending keys: [''] min_timeout_sec: 5.0 max_timeout_sec: 180.0
Trajectory dumped to jobs/p1-terminus-2-path-tracing-r3/path-tracing__aPS9QEc/agent/trajectory.json
Trajectory dumped to jobs/p1-terminus-2-path-tracing-r3/path-tracing__aPS9QEc/agent/trajectory.json
Trajectory dumped to jobs/p1-terminus-2-path-tracing-r3/path-tracing__aPS9QEc/agent/trajectory.json
Trajectory dumped to jobs/p1-terminus-2-path-tracing-r3/path-tracing__aPS9QEc/agent/trajectory.json
Collecting main service artifacts
