Skipping image OS validation for alexgshaw/build-cython-ext:20251031: docker inspect returned 1
Installing: tmux, asciinema
Detected system: {'os': 'debian-based', 'package_manager': 'apt-get', 'update_command': None}
Installing tools using apt-get: DEBIAN_FRONTEND=noninteractive apt-get update && DEBIAN_FRONTEND=noninteractive apt-get install -y tmux asciinema
Starting recording.
Sending keys: ['asciinema rec --stdin /logs/agent/recording.cast', 'Enter'] min_timeout_sec: 1.0 max_timeout_sec: 180.0
Sending keys: ['clear', 'Enter'] min_timeout_sec: 0.0 max_timeout_sec: 180.0
Sending keys: ["python3 - <<'PY'\nimport sys, numpy\nprint(sys.version)\nprint('numpy', numpy.__version__)\ntry:\n import Cython\n print('cython', Cython.__version__)\nexcept Exception as e: print('cython unavailable:', e)\ntry:\n import setuptools\n print('setuptools', setuptools.__version__)\nexcept Exception as e: print('setuptools unavailable:', e)\nPY\n"] min_timeout_sec: 0.5 max_timeout_sec: 180.0
Sending keys: ['rm -rf /app/pyknotid && git clone --depth 1 --branch 0.5.3 https://github.com/SPOCKnots/pyknotid.git /app/pyknotid\n'] min_timeout_sec: 10.0 max_timeout_sec: 180.0
Sending keys: ["cd /app/pyknotid && printf '%s\\n' '--- files ---' && find . -maxdepth 2 -type f | sort | sed -n '1,120p' && printf '%s\\n' '--- setup ---' && sed -n '1,240p' setup.py\n"] min_timeout_sec: 0.5 max_timeout_sec: 180.0
Trajectory dumped to jobs/direct-terminus-2-build-cython-ext-rep1/build-cython-ext__QNBN2Vb/agent/trajectory.json
Sending keys: ["python3 -m pip install --upgrade setuptools wheel 'Cython>=3.0' networkx planarity peewee vispy sympy appdirs requests tqdm\n"] min_timeout_sec: 10.0 max_timeout_sec: 180.0
Sending keys: ["cd /app/pyknotid && printf '%s\\n' '--- Cython sources ---' && find pyknotid -type f \\( -name '*.pyx' -o -name '*.pxd' \\) -print -exec grep -nE 'np\\.(int|float|bool|complex|object)|numpy\\.(int|float|bool|complex|object)|PyInt|long|PyString|cimport numpy|array\\[' {} \\; && printf '%s\\n' '--- package tree ---' && find pyknotid -maxdepth 3 -type f | sort\n"] min_timeout_sec: 1.0 max_timeout_sec: 180.0
Sending keys: ['cd /app/pyknotid && python3 setup.py build_ext --inplace\n'] min_timeout_sec: 10.0 max_timeout_sec: 180.0
Trajectory dumped to jobs/direct-terminus-2-build-cython-ext-rep1/build-cython-ext__QNBN2Vb/agent/trajectory.json
Sending keys: [''] min_timeout_sec: 10.0 max_timeout_sec: 180.0
Trajectory dumped to jobs/direct-terminus-2-build-cython-ext-rep1/build-cython-ext__QNBN2Vb/agent/trajectory.json
Sending keys: [''] min_timeout_sec: 15.0 max_timeout_sec: 180.0
Trajectory dumped to jobs/direct-terminus-2-build-cython-ext-rep1/build-cython-ext__QNBN2Vb/agent/trajectory.json
Sending keys: [''] min_timeout_sec: 30.0 max_timeout_sec: 180.0
Trajectory dumped to jobs/direct-terminus-2-build-cython-ext-rep1/build-cython-ext__QNBN2Vb/agent/trajectory.json
Sending keys: [''] min_timeout_sec: 30.0 max_timeout_sec: 180.0
Trajectory dumped to jobs/direct-terminus-2-build-cython-ext-rep1/build-cython-ext__QNBN2Vb/agent/trajectory.json
Sending keys: [''] min_timeout_sec: 15.0 max_timeout_sec: 180.0
Trajectory dumped to jobs/direct-terminus-2-build-cython-ext-rep1/build-cython-ext__QNBN2Vb/agent/trajectory.json
Sending keys: [''] min_timeout_sec: 15.0 max_timeout_sec: 180.0
Trajectory dumped to jobs/direct-terminus-2-build-cython-ext-rep1/build-cython-ext__QNBN2Vb/agent/trajectory.json
Sending keys: [''] min_timeout_sec: 15.0 max_timeout_sec: 180.0
Trajectory dumped to jobs/direct-terminus-2-build-cython-ext-rep1/build-cython-ext__QNBN2Vb/agent/trajectory.json
Sending keys: [''] min_timeout_sec: 15.0 max_timeout_sec: 180.0
Trajectory dumped to jobs/direct-terminus-2-build-cython-ext-rep1/build-cython-ext__QNBN2Vb/agent/trajectory.json
Sending keys: ["cd /app/pyknotid && python3 - <<'PY'\nimport numpy\nimport pyknotid\nfrom pyknotid.spacecurves import chelpers, ccomplexity\nfrom pyknotid import cinvariants\nimport pyknotid.make as mk\nimport pyknotid.spacecurves as sp\nprint('numpy:', numpy.__version__)\nprint('pyknotid:', pyknotid.__file__)\nprint('chelpers:', chelpers.__file__)\nprint('ccomplexity:', ccomplexity.__file__)\nprint('cinvariants:', cinvariants.__file__)\nk = sp.Knot(mk.three_twist(num_points=100))\nout = k.alexander_polynomial(-1)\nprint('alexander:', out)\nPY\n"] min_timeout_sec: 3.0 max_timeout_sec: 180.0
Sending keys: ['cd /app/pyknotid && python3 -m pip install --no-deps --no-build-isolation .\n'] min_timeout_sec: 10.0 max_timeout_sec: 180.0
Sending keys: ["python3 - <<'PY'\nimport pyknotid, numpy\nfrom pyknotid.spacecurves import chelpers, ccomplexity\nfrom pyknotid import cinvariants\nprint('installed pyknotid:', pyknotid.__file__)\nprint('numpy:', numpy.__version__)\nprint('extensions loaded:', chelpers.__file__, ccomplexity.__file__, cinvariants.__file__)\nPY\n"] min_timeout_sec: 2.0 max_timeout_sec: 180.0
Sending keys: ['cd /app/pyknotid && python3 -m pytest -q tests --ignore=tests/test_random_curves.py --ignore=tests/test_catalogue.py\n'] min_timeout_sec: 10.0 max_timeout_sec: 180.0
Trajectory dumped to jobs/direct-terminus-2-build-cython-ext-rep1/build-cython-ext__QNBN2Vb/agent/trajectory.json
Sending keys: ["cd /app/pyknotid && grep -RInE 'from fractions import gcd|fractions\\.gcd' pyknotid || true && sed -n '1,100p' pyknotid/make/torus.py\n"] min_timeout_sec: 0.5 max_timeout_sec: 180.0
Sending keys: ["cd /app/pyknotid && python3 - <<'PY'\nfrom pathlib import Path\np = Path('pyknotid/make/torus.py')\ns = p.read_text()\ns = s.replace('from fractions import gcd', 'from math import gcd')\np.write_text(s)\nPY\npython3 -m pip install pytest\npython3 setup.py build_ext --inplace\npython3 -m pip install --no-deps --no-build-isolation .\n"] min_timeout_sec: 15.0 max_timeout_sec: 180.0
Sending keys: ["cd /app/pyknotid && python3 - <<'PY'\nimport numpy\nimport pyknotid\nfrom pyknotid.spacecurves import chelpers, ccomplexity\nfrom pyknotid import cinvariants\nimport pyknotid.make as mk\nimport pyknotid.spacecurves as sp\nprint('numpy:', numpy.__version__)\nprint('pyknotid:', pyknotid.__file__)\nprint('chelpers:', chelpers.__file__)\nprint('ccomplexity:', ccomplexity.__file__)\nprint('cinvariants:', cinvariants.__file__)\nk = sp.Knot(mk.three_twist(num_points=100))\nout = k.alexander_polynomial(-1)\nprint('alexander:', out)\nPY\n"] min_timeout_sec: 5.0 max_timeout_sec: 180.0
Sending keys: ['cd /app/pyknotid && python3 -m pytest -q tests --ignore=tests/test_random_curves.py --ignore=tests/test_catalogue.py\n'] min_timeout_sec: 15.0 max_timeout_sec: 180.0
Trajectory dumped to jobs/direct-terminus-2-build-cython-ext-rep1/build-cython-ext__QNBN2Vb/agent/trajectory.json
Sending keys: ["cd /app/pyknotid && grep -RInE --include='*.py' --include='*.pyx' --include='*.pxd' 'np\\.(float|int|bool|complex|object|str|unicode|long)|numpy\\.(float|int|bool|complex|object|str|unicode|long)' pyknotid || true\n"] min_timeout_sec: 0.5 max_timeout_sec: 180.0
Sending keys: ["cd /app/pyknotid && python3 - <<'PY'\nfrom pathlib import Path\nimport re\nfiles = list(Path('pyknotid').rglob('*.py')) + list(Path('pyknotid').rglob('*.pyx')) + list(Path('pyknotid').rglob('*.pxd'))\nreplacements = {\n    'np.float': 'float',\n    'numpy.float': 'float',\n    'np.int': 'int',\n    'numpy.int': 'int',\n    'np.bool': 'bool',\n    'numpy.bool': 'bool',\n    'np.complex': 'complex',\n    'numpy.complex': 'complex',\n    'np.object': 'object',\n    'numpy.object': 'object',\n    'np.str': 'str',\n    'numpy.str': 'str',\n    'np.unicode': 'str',\n    'numpy.unicode': 'str',\n    'np.long': 'int',\n    'numpy.long': 'int',\n}\nfor path in files:\n    old = path.read_text()\n    new = old\n    for source, target in replacements.items():\n        new = re.sub(r'(?<![A-Za-z0-9_])' + re.escape(source) + r'(?![A-Za-z0-9_])', target, new)\n    if new != old:\n        path.write_text(new)\n        print('patched', path)\nPY\n\ngrep -RInE --include='*.py' --include='*.pyx' --include='*.pxd' 'np\\.(float|int|bool|complex|object|str|unicode|long)|numpy\\.(float|int|bool|complex|object|str|unicode|long)' pyknotid || true\n"] min_timeout_sec: 1.0 max_timeout_sec: 180.0
Sending keys: ['cd /app/pyknotid && python3 setup.py build_ext --inplace && python3 -m pip install --no-deps --no-build-isolation .\n'] min_timeout_sec: 15.0 max_timeout_sec: 180.0
Sending keys: ["cd /app/pyknotid && python3 - <<'PY'\nimport numpy\nimport pyknotid\nfrom pyknotid.spacecurves import chelpers, ccomplexity\nfrom pyknotid import cinvariants\nimport pyknotid.make as mk\nimport pyknotid.spacecurves as sp\nprint('numpy:', numpy.__version__)\nprint('extensions:', chelpers.__file__, ccomplexity.__file__, cinvariants.__file__)\nk = sp.Knot(mk.three_twist(num_points=100))\nprint('alexander:', k.alexander_polynomial(-1))\nPY\n"] min_timeout_sec: 5.0 max_timeout_sec: 180.0
Sending keys: ['cd /app/pyknotid && python3 -m pytest -q tests --ignore=tests/test_random_curves.py --ignore=tests/test_catalogue.py\n'] min_timeout_sec: 15.0 max_timeout_sec: 180.0
Trajectory dumped to jobs/direct-terminus-2-build-cython-ext-rep1/build-cython-ext__QNBN2Vb/agent/trajectory.json
Sending keys: ['cd /app/pyknotid && python3 -m pytest -q tests/test_spacecurve.py::test_init -vv --tb=long\n'] min_timeout_sec: 5.0 max_timeout_sec: 180.0
Sending keys: ["printf '%s\\n' '--- repository occurrences ---' && grep -RIn --exclude-dir=.git --exclude='*.so' --exclude='*.c' -E 'np[.]float|numpy[.]float|[.]float64|np[.]int|np[.]bool' /app/pyknotid || true; printf '%s\\n' '--- installed occurrences ---'; grep -RIn --include='*.py' -E 'np[.]float|numpy[.]float' /usr/local/lib/python3.13/site-packages/pyknotid 2>/dev/null || true\n"] min_timeout_sec: 1.0 max_timeout_sec: 180.0
Sending keys: ["python3 - <<'PY'\nimport pyknotid, sys\nprint(pyknotid.__file__)\nprint('\\n'.join(sys.path))\nPY\n"] min_timeout_sec: 0.5 max_timeout_sec: 180.0
Trajectory dumped to jobs/direct-terminus-2-build-cython-ext-rep1/build-cython-ext__QNBN2Vb/agent/trajectory.json
Sending keys: ['cd /app/pyknotid && python3 -m pytest tests/test_spacecurve.py::test_init -vv --tb=long 2>&1 | tee /tmp/pyknotid-test.log; true\n'] min_timeout_sec: 5.0 max_timeout_sec: 180.0
Sending keys: ['cd /app/pyknotid && printf \'%s\\n\' \'--- all likely aliases ---\' && grep -RIn --exclude-dir=.git --exclude-dir=build --exclude=\'*.so\' --exclude=\'*.c\' -E \'(^|[^A-Za-z0-9_])(np|numpy|n)\\.(float|int|bool|complex|object|str|unicode|long)([^A-Za-z0-9_]|$)\' pyknotid || true && printf \'%s\\n\' \'--- traceback source references ---\' && grep -nE \'File ".*pyknotid|np\\.float|numpy\\.float|\\.float\' /tmp/pyknotid-test.log | head -80\n'] min_timeout_sec: 1.0 max_timeout_sec: 180.0
Sending keys: ["cd /app/pyknotid && grep -RIn --exclude-dir=.git --exclude-dir=build --exclude='*.so' --exclude='*.c' -E 'import numpy|cimport numpy|dtype[[:space:]]*=' pyknotid | head -200\n"] min_timeout_sec: 0.5 max_timeout_sec: 180.0
Trajectory dumped to jobs/direct-terminus-2-build-cython-ext-rep1/build-cython-ext__QNBN2Vb/agent/trajectory.json
Sending keys: ["cd /app/pyknotid && python3 - <<'PY'\nfrom pathlib import Path\nimport re\nfiles = list(Path('pyknotid').rglob('*.py')) + list(Path('pyknotid').rglob('*.pyx')) + list(Path('pyknotid').rglob('*.pxd'))\nrepls = {\n    'float': 'float', 'int': 'int', 'bool': 'bool',\n    'complex': 'complex', 'object': 'object', 'str': 'str',\n    'unicode': 'str', 'long': 'int'\n}\nfor p in files:\n    old = p.read_text()\n    new = old\n    for alias in ('np', 'n', 'numpy'):\n        for name, replacement in repls.items():\n            new = re.sub(r'(?<![A-Za-z0-9_])' + alias + r'\\.' + name + r'(?![A-Za-z0-9_])', replacement, new)\n    if new != old:\n        p.write_text(new)\n        print('patched', p)\nPY\n\ngrep -RIn --exclude-dir=.git --exclude-dir=build --exclude='*.so' --exclude='*.c' -E '(^|[^A-Za-z0-9_])(np|numpy|n)\\.(float|int|bool|complex|object|str|unicode|long)([^A-Za-z0-9_]|$)' pyknotid || true\n"] min_timeout_sec: 1.0 max_timeout_sec: 180.0
Sending keys: ['cd /app/pyknotid && python3 setup.py build_ext --inplace && python3 -m pip install --no-deps --no-build-isolation .\n'] min_timeout_sec: 15.0 max_timeout_sec: 180.0
Sending keys: ["cd /app/pyknotid && python3 - <<'PY'\nimport numpy\nimport pyknotid\nfrom pyknotid.spacecurves import chelpers, ccomplexity\nfrom pyknotid import cinvariants\nimport pyknotid.make as mk\nimport pyknotid.spacecurves as sp\nprint('numpy:', numpy.__version__)\nprint('extensions:', chelpers.__file__, ccomplexity.__file__, cinvariants.__file__)\nk = sp.Knot(mk.three_twist(num_points=100))\nprint('alexander:', k.alexander_polynomial(-1))\nPY\n"] min_timeout_sec: 5.0 max_timeout_sec: 180.0
Sending keys: ['cd /app/pyknotid && python3 -m pytest -q tests --ignore=tests/test_random_curves.py --ignore=tests/test_catalogue.py\n'] min_timeout_sec: 20.0 max_timeout_sec: 180.0
Trajectory dumped to jobs/direct-terminus-2-build-cython-ext-rep1/build-cython-ext__QNBN2Vb/agent/trajectory.json
Sending keys: ["cd /app/pyknotid && sed -n '285,390p' pyknotid/representations/representation.py && python3 - <<'PY'\nimport planarity, inspect, networkx as nx\nprint('planarity:', getattr(planarity, '__version__', 'unknown'), planarity.__file__)\nprint('PGraph methods:', [x for x in dir(planarity.PGraph) if not x.startswith('_')])\nprint('networkx_graph:', inspect.signature(planarity.networkx_graph))\nPY\n"] min_timeout_sec: 1.0 max_timeout_sec: 180.0
Sending keys: ["cd /app/pyknotid && python3 - <<'PY'\nfrom pyknotid.representations.planardiagram import PlanarDiagram\nimport planarity, networkx as nx\n# use the same representative from the failing test if available\nfrom pyknotid.representations.representation import Representation\nr = Representation('1+a,2-a,3+a,1-a,2+a,3-a')\npd = r.planar_diagram()\ng, duplicates, heights, first_edge = pd.as_networkx_extended()\nprint('before:', list(g.nodes(data=True)))\npg = planarity.PGraph(g)\nfor method in ('embed_drawplanar', 'embed_planar'):\n    if hasattr(pg, method):\n        try:\n            result = getattr(pg, method)()\n            print(method, 'result=', result)\n        except Exception as e: print(method, 'error=', repr(e))\nprint('pgraph attrs:', [x for x in dir(pg) if not x.startswith('_')])\ntry:\n    gg = planarity.networkx_graph(pg)\n    print('after:', list(gg.nodes(data=True)))\nexcept Exception as e: print('networkx conversion error', repr(e))\nPY\n"] min_timeout_sec: 2.0 max_timeout_sec: 180.0
Trajectory dumped to jobs/direct-terminus-2-build-cython-ext-rep1/build-cython-ext__QNBN2Vb/agent/trajectory.json
Parser warnings: - Extra text detected after JSON object
Sending keys: ["cd /app/pyknotid && sed -n '300,430p' pyknotid/representations/representation.py && printf '%s\\n' '--- failing test references ---' && grep -n -A80 -B20 'reconstructed_space_curve' tests/test_spacecurve.py\n"] min_timeout_sec: 1.0 max_timeout_sec: 180.0
Sending keys: ['cd /app/pyknotid && cat tests/test_spacecurve.py\n'] min_timeout_sec: 1.0 max_timeout_sec: 180.0
Trajectory dumped to jobs/direct-terminus-2-build-cython-ext-rep1/build-cython-ext__QNBN2Vb/agent/trajectory.json
Sending keys: ["cd /app/pyknotid && nl -ba pyknotid/representations/representation.py | sed -n '280,430p' && printf '%s\\n' '--- test location ---' && grep -n -A45 -B25 'def test_reconstructed_space_curve\\|reconstructed_space_curve' tests/test_spacecurve.py\n"] min_timeout_sec: 1.0 max_timeout_sec: 180.0
Sending keys: ["cd /app/pyknotid && sed -n '1,180p' tests/test_spacecurve.py\n"] min_timeout_sec: 1.0 max_timeout_sec: 180.0
Trajectory dumped to jobs/direct-terminus-2-build-cython-ext-rep1/build-cython-ext__QNBN2Vb/agent/trajectory.json
Sending keys: ['cd /app/pyknotid && awk \'NR>=300 && NR<=410 {printf "%4d %s\\n", NR, $0}\' pyknotid/representations/representation.py\n'] min_timeout_sec: 1.0 max_timeout_sec: 180.0
Sending keys: ['cd /app/pyknotid && grep -nE \'^def |^@|reconstructed|Representation|Gauss\' tests/test_spacecurve.py | head -120 && awk \'NR>=1 && NR<=100 {printf "%4d %s\\n", NR, $0}\' tests/test_spacecurve.py\n'] min_timeout_sec: 1.0 max_timeout_sec: 180.0
Sending keys: ["cd /app/pyknotid && python3 - <<'PY'\nimport inspect\nfrom pyknotid.representations import representation\nprint(inspect.getsource(representation.Representation._construct_planar_graph))\nPY\n"] min_timeout_sec: 1.0 max_timeout_sec: 180.0
Trajectory dumped to jobs/direct-terminus-2-build-cython-ext-rep1/build-cython-ext__QNBN2Vb/agent/trajectory.json
Sending keys: ["cd /app/pyknotid && sed -n '1,45p' pyknotid/representations/representation.py && sed -n '315,355p' pyknotid/representations/representation.py\n"] min_timeout_sec: 1.0 max_timeout_sec: 180.0
Sending keys: ['cd /app/pyknotid && python3 - <<\'PY\'\nfrom pathlib import Path\np = Path(\'pyknotid/representations/representation.py\')\ns = p.read_text()\nneedle = "        g = planarity.networkx_graph(pg)\\n\\n\\n        node_labels = {}"\nreplacement = "        g = planarity.networkx_graph(pg)\\n\\n        # planarity >= 1.0.0 no longer attaches draw positions to\\n        # converted NetworkX nodes. Older pyknotid code expects data[\'pos\'].\\n        if g.number_of_nodes() and not all(\'pos\' in data for _, data in g.nodes(data=True)):\\n            import networkx as nx\\n            positions = nx.planar_layout(g)\\n            for node, position in positions.items():\\n                g.nodes[node][\'pos\'] = position\\n\\n        node_labels = {}"\nif needle not in s:\n    raise SystemExit(\'patch location not found\')\np.write_text(s.replace(needle, replacement, 1))\nprint(\'patched representation.py\')\nPY\nsed -n \'325,355p\' pyknotid/representations/representation.py\n'] min_timeout_sec: 1.0 max_timeout_sec: 180.0
Sending keys: ['cd /app/pyknotid && python3 -m pip install --no-deps --no-build-isolation .\n'] min_timeout_sec: 10.0 max_timeout_sec: 180.0
Sending keys: ['cd /app/pyknotid && python3 -m pytest -q tests/test_spacecurve.py::test_reconstructed_space_curve -vv\n'] min_timeout_sec: 10.0 max_timeout_sec: 180.0
Sending keys: ['cd /app/pyknotid && python3 -m pytest -q tests --ignore=tests/test_random_curves.py --ignore=tests/test_catalogue.py\n'] min_timeout_sec: 20.0 max_timeout_sec: 180.0
Trajectory dumped to jobs/direct-terminus-2-build-cython-ext-rep1/build-cython-ext__QNBN2Vb/agent/trajectory.json
Sending keys: ["cd /app/pyknotid && sed -n '318,355p' pyknotid/representations/representation.py\n"] min_timeout_sec: 0.5 max_timeout_sec: 180.0
Sending keys: ['cd /app/pyknotid && python3 - <<\'PY\'\nfrom pathlib import Path\np = Path(\'pyknotid/representations/representation.py\')\ns = p.read_text()\nold = "        pg = planarity.PGraph(g)\\n        pg.embed_drawplanar()\\n        g = planarity.networkx_graph(pg)\\n\\n        # planarity >= 1.0.0 no longer attaches draw positions to\\n        # converted NetworkX nodes. Older pyknotid code expects data[\'pos\'].\\n        if g.number_of_nodes() and not all(\'pos\' in data for _, data in g.nodes(data=True)):\\n"\nnew = "        # planarity.networkx_graph() may discard NetworkX node attributes.\\n        # Preserve the metadata required by the original pyknotid layout code.\\n        original_node_data = {node: dict(data) for node, data in g.nodes(data=True)}\\n\\n        pg = planarity.PGraph(g)\\n        pg.embed_drawplanar()\\n        g = planarity.networkx_graph(pg)\\n\\n        for node, data in original_node_data.items():\\n            if node in g:\\n                g.nodes[node].update(data)\\n\\n        # planarity >= 1.0.0 no longer attaches draw positions to\\n        # converted NetworkX nodes. Older pyknotid code expects data[\'pos\'].\\n        if g.number_of_nodes() and not all(\'pos\' in data for _, data in g.nodes(data=True)):\\n"\nif old not in s:\n    raise SystemExit(\'expected patch block not found\')\np.write_text(s.replace(old, new, 1))\nprint(\'patched node attribute preservation\')\nPY\nsed -n \'318,365p\' pyknotid/representations/representation.py\n'] min_timeout_sec: 1.0 max_timeout_sec: 180.0
Sending keys: ['cd /app/pyknotid && python3 -m pip install --no-deps --no-build-isolation .\n'] min_timeout_sec: 10.0 max_timeout_sec: 180.0
Sending keys: ['cd /app/pyknotid && python3 -m pytest -q tests/test_spacecurve.py::test_reconstructed_space_curve -vv\n'] min_timeout_sec: 10.0 max_timeout_sec: 180.0
Sending keys: ['cd /app/pyknotid && python3 -m pytest -q tests --ignore=tests/test_random_curves.py --ignore=tests/test_catalogue.py\n'] min_timeout_sec: 20.0 max_timeout_sec: 180.0
Trajectory dumped to jobs/direct-terminus-2-build-cython-ext-rep1/build-cython-ext__QNBN2Vb/agent/trajectory.json
Sending keys: ["cd /app/pyknotid && nl -ba pyknotid/representations/representation.py | sed -n '250,345p'\n"] min_timeout_sec: 1.0 max_timeout_sec: 180.0
Sending keys: ["cd /app/pyknotid && python3 - <<'PY'\nimport inspect\nfrom pyknotid.representations import representation\nprint(inspect.signature(representation.Representation._construct_planar_graph))\nprint(inspect.getsource(representation.Representation._construct_planar_graph)[:3500])\nPY\n"] min_timeout_sec: 1.0 max_timeout_sec: 180.0
Sending keys: ["cd /app/pyknotid && python3 - <<'PY'\nimport planarity\nfrom pyknotid.representations.representation import Representation\n# Use a valid compact Gauss code form accepted by this version.\nfor text in ('1+a,2-a,3+a,1-a,2+a,3-a', '1+a 2-a 3+a 1-a 2+a 3-a'):\n    try:\n        r = Representation(text)\n        print('accepted', repr(text), type(r))\n        break\n    except Exception as e:\n        print('rejected', repr(text), repr(e))\nelse:\n    raise SystemExit\ntry:\n    pd = r.planar_diagram()\n    g, duplicates, heights, first_edge = pd.as_networkx_extended()\n    print('original nodes:', list(g.nodes(data=True))[:12])\n    original = {x: dict(d) for x, d in g.nodes(data=True)}\n    pg = planarity.PGraph(g)\n    print('mapping:', getattr(pg, 'mapping', None))\n    pg.embed_drawplanar()\n    gg = planarity.networkx_graph(pg)\n    print('converted nodes:', list(gg.nodes(data=True))[:12])\nexcept Exception as e:\n    import traceback; traceback.print_exc()\nPY\n"] min_timeout_sec: 2.0 max_timeout_sec: 180.0
Trajectory dumped to jobs/direct-terminus-2-build-cython-ext-rep1/build-cython-ext__QNBN2Vb/agent/trajectory.json
Sending keys: ["cd /app/pyknotid && sed -n '318,365p' pyknotid/representations/representation.py\n"] min_timeout_sec: 0.5 max_timeout_sec: 180.0
Sending keys: ['cd /app/pyknotid && python3 - <<\'PY\'\nfrom pathlib import Path\np = Path(\'pyknotid/representations/representation.py\')\ns = p.read_text()\nold = "        # planarity.networkx_graph() may discard NetworkX node attributes.\\n        # Preserve the metadata required by the original pyknotid layout code.\\n        original_node_data = {node: dict(data) for node, data in g.nodes(data=True)}\\n\\n        pg = planarity.PGraph(g)\\n        pg.embed_drawplanar()\\n        g = planarity.networkx_graph(pg)\\n\\n        for node, data in original_node_data.items():\\n            if node in g:\\n                g.nodes[node].update(data)\\n\\n        # planarity >= 1.0.0 no longer attaches draw positions to\\n        # converted NetworkX nodes. Older pyknotid code expects data[\'pos\'].\\n        if g.number_of_nodes() and not all(\'pos\' in data for _, data in g.nodes(data=True)):\\n            import networkx as nx\\n            positions = nx.planar_layout(g)\\n            for node, position in positions.items():\\n                g.nodes[node][\'pos\'] = position\\n"\nnew = "        # Keep the original NetworkX graph: planarity.networkx_graph()\\n        # discards pyknotid\'s node metadata such as \'start\' and \'end\'.\\n        # The original graph is already planar and can be laid out directly.\\n        pg = planarity.PGraph(g)\\n        pg.embed_drawplanar()\\n\\n        # planarity >= 1.0.0 does not attach draw positions to the original\\n        # graph. Older pyknotid code expects each node to have data[\'pos\'].\\n        if g.number_of_nodes() and not all(\'pos\' in data for _, data in g.nodes(data=True)):\\n            import networkx as nx\\n            positions = nx.planar_layout(g)\\n            for node, position in positions.items():\\n                g.nodes[node][\'pos\'] = position\\n"\nif old not in s:\n    raise SystemExit(\'expected block not found\')\np.write_text(s.replace(old, new, 1))\nprint(\'patched to preserve original graph attributes\')\nPY\nsed -n \'318,355p\' pyknotid/representations/representation.py\n'] min_timeout_sec: 1.0 max_timeout_sec: 180.0
Sending keys: ['cd /app/pyknotid && python3 -m pip install --no-deps --no-build-isolation .\n'] min_timeout_sec: 10.0 max_timeout_sec: 180.0
Sending keys: ['cd /app/pyknotid && python3 -m pytest -q tests/test_spacecurve.py::test_reconstructed_space_curve -vv\n'] min_timeout_sec: 10.0 max_timeout_sec: 180.0
Sending keys: ['cd /app/pyknotid && python3 -m pytest -q tests --ignore=tests/test_random_curves.py --ignore=tests/test_catalogue.py\n'] min_timeout_sec: 20.0 max_timeout_sec: 180.0
Trajectory dumped to jobs/direct-terminus-2-build-cython-ext-rep1/build-cython-ext__QNBN2Vb/agent/trajectory.json
Sending keys: ["cd /app/pyknotid && grep -RIn --exclude='*.c' --exclude='*.so' -E 'def as_networkx_extended|\\[.start.\\]|start[[:space:]]*=|\\[.end.\\]|end[[:space:]]*=' pyknotid tests | head -200\n"] min_timeout_sec: 1.0 max_timeout_sec: 180.0
Sending keys: ["cd /app/pyknotid && grep -RIn --exclude='*.c' --exclude='*.so' -E 'add_node|nodes\\[|nodes\\.data|networkx' pyknotid/representations | head -240\n"] min_timeout_sec: 1.0 max_timeout_sec: 180.0
Sending keys: ["cd /app/pyknotid && python3 - <<'PY'\nimport inspect\nfrom pyknotid.representations.planardiagram import PlanarDiagram\nprint(inspect.getsource(PlanarDiagram.as_networkx_extended))\nPY\n"] min_timeout_sec: 1.0 max_timeout_sec: 180.0
Trajectory dumped to jobs/direct-terminus-2-build-cython-ext-rep1/build-cython-ext__QNBN2Vb/agent/trajectory.json
Sending keys: ["cd /app/pyknotid && nl -ba pyknotid/representations/representation.py | sed -n '300,430p' && printf '%s\\n' '--- planar graph method ---' && grep -n -A180 -B20 'def as_networkx_extended' pyknotid/representations/planardiagram.py\n"] min_timeout_sec: 1.0 max_timeout_sec: 180.0
Sending keys: ['cd /app/pyknotid && grep -RIn --exclude=\'*.c\' --exclude=\'*.so\' -E "data\\[\'(start|end|pos)\'\\]|\\[\'start\'\\]|\\[\'end\'\\]|\\[\'pos\'\\]" pyknotid tests\n'] min_timeout_sec: 1.0 max_timeout_sec: 180.0
Sending keys: ["cd /app/pyknotid && grep -RIn --exclude='*.c' --exclude='*.so' -E 'nodes_by_height|node_xs_by_y|node_labels|first_edge|heights\\[' pyknotid/representations/representation.py pyknotid/representations/planardiagram.py\n"] min_timeout_sec: 1.0 max_timeout_sec: 180.0
Trajectory dumped to jobs/direct-terminus-2-build-cython-ext-rep1/build-cython-ext__QNBN2Vb/agent/trajectory.json
Parser warnings: - Command 1 should end with newline when followed by another command. Otherwise the two commands will be concatenated together on the same line.
Sending keys: ["cd /app/pyknotid && nl -ba pyknotid/representations/representation.py | sed -n '310,465p'"] min_timeout_sec: 1.0 max_timeout_sec: 180.0
Sending keys: ["cd /app/pyknotid && nl -ba pyknotid/representations/planardiagram.py | sed -n '70,245p'"] min_timeout_sec: 1.0 max_timeout_sec: 180.0
Trajectory dumped to jobs/direct-terminus-2-build-cython-ext-rep1/build-cython-ext__QNBN2Vb/agent/trajectory.json
Sending keys: ["cd /app/pyknotid && nl -ba pyknotid/representations/representation.py | sed -n '310,465p'\n"] min_timeout_sec: 1.0 max_timeout_sec: 180.0
Sending keys: ["cd /app/pyknotid && nl -ba pyknotid/representations/planardiagram.py | sed -n '70,245p'\n"] min_timeout_sec: 1.0 max_timeout_sec: 180.0
Trajectory dumped to jobs/direct-terminus-2-build-cython-ext-rep1/build-cython-ext__QNBN2Vb/agent/trajectory.json
Sending keys: ["cd /app/pyknotid && printf '%s\\n' '--- representation 310-390 ---' && sed -n '310,390p' pyknotid/representations/representation.py\n"] min_timeout_sec: 1.0 max_timeout_sec: 180.0
Sending keys: ["cd /app/pyknotid && printf '%s\\n' '--- representation 390-465 ---' && sed -n '390,465p' pyknotid/representations/representation.py\n"] min_timeout_sec: 1.0 max_timeout_sec: 180.0
Sending keys: ["cd /app/pyknotid && printf '%s\\n' '--- as_networkx_extended ---' && grep -n 'def as_networkx_extended' pyknotid/representations/planardiagram.py && sed -n '70,225p' pyknotid/representations/planardiagram.py\n"] min_timeout_sec: 1.0 max_timeout_sec: 180.0
Trajectory dumped to jobs/direct-terminus-2-build-cython-ext-rep1/build-cython-ext__QNBN2Vb/agent/trajectory.json
Sending keys: ["cd /app/pyknotid && python3 - <<'PY'\nfrom pathlib import Path\nlines = Path('pyknotid/representations/representation.py').read_text().splitlines()\nfor i in range(308, 466):\n    print(f'{i+1:4d}: {lines[i]}')\nPY\n"] min_timeout_sec: 1.0 max_timeout_sec: 180.0
Sending keys: ["cd /app/pyknotid && python3 - <<'PY'\nfrom pathlib import Path\nlines = Path('pyknotid/representations/planardiagram.py').read_text().splitlines()\nfor i in range(70, 225):\n    print(f'{i+1:4d}: {lines[i]}')\nPY\n"] min_timeout_sec: 1.0 max_timeout_sec: 180.0
Trajectory dumped to jobs/direct-terminus-2-build-cython-ext-rep1/build-cython-ext__QNBN2Vb/agent/trajectory.json
Sending keys: ["cd /app/pyknotid && python3 - <<'PY'\nfrom pathlib import Path\nlines = Path('pyknotid/representations/representation.py').read_text().splitlines()\nfor i in range(315, 380):\n    print(f'{i+1:4d}: {lines[i]}')\nPY\n"] min_timeout_sec: 1.0 max_timeout_sec: 180.0
Sending keys: ["cd /app/pyknotid && python3 - <<'PY'\nfrom pathlib import Path\nlines = Path('pyknotid/representations/representation.py').read_text().splitlines()\nfor i in range(380, 465):\n    print(f'{i+1:4d}: {lines[i]}')\nPY\n"] min_timeout_sec: 1.0 max_timeout_sec: 180.0
Trajectory dumped to jobs/direct-terminus-2-build-cython-ext-rep1/build-cython-ext__QNBN2Vb/agent/trajectory.json
Sending keys: ["cd /app/pyknotid && sed -n '315,375p' pyknotid/representations/representation.py\n"] min_timeout_sec: 1.0 max_timeout_sec: 180.0
Sending keys: ["cd /app/pyknotid && sed -n '375,415p' pyknotid/representations/representation.py\n"] min_timeout_sec: 1.0 max_timeout_sec: 180.0
Trajectory dumped to jobs/direct-terminus-2-build-cython-ext-rep1/build-cython-ext__QNBN2Vb/agent/trajectory.json
Sending keys: ['cd /app/pyknotid && python3 - <<\'PY\'\nfrom pathlib import Path\np = Path(\'pyknotid/representations/representation.py\')\ns = p.read_text()\nold = "        # planarity >= 1.0.0 does not attach draw positions to the original\\n        # graph. Older pyknotid code expects each node to have data[\'pos\'].\\n        if g.number_of_nodes() and not all(\'pos\' in data for _, data in g.nodes(data=True)):\\n            import networkx as nx\\n            positions = nx.planar_layout(g)\\n            for node, position in positions.items():\\n                g.nodes[node][\'pos\'] = position\\n"\nnew = "        # planarity >= 1.0.0 does not attach the legacy node/edge drawing\\n        # attributes used below. Reconstruct them from a planar NetworkX\\n        # layout while retaining the original graph topology and node IDs.\\n        import networkx as nx\\n        positions = nx.planar_layout(g) if g.number_of_nodes() else {}\\n        ordered_nodes = sorted(g.nodes(), key=lambda node: (float(positions[node][1]), node))\\n        node_y = {node: float(index) for index, node in enumerate(ordered_nodes)}\\n        node_x = {node: float(positions[node][0]) for node in g.nodes()}\\n\\n        for node in g.nodes():\\n            x = node_x[node]\\n            g.nodes[node][\'pos\'] = node_y[node]\\n            g.nodes[node][\'start\'] = x - 0.5\\n            g.nodes[node][\'end\'] = x + 0.5\\n\\n        for n1, n2, data in g.edges(data=True):\\n            data[\'pos\'] = 0.5 * (node_x[n1] + node_x[n2])\\n            data[\'start\'] = node_y[n1]\\n            data[\'end\'] = node_y[n2]\\n"\nif old not in s:\n    raise SystemExit(\'expected layout fallback not found\')\np.write_text(s.replace(old, new, 1))\nprint(\'patched legacy planarity attributes\')\nPY\nsed -n \'320,365p\' pyknotid/representations/representation.py\n'] min_timeout_sec: 1.0 max_timeout_sec: 180.0
Sending keys: ['cd /app/pyknotid && python3 -m pip install --no-deps --no-build-isolation .\n'] min_timeout_sec: 10.0 max_timeout_sec: 180.0
Sending keys: ['cd /app/pyknotid && python3 -m pytest -q tests/test_spacecurve.py::test_reconstructed_space_curve -vv\n'] min_timeout_sec: 10.0 max_timeout_sec: 180.0
Sending keys: ['cd /app/pyknotid && python3 -m pytest -q tests --ignore=tests/test_random_curves.py --ignore=tests/test_catalogue.py\n'] min_timeout_sec: 20.0 max_timeout_sec: 180.0
Trajectory dumped to jobs/direct-terminus-2-build-cython-ext-rep1/build-cython-ext__QNBN2Vb/agent/trajectory.json
Sending keys: ["cd /app/pyknotid && sed -n '465,660p' pyknotid/representations/representation.py\n"] min_timeout_sec: 1.0 max_timeout_sec: 180.0
Sending keys: ["cd /app/pyknotid && grep -RIn --exclude='*.c' --exclude='*.so' -E 'class CrossingLine|def add_line|CrossingLine\\(|arc_number|edge_directions' pyknotid/representations\n"] min_timeout_sec: 1.0 max_timeout_sec: 180.0
Sending keys: ["cd /app/pyknotid && sed -n '1,235p' pyknotid/representations/planardiagram.py\n"] min_timeout_sec: 1.0 max_timeout_sec: 180.0
Trajectory dumped to jobs/direct-terminus-2-build-cython-ext-rep1/build-cython-ext__QNBN2Vb/agent/trajectory.json
Sending keys: ['python3 -m pip index versions planarity 2>&1 | head -30\n'] min_timeout_sec: 3.0 max_timeout_sec: 180.0
Sending keys: ["cd /app/pyknotid && git diff -- pyknotid/representations/representation.py pyknotid/representations/planardiagram.py pyknotid/invariants.py pyknotid/simplify/octree.py pyknotid/make/torus.py | sed -n '1,260p'\n"] min_timeout_sec: 1.0 max_timeout_sec: 180.0
Sending keys: ["python3 - <<'PY'\nimport planarity, inspect\nprint(planarity.__file__)\nprint(inspect.getsource(planarity.networkx_graph))\nPY\n"] min_timeout_sec: 1.0 max_timeout_sec: 180.0
Trajectory dumped to jobs/direct-terminus-2-build-cython-ext-rep1/build-cython-ext__QNBN2Vb/agent/trajectory.json
Sending keys: ["python3 -m pip install --force-reinstall --no-cache-dir 'planarity==0.6'\n"] min_timeout_sec: 15.0 max_timeout_sec: 180.0
Sending keys: ["python3 - <<'PY'\nimport planarity, inspect\nprint('planarity:', planarity.__file__)\nprint(inspect.getsource(planarity.networkx_graph))\nPY\n"] min_timeout_sec: 1.0 max_timeout_sec: 180.0
Sending keys: ['cd /app/pyknotid && git checkout -- pyknotid/representations/representation.py && python3 -m pip install --no-deps --no-build-isolation .\n'] min_timeout_sec: 10.0 max_timeout_sec: 180.0
Sending keys: ['cd /app/pyknotid && python3 -m pytest -q tests/test_spacecurve.py::test_reconstructed_space_curve -vv\n'] min_timeout_sec: 10.0 max_timeout_sec: 180.0
Trajectory dumped to jobs/direct-terminus-2-build-cython-ext-rep1/build-cython-ext__QNBN2Vb/agent/trajectory.json
Sending keys: [''] min_timeout_sec: 15.0 max_timeout_sec: 180.0
Trajectory dumped to jobs/direct-terminus-2-build-cython-ext-rep1/build-cython-ext__QNBN2Vb/agent/trajectory.json
Sending keys: ["cd /app/pyknotid && grep -RIn --exclude-dir=.git --exclude-dir=build --exclude='*.c' --exclude='*.so' -E '(^|[^A-Za-z0-9_])(np|n|numpy)\\.(float|int|bool|complex|object|str|unicode|long)([^A-Za-z0-9_]|$)' pyknotid || true\n"] min_timeout_sec: 1.0 max_timeout_sec: 180.0
Sending keys: ["cd /app/pyknotid && python3 - <<'PY'\nfrom pathlib import Path\nimport re\nreplacements = {\n    'float': 'float',\n    'int': 'int',\n    'bool': 'bool',\n    'complex': 'complex',\n    'object': 'object',\n    'str': 'str',\n    'unicode': 'str',\n    'long': 'int',\n}\nfor path in list(Path('pyknotid').rglob('*.py')) + list(Path('pyknotid').rglob('*.pyx')) + list(Path('pyknotid').rglob('*.pxd')):\n    old = path.read_text()\n    new = old\n    for alias in ('np', 'n', 'numpy'):\n        for name, replacement in replacements.items():\n            new = re.sub(r'(?<![A-Za-z0-9_])' + alias + r'\\.' + name + r'(?![A-Za-z0-9_])', replacement, new)\n    if new != old:\n        path.write_text(new)\n        print('patched', path)\nPY\n\ngrep -RIn --exclude-dir=.git --exclude-dir=build --exclude='*.c' --exclude='*.so' -E '(^|[^A-Za-z0-9_])(np|n|numpy)\\.(float|int|bool|complex|object|str|unicode|long)([^A-Za-z0-9_]|$)' pyknotid || true\n"] min_timeout_sec: 1.0 max_timeout_sec: 180.0
Sending keys: ['cd /app/pyknotid && python3 setup.py build_ext --inplace && python3 -m pip install --no-deps --no-build-isolation .\n'] min_timeout_sec: 15.0 max_timeout_sec: 180.0
Sending keys: ['cd /app/pyknotid && python3 -m pytest -q tests/test_spacecurve.py::test_reconstructed_space_curve -vv\n'] min_timeout_sec: 10.0 max_timeout_sec: 180.0
Sending keys: ["cd /app/pyknotid && python3 - <<'PY'\nimport numpy\nimport pyknotid\nfrom pyknotid.spacecurves import chelpers, ccomplexity\nfrom pyknotid import cinvariants\nimport pyknotid.make as mk\nimport pyknotid.spacecurves as sp\nprint('numpy:', numpy.__version__)\nprint('extensions:', chelpers.__file__, ccomplexity.__file__, cinvariants.__file__)\nk = sp.Knot(mk.three_twist(num_points=100))\nprint('alexander:', k.alexander_polynomial(-1))\nPY\n"] min_timeout_sec: 5.0 max_timeout_sec: 180.0
Sending keys: ['cd /app/pyknotid && python3 -m pytest -q tests --ignore=tests/test_random_curves.py --ignore=tests/test_catalogue.py\n'] min_timeout_sec: 20.0 max_timeout_sec: 180.0
Trajectory dumped to jobs/direct-terminus-2-build-cython-ext-rep1/build-cython-ext__QNBN2Vb/agent/trajectory.json
Trajectory dumped to jobs/direct-terminus-2-build-cython-ext-rep1/build-cython-ext__QNBN2Vb/agent/trajectory.json
Trajectory dumped to jobs/direct-terminus-2-build-cython-ext-rep1/build-cython-ext__QNBN2Vb/agent/trajectory.json
Trajectory dumped to jobs/direct-terminus-2-build-cython-ext-rep1/build-cython-ext__QNBN2Vb/agent/trajectory.json
Collecting main service artifacts
