Installing: tmux, asciinema
Detected system: {'os': 'debian-based', 'package_manager': 'apt-get', 'update_command': None}
Installing tools using apt-get: DEBIAN_FRONTEND=noninteractive apt-get update && DEBIAN_FRONTEND=noninteractive apt-get install -y tmux asciinema
Starting recording.
Sending keys: ['asciinema rec --stdin /logs/agent/recording.cast', 'Enter'] min_timeout_sec: 1.0 max_timeout_sec: 180.0
Sending keys: ['clear', 'Enter'] min_timeout_sec: 0.0 max_timeout_sec: 180.0
Sending keys: ["ls -la /app && file /app/chess_board.png && python3 - <<'PY'\nfrom PIL import Image\nim=Image.open('/app/chess_board.png')\nprint(im.size, im.mode)\nPY\n"] min_timeout_sec: 0.5 max_timeout_sec: 180.0
Trajectory dumped to jobs/wd-terminus-2-chess-best-move-rep1/chess-best-move__esQTWod/agent/trajectory.json
Sending keys: ["python3 - <<'PY'\nfrom PIL import Image\nim=Image.open('/app/chess_board.png')\nprint('size:', im.size, 'mode:', im.mode)\nPY\nwhich stockfish || true\nwhich fairy-stockfish || true\npython3 - <<'PY'\ntry:\n import chess\n print('python-chess installed')\nexcept Exception as e: print('no python-chess:', e)\nPY\n"] min_timeout_sec: 0.5 max_timeout_sec: 180.0
Sending keys: ["python3 - <<'PY'\nfrom PIL import Image\nim=Image.open('/app/chess_board.png').convert('RGB')\n# Render a coarse ANSI-colored block preview to inspect the board in terminal.\nw,h=im.size\nprint(w,h)\n# sample average brightness and dominant colors in a 16x16 grid\nfor y in range(0,h,max(1,h//16)):\n print(' '.join('%02x%02x%02x'%im.getpixel((min(x,w-1),min(y,h-1))) for x in range(0,w,max(1,w//16))))\nPY\n"] min_timeout_sec: 0.5 max_timeout_sec: 180.0
Trajectory dumped to jobs/wd-terminus-2-chess-best-move-rep1/chess-best-move__esQTWod/agent/trajectory.json
Sending keys: ["python3 - <<'PY'\nfrom PIL import Image\nimport math\nim=Image.open('/app/chess_board.png').convert('RGB')\nchars=' .:-=+*#%@'\n# Print each square as 12x12 grayscale, with pieces/edges visible.\nfor r in range(8):\n    print('\\nRANK',8-r)\n    for sy in range(12):\n        line=''\n        for c in range(8):\n            vals=[]\n            for yy in range(5+sy*6,5+(sy+1)*6):\n                for xx in range(5+c*80+ (xx0:=0), 5+c*80+1):\n                    pass\n            # average pixels in this 6x6 block\n            x0=c*80+5; y0=r*80+5\n            x1=x0+sy*0\n            # use a 6x6 block corresponding to the subcell\n            yy0=5+r*80+sy*6; xx0=5+c*80\n            # sample horizontal position by a second loop below\n            vals=[]\n            for sx in range(12):\n                pix=[]\n                for y in range(5+r*80+sy*6,5+r*80+(sy+1)*6):\n                    for x in range(5+c*80+sx*6,5+c*80+(sx+1)*6):\n                        rr,gg,bb=im.getpixel((x,y)); pix.append((rr+gg+bb)/3)\n                lum=sum(pix)/len(pix)\n                # invert for conventional dark-ink display\n                line += chars[min(9,max(0,int((255-lum)/25.6)))]\n            line += ' '\n        print(line)\nprint('\\nFiles a-h left to right; ranks 8-1 top to bottom')\nPY\n"] min_timeout_sec: 1.0 max_timeout_sec: 180.0
Trajectory dumped to jobs/wd-terminus-2-chess-best-move-rep1/chess-best-move__esQTWod/agent/trajectory.json
Sending keys: ['python3 - <<\'PY\'\nfrom PIL import Image\nimport numpy as np\nim=np.array(Image.open(\'/app/chess_board.png\').convert(\'RGB\'))\n# Estimate background from the corner of each square and create a difference mask.\nfor r in range(8):\n  for c in range(8):\n    sq=im[r*80:(r+1)*80,c*80:(c+1)*80].astype(float)\n    bg=np.median(np.concatenate([sq[:8,:8].reshape(-1,3),sq[:8,-8:].reshape(-1,3),sq[-8:,:8].reshape(-1,3),sq[-8:,-8:].reshape(-1,3)]),axis=0)\n    d=np.linalg.norm(sq-bg,axis=2)\n    mask=d>25\n    # ignore board-edge antialiasing, use inner 70x70\n    m=mask[5:75,5:75]\n    ys,xs=np.where(m)\n    if len(xs)>30:\n      print(f\'{"abcdefgh"[c]}{8-r}: n={len(xs):4d} bbox=({xs.min():2d},{ys.min():2d})-({xs.max():2d},{ys.max():2d}) bg={bg.astype(int).tolist()}\')\nPY\n'] min_timeout_sec: 0.5 max_timeout_sec: 180.0
Sending keys: ['python3 - <<\'PY\'\nfrom PIL import Image\nimport numpy as np\nim=np.array(Image.open(\'/app/chess_board.png\').convert(\'RGB\'))\nchars=\' .:+#@\'\nfor r in range(8):\n for c in range(8):\n  sq=im[r*80:(r+1)*80,c*80:(c+1)*80].astype(float)\n  bg=np.median(np.concatenate([sq[:8,:8].reshape(-1,3),sq[:8,-8:].reshape(-1,3),sq[-8:,:8].reshape(-1,3),sq[-8:,-8:].reshape(-1,3)]),axis=0)\n  d=np.linalg.norm(sq-bg,axis=2)\n  if (d[5:75,5:75]>25).sum()<=30: continue\n  print(f\'\\n{"abcdefgh"[c]}{8-r}\')\n  # nearest-neighbor reduction; mark dark/light deviations distinctly\n  for yy in range(8,72,4):\n   s=\'\'\n   for xx in range(8,72,4):\n    block=sq[yy:yy+4,xx:xx+4].mean((0,1)); delta=block-bg\n    mag=np.linalg.norm(delta)\n    if mag<22: ch=\' \'\n    elif block.mean()<bg.mean()-20: ch=\'@\'\n    elif block.mean()>bg.mean()+20: ch=\'#\'\n    else: ch=\'+\'\n    s+=ch\n   print(s)\nPY\n'] min_timeout_sec: 1.0 max_timeout_sec: 180.0
Trajectory dumped to jobs/wd-terminus-2-chess-best-move-rep1/chess-best-move__esQTWod/agent/trajectory.json
Sending keys: ["python3 - <<'PY'\nfrom PIL import Image\nim=Image.open('/app/chess_board.png').convert('RGB')\nfiles='abcdefgh'\nfor r in range(8):\n for c in range(8):\n  # corner background average\n  pts=[]\n  for y in list(range(r*80+4,r*80+12))+list(range(r*80+68,r*80+76)):\n   for x in list(range(c*80+4,c*80+12))+list(range(c*80+68,c*80+76)):\n    pts.append(im.getpixel((x,y)))\n  bg=tuple(sum(p[k] for p in pts)//len(pts) for k in range(3))\n  vals=[]\n  for y in range(r*80+5,r*80+75):\n   for x in range(c*80+5,c*80+75):\n    p=im.getpixel((x,y)); vals.append(sum((p[k]-bg[k])**2 for k in range(3))**0.5)\n  if sum(v>25 for v in vals)>30:\n   print(f'{files[c]}{8-r} bg={bg} changed={sum(v>25 for v in vals)}')\n   for by in range(16):\n    line=''\n    for bx in range(16):\n     pix=[]\n     for y in range(r*80+8+by*4,r*80+12+by*4):\n      for x in range(c*80+8+bx*4,c*80+12+bx*4):\n       p=im.getpixel((x,y)); pix.append(sum(p)/3)\n     lum=sum(pix)/len(pix)\n     delta=lum-sum(bg)/3\n     line += '@' if delta < -35 else '#' if delta > 35 else '+' if abs(delta)>15 else ' '\n    print(line)\nPY\n"] min_timeout_sec: 1.0 max_timeout_sec: 180.0
Trajectory dumped to jobs/wd-terminus-2-chess-best-move-rep1/chess-best-move__esQTWod/agent/trajectory.json
Sending keys: ['apt-get update -qq && apt-get install -y -qq stockfish python3-pip >/dev/null 2>&1 && pip3 install -q python-chess && echo INSTALLED\n'] min_timeout_sec: 10.0 max_timeout_sec: 180.0
Sending keys: ["which stockfish || find /usr -type f -name '*stockfish*' 2>/dev/null | head\n"] min_timeout_sec: 0.5 max_timeout_sec: 180.0
Trajectory dumped to jobs/wd-terminus-2-chess-best-move-rep1/chess-best-move__esQTWod/agent/trajectory.json
Sending keys: [''] min_timeout_sec: 10.0 max_timeout_sec: 180.0
Trajectory dumped to jobs/wd-terminus-2-chess-best-move-rep1/chess-best-move__esQTWod/agent/trajectory.json
Sending keys: ["apt-get install -y -qq python3-chess stockfish && echo OK; command -v stockfish || find /usr -type f -iname '*stockfish*' 2>/dev/null | head\n"] min_timeout_sec: 10.0 max_timeout_sec: 180.0
Sending keys: ["python3 - <<'PY'\nimport chess\nprint('python-chess', chess.__version__)\nPY\n"] min_timeout_sec: 0.5 max_timeout_sec: 180.0
Trajectory dumped to jobs/wd-terminus-2-chess-best-move-rep1/chess-best-move__esQTWod/agent/trajectory.json
Sending keys: ["pip3 install --break-system-packages -q python-chess && python3 - <<'PY'\nimport chess\nprint(chess.__version__)\nPY\n"] min_timeout_sec: 10.0 max_timeout_sec: 180.0
Sending keys: ["cat > /tmp/analyze.py <<'PY'\nimport chess, chess.engine\nfen='r1bq1k2/1p3pp1/p1n1p3/3n1b1P/8/P1N5/1P2QPP1/R1B1K2R w KQ - 0 1'\nb=chess.Board(fen)\nprint(b)\nprint('fen',b.fen(),'legal',b.is_valid())\nengine=chess.engine.SimpleEngine.popen_uci('/usr/games/stockfish')\nfor d in (18,24):\n infos=engine.analyse(b,chess.engine.Limit(depth=d),multipv=5)\n print('DEPTH',d)\n for x in infos:\n  print(x['score'].pov(chess.WHITE), b.uci(x['pv'][0]), ' '.join(b.uci(m) for m in x['pv'][:8]))\nengine.quit()\nPY\npython3 /tmp/analyze.py\n"] min_timeout_sec: 15.0 max_timeout_sec: 180.0
Trajectory dumped to jobs/wd-terminus-2-chess-best-move-rep1/chess-best-move__esQTWod/agent/trajectory.json
Sending keys: [''] min_timeout_sec: 15.0 max_timeout_sec: 180.0
Trajectory dumped to jobs/wd-terminus-2-chess-best-move-rep1/chess-best-move__esQTWod/agent/trajectory.json
Sending keys: [''] min_timeout_sec: 15.0 max_timeout_sec: 180.0
Trajectory dumped to jobs/wd-terminus-2-chess-best-move-rep1/chess-best-move__esQTWod/agent/trajectory.json
Sending keys: ["printf 'h5h6\\n' > /app/move.txt && cat /app/move.txt\n"] min_timeout_sec: 0.2 max_timeout_sec: 180.0
Trajectory dumped to jobs/wd-terminus-2-chess-best-move-rep1/chess-best-move__esQTWod/agent/trajectory.json
Trajectory dumped to jobs/wd-terminus-2-chess-best-move-rep1/chess-best-move__esQTWod/agent/trajectory.json
Trajectory dumped to jobs/wd-terminus-2-chess-best-move-rep1/chess-best-move__esQTWod/agent/trajectory.json
Collecting main service artifacts
