Installing: tmux, asciinema
Detected system: {'os': 'debian-based', 'package_manager': 'apt-get', 'update_command': None}
Installing tools using apt-get: DEBIAN_FRONTEND=noninteractive apt-get update && DEBIAN_FRONTEND=noninteractive apt-get install -y tmux asciinema
Starting recording.
Sending keys: ['asciinema rec --stdin /logs/agent/recording.cast', 'Enter'] min_timeout_sec: 1.0 max_timeout_sec: 180.0
Sending keys: ['clear', 'Enter'] min_timeout_sec: 0.0 max_timeout_sec: 180.0
Sending keys: ["git status --short --branch && printf '\\nBranches:\\n' && git branch -a -vv && printf '\\nRecent commits across refs:\\n' && git log --all --decorate --oneline --graph -20\n"] min_timeout_sec: 1.0 max_timeout_sec: 180.0
Trajectory dumped to jobs/live-jev-decide-fix-git-20261007-163902/fix-git__8JXk2tG/agent/trajectory.json
Sending keys: ["printf '%s\\n' 'Reflog:' && git reflog --all --date=local && printf '%s\\n' 'Stashes:' && git stash list && printf '%s\\n' 'Unreachable commits:' && git fsck --full --no-reflogs --unreachable 2>/dev/null | grep -E 'unreachable commit|dangling commit' || true\n"] min_timeout_sec: 1.0 max_timeout_sec: 180.0
Trajectory dumped to jobs/live-jev-decide-fix-git-20261007-163902/fix-git__8JXk2tG/agent/trajectory.json
Sending keys: ['for c in $(git fsck --full --no-reflogs --unreachable 2>/dev/null | awk \'$2=="commit"{print $3}\'); do git show -s --format=\'%H %P %ad %s\' --date=iso-strict "$c"; done | sort -k3,3\nprintf \'\\nCandidate c499730 details:\\n\'\ngit show --stat --summary --decorate c499730\nprintf \'\\nCandidate ancestry:\\n\'\ngit log --oneline --decorate --graph --all c499730\n'] min_timeout_sec: 1.0 max_timeout_sec: 180.0
Trajectory dumped to jobs/live-jev-decide-fix-git-20261007-163902/fix-git__8JXk2tG/agent/trajectory.json
Sending keys: [''] min_timeout_sec: 2.0 max_timeout_sec: 180.0
Trajectory dumped to jobs/live-jev-decide-fix-git-20261007-163902/fix-git__8JXk2tG/agent/trajectory.json
Sending keys: ['git merge --no-edit c499730\n'] min_timeout_sec: 1.0 max_timeout_sec: 180.0
Sending keys: ['git status --short --branch && git log --oneline --decorate --graph -5 && git show --stat --summary HEAD\n'] min_timeout_sec: 1.0 max_timeout_sec: 180.0
Trajectory dumped to jobs/live-jev-decide-fix-git-20261007-163902/fix-git__8JXk2tG/agent/trajectory.json
Sending keys: ['git status --short --branch\n'] min_timeout_sec: 0.2 max_timeout_sec: 180.0
Sending keys: ['git merge --no-edit c499730\n'] min_timeout_sec: 1.0 max_timeout_sec: 180.0
Sending keys: ['git status --short --branch && git log --oneline --decorate --graph -5\n'] min_timeout_sec: 1.0 max_timeout_sec: 180.0
Trajectory dumped to jobs/live-jev-decide-fix-git-20261007-163902/fix-git__8JXk2tG/agent/trajectory.json
Trajectory dumped to jobs/live-jev-decide-fix-git-20261007-163902/fix-git__8JXk2tG/agent/trajectory.json
Collecting main service artifacts
