Skipping image OS validation for alexgshaw/build-cython-ext:20251031: docker inspect returned 1
Installing: tmux, asciinema
Detected system: {'os': 'debian-based', 'package_manager': 'apt-get', 'update_command': None}
Installing tools using apt-get: DEBIAN_FRONTEND=noninteractive apt-get update && DEBIAN_FRONTEND=noninteractive apt-get install -y tmux asciinema
Starting recording.
Sending keys: ['asciinema rec --stdin /logs/agent/recording.cast', 'Enter'] min_timeout_sec: 1.0 max_timeout_sec: 180.0
Sending keys: ['clear', 'Enter'] min_timeout_sec: 0.0 max_timeout_sec: 180.0
Parser warnings: - Extra text detected after JSON object
Sending keys: ['cd /app && git clone --depth 1 --branch 0.5.3 https://github.com/SPOCKnots/pyknotid.git\n'] min_timeout_sec: 1.0 max_timeout_sec: 180.0
Trajectory dumped to jobs/p1-terminus-2-build-cython-ext-r1/build-cython-ext__C7kqSn3/agent/trajectory.json
Sending keys: [''] min_timeout_sec: 5.0 max_timeout_sec: 180.0
Trajectory dumped to jobs/p1-terminus-2-build-cython-ext-r1/build-cython-ext__C7kqSn3/agent/trajectory.json
Sending keys: ['cd /app/pyknotid && python3 -V && python3 -m pip --version && python3 -c \'import numpy; print("numpy", numpy.__version__)\' && printf \'\\n--- files ---\\n\' && find . -maxdepth 2 -type f | sort | sed -n \'1,160p\' && printf \'\\n--- setup.py ---\\n\' && sed -n \'1,260p\' setup.py\n'] min_timeout_sec: 1.0 max_timeout_sec: 180.0
Sending keys: ['cd /app/pyknotid && python3 setup.py build_ext --inplace > /tmp/pyknotid-build.log 2>&1; status=$?; echo BUILD_STATUS:$status; tail -160 /tmp/pyknotid-build.log\n'] min_timeout_sec: 15.0 max_timeout_sec: 180.0
Trajectory dumped to jobs/p1-terminus-2-build-cython-ext-r1/build-cython-ext__C7kqSn3/agent/trajectory.json
Sending keys: ['python3 -m pip install --upgrade setuptools Cython\n'] min_timeout_sec: 15.0 max_timeout_sec: 180.0
Sending keys: ['cd /app/pyknotid && rm -rf build && python3 setup.py build_ext --inplace > /tmp/pyknotid-build.log 2>&1; status=$?; echo BUILD_STATUS:$status; tail -200 /tmp/pyknotid-build.log\n'] min_timeout_sec: 20.0 max_timeout_sec: 180.0
Trajectory dumped to jobs/p1-terminus-2-build-cython-ext-r1/build-cython-ext__C7kqSn3/agent/trajectory.json
Sending keys: [''] min_timeout_sec: 15.0 max_timeout_sec: 180.0
Trajectory dumped to jobs/p1-terminus-2-build-cython-ext-r1/build-cython-ext__C7kqSn3/agent/trajectory.json
Sending keys: ["cd /app/pyknotid && printf '%s\\n' '--- build log ---' && tail -240 /tmp/pyknotid-build.log 2>/dev/null || true && printf '%s\\n' '--- extension artifacts ---' && find pyknotid -type f \\( -name '*.so' -o -name '*.c' \\) -printf '%p\\n' | sort && printf '%s\\n' '--- source aliases ---' && grep -RInE 'np\\.(int|float|complex|bool|object)([^A-Za-z0-9_]|$)|numpy\\.(int|float|complex|bool|object)([^A-Za-z0-9_]|$)' pyknotid setup.py 2>/dev/null | head -120\n"] min_timeout_sec: 1.0 max_timeout_sec: 180.0
Sending keys: ['cd /app/pyknotid && rm -rf build && python3 setup.py build_ext --inplace >/tmp/pyknotid-build2.log 2>&1; rc=$?; printf \'BUILD_STATUS:%s\\n\' "$rc"; tail -200 /tmp/pyknotid-build2.log\n'] min_timeout_sec: 30.0 max_timeout_sec: 180.0
Trajectory dumped to jobs/p1-terminus-2-build-cython-ext-r1/build-cython-ext__C7kqSn3/agent/trajectory.json
Parser warnings: - Extra text detected after JSON object
Sending keys: ['cd /app/pyknotid && cp -a pyknotid /tmp/pyknotid-before-numpy2-fix && python3 - <<\'PY\'\nfrom pathlib import Path\nfiles = [\n    Path(\'pyknotid/spacecurves/spacecurve.py\'),\n    Path(\'pyknotid/spacecurves/periodiccell.py\'),\n    Path(\'pyknotid/spacecurves/ccomplexity.pyx\'),\n]\nfor path in files:\n    text = path.read_text()\n    updated = text.replace(\'np.float\', \'float\').replace(\'np.bool\', \'bool\').replace(\'np.int\', \'np.int64\')\n    if updated != text:\n        path.write_text(updated)\n        print(\'patched\', path)\nPY\nrm -rf build\npython3 setup.py build_ext --inplace >/tmp/pyknotid-build-final.log 2>&1\nrc=$?\nprintf \'BUILD_STATUS:%s\\n\' "$rc"\ntail -80 /tmp/pyknotid-build-final.log\n'] min_timeout_sec: 30.0 max_timeout_sec: 180.0
Sending keys: ['cd /app/pyknotid && python3 -m pip install . --no-deps >/tmp/pyknotid-install.log 2>&1; rc=$?; printf \'INSTALL_STATUS:%s\\n\' "$rc"; tail -80 /tmp/pyknotid-install.log\n'] min_timeout_sec: 20.0 max_timeout_sec: 180.0
Trajectory dumped to jobs/p1-terminus-2-build-cython-ext-r1/build-cython-ext__C7kqSn3/agent/trajectory.json
Sending keys: [''] min_timeout_sec: 20.0 max_timeout_sec: 180.0
Trajectory dumped to jobs/p1-terminus-2-build-cython-ext-r1/build-cython-ext__C7kqSn3/agent/trajectory.json
Sending keys: ["cd /app/pyknotid && printf '%s\\n' '--- build log ---' && tail -120 /tmp/pyknotid-build-final.log && printf '%s\\n' '--- extensions ---' && find pyknotid -type f -name '*.so' -print | sort\n"] min_timeout_sec: 1.0 max_timeout_sec: 180.0
Sending keys: ['cd /app/pyknotid && python3 -m pip install . --no-deps >/tmp/pyknotid-install.log 2>&1; rc=$?; printf \'INSTALL_STATUS:%s\\n\' "$rc"; tail -100 /tmp/pyknotid-install.log\n'] min_timeout_sec: 20.0 max_timeout_sec: 180.0
Trajectory dumped to jobs/p1-terminus-2-build-cython-ext-r1/build-cython-ext__C7kqSn3/agent/trajectory.json
Sending keys: ['cd /app/pyknotid && python3 -m pip install . --no-deps > /tmp/pyknotid-install.log 2>&1; rc=$?; echo INSTALL_STATUS:$rc; tail -100 /tmp/pyknotid-install.log\n'] min_timeout_sec: 20.0 max_timeout_sec: 180.0
Sending keys: ["cd /app/pyknotid && python3 - <<'PY' > /tmp/pyknotid-smoke.log 2>&1\nimport numpy\nprint('numpy', numpy.__version__)\nimport pyknotid\nfrom pyknotid.spacecurves import chelpers, ccomplexity\nfrom pyknotid import cinvariants\nimport pyknotid.make as mk\nimport pyknotid.spacecurves as sp\nprint('package', pyknotid.__file__)\nprint('chelpers', chelpers.__file__)\nprint('ccomplexity', ccomplexity.__file__)\nprint('cinvariants', cinvariants.__file__)\nk = sp.Knot(mk.three_twist(num_points=100))\nout = k.alexander_polynomial(-1)\nprint('alexander', out)\nPY\nrc=$?; echo SMOKE_STATUS:$rc; cat /tmp/pyknotid-smoke.log\n"] min_timeout_sec: 10.0 max_timeout_sec: 180.0
Sending keys: ['cd /app/pyknotid && pytest -q --ignore=tests/test_random_curves.py --ignore=tests/test_catalogue.py > /tmp/pyknotid-pytest.log 2>&1; rc=$?; echo PYTEST_STATUS:$rc; tail -120 /tmp/pyknotid-pytest.log\n'] min_timeout_sec: 30.0 max_timeout_sec: 180.0
Trajectory dumped to jobs/p1-terminus-2-build-cython-ext-r1/build-cython-ext__C7kqSn3/agent/trajectory.json
Sending keys: ['python3 -m pip install networkx planarity peewee vispy sympy appdirs requests tqdm pytest\n'] min_timeout_sec: 30.0 max_timeout_sec: 180.0
Trajectory dumped to jobs/p1-terminus-2-build-cython-ext-r1/build-cython-ext__C7kqSn3/agent/trajectory.json
Sending keys: [''] min_timeout_sec: 20.0 max_timeout_sec: 180.0
Trajectory dumped to jobs/p1-terminus-2-build-cython-ext-r1/build-cython-ext__C7kqSn3/agent/trajectory.json
Sending keys: [''] min_timeout_sec: 30.0 max_timeout_sec: 180.0
Trajectory dumped to jobs/p1-terminus-2-build-cython-ext-r1/build-cython-ext__C7kqSn3/agent/trajectory.json
Sending keys: [''] min_timeout_sec: 30.0 max_timeout_sec: 180.0
Trajectory dumped to jobs/p1-terminus-2-build-cython-ext-r1/build-cython-ext__C7kqSn3/agent/trajectory.json
Sending keys: ["cd /app/pyknotid && python3 - <<'PY'\nimport numpy\nprint('numpy', numpy.__version__)\nimport pyknotid\nfrom pyknotid.spacecurves import chelpers, ccomplexity\nfrom pyknotid import cinvariants\nimport pyknotid.make as mk\nimport pyknotid.spacecurves as sp\nprint('package', pyknotid.__file__)\nprint('chelpers', chelpers.__file__)\nprint('ccomplexity', ccomplexity.__file__)\nprint('cinvariants', cinvariants.__file__)\nk = sp.Knot(mk.three_twist(num_points=100))\nprint('alexander', k.alexander_polynomial(-1))\nPY\n"] min_timeout_sec: 10.0 max_timeout_sec: 180.0
Sending keys: ["cd /tmp && python3 - <<'PY'\nimport numpy\nprint('numpy', numpy.__version__)\nimport pyknotid\nfrom pyknotid.spacecurves import chelpers, ccomplexity\nfrom pyknotid import cinvariants\nimport pyknotid.make as mk\nimport pyknotid.spacecurves as sp\nprint('package', pyknotid.__file__)\nprint('chelpers', chelpers.__file__)\nprint('ccomplexity', ccomplexity.__file__)\nprint('cinvariants', cinvariants.__file__)\nk = sp.Knot(mk.three_twist(num_points=100))\nprint('alexander', k.alexander_polynomial(-1))\nPY\n"] min_timeout_sec: 10.0 max_timeout_sec: 180.0
Trajectory dumped to jobs/p1-terminus-2-build-cython-ext-r1/build-cython-ext__C7kqSn3/agent/trajectory.json
Sending keys: ["cd /app/pyknotid && python3 - <<'PY'\nfrom pathlib import Path\np = Path('pyknotid/make/torus.py')\ns = p.read_text()\ns2 = s.replace('from fractions import gcd', 'from math import gcd')\nif s2 == s:\n    print('gcd import already patched or not found')\nelse:\n    p.write_text(s2)\n    print('patched', p)\nPY\nrm -rf build\npython3 setup.py build_ext --inplace >/tmp/pyknotid-build-final2.log 2>&1\nrc=$?; echo BUILD_STATUS:$rc; tail -40 /tmp/pyknotid-build-final2.log\n"] min_timeout_sec: 30.0 max_timeout_sec: 180.0
Sending keys: ['cd /app/pyknotid && python3 -m pip uninstall -y pyknotid >/tmp/pyknotid-uninstall.log 2>&1 || true && python3 -m pip install . --no-build-isolation --no-deps >/tmp/pyknotid-install-global.log 2>&1; rc=$?; echo INSTALL_STATUS:$rc; tail -100 /tmp/pyknotid-install-global.log\n'] min_timeout_sec: 30.0 max_timeout_sec: 180.0
Trajectory dumped to jobs/p1-terminus-2-build-cython-ext-r1/build-cython-ext__C7kqSn3/agent/trajectory.json
Sending keys: ["cd /tmp && python3 - <<'PY'\nimport numpy\nprint('numpy', numpy.__version__)\nimport pyknotid\nfrom pyknotid.spacecurves import chelpers, ccomplexity\nfrom pyknotid import cinvariants\nimport pyknotid.make as mk\nimport pyknotid.spacecurves as sp\nprint('package', pyknotid.__file__)\nprint('chelpers', chelpers.__file__)\nprint('ccomplexity', ccomplexity.__file__)\nprint('cinvariants', cinvariants.__file__)\nk = sp.Knot(mk.three_twist(num_points=100))\nout = k.alexander_polynomial(-1)\nprint('alexander', out)\nPY\n"] min_timeout_sec: 15.0 max_timeout_sec: 180.0
Sending keys: ['cd /app/pyknotid && pytest -q --ignore=tests/test_random_curves.py --ignore=tests/test_catalogue.py > /tmp/pyknotid-pytest-final.log 2>&1; rc=$?; echo PYTEST_STATUS:$rc; tail -160 /tmp/pyknotid-pytest-final.log\n'] min_timeout_sec: 30.0 max_timeout_sec: 180.0
Trajectory dumped to jobs/p1-terminus-2-build-cython-ext-r1/build-cython-ext__C7kqSn3/agent/trajectory.json
Sending keys: ["cd /app/pyknotid && grep -RInE '(^|[^A-Za-z0-9_])(np|n)\\.(float|int|bool|complex|object)([^A-Za-z0-9_]|$)' pyknotid --include='*.py' --include='*.pyx' --include='*.pxd' | head -200\n"] min_timeout_sec: 1.0 max_timeout_sec: 180.0
Sending keys: ["cd /app/pyknotid && python3 - <<'PY'\nfrom pathlib import Path\nimport re\nfor p in Path('pyknotid').rglob('*'):\n    if p.suffix not in {'.py', '.pyx', '.pxd'}:\n        continue\n    s = p.read_text()\n    old = s\n    # Replace only complete deprecated aliases; preserve np.float64, np.int64, etc.\n    s = re.sub(r'\\b(np|n)\\.float\\b', 'float', s)\n    s = re.sub(r'\\b(np|n)\\.int\\b', 'int', s)\n    s = re.sub(r'\\b(np|n)\\.bool\\b', 'bool', s)\n    s = re.sub(r'\\b(np|n)\\.complex\\b', 'complex', s)\n    s = re.sub(r'\\b(np|n)\\.object\\b', 'object', s)\n    if s != old:\n        p.write_text(s)\n        print('patched', p)\nPY\nrm -rf build\npython3 setup.py build_ext --inplace >/tmp/pyknotid-build-numpy-final.log 2>&1\nrc=$?; echo BUILD_STATUS:$rc; tail -50 /tmp/pyknotid-build-numpy-final.log\n"] min_timeout_sec: 30.0 max_timeout_sec: 180.0
Sending keys: ['cd /app/pyknotid && python3 -m pip install . --no-build-isolation --no-deps >/tmp/pyknotid-install-numpy-final.log 2>&1; rc=$?; echo INSTALL_STATUS:$rc; tail -60 /tmp/pyknotid-install-numpy-final.log\n'] min_timeout_sec: 30.0 max_timeout_sec: 180.0
Trajectory dumped to jobs/p1-terminus-2-build-cython-ext-r1/build-cython-ext__C7kqSn3/agent/trajectory.json
Sending keys: ["cd /tmp && python3 - <<'PY' > /tmp/pyknotid-smoke-final.log 2>&1\nimport numpy\nprint('numpy', numpy.__version__)\nimport pyknotid\nfrom pyknotid.spacecurves import chelpers, ccomplexity\nfrom pyknotid import cinvariants\nimport pyknotid.make as mk\nimport pyknotid.spacecurves as sp\nprint('package', pyknotid.__file__)\nprint('chelpers', chelpers.__file__)\nprint('ccomplexity', ccomplexity.__file__)\nprint('cinvariants', cinvariants.__file__)\nk = sp.Knot(mk.three_twist(num_points=100))\nout = k.alexander_polynomial(-1)\nprint('alexander', out)\nPY\nrc=$?; echo SMOKE_STATUS:$rc; cat /tmp/pyknotid-smoke-final.log\n"] min_timeout_sec: 15.0 max_timeout_sec: 180.0
Sending keys: ['cd /app/pyknotid && pytest -q --ignore=tests/test_random_curves.py --ignore=tests/test_catalogue.py >/tmp/pyknotid-pytest-final2.log 2>&1; rc=$?; echo PYTEST_STATUS:$rc; tail -160 /tmp/pyknotid-pytest-final2.log\n'] min_timeout_sec: 30.0 max_timeout_sec: 180.0
Sending keys: ["cd /app/pyknotid && echo '--- remaining deprecated aliases ---' && grep -RInE '(^|[^A-Za-z0-9_])(np|n)\\.(float|int|bool|complex|object)([^A-Za-z0-9_]|$)' pyknotid --include='*.py' --include='*.pyx' --include='*.pxd' || true\n"] min_timeout_sec: 1.0 max_timeout_sec: 180.0
Trajectory dumped to jobs/p1-terminus-2-build-cython-ext-r1/build-cython-ext__C7kqSn3/agent/trajectory.json
Parser warnings: - Extra text detected after JSON object
Sending keys: ["cd /app/pyknotid && sed -n '300,390p' pyknotid/representations/representation.py && python3 - <<'PY'\nimport networkx as nx, planarity\nfrom pyknotid.representations.representation import Representation\nfrom pyknotid import make as mk\nfrom pyknotid.spacecurves import SpaceCurve\nr = SpaceCurve(mk.trefoil()).representation\npd = r.planar_diagram()\ng, duplicates, heights, first_edge = pd.as_networkx_extended()\nprint('before', list(g.nodes(data=True))[:5])\npg=planarity.PGraph(g)\nprint('PGraph methods', [x for x in dir(pg) if 'draw' in x or 'pos' in x or 'embed' in x])\npg.embed_drawplanar()\nprint('after pg graph?', [x for x in dir(pg) if 'graph' in x.lower() or 'network' in x.lower()])\ng2=planarity.networkx_graph(pg)\nprint('after', list(g2.nodes(data=True))[:10])\nPY\n"] min_timeout_sec: 5.0 max_timeout_sec: 180.0
Trajectory dumped to jobs/p1-terminus-2-build-cython-ext-r1/build-cython-ext__C7kqSn3/agent/trajectory.json
Sending keys: ["cd /app/pyknotid && python3 - <<'PY'\nimport inspect, planarity\nfrom pyknotid import make as mk\nfrom pyknotid.spacecurves import SpaceCurve\nr = SpaceCurve(mk.trefoil()).representation()\npd = r.planar_diagram()\ng, duplicates, heights, first_edge = pd.as_networkx_extended()\nprint('before nodes', list(g.nodes(data=True))[:8])\nprint('before edges', list(g.edges(data=True))[:8])\npg = planarity.PGraph(g)\nprint('methods', [x for x in dir(pg) if 'draw' in x.lower() or 'embed' in x.lower() or 'pos' in x.lower()])\npg.embed_drawplanar()\ng2 = planarity.networkx_graph(pg)\nprint('after nodes', list(g2.nodes(data=True))[:12])\nprint('after edges', list(g2.edges(data=True))[:12])\nprint('planarity file', planarity.__file__)\nPY\n"] min_timeout_sec: 8.0 max_timeout_sec: 180.0
Trajectory dumped to jobs/p1-terminus-2-build-cython-ext-r1/build-cython-ext__C7kqSn3/agent/trajectory.json
Sending keys: ['cd /app/pyknotid && python3 - <<\'PY\'\nfrom pathlib import Path\np = Path(\'pyknotid/representations/representation.py\')\ns = p.read_text()\nold = "        g = planarity.networkx_graph(pg)\\n\\n\\n        node_labels = {}"\nnew = """        g = planarity.networkx_graph(pg)\n\n        # planarity >= 1.0 renamed the attributes returned by\n        # networkx_graph; pyknotid 0.5.3 uses the older short names.\n        for node, data in g.nodes(data=True):\n            if \'pos\' not in data and \'vertex_position\' in data:\n                data[\'pos\'] = data[\'vertex_position\']\n            if \'start\' not in data and \'vertex_start\' in data:\n                data[\'start\'] = data[\'vertex_start\']\n            if \'end\' not in data and \'vertex_end\' in data:\n                data[\'end\'] = data[\'vertex_end\']\n        for node1, node2, data in g.edges(data=True):\n            if \'pos\' not in data and \'edge_position\' in data:\n                data[\'pos\'] = data[\'edge_position\']\n            if \'start\' not in data and \'edge_start\' in data:\n                data[\'start\'] = data[\'edge_start\']\n            if \'end\' not in data and \'edge_end\' in data:\n                data[\'end\'] = data[\'edge_end\']\n\n        node_labels = {}"""\nif old not in s:\n    raise SystemExit(\'expected insertion point not found\')\np.write_text(s.replace(old, new, 1))\nprint(\'patched\', p)\nPY\npython3 -m pip install . --no-build-isolation --no-deps >/tmp/pyknotid-install-planarity-fix.log 2>&1\nrc=$?; echo INSTALL_STATUS:$rc; tail -50 /tmp/pyknotid-install-planarity-fix.log\n'] min_timeout_sec: 30.0 max_timeout_sec: 180.0
Sending keys: ['cd /app/pyknotid && pytest -q tests/test_spacecurve.py::test_reconstructed_space_curve > /tmp/pyknotid-one-test.log 2>&1; rc=$?; echo ONE_TEST_STATUS:$rc; cat /tmp/pyknotid-one-test.log\n'] min_timeout_sec: 15.0 max_timeout_sec: 180.0
Sending keys: ['cd /app/pyknotid && pytest -q --ignore=tests/test_random_curves.py --ignore=tests/test_catalogue.py > /tmp/pyknotid-pytest-final3.log 2>&1; rc=$?; echo PYTEST_STATUS:$rc; tail -120 /tmp/pyknotid-pytest-final3.log\n'] min_timeout_sec: 30.0 max_timeout_sec: 180.0
Trajectory dumped to jobs/p1-terminus-2-build-cython-ext-r1/build-cython-ext__C7kqSn3/agent/trajectory.json
Trajectory dumped to jobs/p1-terminus-2-build-cython-ext-r1/build-cython-ext__C7kqSn3/agent/trajectory.json
Trajectory dumped to jobs/p1-terminus-2-build-cython-ext-r1/build-cython-ext__C7kqSn3/agent/trajectory.json
Trajectory dumped to jobs/p1-terminus-2-build-cython-ext-r1/build-cython-ext__C7kqSn3/agent/trajectory.json
Collecting main service artifacts
