Skipping image OS validation for alexgshaw/mcmc-sampling-stan:20251031: docker inspect returned 1
Installing: tmux, asciinema
Detected system: {'os': 'debian-based', 'package_manager': 'apt-get', 'update_command': None}
Installing tools using apt-get: DEBIAN_FRONTEND=noninteractive apt-get update && DEBIAN_FRONTEND=noninteractive apt-get install -y tmux asciinema
Starting recording.
Sending keys: ['asciinema rec --stdin /logs/agent/recording.cast', 'Enter'] min_timeout_sec: 1.0 max_timeout_sec: 180.0
Sending keys: ['clear', 'Enter'] min_timeout_sec: 0.0 max_timeout_sec: 180.0
Sending keys: ["pwd; ls -la; echo '--- data preview ---'; head -5 /app/data.csv; echo '--- R ---'; R --version 2>&1 | head -3\n"] min_timeout_sec: 0.5 max_timeout_sec: 180.0
Trajectory dumped to jobs/p1-terminus-2-mcmc-sampling-stan-r3/mcmc-sampling-stan__aPNKMDV/agent/trajectory.json
Sending keys: ['Rscript -e \'cat("rstan installed: ", requireNamespace("rstan", quietly=TRUE), "\\n"); if (requireNamespace("rstan", quietly=TRUE)) cat("version: ", as.character(packageVersion("rstan")), "\\n")\'; command -v g++; g++ --version | head -1; command -v make\n'] min_timeout_sec: 1.0 max_timeout_sec: 180.0
Sending keys: ['cat > /app/hierarchical_model.stan <<\'EOF\'\ndata {\n  int<lower=1> N;\n  array[N] int<lower=0> y;\n  array[N] int<lower=0> n;\n}\nparameters {\n  real<lower=0> alpha;\n  real<lower=0> beta;\n  vector<lower=0, upper=1>[N] theta;\n}\nmodel {\n  // Prior proportional to (alpha + beta)^(-5/2).\n  target += -2.5 * log(alpha + beta);\n  theta ~ beta(alpha, beta);\n  y ~ binomial(n, theta);\n}\nEOF\ncat > /app/analysis.R <<\'EOF\'\noptions(mc.cores = parallel::detectCores())\noptions(java.parameters = "-Xmx2g")\n\nif (!requireNamespace("rstan", quietly = TRUE) ||\n    as.character(utils::packageVersion("rstan")) != "2.32.7") {\n  repos <- c(\n    stan = "https://mc-stan.org/r-packages/",\n    CRAN = "https://cloud.r-project.org"\n  )\n  if (requireNamespace("rstan", quietly = TRUE)) {\n    remove.packages("rstan")\n  }\n  install.packages("rstan", repos = repos, version = "2.32.7",\n                   dependencies = TRUE)\n}\n\nlibrary(rstan)\nrstan_options(auto_write = TRUE)\nrstan_options(threads_per_chain = 1)\n\ndat <- read.csv("/app/data.csv", header = TRUE)\nstopifnot(all(c("y", "n") %in% names(dat)))\nstan_data <- list(\n  N = nrow(dat),\n  y = as.integer(dat$y),\n  n = as.integer(dat$n)\n)\n\nfit <- sampling(\n  stan_model("/app/hierarchical_model.stan"),\n  data = stan_data,\n  chains = 4,\n  iter = 100000,\n  seed = 1,\n  refresh = 1000\n)\n\nposterior <- rstan::extract(fit, pars = c("alpha", "beta"), permuted = TRUE)\nwriteLines(sprintf("%.17g", mean(posterior$alpha)), "/app/posterior_alpha_mean.txt")\nwriteLines(sprintf("%.17g", mean(posterior$beta)), "/app/posterior_beta_mean.txt")\nEOF\nls -l /app/hierarchical_model.stan /app/analysis.R\n'] min_timeout_sec: 0.2 max_timeout_sec: 180.0
Trajectory dumped to jobs/p1-terminus-2-mcmc-sampling-stan-r3/mcmc-sampling-stan__aPNKMDV/agent/trajectory.json
Sending keys: ['Rscript /app/analysis.R\n'] min_timeout_sec: 60.0 max_timeout_sec: 180.0
Trajectory dumped to jobs/p1-terminus-2-mcmc-sampling-stan-r3/mcmc-sampling-stan__aPNKMDV/agent/trajectory.json
Sending keys: [''] min_timeout_sec: 60.0 max_timeout_sec: 180.0
Trajectory dumped to jobs/p1-terminus-2-mcmc-sampling-stan-r3/mcmc-sampling-stan__aPNKMDV/agent/trajectory.json
Sending keys: [''] min_timeout_sec: 60.0 max_timeout_sec: 180.0
Trajectory dumped to jobs/p1-terminus-2-mcmc-sampling-stan-r3/mcmc-sampling-stan__aPNKMDV/agent/trajectory.json
Sending keys: [''] min_timeout_sec: 60.0 max_timeout_sec: 180.0
Trajectory dumped to jobs/p1-terminus-2-mcmc-sampling-stan-r3/mcmc-sampling-stan__aPNKMDV/agent/trajectory.json
Sending keys: [''] min_timeout_sec: 60.0 max_timeout_sec: 180.0
Trajectory dumped to jobs/p1-terminus-2-mcmc-sampling-stan-r3/mcmc-sampling-stan__aPNKMDV/agent/trajectory.json
Sending keys: [''] min_timeout_sec: 60.0 max_timeout_sec: 180.0
Trajectory dumped to jobs/p1-terminus-2-mcmc-sampling-stan-r3/mcmc-sampling-stan__aPNKMDV/agent/trajectory.json
Sending keys: [''] min_timeout_sec: 60.0 max_timeout_sec: 180.0
Trajectory dumped to jobs/p1-terminus-2-mcmc-sampling-stan-r3/mcmc-sampling-stan__aPNKMDV/agent/trajectory.json
Sending keys: [''] min_timeout_sec: 60.0 max_timeout_sec: 180.0
Trajectory dumped to jobs/p1-terminus-2-mcmc-sampling-stan-r3/mcmc-sampling-stan__aPNKMDV/agent/trajectory.json
Sending keys: [''] min_timeout_sec: 60.0 max_timeout_sec: 180.0
Trajectory dumped to jobs/p1-terminus-2-mcmc-sampling-stan-r3/mcmc-sampling-stan__aPNKMDV/agent/trajectory.json
Sending keys: [''] min_timeout_sec: 60.0 max_timeout_sec: 180.0
Trajectory dumped to jobs/p1-terminus-2-mcmc-sampling-stan-r3/mcmc-sampling-stan__aPNKMDV/agent/trajectory.json
Sending keys: [''] min_timeout_sec: 60.0 max_timeout_sec: 180.0
Trajectory dumped to jobs/p1-terminus-2-mcmc-sampling-stan-r3/mcmc-sampling-stan__aPNKMDV/agent/trajectory.json
Sending keys: [''] min_timeout_sec: 60.0 max_timeout_sec: 180.0
Trajectory dumped to jobs/p1-terminus-2-mcmc-sampling-stan-r3/mcmc-sampling-stan__aPNKMDV/agent/trajectory.json
Sending keys: [''] min_timeout_sec: 60.0 max_timeout_sec: 180.0
Trajectory dumped to jobs/p1-terminus-2-mcmc-sampling-stan-r3/mcmc-sampling-stan__aPNKMDV/agent/trajectory.json
Sending keys: [''] min_timeout_sec: 60.0 max_timeout_sec: 180.0
Trajectory dumped to jobs/p1-terminus-2-mcmc-sampling-stan-r3/mcmc-sampling-stan__aPNKMDV/agent/trajectory.json
Sending keys: [''] min_timeout_sec: 60.0 max_timeout_sec: 180.0
Trajectory dumped to jobs/p1-terminus-2-mcmc-sampling-stan-r3/mcmc-sampling-stan__aPNKMDV/agent/trajectory.json
Sending keys: [''] min_timeout_sec: 60.0 max_timeout_sec: 180.0
Trajectory dumped to jobs/p1-terminus-2-mcmc-sampling-stan-r3/mcmc-sampling-stan__aPNKMDV/agent/trajectory.json
Sending keys: [''] min_timeout_sec: 60.0 max_timeout_sec: 180.0
Trajectory dumped to jobs/p1-terminus-2-mcmc-sampling-stan-r3/mcmc-sampling-stan__aPNKMDV/agent/trajectory.json
Sending keys: [''] min_timeout_sec: 60.0 max_timeout_sec: 180.0
Trajectory dumped to jobs/p1-terminus-2-mcmc-sampling-stan-r3/mcmc-sampling-stan__aPNKMDV/agent/trajectory.json
Sending keys: [''] min_timeout_sec: 60.0 max_timeout_sec: 180.0
Trajectory dumped to jobs/p1-terminus-2-mcmc-sampling-stan-r3/mcmc-sampling-stan__aPNKMDV/agent/trajectory.json
Sending keys: [''] min_timeout_sec: 60.0 max_timeout_sec: 180.0
Trajectory dumped to jobs/p1-terminus-2-mcmc-sampling-stan-r3/mcmc-sampling-stan__aPNKMDV/agent/trajectory.json
Sending keys: [''] min_timeout_sec: 60.0 max_timeout_sec: 180.0
Trajectory dumped to jobs/p1-terminus-2-mcmc-sampling-stan-r3/mcmc-sampling-stan__aPNKMDV/agent/trajectory.json
Sending keys: [''] min_timeout_sec: 60.0 max_timeout_sec: 180.0
Trajectory dumped to jobs/p1-terminus-2-mcmc-sampling-stan-r3/mcmc-sampling-stan__aPNKMDV/agent/trajectory.json
Sending keys: [''] min_timeout_sec: 60.0 max_timeout_sec: 180.0
Trajectory dumped to jobs/p1-terminus-2-mcmc-sampling-stan-r3/mcmc-sampling-stan__aPNKMDV/agent/trajectory.json
Sending keys: [''] min_timeout_sec: 60.0 max_timeout_sec: 180.0
Trajectory dumped to jobs/p1-terminus-2-mcmc-sampling-stan-r3/mcmc-sampling-stan__aPNKMDV/agent/trajectory.json
Sending keys: [''] min_timeout_sec: 60.0 max_timeout_sec: 180.0
Trajectory dumped to jobs/p1-terminus-2-mcmc-sampling-stan-r3/mcmc-sampling-stan__aPNKMDV/agent/trajectory.json
Sending keys: [''] min_timeout_sec: 60.0 max_timeout_sec: 180.0
Trajectory dumped to jobs/p1-terminus-2-mcmc-sampling-stan-r3/mcmc-sampling-stan__aPNKMDV/agent/trajectory.json
Sending keys: [''] min_timeout_sec: 60.0 max_timeout_sec: 180.0
Trajectory dumped to jobs/p1-terminus-2-mcmc-sampling-stan-r3/mcmc-sampling-stan__aPNKMDV/agent/trajectory.json
Sending keys: [''] min_timeout_sec: 60.0 max_timeout_sec: 180.0
Trajectory dumped to jobs/p1-terminus-2-mcmc-sampling-stan-r3/mcmc-sampling-stan__aPNKMDV/agent/trajectory.json
Sending keys: [''] min_timeout_sec: 60.0 max_timeout_sec: 180.0
Trajectory dumped to jobs/p1-terminus-2-mcmc-sampling-stan-r3/mcmc-sampling-stan__aPNKMDV/agent/trajectory.json
Collecting main service artifacts
Exception AgentTimeoutError is in exclude_exceptions, not retrying
Not retrying trial because the exception is not in include_exceptions or the maximum number of retries has been reached
