Skipping image OS validation for alexgshaw/build-pov-ray:20251031: docker inspect returned 1
Installing: tmux, asciinema
Detected system: {'os': 'debian-based', 'package_manager': 'apt-get', 'update_command': None}
Installing tools using apt-get: DEBIAN_FRONTEND=noninteractive apt-get update && DEBIAN_FRONTEND=noninteractive apt-get install -y tmux asciinema
Starting recording.
Sending keys: ['asciinema rec --stdin /logs/agent/recording.cast', 'Enter'] min_timeout_sec: 1.0 max_timeout_sec: 180.0
Sending keys: ['clear', 'Enter'] min_timeout_sec: 0.0 max_timeout_sec: 180.0
Sending keys: ["pwd; printf '\\n/app contents:\\n'; find /app -maxdepth 2 -type f -o -type d | sort | head -200; printf '\\nTools:\\n'; command -v wget || true; command -v curl || true; command -v gcc || true; command -v make || true; uname -a\n"] min_timeout_sec: 0.2 max_timeout_sec: 180.0
Trajectory dumped to jobs/p1-terminus-2-build-pov-ray-r2/build-pov-ray__TE43de8/agent/trajectory.json
Sending keys: ['export DEBIAN_FRONTEND=noninteractive; apt-get update && apt-get install -y build-essential wget curl ca-certificates file tar gzip bzip2\n'] min_timeout_sec: 1.0 max_timeout_sec: 180.0
Sending keys: ['for u in \\\n  https://www.povray.org/ftp/pub/povray/Old-Versions/2.x/povray-2.2.tar.gz \\\n  https://www.povray.org/ftp/pub/povray/Old-Versions/2.x/povray-2.2.tar.Z \\\n  https://ftp.povray.org/pub/povray/Old-Versions/2.x/povray-2.2.tar.gz \\\n  https://ftp.povray.org/pub/povray/Old-Versions/2.x/povray-2.2.tar.Z \\\n  http://www.povray.org/ftp/pub/povray/Old-Versions/2.x/povray-2.2.tar.gz; do echo "=== $u"; wget --spider -S "$u" 2>&1 | grep -E \'HTTP/|Length:|Remote file\' | tail -5; done\n'] min_timeout_sec: 1.0 max_timeout_sec: 180.0
Trajectory dumped to jobs/p1-terminus-2-build-pov-ray-r2/build-pov-ray__TE43de8/agent/trajectory.json
Sending keys: [''] min_timeout_sec: 5.0 max_timeout_sec: 180.0
Trajectory dumped to jobs/p1-terminus-2-build-pov-ray-r2/build-pov-ray__TE43de8/agent/trajectory.json
Sending keys: [''] min_timeout_sec: 10.0 max_timeout_sec: 180.0
Trajectory dumped to jobs/p1-terminus-2-build-pov-ray-r2/build-pov-ray__TE43de8/agent/trajectory.json
Sending keys: [''] min_timeout_sec: 10.0 max_timeout_sec: 180.0
Trajectory dumped to jobs/p1-terminus-2-build-pov-ray-r2/build-pov-ray__TE43de8/agent/trajectory.json
Sending keys: [''] min_timeout_sec: 10.0 max_timeout_sec: 180.0
Trajectory dumped to jobs/p1-terminus-2-build-pov-ray-r2/build-pov-ray__TE43de8/agent/trajectory.json
Sending keys: [''] min_timeout_sec: 10.0 max_timeout_sec: 180.0
Trajectory dumped to jobs/p1-terminus-2-build-pov-ray-r2/build-pov-ray__TE43de8/agent/trajectory.json
Sending keys: [''] min_timeout_sec: 10.0 max_timeout_sec: 180.0
Trajectory dumped to jobs/p1-terminus-2-build-pov-ray-r2/build-pov-ray__TE43de8/agent/trajectory.json
Sending keys: [''] min_timeout_sec: 15.0 max_timeout_sec: 180.0
Trajectory dumped to jobs/p1-terminus-2-build-pov-ray-r2/build-pov-ray__TE43de8/agent/trajectory.json
Parser warnings: - Command 1 should end with newline when followed by another command. Otherwise the two commands will be concatenated together on the same line.
Sending keys: ['C-c'] min_timeout_sec: 1.0 max_timeout_sec: 180.0
Sending keys: ['export DEBIAN_FRONTEND=noninteractive; dpkg --configure -a || true; apt-get -f install -y\n'] min_timeout_sec: 10.0 max_timeout_sec: 180.0
Sending keys: ['command -v gcc; gcc --version | head -1; command -v make; make --version | head -1\n'] min_timeout_sec: 0.2 max_timeout_sec: 180.0
Trajectory dumped to jobs/p1-terminus-2-build-pov-ray-r2/build-pov-ray__TE43de8/agent/trajectory.json
Sending keys: ['C-c\n'] min_timeout_sec: 1.0 max_timeout_sec: 180.0
Sending keys: ['export DEBIAN_FRONTEND=noninteractive; dpkg --configure -a; apt-get -f install -y\n'] min_timeout_sec: 15.0 max_timeout_sec: 180.0
Sending keys: ['command -v gcc; gcc --version | head -1; command -v make; make --version | head -1\n'] min_timeout_sec: 0.5 max_timeout_sec: 180.0
Trajectory dumped to jobs/p1-terminus-2-build-pov-ray-r2/build-pov-ray__TE43de8/agent/trajectory.json
Sending keys: ['C-c\n'] min_timeout_sec: 1.0 max_timeout_sec: 180.0
Sending keys: ['command -v gcc; gcc --version | head -1; command -v make; make --version | head -1\n'] min_timeout_sec: 0.5 max_timeout_sec: 180.0
Sending keys: ['for u in \'https://www.povray.org/ftp/pub/povray/Old-Versions/2.x/povray-2.2.tar.gz\' \'https://www.povray.org/ftp/pub/povray/Old-Versions/2.x/povray-2.2.tar.Z\' \'https://ftp.povray.org/pub/povray/Old-Versions/2.x/povray-2.2.tar.gz\' \'https://ftp.povray.org/pub/povray/Old-Versions/2.x/povray-2.2.tar.Z\' \'https://github.com/POV-Ray/povray/archive/refs/tags/v2.2.tar.gz\'; do printf \'%s: \' "$u"; curl -kLIs --connect-timeout 5 --max-time 15 "$u" | grep -m1 -E \'^HTTP/\' | tail -1; done\n'] min_timeout_sec: 1.0 max_timeout_sec: 180.0
Trajectory dumped to jobs/p1-terminus-2-build-pov-ray-r2/build-pov-ray__TE43de8/agent/trajectory.json
Sending keys: ['C-cC-c\n'] min_timeout_sec: 2.0 max_timeout_sec: 180.0
Sending keys: ["ps -eo pid,stat,cmd | grep -E 'apt|dpkg|certificate|update-ca' | grep -v grep || true; command -v gcc; gcc --version | head -1; command -v make; make --version | head -1\n"] min_timeout_sec: 1.0 max_timeout_sec: 180.0
Trajectory dumped to jobs/p1-terminus-2-build-pov-ray-r2/build-pov-ray__TE43de8/agent/trajectory.json
Sending keys: ['for u in \'https://www.povray.org/ftp/pub/povray/Old-Versions/2.x/povray-2.2.tar.gz\' \'https://www.povray.org/ftp/pub/povray/Old-Versions/2.x/povray-2.2.tar.Z\' \'https://ftp.povray.org/pub/povray/Old-Versions/2.x/povray-2.2.tar.gz\' \'https://ftp.povray.org/pub/povray/Old-Versions/2.x/povray-2.2.tar.Z\' \'http://www.povray.org/ftp/pub/povray/Old-Versions/2.x/povray-2.2.tar.gz\'; do printf \'%s -> \' "$u"; curl -kLIsS --connect-timeout 5 --max-time 15 -o /dev/null -w \'%{http_code}\\n\' "$u"; done\n'] min_timeout_sec: 1.0 max_timeout_sec: 180.0
Sending keys: ['curl -fsSL --connect-timeout 10 --max-time 30 \'https://api.github.com/search/code?q=povray-2.2.tar.gz\' 2>/dev/null | head -c 1000 || true; printf \'\\nRepositories:\\n\'; curl -fsSL --connect-timeout 10 --max-time 30 \'https://api.github.com/search/repositories?q= povray+old+source\' 2>/dev/null | grep -o \'"full_name": "[^"]*"\' | head -20 || true\n'] min_timeout_sec: 1.0 max_timeout_sec: 180.0
Trajectory dumped to jobs/p1-terminus-2-build-pov-ray-r2/build-pov-ray__TE43de8/agent/trajectory.json
Sending keys: ['printf \'%s\\n\' \'Internet Archive search:\'; curl -fsSL --connect-timeout 10 --max-time 30 \'https://archive.org/advancedsearch.php?q=%28povray+OR+%22pov-ray%22%29+AND+%282.2+OR+old%29&fl%5B%5D=identifier,title&rows=100&page=1&output=json\' | python3 -c \'import sys,json; d=json.load(sys.stdin); print("\\\\n".join(str(x) for x in d.get("response",{}).get("docs",[])))\' || true\n'] min_timeout_sec: 2.0 max_timeout_sec: 180.0
Sending keys: ['printf \'%s\\n\' \'GitHub repositories:\'; curl -fsSL --connect-timeout 10 --max-time 30 \'https://api.github.com/search/repositories?q=povray+old+source&per_page=30\' | grep -o \'"full_name": "[^"]*"\' | head -30 || true\n'] min_timeout_sec: 1.0 max_timeout_sec: 180.0
Sending keys: ['for u in \'https://archive.org/download/povray-2.2/povray-2.2.tar.gz\' \'https://archive.org/download/povray22/povray-2.2.tar.gz\' \'https://sourceforge.net/projects/povray/files/Old-Versions/2.x/povray-2.2.tar.gz/download\'; do echo "=== $u"; curl -kL --connect-timeout 10 --max-time 30 -fSLo /tmp/povray-candidate "$u" && { file /tmp/povray-candidate; ls -lh /tmp/povray-candidate; break; } || true; done\n'] min_timeout_sec: 2.0 max_timeout_sec: 180.0
Trajectory dumped to jobs/p1-terminus-2-build-pov-ray-r2/build-pov-ray__TE43de8/agent/trajectory.json
Sending keys: [''] min_timeout_sec: 20.0 max_timeout_sec: 180.0
Sending keys: ["curl -fsSL --connect-timeout 10 --max-time 30 'https://archive.org/metadata/archlinux_pkg_povray' -o /tmp/povmeta.json; python3 - <<'PY'\nimport json\np='/tmp/povmeta.json'\ntry:\n d=json.load(open(p))\n for f in d.get('files',[]):\n  n=f.get('name','')\n  if 'pov' in n.lower() or '2.2' in n.lower(): print(n, f.get('size',''))\nexcept Exception as e: print(e)\nPY\n"] min_timeout_sec: 2.0 max_timeout_sec: 180.0
Trajectory dumped to jobs/p1-terminus-2-build-pov-ray-r2/build-pov-ray__TE43de8/agent/trajectory.json
Sending keys: ['for u in \'https://www.povray.org/ftp/pub/povray/Old-Versions/2.x/\' \'https://www.povray.org/ftp/pub/povray/Old-Versions/2.x/povray-2.2.tar.gz\' \'https://ftp.povray.org/pub/povray/Old-Versions/2.x/\' \'https://ftp.povray.org/pub/povray/Old-Versions/2.x/povray-2.2.tar.gz\'; do echo "=== $u"; curl -kL --http1.1 --connect-timeout 8 --max-time 20 -A \'Mozilla/5.0\' -e \'https://www.povray.org/\' -D- -o /tmp/povtest "$u" 2>&1 | grep -E \'HTTP/|[Ll]ocation:|[Cc]ontent-[Ll]ength:\' | tail -8; done\n'] min_timeout_sec: 2.0 max_timeout_sec: 180.0
Sending keys: ["printf '%s\\n' 'SourceForge API:'; curl -fsSL --connect-timeout 10 --max-time 30 'https://sourceforge.net/rest/p/povray/files/' | head -c 3000 || true; printf '\\nGrep.app:\\n'; curl -fsSL --connect-timeout 10 --max-time 30 'https://grep.app/api/search?q=povray-2.2.tar' | head -c 3000 || true\n"] min_timeout_sec: 2.0 max_timeout_sec: 180.0
Sending keys: ['for q in \'"povray-2.2.tar.gz"\' \'povray 2.2 source archive\'; do echo "=== $q"; curl -LfsS --connect-timeout 10 --max-time 20 -A \'Mozilla/5.0\' "https://www.google.com/search?q=$(printf \'%s\' "$q" | sed \'s/ /%20/g;s/"/%22/g\')" | grep -oE \'https?://[^"&<> ]+\' | grep -Ei \'pov|archive|github|sourceforge\' | head -20 || true; done\n'] min_timeout_sec: 2.0 max_timeout_sec: 180.0
Trajectory dumped to jobs/p1-terminus-2-build-pov-ray-r2/build-pov-ray__TE43de8/agent/trajectory.json
Sending keys: ['for u in \'https://sources.debian.org/src/povray/\' \'https://sources.debian.org/api/src/povray/\' \'https://snapshot.debian.org/package/povray/\'; do echo "=== $u"; curl -fsSL --connect-timeout 10 --max-time 20 "$u" | grep -Eoi \'povray[^"< ]*|2\\.[0-9][^"< ]*\' | head -30 || true; done\n'] min_timeout_sec: 2.0 max_timeout_sec: 180.0
Sending keys: ['for q in \'identifier:povray\' \'title:%22POV-Ray%22\' \'title:%22POV-Ray%202.2%22\' \'description:%22POV-Ray%202.2%22\'; do echo "=== $q"; curl -fsSL --connect-timeout 10 --max-time 30 "https://archive.org/advancedsearch.php?q=$q&fl%5B%5D=identifier&fl%5B%5D=title&rows=100&output=json" | python3 -c \'import sys,json; print("\\\\n".join(str(x) for x in json.load(sys.stdin).get("response",{}).get("docs",[])))\' || true; done\n'] min_timeout_sec: 2.0 max_timeout_sec: 180.0
Sending keys: ['for r in \'POV-Ray/povray\' \'POV-Ray/povray-2\' \'povray/povray\' \'jhuelsmann/povray\'; do echo "=== $r"; curl -fsSL --connect-timeout 8 --max-time 20 "https://api.github.com/repos/$r" | grep -E \'"full_name"|"default_branch"|"html_url"\' | head -5 || true; done\n'] min_timeout_sec: 2.0 max_timeout_sec: 180.0
Trajectory dumped to jobs/p1-terminus-2-build-pov-ray-r2/build-pov-ray__TE43de8/agent/trajectory.json
Sending keys: ['for url in \'http://www.povray.org/ftp/pub/povray/Old-Versions/2.x/povray-2.2.tar.gz\' \'https://www.povray.org/ftp/pub/povray/Old-Versions/2.x/povray-2.2.tar.gz\' \'http://ftp.povray.org/pub/povray/Old-Versions/2.x/povray-2.2.tar.gz\'; do echo "=== $url"; curl -fsSL --connect-timeout 10 --max-time 30 "https://web.archive.org/cdx/search/cdx?url=$url&output=json&filter=statuscode:200&filter=mimetype:application%2Fx-gzip&fl=timestamp,original,statuscode,digest,length&collapse=digest" | head -c 5000 || true; echo; done\n'] min_timeout_sec: 3.0 max_timeout_sec: 180.0
Sending keys: ['for q in \'"povray-2.2.tar.gz"\' \'"povray-2.2.tar.Z"\' \'povray 2.2 tar.gz\'; do echo "=== $q"; curl -fsSL --connect-timeout 10 --max-time 20 -A \'Mozilla/5.0\' "https://html.duckduckgo.com/html/?q=$(printf \'%s\' "$q" | sed \'s/ /+/g;s/"/%22/g\')" | grep -oE \'result__a[^>]*href="[^"]+\' | sed \'s/.*href="//\' | head -20 || true; done\n'] min_timeout_sec: 2.0 max_timeout_sec: 180.0
Sending keys: ['for host in \'https://ftp.sunet.se/pub/povray/\' \'https://ftp.nluug.nl/pub/graphics/povray/\' \'https://mirrorservice.org/sites/ftp.povray.org/pub/povray/\' \'https://www.mirrorservice.org/sites/ftp.povray.org/pub/povray/\'; do echo "=== $host"; curl -kLfsS --connect-timeout 8 --max-time 15 "$host" | grep -iE \'old|2\\.x|povray\' | head -20 || true; done\n'] min_timeout_sec: 2.0 max_timeout_sec: 180.0
Trajectory dumped to jobs/p1-terminus-2-build-pov-ray-r2/build-pov-ray__TE43de8/agent/trajectory.json
Sending keys: ['for id in pov-ray-3 Raytrace_The_Official_POV-RAY_CD-ROM_Walnut_Creek_April_1995 tucows_9887_POV-Ray; do echo "=== $id"; curl -fsSL --connect-timeout 10 --max-time 40 "https://archive.org/metadata/$id" -o "/tmp/$id.json" || continue; python3 - "$id" <<\'PY\'\nimport json,sys\nid=sys.argv[1]\ntry:\n d=json.load(open(\'/tmp/\'+id+\'.json\'))\n for f in d.get(\'files\',[]):\n  n=f.get(\'name\',\'\')\n  if any(x in n.lower() for x in (\'pov\',\'source\',\'unix\',\'2.2\',\'.tar\',\'.zip\',\'.iso\')): print(n, f.get(\'size\',\'\'))\nexcept Exception as e: print(e)\nPY\ndone\n'] min_timeout_sec: 4.0 max_timeout_sec: 180.0
Sending keys: ['curl -fsSL --connect-timeout 10 --max-time 30 \'https://api.github.com/repos/POV-Ray/povray/tags?per_page=100\' | grep -E \'"name"|"tarball_url"\' | head -100; printf \'\\nBranches:\\n\'; curl -fsSL --connect-timeout 10 --max-time 30 \'https://api.github.com/repos/POV-Ray/povray/branches?per_page=100\' | grep -E \'"name"\' | head -100\n'] min_timeout_sec: 2.0 max_timeout_sec: 180.0
Trajectory dumped to jobs/p1-terminus-2-build-pov-ray-r2/build-pov-ray__TE43de8/agent/trajectory.json
Sending keys: ['for u in \'ftp://ftp.povray.org/pub/povray/Old-Versions/2.x/povray-2.2.tar.gz\' \'ftp://ftp.povray.org/pub/povray/Old-Versions/2.x/povray-2.2.tar.Z\' \'ftp://ftp.povray.org/pub/povray/Old-Versions/2.x/povray-2.2.tgz\' \'ftp://ftp.povray.org/pub/povray/Old-Versions/2.2/povray-2.2.tar.gz\'; do echo "=== $u"; wget -nv --timeout=15 --tries=1 -O /tmp/povray22 "$u" && { file /tmp/povray22; ls -lh /tmp/povray22; break; } || true; done\n'] min_timeout_sec: 3.0 max_timeout_sec: 180.0
Sending keys: ['rm -rf /tmp/povrepo; git clone --filter=blob:none --no-checkout --single-branch https://github.com/POV-Ray/povray.git /tmp/povrepo && cd /tmp/povrepo && git tag -l | tail -30 && git log --all --oneline --decorate -20\n'] min_timeout_sec: 5.0 max_timeout_sec: 180.0
Sending keys: ['for id in pov-ray-3 Raytrace_The_Official_POV-RAY_CD-ROM_Walnut_Creek_April_1995 tucows_9887_POV-Ray; do echo "=== $id"; curl -sS --connect-timeout 10 --max-time 20 "https://archive.org/metadata/$id" | python3 -c \'import sys,json; d=json.load(sys.stdin); print(d.get("is_dark"),d.get("metadata",{}).get("title"),d.get("files_count"),d.get("server"),d.get("dir"))\' || true; done\n'] min_timeout_sec: 3.0 max_timeout_sec: 180.0
Trajectory dumped to jobs/p1-terminus-2-build-pov-ray-r2/build-pov-ray__TE43de8/agent/trajectory.json
Sending keys: ['base=\'https://mirrorservice.org/sites/ftp.povray.org/pub/povray/Old-Versions/\'; echo "$base"; curl -fsSL --connect-timeout 10 --max-time 30 "$base" | sed -n \'s/.*href="\\([^"]*\\)".*/\\1/p\' | grep -Ei \'2|version|tar|zip\' | head -100\n'] min_timeout_sec: 2.0 max_timeout_sec: 180.0
Sending keys: ['for p in 2.x 2.X 2 2.2; do u="https://mirrorservice.org/sites/ftp.povray.org/pub/povray/Old-Versions/$p/"; echo "=== $u"; curl -fsSL --connect-timeout 8 --max-time 20 "$u" | sed -n \'s/.*href="\\([^"]*\\)".*/\\1/p\' | head -100 || true; done\n'] min_timeout_sec: 2.0 max_timeout_sec: 180.0
Sending keys: ['mkdir -p /app/povray-download; for u in \'https://mirrorservice.org/sites/ftp.povray.org/pub/povray/Old-Versions/2.x/povray-2.2.tar.gz\' \'https://mirrorservice.org/sites/ftp.povray.org/pub/povray/Old-Versions/2.x/povray-2.2.tar.Z\' \'https://mirrorservice.org/sites/ftp.povray.org/pub/povray/Old-Versions/2.x/povray-2.2.tgz\'; do echo "=== $u"; f=/app/povray-download/$(basename "$u"); curl -fL --connect-timeout 10 --max-time 60 -o "$f" "$u" && { file "$f"; ls -lh "$f"; break; } || rm -f "$f"; done\n'] min_timeout_sec: 5.0 max_timeout_sec: 180.0
Trajectory dumped to jobs/p1-terminus-2-build-pov-ray-r2/build-pov-ray__TE43de8/agent/trajectory.json
Sending keys: ['base=\'https://mirrorservice.org/sites/ftp.povray.org/pub/povray/Old-Versions/Official-2.2/\'; echo "$base"; curl -fsSL --connect-timeout 10 --max-time 30 "$base" | sed -n \'s/.*href="\\([^"]*\\)".*/\\1/p\'\n'] min_timeout_sec: 2.0 max_timeout_sec: 180.0
Sending keys: ['base=\'https://mirrorservice.org/sites/ftp.povray.org/pub/povray/Old-Versions/Official-2.2/\'; curl -fsSL --connect-timeout 10 --max-time 30 "$base" | sed -n \'s/.*href="\\([^"]*\\)".*/\\1/p\' | grep -Ei \'\\.(tar|tgz|gz|Z|zip)\' | while read f; do echo "Downloading $f"; curl -fL --connect-timeout 10 --max-time 120 -o "/app/povray-download/$f" "$base$f" && file "/app/povray-download/$f"; done\n'] min_timeout_sec: 8.0 max_timeout_sec: 180.0
Sending keys: ["find /app/povray-download -maxdepth 1 -type f -printf '%f %s bytes\\n'; find /app/povray-download -maxdepth 1 -type f -exec file {} \\;\n"] min_timeout_sec: 0.5 max_timeout_sec: 180.0
Trajectory dumped to jobs/p1-terminus-2-build-pov-ray-r2/build-pov-ray__TE43de8/agent/trajectory.json
Sending keys: [''] min_timeout_sec: 15.0 max_timeout_sec: 180.0
Sending keys: ['base=\'https://mirrorservice.org/sites/ftp.povray.org/pub/povray/Old-Versions/Official-2.2/\'; test -s /app/povray-download/POVSRC.TAR.Z || curl -fL --connect-timeout 10 --max-time 120 -o /app/povray-download/POVSRC.TAR.Z "$basePOVSRC.TAR.Z"; file /app/povray-download/POVSRC.TAR.Z; ls -lh /app/povray-download/POVSRC.TAR.Z\n'] min_timeout_sec: 5.0 max_timeout_sec: 180.0
Sending keys: ['export DEBIAN_FRONTEND=noninteractive; apt-get install -y ncompress\n'] min_timeout_sec: 5.0 max_timeout_sec: 180.0
Sending keys: ['rm -rf /app/povray-2.2 /app/povray-extract; mkdir -p /app/povray-extract; cd /app/povray-extract; uncompress -c /app/povray-download/POVSRC.TAR.Z | tar -xf -; find . -maxdepth 2 -type f | head -40; find . -maxdepth 2 -type d | sort\n'] min_timeout_sec: 3.0 max_timeout_sec: 180.0
Trajectory dumped to jobs/p1-terminus-2-build-pov-ray-r2/build-pov-ray__TE43de8/agent/trajectory.json
Sending keys: ["mv /app/povray-extract /app/povray-2.2; cd /app/povray-2.2; printf '%s\\n' 'Top-level:'; find . -maxdepth 2 -type f | sort; printf '%s\\n' 'Unix build files:'; find machine/unix -maxdepth 2 -type f -printf '%p\\n' | sort; printf '%s\\n' 'README candidates:'; find . -maxdepth 3 -iname 'readme*' -o -iname '*makefile*' -o -iname '*.mak' | sort\n"] min_timeout_sec: 0.5 max_timeout_sec: 180.0
Sending keys: ['cd /app/povray-2.2; for f in README* machine/unix/*; do [ -f "$f" ] && { echo "===== $f"; sed -n \'1,220p\' "$f"; }; done\n'] min_timeout_sec: 1.0 max_timeout_sec: 180.0
Trajectory dumped to jobs/p1-terminus-2-build-pov-ray-r2/build-pov-ray__TE43de8/agent/trajectory.json
Sending keys: ['cd /app/povray-2.2; printf \'%s\\n\' \'Unix files:\'; ls -la machine/unix; printf \'%s\\n\' \'Makefile names:\'; find machine/unix -maxdepth 1 -type f -printf \'%f\\n\' | sort; printf \'%s\\n\' \'Makefile starts/ends:\'; for f in machine/unix/Makefile machine/unix/makefile machine/unix/*.mk; do if [ -f "$f" ]; then echo "===== $f"; sed -n \'1,100p\' "$f"; tail -60 "$f"; fi; done\n'] min_timeout_sec: 0.5 max_timeout_sec: 180.0
Sending keys: ['cd /app/povray-2.2/machine/unix; make -j2\n'] min_timeout_sec: 5.0 max_timeout_sec: 180.0
Trajectory dumped to jobs/p1-terminus-2-build-pov-ray-r2/build-pov-ray__TE43de8/agent/trajectory.json
Sending keys: ["cd /app/povray-2.2/machine/unix; echo '===== unix.doc'; cat unix.doc; echo '===== unix.mak'; cat unix.mak\n"] min_timeout_sec: 0.5 max_timeout_sec: 180.0
Sending keys: ['cd /app/povray-2.2/machine/unix; make -f unix.mak -j2\n'] min_timeout_sec: 5.0 max_timeout_sec: 180.0
Trajectory dumped to jobs/p1-terminus-2-build-pov-ray-r2/build-pov-ray__TE43de8/agent/trajectory.json
Sending keys: ["cd /app/povray-2.2; sed -n '1,180p' machine/unix/unix.mak; printf '\\nConfig references:\\n'; grep -nE 'config|unixconf|gccconf|CC|CFLAGS|OBJ|povray:' machine/unix/unix.mak\n"] min_timeout_sec: 0.5 max_timeout_sec: 180.0
Sending keys: ['cd /app/povray-2.2/source; make -f ../machine/unix/unix.mak -j2\n'] min_timeout_sec: 5.0 max_timeout_sec: 180.0
Trajectory dumped to jobs/p1-terminus-2-build-pov-ray-r2/build-pov-ray__TE43de8/agent/trajectory.json
Sending keys: ["cd /app/povray-2.2; sed -n '1,48p' machine/unix/unix.mak; printf '\\n===== unix.doc relevant lines =====\\n'; grep -nEi 'config|gcc|make|compile|unixconf' machine/unix/unix.doc; printf '\\n===== config headers =====\\n'; sed -n '1,100p' machine/unix/gccconf.h; sed -n '1,80p' machine/unix/unixconf.h\n"] min_timeout_sec: 0.5 max_timeout_sec: 180.0
Sending keys: ['cd /app/povray-2.2/source; cp ../machine/unix/gccconf.h config.h; make -f ../machine/unix/unix.mak -j2\n'] min_timeout_sec: 5.0 max_timeout_sec: 180.0
Trajectory dumped to jobs/p1-terminus-2-build-pov-ray-r2/build-pov-ray__TE43de8/agent/trajectory.json
Sending keys: [''] min_timeout_sec: 10.0 max_timeout_sec: 180.0
Trajectory dumped to jobs/p1-terminus-2-build-pov-ray-r2/build-pov-ray__TE43de8/agent/trajectory.json
Sending keys: [''] min_timeout_sec: 10.0 max_timeout_sec: 180.0
Trajectory dumped to jobs/p1-terminus-2-build-pov-ray-r2/build-pov-ray__TE43de8/agent/trajectory.json
Sending keys: ['cd /app/povray-2.2/source; cp ../machine/unix/unix.c ./unix.c; make -f ../machine/unix/unix.mak -j2\n'] min_timeout_sec: 10.0 max_timeout_sec: 180.0
Sending keys: ['cd /app/povray-2.2/source; ls -l povray; file povray; ./povray 2>&1 | head -40 || true\n'] min_timeout_sec: 1.0 max_timeout_sec: 180.0
Trajectory dumped to jobs/p1-terminus-2-build-pov-ray-r2/build-pov-ray__TE43de8/agent/trajectory.json
Sending keys: ["cd /app/povray-2.2; grep -R -n 'unix_init_povray' machine source; printf '\\nMake link rule:\\n'; sed -n '1,48p' machine/unix/unix.mak; printf '\\nSymbols:\\n'; grep -nE '^[A-Za-z_].*unix_init|unix_init' machine/unix/*.c\n"] min_timeout_sec: 0.5 max_timeout_sec: 180.0
Sending keys: ['cd /app/povray-2.2/source; cp ../machine/unix/gcc.c ./unix.c; rm -f unix.o povray; make -f ../machine/unix/unix.mak -j2\n'] min_timeout_sec: 10.0 max_timeout_sec: 180.0
Sending keys: ['cd /app/povray-2.2/source; ls -l povray; file povray; nm povray 2>/dev/null | grep unix_init_povray || true\n'] min_timeout_sec: 0.5 max_timeout_sec: 180.0
Trajectory dumped to jobs/p1-terminus-2-build-pov-ray-r2/build-pov-ray__TE43de8/agent/trajectory.json
Sending keys: ["cd /app/povray-2.2; nl -ba machine/unix/gcc.c | sed -n '1,140p'\n"] min_timeout_sec: 0.3 max_timeout_sec: 180.0
Sending keys: ["cd /app/povray-2.2/source; awk 'BEGIN{skip=0} /^int matherr[ (]/{skip=1} skip && /^}/ {skip=0; next} !skip{print}' ../machine/unix/gcc.c > unix.c; rm -f unix.o povray; make -f ../machine/unix/unix.mak -j2\n"] min_timeout_sec: 10.0 max_timeout_sec: 180.0
Sending keys: ['cd /app/povray-2.2/source; ls -l povray; file povray; nm povray | grep unix_init_povray; install -m 0755 povray /usr/local/bin/povray; /usr/local/bin/povray 2>&1 | head -30 || true\n'] min_timeout_sec: 1.0 max_timeout_sec: 180.0
Trajectory dumped to jobs/p1-terminus-2-build-pov-ray-r2/build-pov-ray__TE43de8/agent/trajectory.json
Sending keys: ["cd /app/povray-2.2; grep -R -nE 'display_finished|display_init|display_close|display_plot' source machine/unix | head -80; tail -40 source/unix.c\n"] min_timeout_sec: 0.5 max_timeout_sec: 180.0
Sending keys: ["cd /app/povray-2.2/source; printf '\\nvoid display_finished ()\\n{\\n}\\n' >> unix.c; rm -f unix.o povray; make -f ../machine/unix/unix.mak -j2\n"] min_timeout_sec: 10.0 max_timeout_sec: 180.0
Sending keys: ['cd /app/povray-2.2/source; ls -l povray; file povray; nm povray | grep unix_init_povray; install -m 0755 povray /usr/local/bin/povray; /usr/local/bin/povray +L/app/povray-2.2/povdoc/include +I/app/deps/illum1.pov +O/dev/null +P -V\n'] min_timeout_sec: 5.0 max_timeout_sec: 180.0
Trajectory dumped to jobs/p1-terminus-2-build-pov-ray-r2/build-pov-ray__TE43de8/agent/trajectory.json
Sending keys: ["cd /app/povray-2.2/source; cp ../machine/unix/unix.c unix.c; sed -i 's/unix_init_POVRAY/unix_init_povray/g' unix.c; grep -nE 'unix_init|display_(finished|init|close|plot)' unix.c; rm -f unix.o povray; make -f ../machine/unix/unix.mak -j2\n"] min_timeout_sec: 10.0 max_timeout_sec: 180.0
Sending keys: ["cd /app/povray-2.2/source; ls -l povray; file povray; nm povray | grep -E 'unix_init_povray|display_(finished|init|close|plot)'; install -m 0755 povray /usr/local/bin/povray\n"] min_timeout_sec: 1.0 max_timeout_sec: 180.0
Sending keys: ['/usr/local/bin/povray +L/app/povray-2.2/povdoc/include +I/app/deps/illum1.pov +O/dev/null +P -V\n'] min_timeout_sec: 5.0 max_timeout_sec: 180.0
Trajectory dumped to jobs/p1-terminus-2-build-pov-ray-r2/build-pov-ray__TE43de8/agent/trajectory.json
Sending keys: ["rm -rf /app/povray-doc-extract; mkdir -p /app/povray-doc-extract; cd /app/povray-doc-extract; uncompress -c /app/povray-download/POVDOC.TAR.Z | tar -xf -; echo 'Extracted directories:'; find . -maxdepth 3 -type d | sort; echo 'Include files:'; find . -iname 'shapes.inc' -o -iname '*.inc' | head -40\n"] min_timeout_sec: 3.0 max_timeout_sec: 180.0
Sending keys: ['cd /app/povray-2.2; if [ -d /app/povray-doc-extract/povdoc ]; then cp -a /app/povray-doc-extract/povdoc .; else d=$(find /app/povray-doc-extract -type d -name include -print -quit); mkdir -p povdoc; cp -a "$(dirname "$d")" povdoc/include-parent; find /app/povray-doc-extract -type f -name \'*.inc\' -exec cp -n {} povdoc/include/ \\; 2>/dev/null || true; fi; find /app/povray-2.2 -type f -iname \'shapes.inc\' -print; ls -la /app/povray-2.2/povdoc/include 2>/dev/null | head -20\n'] min_timeout_sec: 0.5 max_timeout_sec: 180.0
Sending keys: ['/usr/local/bin/povray +L/app/povray-2.2/povdoc/include +I/app/deps/illum1.pov +O/dev/null +P -V\n'] min_timeout_sec: 5.0 max_timeout_sec: 180.0
Trajectory dumped to jobs/p1-terminus-2-build-pov-ray-r2/build-pov-ray__TE43de8/agent/trajectory.json
Trajectory dumped to jobs/p1-terminus-2-build-pov-ray-r2/build-pov-ray__TE43de8/agent/trajectory.json
Trajectory dumped to jobs/p1-terminus-2-build-pov-ray-r2/build-pov-ray__TE43de8/agent/trajectory.json
Trajectory dumped to jobs/p1-terminus-2-build-pov-ray-r2/build-pov-ray__TE43de8/agent/trajectory.json
Collecting main service artifacts
