Skipping image OS validation for alexgshaw/git-leak-recovery:20251031: docker inspect returned 1
Installing: tmux, asciinema
Detected system: {'os': 'debian-based', 'package_manager': 'apt-get', 'update_command': None}
Installing tools using apt-get: DEBIAN_FRONTEND=noninteractive apt-get update && DEBIAN_FRONTEND=noninteractive apt-get install -y tmux asciinema
Starting recording.
Sending keys: ['asciinema rec --stdin /logs/agent/recording.cast', 'Enter'] min_timeout_sec: 1.0 max_timeout_sec: 180.0
Sending keys: ['clear', 'Enter'] min_timeout_sec: 0.0 max_timeout_sec: 180.0
Sending keys: ["cd /app/repo && printf '%s\\n' '--- status ---' && git status --short --branch && printf '%s\\n' '--- refs ---' && git show-ref && printf '%s\\n' '--- log ---' && git log --all --oneline --decorate --graph --reflog -20\n"] min_timeout_sec: 0.2 max_timeout_sec: 180.0
Sending keys: ['cd /app/repo && printf \'%s\\n\' \'--- tracked files ---\' && git ls-files && printf \'%s\\n\' \'--- secret candidates in all objects ---\' && git rev-list --objects --all | cut -d\' \' -f1 | while read o; do git cat-file --batch-check=\'%(objectname) %(objecttype)\' "$o"; done | awk \'$2=="blob"{print $1}\' | while read b; do git cat-file blob "$b"; done | grep -aEo \'secret\\[[^]]*\\]\' | sort -u\n'] min_timeout_sec: 1.0 max_timeout_sec: 180.0
Trajectory dumped to jobs/p1-terminus-2-git-leak-recovery-r2-retry1/git-leak-recovery__UVUHHKT/agent/trajectory.json
Sending keys: ["cd /app/repo && printf '%s\\n' '--- discarded commit ---' && git show --stat --oneline 6b4c75c && git show --format=fuller --no-ext-diff 6b4c75c && printf '%s\\n' '--- fsck ---' && git fsck --full --unreachable --no-reflogs\n"] min_timeout_sec: 0.5 max_timeout_sec: 180.0
Sending keys: ['cd /app/repo && for o in $(git fsck --full --unreachable --no-reflogs 2>/dev/null | awk \'$2=="blob"{print $3}\'); do git cat-file blob "$o"; done | grep -aEo \'secret\\[[^]]*\\]\' | sort -u | tee /tmp/secret-candidates && test "$(wc -l < /tmp/secret-candidates)" -eq 1 && cp /tmp/secret-candidates /app/secret.txt && chmod 600 /app/secret.txt && printf \'%s\\n\' \'Recovered secret:\' && cat /app/secret.txt\n'] min_timeout_sec: 0.5 max_timeout_sec: 180.0
Sending keys: ['cd /app/repo && git reflog expire --expire=now --all && git gc --prune=now --aggressive && printf \'%s\\n\' \'--- final status ---\' && git status --short --branch && printf \'%s\\n\' \'--- final log ---\' && git log --all --oneline --decorate --graph && printf \'%s\\n\' \'--- remaining secret matches ---\' && (git grep -aEo \'secret\\[[^]]*\\]\' $(git rev-list --all) 2>/dev/null || true) && (git fsck --full --unreachable --no-reflogs 2>/dev/null | awk \'$2=="blob"{print $3}\' | while read o; do git cat-file blob "$o"; done | grep -aEo \'secret\\[[^]]*\\]\' || true) && printf \'%s\\n\' \'--- recovered file ---\' && cat /app/secret.txt\n'] min_timeout_sec: 2.0 max_timeout_sec: 180.0
Trajectory dumped to jobs/p1-terminus-2-git-leak-recovery-r2-retry1/git-leak-recovery__UVUHHKT/agent/trajectory.json
Sending keys: ['cd /app/repo && printf \'%s\\n\' \'--- repository-wide text scan ---\' && (grep -RInaE \'secret\\[[^]]*\\]\' . --exclude-dir=.git || true) && printf \'%s\\n\' \'--- git object scan ---\' && (git cat-file --batch-all-objects --batch-check=\'%(objectname) %(objecttype)\' | awk \'$2=="blob"{print $1}\' | while read o; do git cat-file blob "$o"; done | grep -aEo \'secret\\[[^]]*\\]\' || true) && printf \'%s\\n\' \'--- verification ---\' && test "$(cat /app/secret.txt)" = \'secret[lost_and_found_in_git]\' && test -z "$(git status --porcelain)" && test "$(git log --format=%s --all)" = $\'chore: init e665d1a2-04a7-4e61-b523-e897e231d9cc\\nchore: init e665d1a2-04a7-4e61-b523-e897e231d9cc\' && echo \'PASS: secret recovered, absent from repository, and history preserved\'\n'] min_timeout_sec: 1.0 max_timeout_sec: 180.0
Trajectory dumped to jobs/p1-terminus-2-git-leak-recovery-r2-retry1/git-leak-recovery__UVUHHKT/agent/trajectory.json
Trajectory dumped to jobs/p1-terminus-2-git-leak-recovery-r2-retry1/git-leak-recovery__UVUHHKT/agent/trajectory.json
Trajectory dumped to jobs/p1-terminus-2-git-leak-recovery-r2-retry1/git-leak-recovery__UVUHHKT/agent/trajectory.json
Trajectory dumped to jobs/p1-terminus-2-git-leak-recovery-r2-retry1/git-leak-recovery__UVUHHKT/agent/trajectory.json
Collecting main service artifacts
