meta-harness: fix-git -> terminus-2 2.0.0 (exact: known task (hard-coded cache))
Installing: tmux, asciinema
Detected system: {'os': 'debian-based', 'package_manager': 'apt-get', 'update_command': None}
Installing tools using apt-get: DEBIAN_FRONTEND=noninteractive apt-get update && DEBIAN_FRONTEND=noninteractive apt-get install -y tmux asciinema
Starting recording.
Sending keys: ['asciinema rec --stdin /logs/agent/recording.cast', 'Enter'] min_timeout_sec: 1.0 max_timeout_sec: 180.0
Sending keys: ['clear', 'Enter'] min_timeout_sec: 0.0 max_timeout_sec: 180.0
Sending keys: ["git status --short --branch && printf '\\nBranches:\\n' && git branch -a -vv && printf '\\nRecent commits:\\n' && git log --oneline --decorate --all -20 && printf '\\nReflog:\\n' && git reflog --all --date=local -20\n"] min_timeout_sec: 1.0 max_timeout_sec: 180.0
Trajectory dumped to jobs/live-luna-fix-git-20261009-202543/fix-git__aaRqe7L/agent/trajectory.json
Sending keys: ['git show --stat --oneline --decorate c499730 && git log --graph --oneline --decorate --all --reflog -8\n'] min_timeout_sec: 1.0 max_timeout_sec: 180.0
Sending keys: ['git branch recovered-move-to-stanford c499730 && git merge --no-ff recovered-move-to-stanford -m "Merge recovered Move to Stanford changes"\n'] min_timeout_sec: 1.0 max_timeout_sec: 180.0
Sending keys: ['git status --short --branch && git log --graph --oneline --decorate --all -8\n'] min_timeout_sec: 1.0 max_timeout_sec: 180.0
Trajectory dumped to jobs/live-luna-fix-git-20261009-202543/fix-git__aaRqe7L/agent/trajectory.json
Sending keys: ["printf '%s\\n' '--- conflicted about.md ---'; cat _includes/about.md; printf '%s\\n' '--- merge diff ---'; git diff -- _includes/about.md; printf '%s\\n' '--- staged diff ---'; git diff --cached -- _layouts/default.html\n"] min_timeout_sec: 1.0 max_timeout_sec: 180.0
Trajectory dumped to jobs/live-luna-fix-git-20261009-202543/fix-git__aaRqe7L/agent/trajectory.json
Sending keys: ["git checkout --theirs -- _includes/about.md && git add _includes/about.md && printf '%s\\n' '--- resolved about.md ---' && cat _includes/about.md && printf '%s\\n' '--- status ---' && git status --short --branch\n"] min_timeout_sec: 1.0 max_timeout_sec: 180.0
Sending keys: ['git diff --check && git commit --no-edit\n'] min_timeout_sec: 1.0 max_timeout_sec: 180.0
Sending keys: ["git status --short --branch && git log --graph --oneline --decorate --all -8 && printf '%s\\n' '--- recovered content checks ---' && grep -nE 'Stanford|Postdoc' _includes/about.md _layouts/default.html\n"] min_timeout_sec: 1.0 max_timeout_sec: 180.0
Trajectory dumped to jobs/live-luna-fix-git-20261009-202543/fix-git__aaRqe7L/agent/trajectory.json
Trial fix-git__aaRqe7L cancelled
Collecting main service artifacts
