Skipping image OS validation for alexgshaw/financial-document-processor:20251031: docker inspect returned 1
Installing: tmux, asciinema
Detected system: {'os': 'debian-based', 'package_manager': 'apt-get', 'update_command': None}
Installing tools using apt-get: DEBIAN_FRONTEND=noninteractive apt-get update && DEBIAN_FRONTEND=noninteractive apt-get install -y tmux asciinema
Starting recording.
Sending keys: ['asciinema rec --stdin /logs/agent/recording.cast', 'Enter'] min_timeout_sec: 1.0 max_timeout_sec: 180.0
Sending keys: ['clear', 'Enter'] min_timeout_sec: 0.0 max_timeout_sec: 180.0
Sending keys: ["printf '%s\\n' '--- files ---'; find /app/documents -maxdepth 1 -type f -printf '%f\\n' | sort; printf '%s\\n' '--- tools ---'; command -v pdftotext || true; command -v tesseract || true; command -v file || true\n"] min_timeout_sec: 0.5 max_timeout_sec: 180.0
Trajectory dumped to jobs/p1-terminus-2-financial-document-processor-r3/financial-document-processor__XbBsRaS/agent/trajectory.json
Sending keys: ['printf \'%s\\n\' \'--- available commands ---\'; for x in file pdfinfo pdftoppm pdftocairo mutool identify convert magick python3; do printf \'%-12s\' "$x"; command -v "$x" || true; done; printf \'%s\\n\' \'--- python modules ---\'; python3 - <<\'PY\'\nmods=[\'fitz\',\'PyPDF2\',\'pypdf\',\'pdfplumber\',\'PIL\',\'cv2\',\' pytesseract\'.strip()]\nfor m in mods:\n try:\n  __import__(m); print(m, \'OK\')\n except Exception as e: print(m, \'NO\')\nPY\nprintf \'%s\\n\' \'--- signatures ---\'; python3 - <<\'PY\'\nimport os\nfor n in sorted(os.listdir(\'/app/documents\')):\n p=\'/app/documents/\'+n\n with open(p,\'rb\') as f: h=f.read(16)\n print(n, h)\nPY\n'] min_timeout_sec: 1.0 max_timeout_sec: 180.0
Trajectory dumped to jobs/p1-terminus-2-financial-document-processor-r3/financial-document-processor__XbBsRaS/agent/trajectory.json
Sending keys: ["python3 - <<'PY'\nimport os,re,zlib,struct\nroot='/app/documents'\ndef pdf_text(data):\n out=[]\n for m in re.finditer(rb'stream\\r?\\n',data):\n  start=m.end(); end=data.find(b'endstream',start)\n  if end<0: continue\n  s=data[start:end].rstrip(b'\\r\\n')\n  candidates=[s]\n  try: candidates.append(zlib.decompress(s))\n  except: pass\n  for x in candidates:\n   if any(k in x for k in (b'BT',b'Tj',b'TJ')):\n    out.append(x)\n return b'\\n'.join(out)\ndef pdf_decode(x):\n x=re.sub(rb'\\\\([\\\\()])',rb'\\1',x)\n x=re.sub(rb'\\\\n',b'\\n',x)\n vals=[]\n for m in re.finditer(rb'\\((.*?)\\)\\s*Tj',x,re.S): vals.append(m.group(1))\n for m in re.finditer(rb'\\[(.*?)\\]\\s*TJ',x,re.S): vals += re.findall(rb'\\((.*?)\\)',m.group(1),re.S)\n return b' '.join(vals)\nfor n in sorted(os.listdir(root)):\n p=os.path.join(root,n); d=open(p,'rb').read()\n print('\\n###',n,len(d))\n if n.lower().endswith('.pdf'):\n  raw=pdf_text(d); print(pdf_decode(raw)[:5000].decode('latin1','replace'))\n else:\n  # JPEG marker scan: dimensions, comments, printable runs\n  pos=2\n  while pos+9<len(d):\n   if d[pos]!=255: pos+=1; continue\n   marker=d[pos+1]; pos+=2\n   if marker in (216,217): continue\n   if pos+2>len(d): break\n   ln=struct.unpack('>H',d[pos:pos+2])[0]\n   if marker in (192,194) and pos+7<len(d):\n    h,w=struct.unpack('>HH',d[pos+3:pos+7]); print('dimensions',w,h)\n   if marker==254: print('COMMENT',d[pos+2:pos+ln].decode('latin1','replace'))\n   pos+=ln\n  runs=re.findall(rb'[ -~]{8,}',d)\n  print('strings:',b' | '.join(runs[:20]).decode('latin1','replace'))\nPY\n"] min_timeout_sec: 1.0 max_timeout_sec: 180.0
Trajectory dumped to jobs/p1-terminus-2-financial-document-processor-r3/financial-document-processor__XbBsRaS/agent/trajectory.json
Sending keys: ['apt-get update -qq && DEBIAN_FRONTEND=noninteractive apt-get install -y -qq tesseract-ocr poppler-utils >/tmp/apt.log 2>&1; rc=$?; echo install_rc=$rc; tail -20 /tmp/apt.log; command -v tesseract || true; command -v pdftotext || true; command -v pdftoppm || true\n'] min_timeout_sec: 10.0 max_timeout_sec: 180.0
Trajectory dumped to jobs/p1-terminus-2-financial-document-processor-r3/financial-document-processor__XbBsRaS/agent/trajectory.json
Sending keys: [''] min_timeout_sec: 10.0 max_timeout_sec: 180.0
Trajectory dumped to jobs/p1-terminus-2-financial-document-processor-r3/financial-document-processor__XbBsRaS/agent/trajectory.json
Sending keys: ['echo READY; command -v tesseract || true; command -v pdftotext || true; command -v pdftoppm || true; ls -l /tmp/apt.log 2>/dev/null || true\n'] min_timeout_sec: 0.5 max_timeout_sec: 180.0
Trajectory dumped to jobs/p1-terminus-2-financial-document-processor-r3/financial-document-processor__XbBsRaS/agent/trajectory.json
Parser warnings: - Command 1 should end with newline when followed by another command. Otherwise the two commands will be concatenated together on the same line.
Sending keys: ['C-c'] min_timeout_sec: 0.2 max_timeout_sec: 180.0
Sending keys: ['echo shell_ok; command -v tesseract || true; command -v pdftotext || true; command -v pdftoppm || true; test -f /tmp/apt.log && tail -5 /tmp/apt.log || true\n'] min_timeout_sec: 1.0 max_timeout_sec: 180.0
Trajectory dumped to jobs/p1-terminus-2-financial-document-processor-r3/financial-document-processor__XbBsRaS/agent/trajectory.json
Sending keys: ['C-c\n'] min_timeout_sec: 0.5 max_timeout_sec: 180.0
Sending keys: ["printf 'shell_ok\\n'; command -v tesseract || true; command -v pdftotext || true; command -v pdftoppm || true\n"] min_timeout_sec: 1.0 max_timeout_sec: 180.0
Trajectory dumped to jobs/p1-terminus-2-financial-document-processor-r3/financial-document-processor__XbBsRaS/agent/trajectory.json
Sending keys: ['C-cC-c\n'] min_timeout_sec: 1.0 max_timeout_sec: 180.0
Sending keys: ['pwd\n'] min_timeout_sec: 0.5 max_timeout_sec: 180.0
Trajectory dumped to jobs/p1-terminus-2-financial-document-processor-r3/financial-document-processor__XbBsRaS/agent/trajectory.json
Sending keys: ['rm -rf /tmp/doc_text /tmp/doc_pages; mkdir -p /tmp/doc_text /tmp/doc_pages; for f in /app/documents/*; do n=$(basename "$f"); stem=${n%.*}; ext=${n##*.}; out=/tmp/doc_text/$stem.txt; if [ "$ext" = pdf ]; then pdftotext -layout "$f" "$out" 2>/dev/null || :; chars=$(wc -c < "$out" 2>/dev/null || echo 0); if [ "$chars" -lt 80 ]; then mkdir -p "/tmp/doc_pages/$stem"; pdftoppm -r 200 -jpeg "$f" "/tmp/doc_pages/$stem/page" >/dev/null 2>&1; : > "$out"; for p in /tmp/doc_pages/$stem/*.jpg; do [ -f "$p" ] && tesseract "$p" stdout 2>/dev/null >> "$out"; done; fi; else tesseract "$f" "$out" 2>/dev/null || :; fi; done; echo \'--- extracted files ---\'; for t in /tmp/doc_text/*.txt; do echo; echo "### $(basename "$t")"; sed -n \'1,80p\' "$t"; done\n'] min_timeout_sec: 30.0 max_timeout_sec: 180.0
Trajectory dumped to jobs/p1-terminus-2-financial-document-processor-r3/financial-document-processor__XbBsRaS/agent/trajectory.json
Sending keys: [''] min_timeout_sec: 20.0 max_timeout_sec: 180.0
Trajectory dumped to jobs/p1-terminus-2-financial-document-processor-r3/financial-document-processor__XbBsRaS/agent/trajectory.json
Sending keys: ['for f in /tmp/doc_text/*.txt; do echo "===== $(basename "$f") ====="; grep -Ein -A8 -B4 \'invoice|summary|total|amount due|vat|gross|net worth|tax|price\' "$f" | tail -80; done\n'] min_timeout_sec: 2.0 max_timeout_sec: 180.0
Sending keys: ["echo '===== JOiy ====='; cat /tmp/doc_text/JOiylq2_7S18.txt.txt; echo '===== ivE ====='; cat /tmp/doc_text/ivE2mt3HwvEO.txt.txt; echo '===== w0 ====='; cat /tmp/doc_text/w0i40MJP2Dzm.txt.txt; echo '===== Us ====='; cat /tmp/doc_text/UsN9tVTKskms.txt\n"] min_timeout_sec: 1.0 max_timeout_sec: 180.0
Trajectory dumped to jobs/p1-terminus-2-financial-document-processor-r3/financial-document-processor__XbBsRaS/agent/trajectory.json
Sending keys: ['for s in JOiylq2_7S18 ivE2mt3HwvEO w0i40MJP2Dzm; do echo "===== $s ====="; grep -Ein -A25 -B5 \'SUMMARY|Total|VAT|Gross|Net worth|Net price\' "/tmp/doc_text/$s.txt.txt"; done\n'] min_timeout_sec: 1.0 max_timeout_sec: 180.0
Sending keys: ['for f in /tmp/doc_text/*.txt; do echo -n "$(basename "$f"): "; grep -Eio \'(Total(Price)?|Amount due|Gross worth|Net worth|VAT)[^$0-9]*[$]?[0-9][0-9 .,]*\' "$f" | tr \'\\n\' \' \'; echo; done\n'] min_timeout_sec: 1.0 max_timeout_sec: 180.0
Trajectory dumped to jobs/p1-terminus-2-financial-document-processor-r3/financial-document-processor__XbBsRaS/agent/trajectory.json
Sending keys: ['for s in 2lgKzDuI4E4g JOiylq2_7S18 KrJiw0OZx7jf ivE2mt3HwvEO lxtL9XrYRsVG vvK89XK847m3 w0i40MJP2Dzm WqWMArQQlSMv; do f=/tmp/doc_text/$s.txt.txt; echo "===== $s ====="; tail -55 "$f"; done\n'] min_timeout_sec: 2.0 max_timeout_sec: 180.0
Trajectory dumped to jobs/p1-terminus-2-financial-document-processor-r3/financial-document-processor__XbBsRaS/agent/trajectory.json
Sending keys: ['img=/app/documents/JOiylq2_7S18.jpg; for psm in 3 4 6 11 12; do echo "===== PSM $psm ====="; tesseract "$img" stdout --psm $psm 2>/dev/null | grep -Ein -A20 -B5 \'SUMMARY|VAT|Total|Gross|Net price|Net worth|[0-9][0-9],[0-9][0-9]\' | tail -80; done\n'] min_timeout_sec: 15.0 max_timeout_sec: 180.0
Trajectory dumped to jobs/p1-terminus-2-financial-document-processor-r3/financial-document-processor__XbBsRaS/agent/trajectory.json
Sending keys: ["echo '===== dx0 ====='; cat /tmp/doc_text/dx0AWchV01ZJ.txt; echo '===== F0 ====='; cat /tmp/doc_text/F0oZMhSUm2dO.txt.txt; echo '===== dvk ====='; cat /tmp/doc_text/dvkRkFVFhHga.txt\n"] min_timeout_sec: 1.0 max_timeout_sec: 180.0
Trajectory dumped to jobs/p1-terminus-2-financial-document-processor-r3/financial-document-processor__XbBsRaS/agent/trajectory.json
Sending keys: ['mkdir -p /app/invoices /app/other; for f in 2lgKzDuI4E4g.jpg JOiylq2_7S18.jpg KrJiw0OZx7jf.jpg ivE2mt3HwvEO.jpg lxtL9XrYRsVG.jpg vvK89XK847m3.jpg w0i40MJP2Dzm.jpg GFAlpKoFg81H.pdf; do :; done\n'] min_timeout_sec: 0.1 max_timeout_sec: 180.0
Sending keys: ['mv /app/documents/2lgKzDuI4E4g.jpg /app/invoices/; mv /app/documents/JOiylq2_7S18.jpg /app/invoices/; mv /app/documents/KrJiw0OZx7jf.jpg /app/invoices/; mv /app/documents/ivE2mt3HwvEO.jpg /app/invoices/; mv /app/documents/lxtL9XrYRsVG.jpg /app/invoices/; mv /app/documents/vvK89XK847m3.jpg /app/invoices/; mv /app/documents/w0i40MJP2Dzm.jpg /app/invoices/; mv /app/documents/T0r6Ou8zvqTA.pdf /app/invoices/; mv /app/documents/UsN9tVTKskms.pdf /app/invoices/; mv /app/documents/wIQEB5nR79b2.pdf /app/invoices/; mv /app/documents/dx0AWchV01ZJ.pdf /app/invoices/\n'] min_timeout_sec: 0.5 max_timeout_sec: 180.0
Sending keys: ['mv /app/documents/6NVuAIhTV4KB.jpg /app/other/; mv /app/documents/F0oZMhSUm2dO.jpg /app/other/; mv /app/documents/GFAlpKoFg81H.pdf /app/other/; mv /app/documents/QOoA_j33PD_E.jpg /app/other/; mv /app/documents/WqWMArQQlSMv.jpg /app/other/; mv /app/documents/dvkRkFVFhHga.pdf /app/other/\n'] min_timeout_sec: 0.5 max_timeout_sec: 180.0
Sending keys: ["printf 'filename,total_amount,vat_amount\\n2lgKzDuI4E4g.jpg,6558,0\\nJOiylq2_7S18.jpg,6860.45,623.68\\nKrJiw0OZx7jf.jpg,9963,0\\nivE2mt3HwvEO.jpg,819.06,74.46\\nlxtL9XrYRsVG.jpg,797.91,72.54\\nvvK89XK847m3.jpg,6204.19,564.02\\nw0i40MJP2Dzm.jpg,44745.59,4067.78\\nT0r6Ou8zvqTA.pdf,4031,0\\nUsN9tVTKskms.pdf,896,0\\nwIQEB5nR79b2.pdf,440,0\\ndx0AWchV01ZJ.pdf,440,0\\ntotal,81755.20,5402.48\\n' > /app/invoices/summary.csv; echo '--- documents ---'; find /app/documents -maxdepth 1 -type f -printf '%f\\n'; echo '--- invoices ---'; cat /app/invoices/summary.csv; echo '--- counts ---'; find /app/invoices -maxdepth 1 -type f | wc -l; find /app/other -maxdepth 1 -type f | wc -l\n"] min_timeout_sec: 0.5 max_timeout_sec: 180.0
Trajectory dumped to jobs/p1-terminus-2-financial-document-processor-r3/financial-document-processor__XbBsRaS/agent/trajectory.json
Trajectory dumped to jobs/p1-terminus-2-financial-document-processor-r3/financial-document-processor__XbBsRaS/agent/trajectory.json
Trajectory dumped to jobs/p1-terminus-2-financial-document-processor-r3/financial-document-processor__XbBsRaS/agent/trajectory.json
Collecting main service artifacts
