Skipping image OS validation for alexgshaw/polyglot-rust-c:20251031: docker inspect returned 1
Installing: tmux, asciinema
Detected system: {'os': 'debian-based', 'package_manager': 'apt-get', 'update_command': None}
Installing tools using apt-get: DEBIAN_FRONTEND=noninteractive apt-get update && DEBIAN_FRONTEND=noninteractive apt-get install -y tmux asciinema
Starting recording.
Sending keys: ['asciinema rec --stdin /logs/agent/recording.cast', 'Enter'] min_timeout_sec: 1.0 max_timeout_sec: 180.0
Sending keys: ['clear', 'Enter'] min_timeout_sec: 0.0 max_timeout_sec: 180.0
Sending keys: ['mkdir -p /app/polyglot\ncat > /app/polyglot/main.rs <<\'EOF\'\n/*\n /*\n*/\n#include <iostream>\n#include <string>\n\nint main(int argc, char** argv) {\n    unsigned long long n = std::stoull(argv[1]);\n    unsigned long long a = 1, b = 1;\n    for (unsigned long long i = 0; i < n; ++i) {\n        unsigned long long c = a + b;\n        a = b;\n        b = c;\n    }\n    std::cout << a << \'\\n\';\n    return 0;\n}\n#if 0\n*/\nfn main() {\n    let n: u32 = std::env::args().nth(1).unwrap().parse().unwrap();\n    let mut a: u128 = 1;\n    let mut b: u128 = 1;\n    for _ in 0..n {\n        let c = a + b;\n        a = b;\n        b = c;\n    }\n    println!("{}", a);\n}\n/*\n#endif //\\\n*/\nEOF\nrustc /app/polyglot/main.rs -o /app/polyglot/rmain && /app/polyglot/rmain 10\ng++ -x c++ /app/polyglot/main.rs -o /app/polyglot/cmain && /app/polyglot/cmain 10\n'] min_timeout_sec: 1.0 max_timeout_sec: 180.0
Trajectory dumped to jobs/p1-terminus-2-polyglot-rust-c-r2/polyglot-rust-c__PK5PvUz/agent/trajectory.json
Sending keys: ['C-c\n'] min_timeout_sec: 0.2 max_timeout_sec: 180.0
Sending keys: ['cat > /app/polyglot/main.rs <<\'EOF\'\n/*\n/*/ \n#if 0\n*/\nfn main() {\n    let n: u32 = std::env::args().nth(1).unwrap().parse().unwrap();\n    let mut a: u128 = 1;\n    let mut b: u128 = 1;\n    for _ in 0..n {\n        let c = a + b;\n        a = b;\n        b = c;\n    }\n    println!("{}", a);\n}\n/*\n#else\n#include <iostream>\n#include <string>\nint main(int argc, char** argv) {\n    unsigned long long n = std::stoull(argv[1]);\n    unsigned long long a = 1, b = 1;\n    for (unsigned long long i = 0; i < n; ++i) {\n        unsigned long long c = a + b;\n        a = b;\n        b = c;\n    }\n    std::cout << a << \'\\n\';\n    return 0;\n}\n#endif\n*/\nEOF\nrustc /app/polyglot/main.rs -o /app/polyglot/rmain && /app/polyglot/rmain 10\ng++ -x c++ /app/polyglot/main.rs -o /app/polyglot/cmain && /app/polyglot/cmain 10\n'] min_timeout_sec: 1.0 max_timeout_sec: 180.0
Trajectory dumped to jobs/p1-terminus-2-polyglot-rust-c-r2/polyglot-rust-c__PK5PvUz/agent/trajectory.json
Sending keys: ['cat > /app/polyglot/main.rs <<\'EOF\'\n/*\n /*\n*/\n#include <iostream>\n#include <string>\nint main(int argc, char** argv) {\n    unsigned long long n = std::stoull(argv[1]);\n    unsigned long long a = 1, b = 1;\n    for (unsigned long long i = 0; i < n; ++i) {\n        unsigned long long c = a + b;\n        a = b;\n        b = c;\n    }\n    std::cout << a << \'\\n\';\n    return 0;\n}\n#if 0\n*/\nfn main() {\n    let n: u32 = std::env::args().nth(1).unwrap().parse().unwrap();\n    let mut a: u128 = 1;\n    let mut b: u128 = 1;\n    for _ in 0..n {\n        let c = a + b;\n        a = b;\n        b = c;\n    }\n    println!("{}", a);\n}\n/*\n#endif //\\\n*/\nEOF\nrustc /app/polyglot/main.rs -o /app/polyglot/rmain && /app/polyglot/rmain 10\ng++ -x c++ /app/polyglot/main.rs -o /app/polyglot/cmain && /app/polyglot/cmain 10\n/app/polyglot/rmain 0 && /app/polyglot/cmain 0\n/app/polyglot/rmain 2 && /app/polyglot/cmain 2\n'] min_timeout_sec: 1.0 max_timeout_sec: 180.0
Trajectory dumped to jobs/p1-terminus-2-polyglot-rust-c-r2/polyglot-rust-c__PK5PvUz/agent/trajectory.json
Parser warnings: - Command 1 should end with newline when followed by another command. Otherwise the two commands will be concatenated together on the same line.
Sending keys: ['\x03'] min_timeout_sec: 0.2 max_timeout_sec: 180.0
Sending keys: ["timeout 5 rustc /app/polyglot/main.rs -o /app/polyglot/rmain; echo rustc_status=$?\nsed -n '1,80l' /app/polyglot/main.rs\n"] min_timeout_sec: 6.0 max_timeout_sec: 180.0
Trajectory dumped to jobs/p1-terminus-2-polyglot-rust-c-r2/polyglot-rust-c__PK5PvUz/agent/trajectory.json
Sending keys: ['cat > /app/polyglot/main.rs <<\'EOF\'\n/*\n /*\n*/\n#include <iostream>\n#include <string>\nint main(int argc, char** argv) {\n    unsigned long long n = std::stoull(argv[1]);\n    unsigned long long a = 1, b = 1;\n    for (unsigned long long i = 0; i < n; ++i) {\n        unsigned long long c = a + b;\n        a = b;\n        b = c;\n    }\n    std::cout << a << \'\\n\';\n    return 0;\n}\n#if 0\n*/\nfn main() {\n    let n: u32 = std::env::args().nth(1).unwrap().parse().unwrap();\n    let mut a: u128 = 1;\n    let mut b: u128 = 1;\n    for _ in 0..n {\n        let c = a + b;\n        a = b;\n        b = c;\n    }\n    println!("{}", a);\n}\nconst _: &str = r#"\n#endif\n//\\\n"#;\nEOF\nrustc /app/polyglot/main.rs -o /app/polyglot/rmain && /app/polyglot/rmain 0 && /app/polyglot/rmain 1 && /app/polyglot/rmain 2 && /app/polyglot/rmain 10\ng++ -x c++ /app/polyglot/main.rs -o /app/polyglot/cmain && /app/polyglot/cmain 0 && /app/polyglot/cmain 1 && /app/polyglot/cmain 2 && /app/polyglot/cmain 10\n'] min_timeout_sec: 1.0 max_timeout_sec: 180.0
Trajectory dumped to jobs/p1-terminus-2-polyglot-rust-c-r2/polyglot-rust-c__PK5PvUz/agent/trajectory.json
Sending keys: ['cat > /app/polyglot/main.rs <<\'EOF\'\n/*\n /*\n*/\n#include <iostream>\n#include <string>\nint main(int argc, char** argv) {\n    unsigned long long n = std::stoull(argv[1]);\n    unsigned long long a = 1, b = 1;\n    for (unsigned long long i = 0; i < n; ++i) {\n        unsigned long long c = a + b;\n        a = b;\n        b = c;\n    }\n    std::cout << a << \'\\n\';\n    return 0;\n}\n#if 0\n*/\nfn main() {\n    let n: u32 = std::env::args().nth(1).unwrap().parse().unwrap();\n    let mut a: u128 = 1;\n    let mut b: u128 = 1;\n    for _ in 0..n {\n        let c = a + b;\n        a = b;\n        b = c;\n    }\n    println!("{}", a);\n}\n/*\n /*\n*/\n#endif\n//\\\n*/\nEOF\nrustc /app/polyglot/main.rs -o /app/polyglot/rmain && /app/polyglot/rmain 0 && /app/polyglot/rmain 1 && /app/polyglot/rmain 2 && /app/polyglot/rmain 10\ng++ -x c++ /app/polyglot/main.rs -o /app/polyglot/cmain && /app/polyglot/cmain 0 && /app/polyglot/cmain 1 && /app/polyglot/cmain 2 && /app/polyglot/cmain 10\n'] min_timeout_sec: 1.0 max_timeout_sec: 180.0
Trajectory dumped to jobs/p1-terminus-2-polyglot-rust-c-r2/polyglot-rust-c__PK5PvUz/agent/trajectory.json
Sending keys: [''] min_timeout_sec: 2.0 max_timeout_sec: 180.0
Trajectory dumped to jobs/p1-terminus-2-polyglot-rust-c-r2/polyglot-rust-c__PK5PvUz/agent/trajectory.json
Trajectory dumped to jobs/p1-terminus-2-polyglot-rust-c-r2/polyglot-rust-c__PK5PvUz/agent/trajectory.json
Trajectory dumped to jobs/p1-terminus-2-polyglot-rust-c-r2/polyglot-rust-c__PK5PvUz/agent/trajectory.json
Trajectory dumped to jobs/p1-terminus-2-polyglot-rust-c-r2/polyglot-rust-c__PK5PvUz/agent/trajectory.json
Collecting main service artifacts
