Skipping image OS validation for alexgshaw/protein-assembly:20260403: docker inspect returned 1
Trajectory dumped to jobs/wd-terminus-2-protein-assembly-rep1/protein-assembly__sJ6AKh3/agent/trajectory.json
Trajectory dumped to jobs/wd-terminus-2-protein-assembly-rep1/protein-assembly__sJ6AKh3/agent/trajectory.json
Trajectory dumped to jobs/wd-terminus-2-protein-assembly-rep1/protein-assembly__sJ6AKh3/agent/trajectory.json
Trajectory dumped to jobs/wd-terminus-2-protein-assembly-rep1/protein-assembly__sJ6AKh3/agent/trajectory.json
Trajectory dumped to jobs/wd-terminus-2-protein-assembly-rep1/protein-assembly__sJ6AKh3/agent/trajectory.json
Trajectory dumped to jobs/wd-terminus-2-protein-assembly-rep1/protein-assembly__sJ6AKh3/agent/trajectory.json
Trajectory dumped to jobs/wd-terminus-2-protein-assembly-rep1/protein-assembly__sJ6AKh3/agent/trajectory.json
Trajectory dumped to jobs/wd-terminus-2-protein-assembly-rep1/protein-assembly__sJ6AKh3/agent/trajectory.json
Trajectory dumped to jobs/wd-terminus-2-protein-assembly-rep1/protein-assembly__sJ6AKh3/agent/trajectory.json
Trajectory dumped to jobs/wd-terminus-2-protein-assembly-rep1/protein-assembly__sJ6AKh3/agent/trajectory.json
Trajectory dumped to jobs/wd-terminus-2-protein-assembly-rep1/protein-assembly__sJ6AKh3/agent/trajectory.json
Trajectory dumped to jobs/wd-terminus-2-protein-assembly-rep1/protein-assembly__sJ6AKh3/agent/trajectory.json
Trajectory dumped to jobs/wd-terminus-2-protein-assembly-rep1/protein-assembly__sJ6AKh3/agent/trajectory.json
Trajectory dumped to jobs/wd-terminus-2-protein-assembly-rep1/protein-assembly__sJ6AKh3/agent/trajectory.json
Parser warnings: - Command 1 should end with newline when followed by another command. Otherwise the two commands will be concatenated together on the same line.
Trajectory dumped to jobs/wd-terminus-2-protein-assembly-rep1/protein-assembly__sJ6AKh3/agent/trajectory.json
Trajectory dumped to jobs/wd-terminus-2-protein-assembly-rep1/protein-assembly__sJ6AKh3/agent/trajectory.json
Trajectory dumped to jobs/wd-terminus-2-protein-assembly-rep1/protein-assembly__sJ6AKh3/agent/trajectory.json
Trajectory dumped to jobs/wd-terminus-2-protein-assembly-rep1/protein-assembly__sJ6AKh3/agent/trajectory.json
Trajectory dumped to jobs/wd-terminus-2-protein-assembly-rep1/protein-assembly__sJ6AKh3/agent/trajectory.json
Trajectory dumped to jobs/wd-terminus-2-protein-assembly-rep1/protein-assembly__sJ6AKh3/agent/trajectory.json
Trial protein-assembly__sJ6AKh3 cancelled
Collecting main service artifacts
