Skipping image OS validation for alexgshaw/mcmc-sampling-stan:20251031: docker inspect returned 1
Installing: tmux, asciinema
Detected system: {'os': 'debian-based', 'package_manager': 'apt-get', 'update_command': None}
Installing tools using apt-get: DEBIAN_FRONTEND=noninteractive apt-get update && DEBIAN_FRONTEND=noninteractive apt-get install -y tmux asciinema
Starting recording.
Sending keys: ['asciinema rec --stdin /logs/agent/recording.cast', 'Enter'] min_timeout_sec: 1.0 max_timeout_sec: 180.0
Sending keys: ['clear', 'Enter'] min_timeout_sec: 0.0 max_timeout_sec: 180.0
Sending keys: ['ls -la /app && printf \'\\nData preview:\\n\' && head -n 5 /app/data.csv && printf \'\\nR version:\\n\' && R --version | head -n 2 && printf \'\\nInstalled rstan check:\\n\' && Rscript -e "cat(if (requireNamespace(\'rstan\', quietly=TRUE)) as.character(packageVersion(\'rstan\')) else \'not installed\', \'\\n\')"\n'] min_timeout_sec: 1.0 max_timeout_sec: 180.0
Trajectory dumped to jobs/p1-terminus-2-mcmc-sampling-stan-r1/mcmc-sampling-stan__QynBfTc/agent/trajectory.json
Sending keys: ['Rscript -e "cat(\'Rscript OK\\n\'); cat(\'rstan=\', if (requireNamespace(\'rstan\', quietly=TRUE)) as.character(packageVersion(\'rstan\')) else \'not installed\', \'\\n\'); cat(\'StanHeaders=\', if (requireNamespace(\'StanHeaders\', quietly=TRUE)) as.character(packageVersion(\'StanHeaders\')) else \'not installed\', \'\\n\')"; command -v g++; dpkg -s build-essential 2>/dev/null | grep \'^Status:\' || true\n'] min_timeout_sec: 1.0 max_timeout_sec: 180.0
Sending keys: ['apt-get update && DEBIAN_FRONTEND=noninteractive apt-get install -y build-essential g++ make libcurl4-openssl-dev libssl-dev libxml2-dev\n'] min_timeout_sec: 10.0 max_timeout_sec: 180.0
Sending keys: ['Rscript -e "options(repos=c(CRAN=\'https://cloud.r-project.org\')); install.packages(c(\'Rcpp\',\'RcppEigen\',\'StanHeaders\',\'BH\',\'QuickJSR\',\'RcppParallel\',\' loo\',\'inline\',\'pkgbuild\',\'RcppArmadillo\'), dependencies=TRUE, Ncpus=max(1, parallel::detectCores()-1))"'] min_timeout_sec: 60.0 max_timeout_sec: 180.0
Trajectory dumped to jobs/p1-terminus-2-mcmc-sampling-stan-r1/mcmc-sampling-stan__QynBfTc/agent/trajectory.json
Sending keys: ['Rscript -e "options(repos=c(CRAN=\'https://cloud.r-project.org\')); options(timeout=600); install.packages(c(\'Rcpp\',\'RcppEigen\',\'StanHeaders\',\'BH\',\'RcppParallel\',\'loo\',\'inline\',\'pkgbuild\'), dependencies=TRUE, Ncpus=parallel::detectCores())"\n'] min_timeout_sec: 60.0 max_timeout_sec: 180.0
Sending keys: ['Rscript -e "options(timeout=600); install.packages(\'https://cran.r-project.org/src/contrib/Archive/rstan/rstan_2.32.7.tar.gz\', repos=NULL, type=\'source\', dependencies=FALSE, Ncpus=parallel::detectCores())"\n'] min_timeout_sec: 60.0 max_timeout_sec: 180.0
Sending keys: ['Rscript -e "cat(\'rstan=\', as.character(packageVersion(\'rstan\')), \'\\nStanHeaders=\', as.character(packageVersion(\'StanHeaders\')), \'\\n\')"\n'] min_timeout_sec: 2.0 max_timeout_sec: 180.0
Trajectory dumped to jobs/p1-terminus-2-mcmc-sampling-stan-r1/mcmc-sampling-stan__QynBfTc/agent/trajectory.json
Sending keys: [''] min_timeout_sec: 30.0 max_timeout_sec: 180.0
Trajectory dumped to jobs/p1-terminus-2-mcmc-sampling-stan-r1/mcmc-sampling-stan__QynBfTc/agent/trajectory.json
Sending keys: [''] min_timeout_sec: 30.0 max_timeout_sec: 180.0
Trajectory dumped to jobs/p1-terminus-2-mcmc-sampling-stan-r1/mcmc-sampling-stan__QynBfTc/agent/trajectory.json
Sending keys: [''] min_timeout_sec: 30.0 max_timeout_sec: 180.0
Trajectory dumped to jobs/p1-terminus-2-mcmc-sampling-stan-r1/mcmc-sampling-stan__QynBfTc/agent/trajectory.json
Sending keys: [''] min_timeout_sec: 30.0 max_timeout_sec: 180.0
Trajectory dumped to jobs/p1-terminus-2-mcmc-sampling-stan-r1/mcmc-sampling-stan__QynBfTc/agent/trajectory.json
Sending keys: [''] min_timeout_sec: 30.0 max_timeout_sec: 180.0
Trajectory dumped to jobs/p1-terminus-2-mcmc-sampling-stan-r1/mcmc-sampling-stan__QynBfTc/agent/trajectory.json
Sending keys: [''] min_timeout_sec: 30.0 max_timeout_sec: 180.0
Trajectory dumped to jobs/p1-terminus-2-mcmc-sampling-stan-r1/mcmc-sampling-stan__QynBfTc/agent/trajectory.json
Sending keys: [''] min_timeout_sec: 30.0 max_timeout_sec: 180.0
Trajectory dumped to jobs/p1-terminus-2-mcmc-sampling-stan-r1/mcmc-sampling-stan__QynBfTc/agent/trajectory.json
Sending keys: [''] min_timeout_sec: 30.0 max_timeout_sec: 180.0
Trajectory dumped to jobs/p1-terminus-2-mcmc-sampling-stan-r1/mcmc-sampling-stan__QynBfTc/agent/trajectory.json
Sending keys: [''] min_timeout_sec: 30.0 max_timeout_sec: 180.0
Trajectory dumped to jobs/p1-terminus-2-mcmc-sampling-stan-r1/mcmc-sampling-stan__QynBfTc/agent/trajectory.json
Sending keys: [''] min_timeout_sec: 30.0 max_timeout_sec: 180.0
Trajectory dumped to jobs/p1-terminus-2-mcmc-sampling-stan-r1/mcmc-sampling-stan__QynBfTc/agent/trajectory.json
Sending keys: [''] min_timeout_sec: 30.0 max_timeout_sec: 180.0
Trajectory dumped to jobs/p1-terminus-2-mcmc-sampling-stan-r1/mcmc-sampling-stan__QynBfTc/agent/trajectory.json
Sending keys: [''] min_timeout_sec: 30.0 max_timeout_sec: 180.0
Trajectory dumped to jobs/p1-terminus-2-mcmc-sampling-stan-r1/mcmc-sampling-stan__QynBfTc/agent/trajectory.json
Sending keys: [''] min_timeout_sec: 30.0 max_timeout_sec: 180.0
Trajectory dumped to jobs/p1-terminus-2-mcmc-sampling-stan-r1/mcmc-sampling-stan__QynBfTc/agent/trajectory.json
Trial mcmc-sampling-stan__QynBfTc cancelled
Collecting main service artifacts
