Skipping image OS validation for alexgshaw/financial-document-processor:20251031: docker inspect returned 1
Installing: tmux, asciinema
Detected system: {'os': 'debian-based', 'package_manager': 'apt-get', 'update_command': None}
Installing tools using apt-get: DEBIAN_FRONTEND=noninteractive apt-get update && DEBIAN_FRONTEND=noninteractive apt-get install -y tmux asciinema
Starting recording.
Sending keys: ['asciinema rec --stdin /logs/agent/recording.cast', 'Enter'] min_timeout_sec: 1.0 max_timeout_sec: 180.0
Sending keys: ['clear', 'Enter'] min_timeout_sec: 0.0 max_timeout_sec: 180.0
Sending keys: ["find /app/documents -maxdepth 1 -type f -printf '%f\\n' | sort; echo '--- tools ---'; command -v pdftotext || true; command -v tesseract || true; command -v file || true\n"] min_timeout_sec: 0.2 max_timeout_sec: 180.0
Sending keys: ["find /app/documents -maxdepth 1 -type f -printf '%f\\t%s bytes\\n' | sort\n"] min_timeout_sec: 0.2 max_timeout_sec: 180.0
Trajectory dumped to jobs/p1-terminus-2-financial-document-processor-r1/financial-document-processor__YXHBren/agent/trajectory.json
Sending keys: ["python3 - <<'PY'\nimport os,glob,importlib.util\nprint('FILES')\nfor p in sorted(glob.glob('/app/documents/*')): print(os.path.basename(p))\nprint('\\nMODULES')\nfor m in ['fitz','pypdf','PyPDF2','pdfplumber','PIL','cv2','pytesseract','easyocr','ocrmypdf']:\n print(m, bool(importlib.util.find_spec(m)))\nPY\n"] min_timeout_sec: 0.5 max_timeout_sec: 180.0
Sending keys: ["python3 - <<'PY'\nimport glob,os\nfor p in sorted(glob.glob('/app/documents/*.pdf')):\n print('\\n###',os.path.basename(p),'###')\n d=open(p,'rb').read()\n print(d[:5000].decode('latin1','ignore'))\nPY\n"] min_timeout_sec: 0.5 max_timeout_sec: 180.0
Trajectory dumped to jobs/p1-terminus-2-financial-document-processor-r1/financial-document-processor__YXHBren/agent/trajectory.json
Sending keys: ["python3 - <<'PY'\nimport glob,os,re,zlib,base64\nfor p in sorted(glob.glob('/app/documents/*.pdf')):\n print('\\n### '+os.path.basename(p)+' ###')\n d=open(p,'rb').read()\n for n,m in enumerate(re.finditer(rb'stream\\r?\\n(.*?)\\r?\\nendstream',d,re.S),1):\n  x=m.group(1)\n  try:\n   if b'/ASCII85Decode' in d[max(0,m.start()-200):m.start()]: x=base64.a85decode(x, adobe=True)\n   if b'/FlateDecode' in d[max(0,m.start()-200):m.start()]: x=zlib.decompress(x)\n  except Exception as e: print('stream',n,'decode error',e); continue\n  print('--- stream',n,'---')\n  print(x.decode('latin1','ignore'))\nPY\n"] min_timeout_sec: 1.0 max_timeout_sec: 180.0
Sending keys: ["echo '--- candidate OCR/PDF commands ---'; compgen -c | grep -Ei 'ocr|tess|pdf|convert|magick|img|jp2|pdft|mutool|gs|java' | sort -u | head -100; echo '--- jpg metadata ---'; file /app/documents/*.jpg 2>/dev/null || true\n"] min_timeout_sec: 0.5 max_timeout_sec: 180.0
Trajectory dumped to jobs/p1-terminus-2-financial-document-processor-r1/financial-document-processor__YXHBren/agent/trajectory.json
Sending keys: ['apt-get update -qq && apt-get install -y -qq tesseract-ocr poppler-utils imagemagick file\n'] min_timeout_sec: 10.0 max_timeout_sec: 180.0
Sending keys: ['command -v tesseract; command -v pdftotext; command -v identify; command -v file; file /app/documents/*\n'] min_timeout_sec: 1.0 max_timeout_sec: 180.0
Trajectory dumped to jobs/p1-terminus-2-financial-document-processor-r1/financial-document-processor__YXHBren/agent/trajectory.json
Sending keys: [''] min_timeout_sec: 5.0 max_timeout_sec: 180.0
Sending keys: ["echo '--- tools ---'; command -v tesseract || true; command -v pdftotext || true; command -v identify || true; command -v file || true; echo '--- files ---'; file /app/documents/* 2>/dev/null || true\n"] min_timeout_sec: 0.5 max_timeout_sec: 180.0
Sending keys: ['rm -rf /tmp/doc_extract && mkdir -p /tmp/doc_extract/pdf /tmp/doc_extract/jpg; for f in /app/documents/*.pdf; do b=$(basename "$f" .pdf); pdftotext -layout "$f" "/tmp/doc_extract/pdf/$b.txt" 2>/dev/null || true; done; for f in /app/documents/*.jpg; do b=$(basename "$f" .jpg); tesseract "$f" "/tmp/doc_extract/jpg/$b" 2>/dev/null || true; done; echo \'--- extracted text ---\'; for f in /tmp/doc_extract/pdf/*.txt /tmp/doc_extract/jpg/*.txt; do echo "### $(basename "$f") ###"; cat "$f"; done\n'] min_timeout_sec: 15.0 max_timeout_sec: 180.0
Trajectory dumped to jobs/p1-terminus-2-financial-document-processor-r1/financial-document-processor__YXHBren/agent/trajectory.json
Sending keys: ['printf \'\\nREADY\\n\'; command -v tesseract || true; command -v pdftotext || true; command -v file || true; printf \'DOCS=%s\\n\' "$(find /app/documents -maxdepth 1 -type f | wc -l)"\n'] min_timeout_sec: 1.0 max_timeout_sec: 180.0
Sending keys: ['mkdir -p /tmp/doc_extract/pdf /tmp/doc_extract/jpg; for f in /app/documents/*.pdf; do b=$(basename "$f" .pdf); echo "PDF $b"; pdftotext -layout "$f" "/tmp/doc_extract/pdf/$b.txt" 2>&1 || echo FAIL; done; echo PDF_DONE\n'] min_timeout_sec: 3.0 max_timeout_sec: 180.0
Sending keys: ['for f in /app/documents/*.jpg; do b=$(basename "$f" .jpg); echo "JPG $b"; tesseract "$f" "/tmp/doc_extract/jpg/$b" 2>&1 || echo FAIL; done; echo JPG_DONE\n'] min_timeout_sec: 15.0 max_timeout_sec: 180.0
Sending keys: ['for f in /tmp/doc_extract/pdf/*.txt /tmp/doc_extract/jpg/*.txt; do [ -f "$f" ] || continue; echo "### $(basename "$f") ###"; cat "$f"; done\n'] min_timeout_sec: 1.0 max_timeout_sec: 180.0
Trajectory dumped to jobs/p1-terminus-2-financial-document-processor-r1/financial-document-processor__YXHBren/agent/trajectory.json
Parser warnings: - Command 1 should end with newline when followed by another command. Otherwise the two commands will be concatenated together on the same line.
Sending keys: ['C-c'] min_timeout_sec: 0.5 max_timeout_sec: 180.0
Sending keys: ["echo SHELL_OK; pwd; command -v tesseract || true; command -v pdftotext || true; find /app/documents -maxdepth 1 -type f -printf '%f\\n' | sort\n"] min_timeout_sec: 1.0 max_timeout_sec: 180.0
Trajectory dumped to jobs/p1-terminus-2-financial-document-processor-r1/financial-document-processor__YXHBren/agent/trajectory.json
Sending keys: ['apt-get update && apt-get install -y tesseract-ocr poppler-utils imagemagick file; echo APT_DONE\n'] min_timeout_sec: 20.0 max_timeout_sec: 180.0
Sending keys: ["echo TOOLS; command -v tesseract || true; command -v pdftotext || true; command -v identify || true; command -v file || true; echo PYTHON; python3 - <<'PY'\nimport importlib.util\nfor x in ('PIL','cv2','pytesseract','fitz','PyPDF2'):\n print(x, bool(importlib.util.find_spec(x)))\nPY\n"] min_timeout_sec: 1.0 max_timeout_sec: 180.0
Trajectory dumped to jobs/p1-terminus-2-financial-document-processor-r1/financial-document-processor__YXHBren/agent/trajectory.json
Sending keys: [''] min_timeout_sec: 15.0 max_timeout_sec: 180.0
Sending keys: ['echo INSTALL_CHECK; command -v tesseract || true; command -v pdftotext || true; command -v identify || true; command -v file || true\n'] min_timeout_sec: 1.0 max_timeout_sec: 180.0
Trajectory dumped to jobs/p1-terminus-2-financial-document-processor-r1/financial-document-processor__YXHBren/agent/trajectory.json
Sending keys: [''] min_timeout_sec: 20.0 max_timeout_sec: 180.0
Trajectory dumped to jobs/p1-terminus-2-financial-document-processor-r1/financial-document-processor__YXHBren/agent/trajectory.json
Sending keys: ['echo \'--- tools ---\'; command -v tesseract; command -v pdftotext; command -v identify; command -v file; rm -rf /tmp/doc_extract; mkdir -p /tmp/doc_extract/pdf /tmp/doc_extract/jpg; for f in /app/documents/*.pdf; do b=$(basename "$f" .pdf); echo "PDF $b"; pdftotext -layout "$f" "/tmp/doc_extract/pdf/$b.txt" 2>/dev/null || true; done; for f in /app/documents/*.jpg; do b=$(basename "$f" .jpg); echo "JPG $b"; tesseract "$f" "/tmp/doc_extract/jpg/$b" 2>/dev/null || true; done; echo EXTRACT_DONE\n'] min_timeout_sec: 20.0 max_timeout_sec: 180.0
Sending keys: ['for f in /tmp/doc_extract/pdf/*.txt /tmp/doc_extract/jpg/*.txt; do echo "### $(basename "$f") ###"; cat "$f"; done\n'] min_timeout_sec: 3.0 max_timeout_sec: 180.0
Trajectory dumped to jobs/p1-terminus-2-financial-document-processor-r1/financial-document-processor__YXHBren/agent/trajectory.json
Sending keys: [''] min_timeout_sec: 20.0 max_timeout_sec: 180.0
Sending keys: [''] min_timeout_sec: 20.0 max_timeout_sec: 180.0
Trajectory dumped to jobs/p1-terminus-2-financial-document-processor-r1/financial-document-processor__YXHBren/agent/trajectory.json
Sending keys: ['for f in /tmp/doc_extract/pdf/*.txt /tmp/doc_extract/jpg/*.txt; do echo "### $(basename "$f") ###"; grep -Ein -C2 \'invoice|total|amount|due|vat|tax|gst|gross|net worth|receipt|statement|order\' "$f" || echo \'[no matching terms]\'; done\n'] min_timeout_sec: 2.0 max_timeout_sec: 180.0
Sending keys: ["echo '--- extracted files ---'; find /tmp/doc_extract -type f -printf '%P %s bytes\\n' | sort\n"] min_timeout_sec: 0.5 max_timeout_sec: 180.0
Trajectory dumped to jobs/p1-terminus-2-financial-document-processor-r1/financial-document-processor__YXHBren/agent/trajectory.json
Sending keys: ["python3 - <<'PY'\nimport glob,os,re\npat=re.compile(r'invoice|receipt|statement|total|amount|due|vat|tax|gst|gross|net worth|subtotal|balance',re.I)\nfor f in sorted(glob.glob('/tmp/doc_extract/pdf/*.txt')+glob.glob('/tmp/doc_extract/jpg/*.txt')):\n lines=open(f,errors='ignore').read().splitlines()\n print('\\n###',os.path.basename(f),'###')\n print(' | '.join(x.strip() for x in lines if x.strip() and pat.search(x))[:2500] or '[no keywords]')\nPY\n"] min_timeout_sec: 1.0 max_timeout_sec: 180.0
Trajectory dumped to jobs/p1-terminus-2-financial-document-processor-r1/financial-document-processor__YXHBren/agent/trajectory.json
Sending keys: ['for f in 2lgKzDuI4E4g JOiylq2_7S18 KrJiw0OZx7jf ivE2mt3HwvEO lxtL9XrYRsVG vvK89XK847m3 w0i40MJP2Dzm; do echo "### $f ###"; cat "/tmp/doc_extract/jpg/$f.txt"; done\n'] min_timeout_sec: 1.0 max_timeout_sec: 180.0
Sending keys: ['for f in GFAlpKoFg81H dvkRkFVFhHga dx0AWchV01ZJ; do echo "### $f ###"; cat "/tmp/doc_extract/pdf/$f.txt"; done\n'] min_timeout_sec: 1.0 max_timeout_sec: 180.0
Trajectory dumped to jobs/p1-terminus-2-financial-document-processor-r1/financial-document-processor__YXHBren/agent/trajectory.json
Sending keys: ["python3 - <<'PY'\nimport os,re\nnames=['2lgKzDuI4E4g','JOiylq2_7S18','KrJiw0OZx7jf','ivE2mt3HwvEO','lxtL9XrYRsVG','vvK89XK847m3','w0i40MJP2Dzm']\npat=re.compile(r'vat|gross|net|total|amount|due|tax|\\$|€|£|%|\\d[\\d ,.]*')\nfor n in names:\n print('\\n###',n,'###')\n for i,line in enumerate(open('/tmp/doc_extract/jpg/'+n+'.txt',errors='ignore'),1):\n  s=line.strip()\n  if s and pat.search(s): print(f'{i}: {s}')\nPY\n"] min_timeout_sec: 1.0 max_timeout_sec: 180.0
Sending keys: ['for f in GFAlpKoFg81H dvkRkFVFhHga; do echo "### $f ###"; nl -ba "/tmp/doc_extract/pdf/$f.txt"; done\n'] min_timeout_sec: 1.0 max_timeout_sec: 180.0
Trajectory dumped to jobs/p1-terminus-2-financial-document-processor-r1/financial-document-processor__YXHBren/agent/trajectory.json
Sending keys: ['for f in 2lgKzDuI4E4g JOiylq2_7S18 KrJiw0OZx7jf ivE2mt3HwvEO lxtL9XrYRsVG vvK89XK847m3 w0i40MJP2Dzm; do echo "### $f ###"; sed -n \'1,140p\' "/tmp/doc_extract/jpg/$f.txt"; done\n'] min_timeout_sec: 1.0 max_timeout_sec: 180.0
Trajectory dumped to jobs/p1-terminus-2-financial-document-processor-r1/financial-document-processor__YXHBren/agent/trajectory.json
Sending keys: ["python3 - <<'PY'\nimport re,os\nnames=['2lgKzDuI4E4g','JOiylq2_7S18','KrJiw0OZx7jf','ivE2mt3HwvEO','lxtL9XrYRsVG','vvK89XK847m3','w0i40MJP2Dzm']\nnum=r'(?:\\$\\s*)?(\\d[\\d ,]*[,.]\\d{2}|\\d[\\d ,]*)(?:\\s*\\$)?'\nfor n in names:\n s=open('/tmp/doc_extract/jpg/'+n+'.txt',errors='ignore').read()\n lines=[x.strip() for x in s.splitlines()]\n print('\\n###',n,'###')\n for i,x in enumerate(lines):\n  if re.search(r'VAT|Gross worth|Total:|Total$|Amount due|Net worth',x,re.I):\n   print(' | '.join(y for y in lines[max(0,i-1):min(len(lines),i+3)] if y))\nPY\n"] min_timeout_sec: 1.0 max_timeout_sec: 180.0
Trajectory dumped to jobs/p1-terminus-2-financial-document-processor-r1/financial-document-processor__YXHBren/agent/trajectory.json
Sending keys: ["python3 - <<'PY'\nfrom decimal import Decimal\nimport csv, os, shutil\nbase='/app'; src=base+'/documents'; invdir=base+'/invoices'; otherdir=base+'/other'\nos.makedirs(invdir,exist_ok=True); os.makedirs(otherdir,exist_ok=True)\nrows=[\n ('2lgKzDuI4E4g.jpg','6558','0'),\n ('JOiylq2_7S18.jpg','6860.45','623.68'),\n ('KrJiw0OZx7jf.jpg','9963','0'),\n ('ivE2mt3HwvEO.jpg','819.06','74.46'),\n ('lxtL9XrYRsVG.jpg','797.91','72.54'),\n ('vvK89XK847m3.jpg','6204.19','564.02'),\n ('w0i40MJP2Dzm.jpg','44745.59','4067.78'),\n ('T0r6Ou8zvqTA.pdf','4031','0'),\n ('UsN9tVTKskms.pdf','896','0'),\n ('wIQEB5nR79b2.pdf','440','0'),\n]\nothers=['6NVuAIhTV4KB.jpg','F0oZMhSUm2dO.jpg','QOoA_j33PD_E.jpg','WqWMArQQlSMv.jpg','GFAlpKoFg81H.pdf','dvkRkFVFhHga.pdf','dx0AWchV01ZJ.pdf']\ntotal=Decimal('0'); vat=Decimal('0')\nwith open(invdir+'/summary.csv','w',newline='') as f:\n w=csv.writer(f); w.writerow(['filename','total_amount','vat_amount'])\n for fn,t,v in rows:\n  w.writerow([fn,t,v]); total+=Decimal(t); vat+=Decimal(v)\n w.writerow(['total',str(total),str(vat)])\nfor fn,_,_ in rows: shutil.move(src+'/'+fn, invdir+'/'+fn)\nfor fn in others: shutil.move(src+'/'+fn, otherdir+'/'+fn)\nprint('TOTAL',total,'VAT',vat)\nPY\n"] min_timeout_sec: 1.0 max_timeout_sec: 180.0
Sending keys: ["echo '--- summary.csv ---'; cat /app/invoices/summary.csv; echo '--- source remaining ---'; find /app/documents -mindepth 1 -maxdepth 1 -type f -printf '%f\\n' | sort; echo '--- invoices ---'; find /app/invoices -maxdepth 1 -type f -printf '%f\\n' | sort; echo '--- other ---'; find /app/other -maxdepth 1 -type f -printf '%f\\n' | sort\n"] min_timeout_sec: 1.0 max_timeout_sec: 180.0
Trajectory dumped to jobs/p1-terminus-2-financial-document-processor-r1/financial-document-processor__YXHBren/agent/trajectory.json
Trajectory dumped to jobs/p1-terminus-2-financial-document-processor-r1/financial-document-processor__YXHBren/agent/trajectory.json
Trajectory dumped to jobs/p1-terminus-2-financial-document-processor-r1/financial-document-processor__YXHBren/agent/trajectory.json
Trajectory dumped to jobs/p1-terminus-2-financial-document-processor-r1/financial-document-processor__YXHBren/agent/trajectory.json
Collecting main service artifacts
