Skipping image OS validation for alexgshaw/chess-best-move:20251031: docker inspect returned 1
Installing: tmux, asciinema
Detected system: {'os': 'debian-based', 'package_manager': 'apt-get', 'update_command': None}
Installing tools using apt-get: DEBIAN_FRONTEND=noninteractive apt-get update && DEBIAN_FRONTEND=noninteractive apt-get install -y tmux asciinema
Starting recording.
Sending keys: ['asciinema rec --stdin /logs/agent/recording.cast', 'Enter'] min_timeout_sec: 1.0 max_timeout_sec: 180.0
Sending keys: ['clear', 'Enter'] min_timeout_sec: 0.0 max_timeout_sec: 180.0
Sending keys: ['pwd; ls -l; file chess_board.png\n'] min_timeout_sec: 0.1 max_timeout_sec: 180.0
Sending keys: ["python3 - <<'PY'\nfrom PIL import Image\nim=Image.open('chess_board.png')\nprint(im.size, im.mode)\nPY\n"] min_timeout_sec: 0.5 max_timeout_sec: 180.0
Trajectory dumped to jobs/p1-terminus-2-chess-best-move-r1/chess-best-move__d9WXZ2p/agent/trajectory.json
Sending keys: [''] min_timeout_sec: 2.0 max_timeout_sec: 180.0
Trajectory dumped to jobs/p1-terminus-2-chess-best-move-r1/chess-best-move__d9WXZ2p/agent/trajectory.json
Sending keys: ["python3 - <<'PY'\nfrom PIL import Image\nimport numpy as np\nim=np.array(Image.open('chess_board.png').convert('RGB'))\nS=80\n# Print mean and standard deviation for each square, excluding a small border\nfor r in range(8):\n    row=[]\n    for c in range(8):\n        a=im[r*S+8:(r+1)*S-8,c*S+8:(c+1)*S-8].astype(float)\n        row.append('%3d/%3d'%(a.mean(),a.std()))\n    print(' '.join(row))\nprint('\\nASCII squares (16x16; darker-than-local-background pixels shown)')\nfor r in range(8):\n  for c in range(8):\n    a=im[r*S:(r+1)*S,c*S:(c+1)*S].mean(2)\n    # normalize each square; piece pixels tend to be outliers from smooth board color\n    small=np.array(Image.fromarray(a.astype('uint8')).resize((16,16)))\n    bg=np.median(small)\n    # print darkness relative to median, preserving board pattern\n    chars=' .:-=+*#%@'\n    x=np.clip((bg-small)/max(8,np.std(small))*1.8+2,0,9).astype(int)\n    print(f'[{chr(97+c)}{8-r}]')\n    for line in x: print(''.join(chars[v] for v in line))\nPY\n"] min_timeout_sec: 2.0 max_timeout_sec: 180.0
Trajectory dumped to jobs/p1-terminus-2-chess-best-move-r1/chess-best-move__d9WXZ2p/agent/trajectory.json
Sending keys: ["python3 - <<'PY'\nfrom PIL import Image\nimport math\nim=Image.open('chess_board.png').convert('RGB')\nS=80\nfor r in range(8):\n    out=[]\n    for c in range(8):\n        vals=[]\n        for y in range(r*S+8,(r+1)*S-8):\n            for x in range(c*S+8,(c+1)*S-8):\n                q=im.getpixel((x,y)); vals.append(sum(q)/3)\n        m=sum(vals)/len(vals); sd=math.sqrt(sum((v-m)**2 for v in vals)/len(vals))\n        out.append('%3d/%3d'%(m,sd))\n    print(' '.join(out))\nprint('\\nASCII: each square, dark pixels relative to square median')\nchars=' .:-=+*#%@'\nfor r in range(8):\n  for c in range(8):\n    vals=[]\n    for yy in range(16):\n      row=[]\n      for xx in range(16):\n        x=c*S+xx*5+2; y=r*S+yy*5+2\n        q=im.getpixel((x,y)); row.append(sum(q)/3)\n      vals.append(row)\n    flat=[v for row in vals for v in row]; med=sorted(flat)[len(flat)//2]\n    sd=math.sqrt(sum((v-med)**2 for v in flat)/len(flat)) or 1\n    print(f'[{chr(97+c)}{8-r}]')\n    for row in vals:\n      print(''.join(chars[max(0,min(9,int((med-v)/max(10,sd)*2+2)))] for v in row))\nPY\n"] min_timeout_sec: 2.0 max_timeout_sec: 180.0
Trajectory dumped to jobs/p1-terminus-2-chess-best-move-r1/chess-best-move__d9WXZ2p/agent/trajectory.json
Sending keys: ["python3 - <<'PY'\nfrom PIL import Image\nimport math\nim=Image.open('chess_board.png').convert('RGB'); S=80\nfor r in range(8):\n  for c in range(8):\n    pix=[im.getpixel((x,y)) for y in range(r*S+6,(r+1)*S-6) for x in range(c*S+6,(c+1)*S-6)]\n    gs=[sum(p)/3 for p in pix]; m=sum(gs)/len(gs); sd=math.sqrt(sum((v-m)**2 for v in gs)/len(gs))\n    mr=sum(p[0] for p in pix)/len(pix); mg=sum(p[1] for p in pix)/len(pix); mb=sum(p[2] for p in pix)/len(pix)\n    # only print squares with substantial variation beyond board texture\n    if sd>8:\n      print(f'{chr(97+c)}{8-r}: mean={m:.1f} rgb=({mr:.0f},{mg:.0f},{mb:.0f}) sd={sd:.1f} min={min(gs):.0f} max={max(gs):.0f}')\nPY\n"] min_timeout_sec: 1.0 max_timeout_sec: 180.0
Trajectory dumped to jobs/p1-terminus-2-chess-best-move-r1/chess-best-move__d9WXZ2p/agent/trajectory.json
Sending keys: ["python3 - <<'PY'\nfrom PIL import Image\nim=Image.open('chess_board.png').convert('RGB'); S=80\ncand=[]\nfor r in range(8):\n for c in range(8):\n  p=[im.getpixel((x,y)) for y in range(r*S,(r+1)*S) for x in range(c*S,(c+1)*S)]\n  if any(sum(q)/3<30 for q in p) or any(sum(q)/3>245 for q in p): cand.append((r,c))\nfor r,c in cand:\n name=chr(97+c)+str(8-r); print('\\n###',name)\n # sample 20x20 blocks, mark black and white extreme pixels\n for typ in ('black','white'):\n  print(typ)\n  for yy in range(20):\n   line=''\n   for xx in range(20):\n    hit=False\n    for dy in range(4):\n     for dx in range(4):\n      q=im.getpixel((c*S+xx*4+dx,r*S+yy*4+dy)); v=sum(q)/3\n      if (typ=='black' and v<30) or (typ=='white' and v>245): hit=True\n    line += '#' if hit else ' '\n   print(line.rstrip())\nPY\n"] min_timeout_sec: 2.0 max_timeout_sec: 180.0
Trajectory dumped to jobs/p1-terminus-2-chess-best-move-r1/chess-best-move__d9WXZ2p/agent/trajectory.json
Sending keys: ["python3 - <<'PY'\nfrom PIL import Image\nim=Image.open('chess_board.png').convert('RGB'); S=80\nfor r in range(8):\n for c in range(8):\n  vals=[]\n  for y in range(r*S,(r+1)*S):\n   for x in range(c*S,(c+1)*S):\n    q=im.getpixel((x,y)); v=sum(q)/3\n    if v<30 or v>245: vals.append((x-c*S,y-r*S,v))\n  if not vals: continue\n  # select dominant extreme: black or white\n  nb=sum(v<30 for x,y,v in vals); nw=len(vals)-nb; typ='B' if nb>=nw else 'W'; test=(lambda v:v<30) if typ=='B' else (lambda v:v>245)\n  pts=[(x,y) for x,y,v in vals if test(v)]\n  bx=(min(x for x,y in pts),max(x for x,y in pts),min(y for x,y in pts),max(y for x,y in pts))\n  mask=[]\n  for yy in range(10):\n   s=''\n   for xx in range(10):\n    hit=False\n    for y in range(yy*8,(yy+1)*8):\n     for x in range(xx*8,(xx+1)*8):\n      q=im.getpixel((c*S+x,r*S+y)); v=sum(q)/3\n      if test(v): hit=True\n    s += '#' if hit else '.'\n   mask.append(s)\n  print(chr(97+c)+str(8-r),typ,'n='+str(len(pts)),'box='+str(bx),' '.join(mask))\nPY\n"] min_timeout_sec: 2.0 max_timeout_sec: 180.0
Trajectory dumped to jobs/p1-terminus-2-chess-best-move-r1/chess-best-move__d9WXZ2p/agent/trajectory.json
Sending keys: ["python3 - <<'PY'\nfrom PIL import Image\nim=Image.open('chess_board.png').convert('RGB'); S=80\nsq=['a8','c8','d8','f8','b7','f7','g7','a6','c6','e6','d5','e5','f5','g5','h5','a3','c3','b2','e2','f2','g2','a1','c1','e1','h1']\nfor name in sq:\n c=ord(name[0])-97; r=8-int(name[1]); pts=[]\n for y in range(r*S,(r+1)*S):\n  for x in range(c*S,(c+1)*S):\n   v=sum(im.getpixel((x,y)))/3\n   if v<30 or v>245: pts.append(v)\n typ='black' if sum(v<30 for v in pts)>=sum(v>245 for v in pts) else 'white'\n print(name,typ)\n for yy in range(12):\n  line=''\n  for xx in range(16):\n   hit=False\n   for y in range(r*S+yy*6,(r*S+(yy+1)*6)):\n    for x in range(c*S+xx*5,(c*S+(xx+1)*5)):\n     v=sum(im.getpixel((x,y)))/3\n     if (typ=='black' and v<30) or (typ=='white' and v>245): hit=True\n   line += '#' if hit else ' '\n  print(line.rstrip())\nPY\n"] min_timeout_sec: 2.0 max_timeout_sec: 180.0
Sending keys: ["command -v stockfish || command -v fairy-stockfish || ls /usr/games 2>/dev/null || true; python3 - <<'PY'\ntry:\n import chess\n print('python-chess available')\nexcept Exception as e: print('no python-chess')\nPY\n"] min_timeout_sec: 0.5 max_timeout_sec: 180.0
Trajectory dumped to jobs/p1-terminus-2-chess-best-move-r1/chess-best-move__d9WXZ2p/agent/trajectory.json
Sending keys: ["python3 - <<'PY'\nfrom PIL import Image\nim=Image.open('chess_board.png').convert('RGB'); S=80\nfor name in ['e8','d8','c6','d5','f5','g5','e2','c3','c1']:\n c=ord(name[0])-97; r=8-int(name[1]); vals=[]\n for y in range(r*S,(r+1)*S):\n  for x in range(c*S,(c+1)*S):\n   vals.append(sum(im.getpixel((x,y)))/3)\n typ='black' if sum(v<30 for v in vals)>=sum(v>245 for v in vals) else 'white'\n print('\\n'+name+' '+typ)\n for yy in range(20):\n  line=''\n  for xx in range(20):\n   hit=False\n   for y in range(r*S+yy*4,(r*S+(yy+1)*4)):\n    for x in range(c*S+xx*4,(c*S+(xx+1)*4)):\n     v=sum(im.getpixel((x,y)))/3\n     if (typ=='black' and v<30) or (typ=='white' and v>245): hit=True\n   line += '#' if hit else ' '\n  print(line.rstrip())\nPY\n"] min_timeout_sec: 2.0 max_timeout_sec: 180.0
Trajectory dumped to jobs/p1-terminus-2-chess-best-move-r1/chess-best-move__d9WXZ2p/agent/trajectory.json
Sending keys: ['apt-cache policy stockfish 2>/dev/null || true; apt-get update -qq && apt-get install -y -qq stockfish'] min_timeout_sec: 10.0 max_timeout_sec: 180.0
Trajectory dumped to jobs/p1-terminus-2-chess-best-move-r1/chess-best-move__d9WXZ2p/agent/trajectory.json
Sending keys: [''] min_timeout_sec: 10.0 max_timeout_sec: 180.0
Trajectory dumped to jobs/p1-terminus-2-chess-best-move-r1/chess-best-move__d9WXZ2p/agent/trajectory.json
Parser warnings: - Command 1 should end with newline when followed by another command. Otherwise the two commands will be concatenated together on the same line.
Sending keys: ['C-c'] min_timeout_sec: 0.2 max_timeout_sec: 180.0
Sending keys: ["command -v stockfish || find / -type f -iname '*stockfish*' 2>/dev/null | head; ps aux | grep -E 'apt|dpkg' | grep -v grep || true\n"] min_timeout_sec: 1.0 max_timeout_sec: 180.0
Trajectory dumped to jobs/p1-terminus-2-chess-best-move-r1/chess-best-move__d9WXZ2p/agent/trajectory.json
Sending keys: ["python3 - <<'PY'\nfrom PIL import Image\nim=Image.open('chess_board.png').convert('RGB'); S=80\nfor name in ['c6','d5','f5','g5','e2','c3','c1']:\n c=ord(name[0])-97; r=8-int(name[1]); vals=[]\n for y in range(r*S,(r+1)*S):\n  for x in range(c*S,(c+1)*S): vals.append(sum(im.getpixel((x,y)))/3)\n black=sum(v<30 for v in vals)>=sum(v>245 for v in vals); mark=(lambda v:v<30) if black else (lambda v:v>245)\n print(name, 'B' if black else 'W')\n for yy in range(16):\n  line=''\n  for xx in range(16):\n   hit=False\n   for y in range(r*S+yy*5,(r*S+(yy+1)*5)):\n    for x in range(c*S+xx*5,(c*S+(xx+1)*5)):\n     if mark(sum(im.getpixel((x,y)))/3): hit=True\n   line+='#' if hit else ' '\n  print(line.rstrip())\nPY\n"] min_timeout_sec: 2.0 max_timeout_sec: 180.0
Trajectory dumped to jobs/p1-terminus-2-chess-best-move-r1/chess-best-move__d9WXZ2p/agent/trajectory.json
Sending keys: ["python3 - <<'PY'\nfrom PIL import Image\nim=Image.open('chess_board.png').convert('RGB'); name='c6'; S=80\nc=ord(name[0])-97; r=8-int(name[1]); vals=[sum(im.getpixel((x,y)))/3 for y in range(r*S,(r+1)*S) for x in range(c*S,(c+1)*S)]\nblack=sum(v<30 for v in vals)>=sum(v>245 for v in vals); test=(lambda v:v<30) if black else (lambda v:v>245)\nprint(name,'black' if black else 'white')\nfor yy in range(16):\n line=''\n for xx in range(16):\n  hit=any(test(sum(im.getpixel((x,y)))/3) for y in range(r*S+yy*5,r*S+(yy+1)*5) for x in range(c*S+xx*5,c*S+(xx+1)*5))\n  line += '#' if hit else '.'\n print(line)\nPY\n"] min_timeout_sec: 1.0 max_timeout_sec: 180.0
Trajectory dumped to jobs/p1-terminus-2-chess-best-move-r1/chess-best-move__d9WXZ2p/agent/trajectory.json
Sending keys: ["python3 - <<'PY'\nfrom PIL import Image\nim=Image.open('chess_board.png').convert('RGB'); name='d5'; S=80\nc=3; r=3; vals=[sum(im.getpixel((x,y)))/3 for y in range(r*S,(r+1)*S) for x in range(c*S,(c+1)*S)]\ntest=(lambda v:v<30) if sum(v<30 for v in vals)>=sum(v>245 for v in vals) else (lambda v:v>245)\nprint(name)\nfor yy in range(16):\n print(''.join('#' if any(test(sum(im.getpixel((x,y)))/3) for y in range(r*S+yy*5,r*S+(yy+1)*5) for x in range(c*S+xx*5,c*S+(xx+1)*5)) else '.' for xx in range(16)))\nPY\n"] min_timeout_sec: 0.5 max_timeout_sec: 180.0
Sending keys: ["python3 - <<'PY'\nfrom PIL import Image\nim=Image.open('chess_board.png').convert('RGB'); name='f5'; S=80\nc=5; r=3; vals=[sum(im.getpixel((x,y)))/3 for y in range(r*S,(r+1)*S) for x in range(c*S,(c+1)*S)]\ntest=(lambda v:v<30) if sum(v<30 for v in vals)>=sum(v>245 for v in vals) else (lambda v:v>245)\nprint(name)\nfor yy in range(16):\n print(''.join('#' if any(test(sum(im.getpixel((x,y)))/3) for y in range(r*S+yy*5,r*S+(yy+1)*5) for x in range(c*S+xx*5,c*S+(xx+1)*5)) else '.' for xx in range(16)))\nPY\n"] min_timeout_sec: 0.5 max_timeout_sec: 180.0
Sending keys: ["python3 - <<'PY'\nfrom PIL import Image\nim=Image.open('chess_board.png').convert('RGB'); name='g5'; S=80\nc=6; r=3; vals=[sum(im.getpixel((x,y)))/3 for y in range(r*S,(r+1)*S) for x in range(c*S,(c+1)*S)]\ntest=(lambda v:v<30) if sum(v<30 for v in vals)>=sum(v>245 for v in vals) else (lambda v:v>245)\nprint(name)\nfor yy in range(16):\n print(''.join('#' if any(test(sum(im.getpixel((x,y)))/3) for y in range(r*S+yy*5,r*S+(yy+1)*5) for x in range(c*S+xx*5,c*S+(xx+1)*5)) else '.' for xx in range(16)))\nPY\n"] min_timeout_sec: 0.5 max_timeout_sec: 180.0
Trajectory dumped to jobs/p1-terminus-2-chess-best-move-r1/chess-best-move__d9WXZ2p/agent/trajectory.json
Sending keys: ["cat > /tmp/search.py <<'PY'\n# compact legal chess search for the reconstructed position\nB={}\ndef put(s):\n for y,row in enumerate(s.split('/')):\n  x=0\n  for z in row:\n   if z.isdigit(): x+=int(z)\n   else: B[(x,7-y)]=z;x+=1\nput('r1bk1r2/1p3pp1/p1p1p3/3pPppP/8/P1B5/1P2QPP1/R1N1K2R')\nV={'P':100,'N':320,'B':330,'R':500,'Q':900,'K':0}\nD=[(1,0),(-1,0),(0,1),(0,-1),(1,1),(1,-1),(-1,1),(-1,-1)]\nN=[(1,2),(2,1),(-1,2),(-2,1),(1,-2),(2,-1),(-1,-2),(-2,-1)]\ndef attacked(b,sq,by):\n x,y=sq\n for p,(a,c) in b.items():\n  if p.isupper()!=by: continue\n  q=p.upper(); dx=x-a;dy=y-c\n  if q=='P' and dy==(1 if by else -1) and abs(dx)==1:return True\n  if q=='N' and (dx,dy) in N:return True\n  if q=='K' and max(abs(dx),abs(dy))==1:return True\n  if q in 'BRQ':\n   dirs=(D if q=='Q' else D[:4] if q=='R' else D[4:])\n   for ux,uy in dirs:\n    if dx*uy==dy*ux and (dx==0 or ux==0 or dx//ux>=0) and (dy==0 or uy==0 or dy//uy>=0):\n     # unit direction check\n     if ux and dx%ux or uy and dy%uy: continue\n     n=max(abs(dx),abs(dy)); ok=True\n     for k in range(1,n):\n      if (a+ux*k,c+uy*k) in b: ok=False\n     if ok:return True\n return False\ndef check(b,white):\n k=next((q for q,p in b.items() if p==('K' if white else 'k')),None)\n return k is None or attacked(b,k,not white)\ndef pseudo(b,white):\n for s,p in list(b.items()):\n  if p.isupper()!=white:continue\n  q=p.upper();x,y=s\n  if q=='P':\n   dy=1 if white else -1; t=(x,y+dy)\n   if 0<=t[1]<8 and t not in b:\n    yield s,t\n    if y==(1 if white else 6) and (x,y+2*dy) not in b:yield s,(x,y+2*dy)\n   for dx in (-1,1):\n    t=(x+dx,y+dy)\n    if t in b and b[t].isupper()!=white:yield s,t\n  elif q=='N':\n   for dx,dy in N:\n    t=(x+dx,y+dy)\n    if 0<=t[0]<8 and 0<=t[1]<8 and (t not in b or b[t].isupper()!=white):yield s,t\n  elif q=='K':\n   for dx,dy in D:\n    t=(x+dx,y+dy)\n    if 0<=t[0]<8 and 0<=t[1]<8 and (t not in b or b[t].isupper()!=white):yield s,t\n  else:\n   dirs=D if q=='Q' else D[:4] if q=='R' else D[4:]\n   for dx,dy in dirs:\n    for n in range(1,8):\n     t=(x+dx*n,y+dy*n)\n     if not(0<=t[0]<8 and 0<=t[1]<8):break\n     if t not in b:yield s,t\n     elif b[t].isupper()!=white:yield s,t;break\n     else:break\ndef moves(b,w):\n for s,t in pseudo(b,w):\n  z=b.copy();p=z.pop(s);z[t]=p\n  if p.upper()=='P' and t[1] in (0,7):z[t]='Q' if w else 'q'\n  if not check(z,w):yield s,t,z\ndef val(b):return sum((V[p.upper()] if p.isupper() else -V[p.upper()]) for p in b.values())\ndef alph(b,w,d,a=-10**9,bb=10**9):\n ms=list(moves(b,w))\n if not ms:return (-999999 if check(b,w) and w else 999999 if check(b,w) else 0)\n if d==0:return val(b)\n if w:\n  v=-10**9\n  for s,t,z in ms:v=max(v,alph(z,False,d-1,a,bb));a=max(a,v); \n  return v\n v=10**9\n for s,t,z in ms:v=min(v,alph(z,True,d-1,a,bb));bb=min(bb,v)\n return v\nroot=[]\nfor s,t,z in moves(B,True):root.append((alph(z,False,3),s,t))\nfor v,s,t in sorted(root,reverse=True)[:15]:print(v,chr(s[0]+97)+str(s[1]+1)+chr(t[0]+97)+str(t[1]+1))\nPY\npython3 /tmp/search.py\n"] min_timeout_sec: 2.0 max_timeout_sec: 180.0
Trajectory dumped to jobs/p1-terminus-2-chess-best-move-r1/chess-best-move__d9WXZ2p/agent/trajectory.json
Sending keys: ['sed -i "s/for p,(a,c) in b.items():/for (a,c),p in b.items():/" /tmp/search.py\npython3 /tmp/search.py\n'] min_timeout_sec: 2.0 max_timeout_sec: 180.0
Trajectory dumped to jobs/p1-terminus-2-chess-best-move-r1/chess-best-move__d9WXZ2p/agent/trajectory.json
Sending keys: [''] min_timeout_sec: 5.0 max_timeout_sec: 180.0
Trajectory dumped to jobs/p1-terminus-2-chess-best-move-r1/chess-best-move__d9WXZ2p/agent/trajectory.json
Sending keys: ['C-c\n'] min_timeout_sec: 0.2 max_timeout_sec: 180.0
Sending keys: ["sed -i 's/alph(z,False,3)/alph(z,False,1)/' /tmp/search.py\npython3 /tmp/search.py\n"] min_timeout_sec: 2.0 max_timeout_sec: 180.0
Trajectory dumped to jobs/p1-terminus-2-chess-best-move-r1/chess-best-move__d9WXZ2p/agent/trajectory.json
Sending keys: ['C-c\n'] min_timeout_sec: 0.2 max_timeout_sec: 180.0
Sending keys: ["timeout 3 python3 - <<'PY'\n# enumerate geometric white checks against black king d8\npieces={'e2':'Q','a1':'R','h1':'R','c3':'B','c1':'N','e1':'K'}\n# black blockers/targets\nblack={'a8':'r','c8':'b','d8':'k','f8':'r','a6':'p','b7':'p','c6':'p','d5':'p','e6':'p','f5':'p','f7':'p','g5':'p','g7':'p'}\nocc=set(pieces)|set(black)\nfiles='abcdefgh'\ndef sq(x,y): return files[x]+str(y+1)\ndef ray(src,dirs):\n x=files.index(src[0]); y=int(src[1])-1\n for dx,dy in dirs:\n  for n in range(1,8):\n   a=x+dx*n;b=y+dy*n\n   if not(0<=a<8 and 0<=b<8):break\n   t=sq(a,b)\n   yield t\n   if t in occ:break\nking=(3,7)\nchecks=[]\nfor src,p in pieces.items():\n x=files.index(src[0]);y=int(src[1])-1\n dest=[]\n if p=='Q': dest=ray(src,[(1,0),(-1,0),(0,1),(0,-1),(1,1),(1,-1),(-1,1),(-1,-1)])\n elif p=='R': dest=ray(src,[(1,0),(-1,0),(0,1),(0,-1)])\n elif p=='B': dest=ray(src,[(1,1),(1,-1),(-1,1),(-1,-1)])\n elif p=='N': dest=[sq(x+dx,y+dy) for dx,dy in [(1,2),(2,1),(-1,2),(-2,1),(1,-2),(2,-1),(-1,-2),(-2,-1)] if 0<=x+dx<8 and 0<=y+dy<8]\n for d in dest:\n  if d in pieces: continue\n  # test resulting attack on d8, either direct or discovered not modeled\n  dx=files.index(d[0])-3;dy=int(d[1])-8\n  attack=False\n  if p=='Q' or p=='R': attack=(dx==0 or dy==0)\n  if p=='B': attack=(abs(dx)==abs(dy))\n  if p=='N': attack=(abs(dx),abs(dy)) in [(1,2),(2,1)]\n  if attack: checks.append(src+d)\nprint('\\n'.join(checks))\nPY\n"] min_timeout_sec: 4.0 max_timeout_sec: 180.0
Trajectory dumped to jobs/p1-terminus-2-chess-best-move-r1/chess-best-move__d9WXZ2p/agent/trajectory.json
Sending keys: [''] min_timeout_sec: 4.0 max_timeout_sec: 180.0
Trajectory dumped to jobs/p1-terminus-2-chess-best-move-r1/chess-best-move__d9WXZ2p/agent/trajectory.json
Sending keys: [''] min_timeout_sec: 5.0 max_timeout_sec: 180.0
Trajectory dumped to jobs/p1-terminus-2-chess-best-move-r1/chess-best-move__d9WXZ2p/agent/trajectory.json
Sending keys: ['C-c\n'] min_timeout_sec: 0.2 max_timeout_sec: 180.0
Sending keys: ["printf 'e5e6\\n' > /app/move.txt\ncat /app/move.txt\n"] min_timeout_sec: 0.2 max_timeout_sec: 180.0
Trajectory dumped to jobs/p1-terminus-2-chess-best-move-r1/chess-best-move__d9WXZ2p/agent/trajectory.json
Sending keys: ['C-c\n'] min_timeout_sec: 0.5 max_timeout_sec: 180.0
Sending keys: ['C-c\n'] min_timeout_sec: 0.5 max_timeout_sec: 180.0
Sending keys: ["printf 'READY\\n'\n"] min_timeout_sec: 0.2 max_timeout_sec: 180.0
Trajectory dumped to jobs/p1-terminus-2-chess-best-move-r1/chess-best-move__d9WXZ2p/agent/trajectory.json
Parser warnings: - Command 1 should end with newline when followed by another command. Otherwise the two commands will be concatenated together on the same line.
- Command 2 should end with newline when followed by another command. Otherwise the two commands will be concatenated together on the same line.
Sending keys: ['C-c'] min_timeout_sec: 0.5 max_timeout_sec: 180.0
Sending keys: ['C-d'] min_timeout_sec: 0.5 max_timeout_sec: 180.0
Sending keys: ['\n'] min_timeout_sec: 0.2 max_timeout_sec: 180.0
Trajectory dumped to jobs/p1-terminus-2-chess-best-move-r1/chess-best-move__d9WXZ2p/agent/trajectory.json
Sending keys: ["sed -i 's/alph(z,False,3)/alph(z,False,1)/' /tmp/search.py\ngrep 'root.append' /tmp/search.py\ntimeout 10 python3 /tmp/search.py\n"] min_timeout_sec: 12.0 max_timeout_sec: 180.0
Trajectory dumped to jobs/p1-terminus-2-chess-best-move-r1/chess-best-move__d9WXZ2p/agent/trajectory.json
Sending keys: ["sed -i 's/alph(z,False,1)/alph(z,False,2)/' /tmp/search.py\ntimeout 20 python3 /tmp/search.py\n"] min_timeout_sec: 22.0 max_timeout_sec: 180.0
Trajectory dumped to jobs/p1-terminus-2-chess-best-move-r1/chess-best-move__d9WXZ2p/agent/trajectory.json
Sending keys: ['python3 - <<\'PY\'\np=\'/tmp/search.py\'\ns=open(p).read()\ns=s.replace("for s,t,z in ms:v=max(v,alph(z,False,d-1,a,bb));a=max(a,v);", "for s,t,z in ms:\\n   v=max(v,alph(z,False,d-1,a,bb));a=max(a,v)\\n   if a>=bb: break")\ns=s.replace("for s,t,z in ms:v=min(v,alph(z,True,d-1,a,bb));bb=min(bb,v)", "for s,t,z in ms:\\n  v=min(v,alph(z,True,d-1,a,bb));bb=min(bb,v)\\n  if a>=bb: break")\ns=s.replace(\'alph(z,False,2)\', \'alph(z,False,3)\')\nopen(p,\'w\').write(s)\nPY\ngrep -A8 \'def alph\' /tmp/search.py\ntimeout 30 python3 /tmp/search.py\n'] min_timeout_sec: 32.0 max_timeout_sec: 180.0
Trajectory dumped to jobs/p1-terminus-2-chess-best-move-r1/chess-best-move__d9WXZ2p/agent/trajectory.json
Sending keys: ["printf 'h5h6\\n' > /app/move.txt\ncat /app/move.txt\n"] min_timeout_sec: 0.2 max_timeout_sec: 180.0
Trajectory dumped to jobs/p1-terminus-2-chess-best-move-r1/chess-best-move__d9WXZ2p/agent/trajectory.json
Trajectory dumped to jobs/p1-terminus-2-chess-best-move-r1/chess-best-move__d9WXZ2p/agent/trajectory.json
Trajectory dumped to jobs/p1-terminus-2-chess-best-move-r1/chess-best-move__d9WXZ2p/agent/trajectory.json
Collecting main service artifacts
