done multi-source-data-merger pi
done multi-source-data-merger terminus-2
done feal-linear-cryptanalysis terminus-2
done multi-source-data-merger mini-swe-agent
done feal-linear-cryptanalysis pi
done feal-linear-cryptanalysis mini-swe-agent
done protein-assembly mini-swe-agent
done cancel-async-tasks terminus-2
done protein-assembly pi
done cancel-async-tasks pi
done cancel-async-tasks mini-swe-agent
done code-from-image terminus-2
done code-from-image mini-swe-agent
done code-from-image pi
done protein-assembly terminus-2
./run_wd.sh: line 6: 50158 Killed: 9               router/.venv/bin/python router/router.py --force $2 --watchdog shadow --tag rep1 "$1" --execute --cwd . > /dev/null 2>&1
done torch-pipeline-parallelism pi
./run_wd.sh: line 6: 49415 Killed: 9               router/.venv/bin/python router/router.py --force $2 --watchdog shadow --tag rep1 "$1" --execute --cwd . > /dev/null 2>&1
done torch-pipeline-parallelism mini-swe-agent
./run_wd.sh: line 6: 48939 Killed: 9               router/.venv/bin/python router/router.py --force $2 --watchdog shadow --tag rep1 "$1" --execute --cwd . > /dev/null 2>&1
done torch-pipeline-parallelism terminus-2
done crack-7z-hash mini-swe-agent
done crack-7z-hash pi
done path-tracing mini-swe-agent
done path-tracing pi
done crack-7z-hash terminus-2
done chess-best-move terminus-2
done chess-best-move mini-swe-agent
done chess-best-move pi
done path-tracing terminus-2
done schemelike-metacircular-eval terminus-2
done schemelike-metacircular-eval pi
done schemelike-metacircular-eval mini-swe-agent
