Skipping image OS validation for alexgshaw/fix-ocaml-gc:20251031: docker inspect returned 1
Installing: tmux, asciinema
Detected system: {'os': 'debian-based', 'package_manager': 'apt-get', 'update_command': None}
Installing tools using apt-get: DEBIAN_FRONTEND=noninteractive apt-get update && DEBIAN_FRONTEND=noninteractive apt-get install -y tmux asciinema
Starting recording.
Sending keys: ['asciinema rec --stdin /logs/agent/recording.cast', 'Enter'] min_timeout_sec: 1.0 max_timeout_sec: 180.0
Sending keys: ['clear', 'Enter'] min_timeout_sec: 0.0 max_timeout_sec: 180.0
Sending keys: ["pwd; printf '\\nTop-level files:\\n'; ls -la; printf '\\nGit status:\\n'; git status --short; printf '\\nHACKING.adoc excerpt:\\n'; sed -n '1,240p' HACKING.adoc\n"] min_timeout_sec: 0.2 max_timeout_sec: 180.0
Trajectory dumped to jobs/p1-terminus-2-fix-ocaml-gc-r2/fix-ocaml-gc__yJP2bqk/agent/trajectory.json
Sending keys: ["cd /app/ocaml; printf '\\nGit status:\\n'; git status --short; printf '\\nTop-level files:\\n'; ls -la; printf '\\nHACKING.adoc:\\n'; sed -n '1,260p' HACKING.adoc\n"] min_timeout_sec: 0.2 max_timeout_sec: 180.0
Trajectory dumped to jobs/p1-terminus-2-fix-ocaml-gc-r2/fix-ocaml-gc__yJP2bqk/agent/trajectory.json
Sending keys: ["cd /app/ocaml; printf '%s\\n' '--- bootstrap instructions ---'; sed -n '1,240p' BOOTSTRAP.adoc; printf '%s\\n' '--- runtime hacking ---'; sed -n '1,240p' runtime/HACKING.adoc; printf '%s\\n' '--- sweep/free-list references ---'; grep -RInE 'run.?length|free.?list|sweep|sweeping|free space' runtime --include='*.c' --include='*.h' | head -240\n"] min_timeout_sec: 0.3 max_timeout_sec: 180.0
Trajectory dumped to jobs/p1-terminus-2-fix-ocaml-gc-r2/fix-ocaml-gc__yJP2bqk/agent/trajectory.json
Sending keys: ["cd /app/ocaml; printf '%s\\n' '--- shared_heap sweep implementation ---'; sed -n '500,790p' runtime/shared_heap.c; printf '%s\\n' '--- pool/free-list declarations ---'; grep -RInE 'typedef.*pool|struct pool|free.*run|run.*free|RUN|freelist' runtime/*.h runtime/*.c | head -240; printf '%s\\n' '--- runtime build artifacts ---'; ls -l boot/ocamlrun boot/*.cm* 2>&1 | head -80; printf '%s\\n' '--- configure/build markers ---'; ls -l config/Makefile.config Makefile.config 2>&1\n"] min_timeout_sec: 0.3 max_timeout_sec: 180.0
Trajectory dumped to jobs/p1-terminus-2-fix-ocaml-gc-r2/fix-ocaml-gc__yJP2bqk/agent/trajectory.json
Sending keys: ["cd /app/ocaml; sed -n '540,710p' runtime/shared_heap.c; printf '%s\\n' '--- pool macros/types ---'; grep -RInE 'POOL_(FREE|BLOCK|FIRST|END)|struct pool|typedef.*pool|FREE_HEADER' runtime | head -200; printf '%s\\n' '--- configure prerequisites ---'; command -v gcc; command -v ocamlc || true; command -v make; test -f config.status && echo configured || echo not-configured\n"] min_timeout_sec: 0.3 max_timeout_sec: 180.0
Sending keys: ['cd /app/ocaml; ./configure\n'] min_timeout_sec: 2.0 max_timeout_sec: 180.0
Trajectory dumped to jobs/p1-terminus-2-fix-ocaml-gc-r2/fix-ocaml-gc__yJP2bqk/agent/trajectory.json
Sending keys: [''] min_timeout_sec: 5.0 max_timeout_sec: 180.0
Trajectory dumped to jobs/p1-terminus-2-fix-ocaml-gc-r2/fix-ocaml-gc__yJP2bqk/agent/trajectory.json
Sending keys: [''] min_timeout_sec: 5.0 max_timeout_sec: 180.0
Trajectory dumped to jobs/p1-terminus-2-fix-ocaml-gc-r2/fix-ocaml-gc__yJP2bqk/agent/trajectory.json
Sending keys: [''] min_timeout_sec: 5.0 max_timeout_sec: 180.0
Trajectory dumped to jobs/p1-terminus-2-fix-ocaml-gc-r2/fix-ocaml-gc__yJP2bqk/agent/trajectory.json
Sending keys: [''] min_timeout_sec: 5.0 max_timeout_sec: 180.0
Trajectory dumped to jobs/p1-terminus-2-fix-ocaml-gc-r2/fix-ocaml-gc__yJP2bqk/agent/trajectory.json
Sending keys: [''] min_timeout_sec: 5.0 max_timeout_sec: 180.0
Trajectory dumped to jobs/p1-terminus-2-fix-ocaml-gc-r2/fix-ocaml-gc__yJP2bqk/agent/trajectory.json
Sending keys: [''] min_timeout_sec: 5.0 max_timeout_sec: 180.0
Trajectory dumped to jobs/p1-terminus-2-fix-ocaml-gc-r2/fix-ocaml-gc__yJP2bqk/agent/trajectory.json
Sending keys: [''] min_timeout_sec: 5.0 max_timeout_sec: 180.0
Trajectory dumped to jobs/p1-terminus-2-fix-ocaml-gc-r2/fix-ocaml-gc__yJP2bqk/agent/trajectory.json
Sending keys: [''] min_timeout_sec: 5.0 max_timeout_sec: 180.0
Trajectory dumped to jobs/p1-terminus-2-fix-ocaml-gc-r2/fix-ocaml-gc__yJP2bqk/agent/trajectory.json
Sending keys: [''] min_timeout_sec: 5.0 max_timeout_sec: 180.0
Trajectory dumped to jobs/p1-terminus-2-fix-ocaml-gc-r2/fix-ocaml-gc__yJP2bqk/agent/trajectory.json
Sending keys: [''] min_timeout_sec: 5.0 max_timeout_sec: 180.0
Trajectory dumped to jobs/p1-terminus-2-fix-ocaml-gc-r2/fix-ocaml-gc__yJP2bqk/agent/trajectory.json
Sending keys: [''] min_timeout_sec: 5.0 max_timeout_sec: 180.0
Trajectory dumped to jobs/p1-terminus-2-fix-ocaml-gc-r2/fix-ocaml-gc__yJP2bqk/agent/trajectory.json
Sending keys: [''] min_timeout_sec: 5.0 max_timeout_sec: 180.0
Trajectory dumped to jobs/p1-terminus-2-fix-ocaml-gc-r2/fix-ocaml-gc__yJP2bqk/agent/trajectory.json
Sending keys: [''] min_timeout_sec: 5.0 max_timeout_sec: 180.0
Trajectory dumped to jobs/p1-terminus-2-fix-ocaml-gc-r2/fix-ocaml-gc__yJP2bqk/agent/trajectory.json
Sending keys: [''] min_timeout_sec: 15.0 max_timeout_sec: 180.0
Trajectory dumped to jobs/p1-terminus-2-fix-ocaml-gc-r2/fix-ocaml-gc__yJP2bqk/agent/trajectory.json
Sending keys: [''] min_timeout_sec: 15.0 max_timeout_sec: 180.0
Trajectory dumped to jobs/p1-terminus-2-fix-ocaml-gc-r2/fix-ocaml-gc__yJP2bqk/agent/trajectory.json
Sending keys: ['cd /app/ocaml; make world -j2\n'] min_timeout_sec: 10.0 max_timeout_sec: 180.0
Trajectory dumped to jobs/p1-terminus-2-fix-ocaml-gc-r2/fix-ocaml-gc__yJP2bqk/agent/trajectory.json
Sending keys: [''] min_timeout_sec: 15.0 max_timeout_sec: 180.0
Trajectory dumped to jobs/p1-terminus-2-fix-ocaml-gc-r2/fix-ocaml-gc__yJP2bqk/agent/trajectory.json
Sending keys: [''] min_timeout_sec: 15.0 max_timeout_sec: 180.0
Trajectory dumped to jobs/p1-terminus-2-fix-ocaml-gc-r2/fix-ocaml-gc__yJP2bqk/agent/trajectory.json
Sending keys: [''] min_timeout_sec: 15.0 max_timeout_sec: 180.0
Trajectory dumped to jobs/p1-terminus-2-fix-ocaml-gc-r2/fix-ocaml-gc__yJP2bqk/agent/trajectory.json
Sending keys: [''] min_timeout_sec: 15.0 max_timeout_sec: 180.0
Trajectory dumped to jobs/p1-terminus-2-fix-ocaml-gc-r2/fix-ocaml-gc__yJP2bqk/agent/trajectory.json
Sending keys: [''] min_timeout_sec: 15.0 max_timeout_sec: 180.0
Trajectory dumped to jobs/p1-terminus-2-fix-ocaml-gc-r2/fix-ocaml-gc__yJP2bqk/agent/trajectory.json
Sending keys: ["cd /app/ocaml; sed -n '1,120p' runtime/shared_heap.c; sed -n '270,490p' runtime/shared_heap.c; sed -n '740,810p' runtime/shared_heap.c; grep -RInE 'POOL_FREE_HEADER|POOL_BLOCK_FREE|POOL_FIRST_BLOCK|POOL_END|wsize_sizeclass|pool_blocks|next_obj' runtime/caml runtime --include='*.h' --include='*.c' | head -300\n"] min_timeout_sec: 0.4 max_timeout_sec: 180.0
Trajectory dumped to jobs/p1-terminus-2-fix-ocaml-gc-r2/fix-ocaml-gc__yJP2bqk/agent/trajectory.json
Sending keys: ["cd /app/ocaml; printf '%s\\n' '--- macros and declarations ---'; sed -n '1,95p' runtime/shared_heap.c; printf '%s\\n' '--- pool init/allocation ---'; sed -n '280,490p' runtime/shared_heap.c; printf '%s\\n' '--- sweep tail ---'; sed -n '600,690p' runtime/shared_heap.c; printf '%s\\n' '--- compaction free-run handling ---'; sed -n '1240,1410p' runtime/shared_heap.c; printf '%s\\n' '--- freelist validation ---'; sed -n '1540,1605p' runtime/shared_heap.c\n"] min_timeout_sec: 0.4 max_timeout_sec: 180.0
Trajectory dumped to jobs/p1-terminus-2-fix-ocaml-gc-r2/fix-ocaml-gc__yJP2bqk/agent/trajectory.json
Sending keys: ['cd /app/ocaml; python3 - <<\'PY\'\nfrom pathlib import Path\np = Path(\'runtime/shared_heap.c\')\ns = p.read_text()\nold = """      p += Whsize_hd(hd);\n    } while (p + wh <= end);"""\nnew = """      /* Every pool slot has the size-class width [wh].  If the\n         current header describes a compressed free run, the preceding\n         increment skipped all but the first slot in that run. */\n      p += wh;\n    } while (p + wh <= end);"""\nif old not in s:\n    raise SystemExit(\'target text not found\')\np.write_text(s.replace(old, new, 1))\nPY\nsed -n \'635,655p\' runtime/shared_heap.c; make runtime -j2\n'] min_timeout_sec: 10.0 max_timeout_sec: 180.0
Trajectory dumped to jobs/p1-terminus-2-fix-ocaml-gc-r2/fix-ocaml-gc__yJP2bqk/agent/trajectory.json
Sending keys: [''] min_timeout_sec: 15.0 max_timeout_sec: 180.0
Trajectory dumped to jobs/p1-terminus-2-fix-ocaml-gc-r2/fix-ocaml-gc__yJP2bqk/agent/trajectory.json
Sending keys: [''] min_timeout_sec: 15.0 max_timeout_sec: 180.0
Trajectory dumped to jobs/p1-terminus-2-fix-ocaml-gc-r2/fix-ocaml-gc__yJP2bqk/agent/trajectory.json
Sending keys: [''] min_timeout_sec: 15.0 max_timeout_sec: 180.0
Trajectory dumped to jobs/p1-terminus-2-fix-ocaml-gc-r2/fix-ocaml-gc__yJP2bqk/agent/trajectory.json
Sending keys: [''] min_timeout_sec: 15.0 max_timeout_sec: 180.0
Trajectory dumped to jobs/p1-terminus-2-fix-ocaml-gc-r2/fix-ocaml-gc__yJP2bqk/agent/trajectory.json
Sending keys: [''] min_timeout_sec: 15.0 max_timeout_sec: 180.0
Trajectory dumped to jobs/p1-terminus-2-fix-ocaml-gc-r2/fix-ocaml-gc__yJP2bqk/agent/trajectory.json
Sending keys: [''] min_timeout_sec: 15.0 max_timeout_sec: 180.0
Trajectory dumped to jobs/p1-terminus-2-fix-ocaml-gc-r2/fix-ocaml-gc__yJP2bqk/agent/trajectory.json
Sending keys: [''] min_timeout_sec: 15.0 max_timeout_sec: 180.0
Trajectory dumped to jobs/p1-terminus-2-fix-ocaml-gc-r2/fix-ocaml-gc__yJP2bqk/agent/trajectory.json
Sending keys: [''] min_timeout_sec: 15.0 max_timeout_sec: 180.0
Trajectory dumped to jobs/p1-terminus-2-fix-ocaml-gc-r2/fix-ocaml-gc__yJP2bqk/agent/trajectory.json
Sending keys: [''] min_timeout_sec: 15.0 max_timeout_sec: 180.0
Trajectory dumped to jobs/p1-terminus-2-fix-ocaml-gc-r2/fix-ocaml-gc__yJP2bqk/agent/trajectory.json
Sending keys: [''] min_timeout_sec: 15.0 max_timeout_sec: 180.0
Trajectory dumped to jobs/p1-terminus-2-fix-ocaml-gc-r2/fix-ocaml-gc__yJP2bqk/agent/trajectory.json
Sending keys: [''] min_timeout_sec: 15.0 max_timeout_sec: 180.0
Trajectory dumped to jobs/p1-terminus-2-fix-ocaml-gc-r2/fix-ocaml-gc__yJP2bqk/agent/trajectory.json
Sending keys: [''] min_timeout_sec: 20.0 max_timeout_sec: 180.0
Trajectory dumped to jobs/p1-terminus-2-fix-ocaml-gc-r2/fix-ocaml-gc__yJP2bqk/agent/trajectory.json
Sending keys: ['cd /app/ocaml; make world -j2\n'] min_timeout_sec: 15.0 max_timeout_sec: 180.0
Trajectory dumped to jobs/p1-terminus-2-fix-ocaml-gc-r2/fix-ocaml-gc__yJP2bqk/agent/trajectory.json
Sending keys: [''] min_timeout_sec: 20.0 max_timeout_sec: 180.0
Trajectory dumped to jobs/p1-terminus-2-fix-ocaml-gc-r2/fix-ocaml-gc__yJP2bqk/agent/trajectory.json
Sending keys: [''] min_timeout_sec: 20.0 max_timeout_sec: 180.0
Trajectory dumped to jobs/p1-terminus-2-fix-ocaml-gc-r2/fix-ocaml-gc__yJP2bqk/agent/trajectory.json
Sending keys: [''] min_timeout_sec: 20.0 max_timeout_sec: 180.0
Trajectory dumped to jobs/p1-terminus-2-fix-ocaml-gc-r2/fix-ocaml-gc__yJP2bqk/agent/trajectory.json
Sending keys: [''] min_timeout_sec: 20.0 max_timeout_sec: 180.0
Trajectory dumped to jobs/p1-terminus-2-fix-ocaml-gc-r2/fix-ocaml-gc__yJP2bqk/agent/trajectory.json
Sending keys: [''] min_timeout_sec: 20.0 max_timeout_sec: 180.0
Trajectory dumped to jobs/p1-terminus-2-fix-ocaml-gc-r2/fix-ocaml-gc__yJP2bqk/agent/trajectory.json
Sending keys: [''] min_timeout_sec: 20.0 max_timeout_sec: 180.0
Trajectory dumped to jobs/p1-terminus-2-fix-ocaml-gc-r2/fix-ocaml-gc__yJP2bqk/agent/trajectory.json
Sending keys: [''] min_timeout_sec: 20.0 max_timeout_sec: 180.0
Trajectory dumped to jobs/p1-terminus-2-fix-ocaml-gc-r2/fix-ocaml-gc__yJP2bqk/agent/trajectory.json
Sending keys: [''] min_timeout_sec: 20.0 max_timeout_sec: 180.0
Trajectory dumped to jobs/p1-terminus-2-fix-ocaml-gc-r2/fix-ocaml-gc__yJP2bqk/agent/trajectory.json
Sending keys: [''] min_timeout_sec: 20.0 max_timeout_sec: 180.0
Trajectory dumped to jobs/p1-terminus-2-fix-ocaml-gc-r2/fix-ocaml-gc__yJP2bqk/agent/trajectory.json
Sending keys: [''] min_timeout_sec: 20.0 max_timeout_sec: 180.0
Trajectory dumped to jobs/p1-terminus-2-fix-ocaml-gc-r2/fix-ocaml-gc__yJP2bqk/agent/trajectory.json
Sending keys: [''] min_timeout_sec: 20.0 max_timeout_sec: 180.0
Trajectory dumped to jobs/p1-terminus-2-fix-ocaml-gc-r2/fix-ocaml-gc__yJP2bqk/agent/trajectory.json
Sending keys: [''] min_timeout_sec: 20.0 max_timeout_sec: 180.0
Trajectory dumped to jobs/p1-terminus-2-fix-ocaml-gc-r2/fix-ocaml-gc__yJP2bqk/agent/trajectory.json
Sending keys: [''] min_timeout_sec: 20.0 max_timeout_sec: 180.0
Trajectory dumped to jobs/p1-terminus-2-fix-ocaml-gc-r2/fix-ocaml-gc__yJP2bqk/agent/trajectory.json
Sending keys: [''] min_timeout_sec: 20.0 max_timeout_sec: 180.0
Trajectory dumped to jobs/p1-terminus-2-fix-ocaml-gc-r2/fix-ocaml-gc__yJP2bqk/agent/trajectory.json
Sending keys: [''] min_timeout_sec: 20.0 max_timeout_sec: 180.0
Trajectory dumped to jobs/p1-terminus-2-fix-ocaml-gc-r2/fix-ocaml-gc__yJP2bqk/agent/trajectory.json
Sending keys: [''] min_timeout_sec: 20.0 max_timeout_sec: 180.0
Trajectory dumped to jobs/p1-terminus-2-fix-ocaml-gc-r2/fix-ocaml-gc__yJP2bqk/agent/trajectory.json
Sending keys: [''] min_timeout_sec: 20.0 max_timeout_sec: 180.0
Trajectory dumped to jobs/p1-terminus-2-fix-ocaml-gc-r2/fix-ocaml-gc__yJP2bqk/agent/trajectory.json
Sending keys: [''] min_timeout_sec: 20.0 max_timeout_sec: 180.0
Trajectory dumped to jobs/p1-terminus-2-fix-ocaml-gc-r2/fix-ocaml-gc__yJP2bqk/agent/trajectory.json
Sending keys: [''] min_timeout_sec: 20.0 max_timeout_sec: 180.0
Trajectory dumped to jobs/p1-terminus-2-fix-ocaml-gc-r2/fix-ocaml-gc__yJP2bqk/agent/trajectory.json
Sending keys: [''] min_timeout_sec: 20.0 max_timeout_sec: 180.0
Trajectory dumped to jobs/p1-terminus-2-fix-ocaml-gc-r2/fix-ocaml-gc__yJP2bqk/agent/trajectory.json
Sending keys: [''] min_timeout_sec: 20.0 max_timeout_sec: 180.0
Trajectory dumped to jobs/p1-terminus-2-fix-ocaml-gc-r2/fix-ocaml-gc__yJP2bqk/agent/trajectory.json
Sending keys: [''] min_timeout_sec: 20.0 max_timeout_sec: 180.0
Trajectory dumped to jobs/p1-terminus-2-fix-ocaml-gc-r2/fix-ocaml-gc__yJP2bqk/agent/trajectory.json
Sending keys: [''] min_timeout_sec: 20.0 max_timeout_sec: 180.0
Trajectory dumped to jobs/p1-terminus-2-fix-ocaml-gc-r2/fix-ocaml-gc__yJP2bqk/agent/trajectory.json
Sending keys: [''] min_timeout_sec: 20.0 max_timeout_sec: 180.0
Trajectory dumped to jobs/p1-terminus-2-fix-ocaml-gc-r2/fix-ocaml-gc__yJP2bqk/agent/trajectory.json
Sending keys: [''] min_timeout_sec: 20.0 max_timeout_sec: 180.0
Trajectory dumped to jobs/p1-terminus-2-fix-ocaml-gc-r2/fix-ocaml-gc__yJP2bqk/agent/trajectory.json
Sending keys: ['cd /app/ocaml; make -C testsuite one DIR=tests/basic\n'] min_timeout_sec: 20.0 max_timeout_sec: 180.0
Trajectory dumped to jobs/p1-terminus-2-fix-ocaml-gc-r2/fix-ocaml-gc__yJP2bqk/agent/trajectory.json
Sending keys: ['cd /app/ocaml; make world.opt -j2\n'] min_timeout_sec: 20.0 max_timeout_sec: 180.0
Trajectory dumped to jobs/p1-terminus-2-fix-ocaml-gc-r2/fix-ocaml-gc__yJP2bqk/agent/trajectory.json
Sending keys: [''] min_timeout_sec: 20.0 max_timeout_sec: 180.0
Trajectory dumped to jobs/p1-terminus-2-fix-ocaml-gc-r2/fix-ocaml-gc__yJP2bqk/agent/trajectory.json
Sending keys: [''] min_timeout_sec: 20.0 max_timeout_sec: 180.0
Trajectory dumped to jobs/p1-terminus-2-fix-ocaml-gc-r2/fix-ocaml-gc__yJP2bqk/agent/trajectory.json
Sending keys: [''] min_timeout_sec: 20.0 max_timeout_sec: 180.0
Trajectory dumped to jobs/p1-terminus-2-fix-ocaml-gc-r2/fix-ocaml-gc__yJP2bqk/agent/trajectory.json
Sending keys: [''] min_timeout_sec: 20.0 max_timeout_sec: 180.0
Trajectory dumped to jobs/p1-terminus-2-fix-ocaml-gc-r2/fix-ocaml-gc__yJP2bqk/agent/trajectory.json
Sending keys: [''] min_timeout_sec: 20.0 max_timeout_sec: 180.0
Trajectory dumped to jobs/p1-terminus-2-fix-ocaml-gc-r2/fix-ocaml-gc__yJP2bqk/agent/trajectory.json
Sending keys: [''] min_timeout_sec: 20.0 max_timeout_sec: 180.0
Trajectory dumped to jobs/p1-terminus-2-fix-ocaml-gc-r2/fix-ocaml-gc__yJP2bqk/agent/trajectory.json
Sending keys: [''] min_timeout_sec: 20.0 max_timeout_sec: 180.0
Trajectory dumped to jobs/p1-terminus-2-fix-ocaml-gc-r2/fix-ocaml-gc__yJP2bqk/agent/trajectory.json
Sending keys: [''] min_timeout_sec: 20.0 max_timeout_sec: 180.0
Trajectory dumped to jobs/p1-terminus-2-fix-ocaml-gc-r2/fix-ocaml-gc__yJP2bqk/agent/trajectory.json
Sending keys: [''] min_timeout_sec: 20.0 max_timeout_sec: 180.0
Trajectory dumped to jobs/p1-terminus-2-fix-ocaml-gc-r2/fix-ocaml-gc__yJP2bqk/agent/trajectory.json
Sending keys: [''] min_timeout_sec: 20.0 max_timeout_sec: 180.0
Trajectory dumped to jobs/p1-terminus-2-fix-ocaml-gc-r2/fix-ocaml-gc__yJP2bqk/agent/trajectory.json
Sending keys: [''] min_timeout_sec: 20.0 max_timeout_sec: 180.0
Trajectory dumped to jobs/p1-terminus-2-fix-ocaml-gc-r2/fix-ocaml-gc__yJP2bqk/agent/trajectory.json
Sending keys: [''] min_timeout_sec: 20.0 max_timeout_sec: 180.0
Trajectory dumped to jobs/p1-terminus-2-fix-ocaml-gc-r2/fix-ocaml-gc__yJP2bqk/agent/trajectory.json
Sending keys: [''] min_timeout_sec: 20.0 max_timeout_sec: 180.0
Trajectory dumped to jobs/p1-terminus-2-fix-ocaml-gc-r2/fix-ocaml-gc__yJP2bqk/agent/trajectory.json
Sending keys: [''] min_timeout_sec: 20.0 max_timeout_sec: 180.0
Trajectory dumped to jobs/p1-terminus-2-fix-ocaml-gc-r2/fix-ocaml-gc__yJP2bqk/agent/trajectory.json
Sending keys: [''] min_timeout_sec: 20.0 max_timeout_sec: 180.0
Trajectory dumped to jobs/p1-terminus-2-fix-ocaml-gc-r2/fix-ocaml-gc__yJP2bqk/agent/trajectory.json
Sending keys: [''] min_timeout_sec: 20.0 max_timeout_sec: 180.0
Trajectory dumped to jobs/p1-terminus-2-fix-ocaml-gc-r2/fix-ocaml-gc__yJP2bqk/agent/trajectory.json
Sending keys: [''] min_timeout_sec: 20.0 max_timeout_sec: 180.0
Trajectory dumped to jobs/p1-terminus-2-fix-ocaml-gc-r2/fix-ocaml-gc__yJP2bqk/agent/trajectory.json
Sending keys: [''] min_timeout_sec: 20.0 max_timeout_sec: 180.0
Trajectory dumped to jobs/p1-terminus-2-fix-ocaml-gc-r2/fix-ocaml-gc__yJP2bqk/agent/trajectory.json
Sending keys: [''] min_timeout_sec: 20.0 max_timeout_sec: 180.0
Trajectory dumped to jobs/p1-terminus-2-fix-ocaml-gc-r2/fix-ocaml-gc__yJP2bqk/agent/trajectory.json
Sending keys: [''] min_timeout_sec: 20.0 max_timeout_sec: 180.0
Trajectory dumped to jobs/p1-terminus-2-fix-ocaml-gc-r2/fix-ocaml-gc__yJP2bqk/agent/trajectory.json
Sending keys: [''] min_timeout_sec: 20.0 max_timeout_sec: 180.0
Trajectory dumped to jobs/p1-terminus-2-fix-ocaml-gc-r2/fix-ocaml-gc__yJP2bqk/agent/trajectory.json
Sending keys: [''] min_timeout_sec: 20.0 max_timeout_sec: 180.0
Trajectory dumped to jobs/p1-terminus-2-fix-ocaml-gc-r2/fix-ocaml-gc__yJP2bqk/agent/trajectory.json
Sending keys: [''] min_timeout_sec: 20.0 max_timeout_sec: 180.0
Trajectory dumped to jobs/p1-terminus-2-fix-ocaml-gc-r2/fix-ocaml-gc__yJP2bqk/agent/trajectory.json
Sending keys: [''] min_timeout_sec: 20.0 max_timeout_sec: 180.0
Trajectory dumped to jobs/p1-terminus-2-fix-ocaml-gc-r2/fix-ocaml-gc__yJP2bqk/agent/trajectory.json
Sending keys: [''] min_timeout_sec: 20.0 max_timeout_sec: 180.0
Trajectory dumped to jobs/p1-terminus-2-fix-ocaml-gc-r2/fix-ocaml-gc__yJP2bqk/agent/trajectory.json
Sending keys: [''] min_timeout_sec: 20.0 max_timeout_sec: 180.0
Trajectory dumped to jobs/p1-terminus-2-fix-ocaml-gc-r2/fix-ocaml-gc__yJP2bqk/agent/trajectory.json
Sending keys: [''] min_timeout_sec: 20.0 max_timeout_sec: 180.0
Trajectory dumped to jobs/p1-terminus-2-fix-ocaml-gc-r2/fix-ocaml-gc__yJP2bqk/agent/trajectory.json
Sending keys: ['cd /app/ocaml; make -C testsuite one DIR=tests/basic\n'] min_timeout_sec: 20.0 max_timeout_sec: 180.0
Trajectory dumped to jobs/p1-terminus-2-fix-ocaml-gc-r2/fix-ocaml-gc__yJP2bqk/agent/trajectory.json
Sending keys: [''] min_timeout_sec: 20.0 max_timeout_sec: 180.0
Trajectory dumped to jobs/p1-terminus-2-fix-ocaml-gc-r2/fix-ocaml-gc__yJP2bqk/agent/trajectory.json
Sending keys: [''] min_timeout_sec: 20.0 max_timeout_sec: 180.0
Trajectory dumped to jobs/p1-terminus-2-fix-ocaml-gc-r2/fix-ocaml-gc__yJP2bqk/agent/trajectory.json
Sending keys: [''] min_timeout_sec: 20.0 max_timeout_sec: 180.0
Trajectory dumped to jobs/p1-terminus-2-fix-ocaml-gc-r2/fix-ocaml-gc__yJP2bqk/agent/trajectory.json
Sending keys: [''] min_timeout_sec: 5.0 max_timeout_sec: 180.0
Trajectory dumped to jobs/p1-terminus-2-fix-ocaml-gc-r2/fix-ocaml-gc__yJP2bqk/agent/trajectory.json
Trajectory dumped to jobs/p1-terminus-2-fix-ocaml-gc-r2/fix-ocaml-gc__yJP2bqk/agent/trajectory.json
Trajectory dumped to jobs/p1-terminus-2-fix-ocaml-gc-r2/fix-ocaml-gc__yJP2bqk/agent/trajectory.json
Trajectory dumped to jobs/p1-terminus-2-fix-ocaml-gc-r2/fix-ocaml-gc__yJP2bqk/agent/trajectory.json
Collecting main service artifacts
