Skipping image OS validation for alexgshaw/chess-best-move:20251031: docker inspect returned 1
Installing: tmux, asciinema
Detected system: {'os': 'debian-based', 'package_manager': 'apt-get', 'update_command': None}
Installing tools using apt-get: DEBIAN_FRONTEND=noninteractive apt-get update && DEBIAN_FRONTEND=noninteractive apt-get install -y tmux asciinema
Starting recording.
Sending keys: ['asciinema rec --stdin /logs/agent/recording.cast', 'Enter'] min_timeout_sec: 1.0 max_timeout_sec: 180.0
Sending keys: ['clear', 'Enter'] min_timeout_sec: 0.0 max_timeout_sec: 180.0
Sending keys: ["pwd; ls -la; file chess_board.png; identify chess_board.png 2>/dev/null || true; which stockfish || which fairy-stockfish || true; python3 - <<'PY'\ntry:\n import chess\n print('python-chess available')\nexcept Exception as e:\n print('python-chess unavailable:', e)\ntry:\n import cv2\n print('opencv available')\nexcept Exception as e:\n print('opencv unavailable:', e)\nPY\n"] min_timeout_sec: 0.5 max_timeout_sec: 180.0
Trajectory dumped to jobs/p1-terminus-2-chess-best-move-r3/chess-best-move__vCk7tau/agent/trajectory.json
Sending keys: ['python3 - <<\'PY\'\nmods=[\'PIL\',\'imageio\',\'numpy\',\'matplotlib\']\nfor m in mods:\n try:\n  x=__import__(m); print(m,\'available\',getattr(x,\'__version__\',\'\'))\n except Exception as e: print(m,\'unavailable\')\nPY\nfor x in convert magick ffmpeg tesseract chess stockfish fairy-stockfish apt-get; do printf \'%-20s\' "$x"; command -v "$x" || true; done\n'] min_timeout_sec: 0.5 max_timeout_sec: 180.0
Trajectory dumped to jobs/p1-terminus-2-chess-best-move-r3/chess-best-move__vCk7tau/agent/trajectory.json
Sending keys: ["python3 - <<'PY'\nfrom PIL import Image\nfrom collections import Counter\nim=Image.open('/app/chess_board.png').convert('RGB')\nprint('size',im.size)\nprint('colors',Counter(im.getdata()).most_common(20))\n# bounding box of non-white-ish pixels\npix=im.load(); w,h=im.size\npts=[]\nfor y in range(h):\n for x in range(w):\n  r,g,b=pix[x,y]\n  if min(r,g,b)<245: pts.append((x,y))\nprint('nonwhite bbox', (min(x for x,y in pts),min(y for x,y in pts),max(x for x,y in pts),max(y for x,y in pts)) if pts else None)\nPY\n"] min_timeout_sec: 0.5 max_timeout_sec: 180.0
Trajectory dumped to jobs/p1-terminus-2-chess-best-move-r3/chess-best-move__vCk7tau/agent/trajectory.json
Sending keys: [''] min_timeout_sec: 2.0 max_timeout_sec: 180.0
Trajectory dumped to jobs/p1-terminus-2-chess-best-move-r3/chess-best-move__vCk7tau/agent/trajectory.json
Sending keys: ["python3 - <<'PY'\nfrom PIL import Image\nim=Image.open('/app/chess_board.png').convert('RGB')\np=im.load()\nfor r in range(8):\n row=[]\n for c in range(8):\n  vals=[p[x,y] for y in range(r*80,(r+1)*80) for x in range(c*80,(c+1)*80)]\n  dark=sum(1 for R,G,B in vals if max(R,G,B)<100)\n  white=sum(1 for R,G,B in vals if min(R,G,B)>245)\n  row.append(f'{dark:4}/{white:4}')\n print(' '.join(row))\nprint('\\nTHUMBNAILS (ranks top to bottom, files left to right)')\nchars=' .:-=+*#@'\nfor r in range(8):\n print('RANK',8-r)\n for sy in range(0,80,8):\n  line=''\n  for c in range(8):\n   s=''\n   for sx in range(0,80,8):\n    R,G,B=p[c*80+sx,(r*80)+sy]\n    # show dark ink strongly; show white ink only when on brown square\n    v=255-(R+G+B)//3\n    if v>120: ch='@'\n    elif v>70: ch='#'\n    elif v>35: ch='+'\n    elif v>15: ch='.'\n    else: ch=' '\n    s+=ch\n   line+=s+' | '\n  print(line)\nPY\n"] min_timeout_sec: 1.0 max_timeout_sec: 180.0
Trajectory dumped to jobs/p1-terminus-2-chess-best-move-r3/chess-best-move__vCk7tau/agent/trajectory.json
Sending keys: ["python3 - <<'PY'\nfrom PIL import Image\nim=Image.open('/app/chess_board.png').convert('RGB'); p=im.load()\n# candidate occupied squares from prior counts\nocc=['a8','c8','d8','f8','b7','f7','a6','c6','e6','d5','f5','g5','e5','h5','a3','c3','b2','e2','f2','g2','a1','c1','e1','h1']\nfiles='abcdefgh'\nfor sq in occ:\n c=files.index(sq[0]); r=8-int(sq[1])\n print('\\n',sq)\n for yy in range(4,76,4):\n  line=''\n  for xx in range(4,76,4):\n   # average-ish central pixel, mark non-board colors\n   R,G,B=p[c*80+xx,r*80+yy]\n   if max(R,G,B)<100: ch='#'       # black piece\n   elif min(R,G,B)>248: ch='@'      # white piece\n   elif (R,G,B) in [(181,136,99),(240,217,181)]: ch=' '\n   elif max(R,G,B)<170: ch='+'\n   else: ch='.'\n   line+=ch\n  print(line)\nPY\n"] min_timeout_sec: 1.0 max_timeout_sec: 180.0
Trajectory dumped to jobs/p1-terminus-2-chess-best-move-r3/chess-best-move__vCk7tau/agent/trajectory.json
Sending keys: ['apt-get update -qq && DEBIAN_FRONTEND=noninteractive apt-get install -y -qq stockfish python3-chess\n'] min_timeout_sec: 10.0 max_timeout_sec: 180.0
Trajectory dumped to jobs/p1-terminus-2-chess-best-move-r3/chess-best-move__vCk7tau/agent/trajectory.json
Sending keys: ['command -v stockfish || true; python3 -m pip --version 2>/dev/null || true; python3 -m pip install -q python-chess\n'] min_timeout_sec: 10.0 max_timeout_sec: 180.0
Sending keys: ['DEBIAN_FRONTEND=noninteractive apt-get install -y -qq stockfish\n'] min_timeout_sec: 10.0 max_timeout_sec: 180.0
Trajectory dumped to jobs/p1-terminus-2-chess-best-move-r3/chess-best-move__vCk7tau/agent/trajectory.json
Sending keys: [''] min_timeout_sec: 5.0 max_timeout_sec: 180.0
Trajectory dumped to jobs/p1-terminus-2-chess-best-move-r3/chess-best-move__vCk7tau/agent/trajectory.json
Sending keys: ['python3 -m pip install --break-system-packages -q python-chess\n'] min_timeout_sec: 10.0 max_timeout_sec: 180.0
Sending keys: ["python3 - <<'PY'\nimport chess, chess.engine\nfen='r1kq1r2/1p3p2/p1n1p3/3nP1Pb/8/P1N5/1P2QPP1/R1B1K2R w KQ - 0 1'\nb=chess.Board(fen)\nprint(b)\nprint('legal',b.is_valid(), 'fen', b.fen())\nengine=chess.engine.SimpleEngine.popen_uci('/usr/games/stockfish')\nengine.configure({'Threads':2,'Hash':128})\ninfo=engine.analyse(b,chess.engine.Limit(depth=24),multipv=10)\nfor x in info:\n print(x['score'].pov(chess.WHITE), b.uci(x['pv'][0]), 'pv', ' '.join(b.uci(m) for m in x['pv'][:8]))\nengine.quit()\nPY\n"] min_timeout_sec: 10.0 max_timeout_sec: 180.0
Trajectory dumped to jobs/p1-terminus-2-chess-best-move-r3/chess-best-move__vCk7tau/agent/trajectory.json
Sending keys: [''] min_timeout_sec: 10.0 max_timeout_sec: 180.0
Trajectory dumped to jobs/p1-terminus-2-chess-best-move-r3/chess-best-move__vCk7tau/agent/trajectory.json
Sending keys: [''] min_timeout_sec: 15.0 max_timeout_sec: 180.0
Trajectory dumped to jobs/p1-terminus-2-chess-best-move-r3/chess-best-move__vCk7tau/agent/trajectory.json
Parser warnings: - Command 1 should end with newline when followed by another command. Otherwise the two commands will be concatenated together on the same line.
Sending keys: ['C-c'] min_timeout_sec: 0.5 max_timeout_sec: 180.0
Sending keys: ["python3 - <<'PY'\nimport chess, chess.engine\nfen='r1kq1r2/1p3p2/3n p3/3nP1Pb/8/P1N5/1P2QPP1/R1B1K2R w KQ - 0 1'.replace(' ','')\nb=chess.Board(fen)\nengine=chess.engine.SimpleEngine.popen_uci('/usr/games/stockfish')\ntry:\n info=engine.analyse(b,chess.engine.Limit(time=2.0),multipv=1)\n move=info[0]['pv'][0]\n print('best',b.uci(move),info[0]['score'].pov(chess.WHITE))\n open('/app/move.txt','w').write(b.uci(move)+'\\n')\nfinally:\n engine.quit()\nPY\ncat /app/move.txt\n"] min_timeout_sec: 5.0 max_timeout_sec: 180.0
Trajectory dumped to jobs/p1-terminus-2-chess-best-move-r3/chess-best-move__vCk7tau/agent/trajectory.json
Sending keys: ["python3 - <<'PY'\nimport chess, chess.engine\nfen='r1kq1r2/1p3p2/1p3p2/p1n1p3/3nP1Pb/8/P1N5/1P2QPP1/R1B1K2R w KQ - 0 1'\n# Correct the intended legal position: black pawns are a6,b7,e6,f7.\nfen='r1kq1r2/1p3p2/p1n1p3/3nP1Pb/8/P1N5/1P2QPP1/R1B1K2R w KQ - 0 1'\nb=chess.Board(fen)\nprint('valid',b.is_valid())\nengine=chess.engine.SimpleEngine.popen_uci('/usr/games/stockfish')\ntry:\n info=engine.analyse(b,chess.engine.Limit(depth=12),multipv=1)\n move=b.uci(info['pv'][0])\n print('best',move,'score',info['score'].pov(chess.WHITE))\n with open('/app/move.txt','w') as f: f.write(move+'\\n')\nfinally:\n engine.quit()\nPY\nprintf 'move.txt: '; cat /app/move.txt\n"] min_timeout_sec: 8.0 max_timeout_sec: 180.0
Trajectory dumped to jobs/p1-terminus-2-chess-best-move-r3/chess-best-move__vCk7tau/agent/trajectory.json
Sending keys: ["python3 - <<'PY'\nimport chess, chess.engine\nfen='r1kq1r2/1p3p2/p1n1p3/3nP1Pb/8/P1N5/1P2QPP1/R1B1K2R w KQ - 0 1'\nb=chess.Board(fen)\nprint('valid', b.is_valid())\nengine=chess.engine.SimpleEngine.popen_uci('/usr/games/stockfish')\ntry:\n infos=engine.analyse(b,chess.engine.Limit(depth=14),multipv=1)\n info=infos[0]\n move=b.uci(info['pv'][0])\n print('best',move,'score',info['score'].pov(chess.WHITE))\n with open('/app/move.txt','w') as f: f.write(move+'\\n')\nfinally:\n engine.quit()\nPY\nprintf 'move.txt: '; cat /app/move.txt\n"] min_timeout_sec: 8.0 max_timeout_sec: 180.0
Trajectory dumped to jobs/p1-terminus-2-chess-best-move-r3/chess-best-move__vCk7tau/agent/trajectory.json
Sending keys: ["python3 - <<'PY'\nimport chess, chess.engine\nfen='r1kq1r2/1p3p2/p1n1p3/3nPnbP/8/P1N5/1P2QPP1/R1B1K2R w KQ - 0 1'\nb=chess.Board(fen)\nprint(b)\nprint('valid',b.is_valid())\nengine=chess.engine.SimpleEngine.popen_uci('/usr/games/stockfish')\ntry:\n infos=engine.analyse(b,chess.engine.Limit(depth=18),multipv=5)\n for info in infos:\n  print(info['score'].pov(chess.WHITE), b.uci(info['pv'][0]), ' '.join(b.uci(m) for m in info['pv'][:8]))\n move=b.uci(infos[0]['pv'][0])\n with open('/app/move.txt','w') as f: f.write(move+'\\n')\n print('selected',move)\nfinally:\n engine.quit()\nPY\nprintf 'move.txt: '; cat /app/move.txt\n"] min_timeout_sec: 10.0 max_timeout_sec: 180.0
Trajectory dumped to jobs/p1-terminus-2-chess-best-move-r3/chess-best-move__vCk7tau/agent/trajectory.json
Sending keys: ["python3 - <<'PY'\nimport chess, chess.engine\nfen='r1kq1r2/1p3p2/p1n1p3/3nPbbP/8/P1N5/1P2QPP1/R1B1K2R w KQ - 0 1'\nb=chess.Board(fen)\nprint(b)\nprint('valid', b.is_valid())\nengine=chess.engine.SimpleEngine.popen_uci('/usr/games/stockfish')\ntry:\n infos=engine.analyse(b,chess.engine.Limit(depth=18),multipv=5)\n for info in infos:\n  print(info['score'].pov(chess.WHITE), b.uci(info['pv'][0]), ' '.join(b.uci(m) for m in info['pv'][:8]))\n move=b.uci(infos[0]['pv'][0])\n with open('/app/move.txt','w') as f: f.write(move+'\\n')\n print('selected',move)\nfinally:\n engine.quit()\nPY\nprintf 'move.txt: '; cat /app/move.txt\n"] min_timeout_sec: 10.0 max_timeout_sec: 180.0
Trajectory dumped to jobs/p1-terminus-2-chess-best-move-r3/chess-best-move__vCk7tau/agent/trajectory.json
Trajectory dumped to jobs/p1-terminus-2-chess-best-move-r3/chess-best-move__vCk7tau/agent/trajectory.json
Sending keys: ["python3 - <<'PY'\nimport chess, chess.engine\nfen='r1kq1r2/1p3p2/p1n1p3/3nPbbP/8/P1N5/1P2QPP1/R1B1K2R w KQ - 0 1'\nb=chess.Board(fen)\nengine=chess.engine.SimpleEngine.popen_uci('/usr/games/stockfish')\ntry:\n infos=engine.analyse(b,chess.engine.Limit(depth=24),multipv=3)\n for info in infos:\n  print(info['score'].pov(chess.WHITE),b.uci(info['pv'][0]),' '.join(b.uci(m) for m in info['pv'][:10]))\n move=b.uci(infos[0]['pv'][0])\n open('/app/move.txt','w').write(move+'\\n')\n print('written',move)\nfinally:\n engine.quit()\nPY\ncat /app/move.txt\n"] min_timeout_sec: 20.0 max_timeout_sec: 180.0
Trajectory dumped to jobs/p1-terminus-2-chess-best-move-r3/chess-best-move__vCk7tau/agent/trajectory.json
Trajectory dumped to jobs/p1-terminus-2-chess-best-move-r3/chess-best-move__vCk7tau/agent/trajectory.json
Trajectory dumped to jobs/p1-terminus-2-chess-best-move-r3/chess-best-move__vCk7tau/agent/trajectory.json
Trajectory dumped to jobs/p1-terminus-2-chess-best-move-r3/chess-best-move__vCk7tau/agent/trajectory.json
Collecting main service artifacts
