Skipping image OS validation for alexgshaw/path-tracing:20251031: docker inspect returned 1
Installing: tmux, asciinema
Detected system: {'os': 'debian-based', 'package_manager': 'apt-get', 'update_command': None}
Installing tools using apt-get: DEBIAN_FRONTEND=noninteractive apt-get update && DEBIAN_FRONTEND=noninteractive apt-get install -y tmux asciinema
Starting recording.
Sending keys: ['asciinema rec --stdin /logs/agent/recording.cast', 'Enter'] min_timeout_sec: 1.0 max_timeout_sec: 180.0
Sending keys: ['clear', 'Enter'] min_timeout_sec: 0.0 max_timeout_sec: 180.0
Sending keys: ["cd /app && ls -l image.ppm && head -c 200 image.ppm | od -An -tc && python3 - <<'PY'\nfrom collections import Counter\np='/app/image.ppm'\nwith open(p,'rb') as f:\n    tok=[]\n    while len(tok)<4:\n        x=f.readline()\n        if not x: break\n        if x.startswith(b'#'): continue\n        tok += x.split()\n    print('header',tok[:4])\n    w,h,m=map(int,tok[1:4]); data=f.read()\n    a=list(data[:w*h*3])\n    c=Counter(zip(a[0::3],a[1::3],a[2::3]))\n    print('size',w,h,'bytes',len(data),'unique',len(c),'top',c.most_common(20))\nPY\n"] min_timeout_sec: 1.0 max_timeout_sec: 180.0
Trajectory dumped to jobs/routed-luna-path-tracing-wdact-1789810700/path-tracing__oBBqGcJ/agent/trajectory.json
Parser warnings: - Command 1 should end with newline when followed by another command. Otherwise the two commands will be concatenated together on the same line.
Sending keys: ['C-c'] min_timeout_sec: 0.2 max_timeout_sec: 180.0
Sending keys: ["python3 - <<'PY'\nimport re\np='/app/image.ppm'\nwith open(p) as f:\n    vals=[]\n    for line in f:\n        if not line.startswith('#'):\n            vals += line.split()\n            if len(vals)>=4: break\nw,h,m=map(int,vals[1:4]); print('size',w,h,m)\n# stream all numbers after header, retain a 60x45 nearest-neighbor grid and color extrema\nsx,sy=60,45; grid=[[None]*sx for _ in range(sy)]; n=0; mn=[255]*3; mx=[0]*3\nwith open(p) as f:\n    for line in f:\n        if line.startswith(('P','#')): continue\n        for z in line.split():\n            v=int(z); k=n%3; mn[k]=min(mn[k],v); mx[k]=max(mx[k],v); n+=1\n            pix=n//3-1; x=pix%w; y=pix//w\n            if n%3==0 and x%(w//sx)==w//sx//2 and y%(h//sy)==h//sy//2:\n                grid[y//(h//sy)][x//(w//sx)]=tuple(int(a) for a in [])\nprint('numbers',n,'range',mn,mx)\n# second pass, directly sample based on pixel index\nwith open(p) as f:\n    it=(int(z) for line in f if not line.startswith(('P','#')) for z in line.split())\n    for y in range(h):\n      for x in range(w):\n        r,g,b=next(it),next(it),next(it)\n        if x%(w//sx)==w//sx//2 and y%(h//sy)==h//sy//2: grid[y//(h//sy)][x//(w//sx)]=(r,g,b)\nfor row in grid:\n print(' '.join('%02x%02x%02x'%p for p in row))\nPY\n"] min_timeout_sec: 10.0 max_timeout_sec: 180.0
Trajectory dumped to jobs/routed-luna-path-tracing-wdact-1789810700/path-tracing__oBBqGcJ/agent/trajectory.json
Sending keys: [''] min_timeout_sec: 10.0 max_timeout_sec: 180.0
Trajectory dumped to jobs/routed-luna-path-tracing-wdact-1789810700/path-tracing__oBBqGcJ/agent/trajectory.json
Sending keys: ['C-c\n'] min_timeout_sec: 0.2 max_timeout_sec: 180.0
Sending keys: ['cat > /tmp/a.c <<\'EOF\'\n#include <stdio.h>\nint main(){FILE*f=fopen("/app/image.ppm","r");int w,h,m,x,y,r,g,b;fscanf(f,"P3%d%d%d",&w,&h,&m);printf("%d %d %d\\n",w,h,m);for(y=0;y<30;y++){for(x=0;x<60;x++){int xx=x*w/60,yy=y*h/30,i;rewind(f);fscanf(f,"P3%d%d%d",&w,&h,&m);for(i=0;i<yy*w+xx;i++)fscanf(f,"%d%d%d",&r,&g,&b);fscanf(f,"%d%d%d",&r,&g,&b);putchar((r+g+b)/3>220?\'#\':(r+g+b)/3>150?\'+\':(r+g+b)/3>80?\'.\':\' \');}putchar(\'\\n\');}fclose(f);}\nEOF\ngcc -O2 -o /tmp/a /tmp/a.c && /tmp/a\n'] min_timeout_sec: 10.0 max_timeout_sec: 180.0
Trajectory dumped to jobs/routed-luna-path-tracing-wdact-1789810700/path-tracing__oBBqGcJ/agent/trajectory.json
Sending keys: ['C-c\n'] min_timeout_sec: 0.2 max_timeout_sec: 180.0
Sending keys: ['cat >/tmp/s.c <<\'EOF\'\n#include <stdio.h>\nint main(){FILE*f=fopen("/app/image.ppm","r");int w,h,m,r,g,b,x,y;fscanf(f,"P3%d%d%d",&w,&h,&m);int sx=80,sy=40;for(y=0;y<h;y++)for(x=0;x<w;x++){fscanf(f,"%d%d%d",&r,&g,&b);if(x==x*0+w/2&&y==y*0+h/2)fprintf(stderr,"center %d %d %d\\n",r,g,b);if(x%(w/sx)==w/sx/2&&y%(h/sy)==h/sy/2){int q=(r+g+b)/3;static char z[]=" .:+#";putchar(z[q/52]);if(x==w-w/sx/2-1)putchar(\'\\n\');}}}\nEOF\ngcc -O2 -o /tmp/s /tmp/s.c && /tmp/s\n'] min_timeout_sec: 10.0 max_timeout_sec: 180.0
Trajectory dumped to jobs/routed-luna-path-tracing-wdact-1789810700/path-tracing__oBBqGcJ/agent/trajectory.json
Sending keys: [''] min_timeout_sec: 10.0 max_timeout_sec: 180.0
Trajectory dumped to jobs/routed-luna-path-tracing-wdact-1789810700/path-tracing__oBBqGcJ/agent/trajectory.json
Sending keys: ['cat >/tmp/grid.c <<\'EOF\'\n#include <stdio.h>\nint main(){FILE*f=fopen("/app/image.ppm","r");int w,h,m,r,g,b,x,y,X,Y;fscanf(f,"P3%d%d%d",&w,&h,&m);int sx=60,sy=45,n[60][45]={},R[60][45]={},G[60][45]={},B[60][45]={};for(y=0;y<h;y++)for(x=0;x<w;x++){fscanf(f,"%d%d%d",&r,&g,&b);X=x*sx/w;Y=y*sy/h;n[X][Y]++;R[X][Y]+=r;G[X][Y]+=g;B[X][Y]+=b;}for(Y=0;Y<sy;Y++){for(X=0;X<sx;X++){r=R[X][Y]/n[X][Y];g=G[X][Y]/n[X][Y];b=B[X][Y]/n[X][Y];printf("%02x%02x%02x ",r/16*16,g/16*16,b/16*16);}puts("");}}\nEOF\ngcc -O2 -o /tmp/grid /tmp/grid.c && /tmp/grid > /tmp/grid.txt && sed -n \'1,45p\' /tmp/grid.txt\n'] min_timeout_sec: 10.0 max_timeout_sec: 180.0
Trajectory dumped to jobs/routed-luna-path-tracing-wdact-1789810700/path-tracing__oBBqGcJ/agent/trajectory.json
Sending keys: [''] min_timeout_sec: 20.0 max_timeout_sec: 180.0
Trajectory dumped to jobs/routed-luna-path-tracing-wdact-1789810700/path-tracing__oBBqGcJ/agent/trajectory.json
Sending keys: ['C-c\n'] min_timeout_sec: 0.2 max_timeout_sec: 180.0
Sending keys: ['command -v convert || command -v magick || command -v ffmpeg || true\nls -lh /tmp/grid.txt 2>/dev/null || true\n'] min_timeout_sec: 0.2 max_timeout_sec: 180.0
Trajectory dumped to jobs/routed-luna-path-tracing-wdact-1789810700/path-tracing__oBBqGcJ/agent/trajectory.json
Sending keys: ["pkill -f '/tmp/grid' 2>/dev/null || true\n"] min_timeout_sec: 0.2 max_timeout_sec: 180.0
Sending keys: ['cat >/tmp/fast.c <<\'EOF\'\n#include <stdio.h>\nint q(){int c,v=0;do c=getchar_unlocked();while(c<=32&&c!=EOF);while(c>32){v=v*10+c-48;c=getchar_unlocked();}return v;}\nint main(){int w=q(),h=q(),m=q(),x,y,k,X,Y,sx=60,sy=45,n[2700]={},a[8100]={};for(y=0;y<h;y++)for(x=0;x<w;x++)for(k=0;k<3;k++){int v=q();X=x*sx/w;Y=y*sy/h;n[Y*sx+X]++;a[(Y*sx+X)*3+k]+=v;}for(Y=0;Y<sy;Y++){for(X=0;X<sx;X++){int j=Y*sx+X;printf("%02x%02x%02x ",a[j*3]/n[j]/16*16,a[j*3+1]/n[j]/16*16,a[j*3+2]/n[j]/16*16);}putchar(10);}}\nEOF\ngcc -O3 -o /tmp/fast /tmp/fast.c && /tmp/fast </app/image.ppm > /tmp/grid.txt && sed -n \'1,45p\' /tmp/grid.txt\n'] min_timeout_sec: 10.0 max_timeout_sec: 180.0
Trajectory dumped to jobs/routed-luna-path-tracing-wdact-1789810700/path-tracing__oBBqGcJ/agent/trajectory.json
Sending keys: [''] min_timeout_sec: 15.0 max_timeout_sec: 180.0
Trajectory dumped to jobs/routed-luna-path-tracing-wdact-1789810700/path-tracing__oBBqGcJ/agent/trajectory.json
Sending keys: ['C-c\n'] min_timeout_sec: 0.2 max_timeout_sec: 180.0
Sending keys: ["pkill -f '/tmp/fast|/tmp/grid|/tmp/a|/tmp/s' 2>/dev/null || true\nprintf 'stopped\\n'\n"] min_timeout_sec: 0.2 max_timeout_sec: 180.0
Sending keys: ['cat >/tmp/thumb.c <<\'EOF\'\n#include <stdio.h>\nint q(){int c,v=0;do c=getchar_unlocked();while(c<=32);while(c>32){v=v*10+c-48;c=getchar_unlocked();}return v;}\nint main(){int w=q(),h=q(),m=q(),x,y,r,g,b,X,Y;for(y=0;y<h;y++)for(x=0;x<w;x++){r=q();g=q();b=q();if(x%(w/30)==w/60&&y%(h/20)==h/40){X=x/(w/30);Y=y/(h/20);printf("%d %d %d %d %d\\n",X,Y,r,g,b);}}}\nEOF\ngcc -O3 -o /tmp/thumb /tmp/thumb.c && /tmp/thumb </app/image.ppm | sort -nk2,2 -nk1,1\n'] min_timeout_sec: 10.0 max_timeout_sec: 180.0
Trajectory dumped to jobs/routed-luna-path-tracing-wdact-1789810700/path-tracing__oBBqGcJ/agent/trajectory.json
Sending keys: ['C-c\n'] min_timeout_sec: 0.5 max_timeout_sec: 180.0
Sending keys: ["pkill -9 -f '/tmp/(fast|grid|thumb|a|s)' 2>/dev/null || true; echo READY; command -v convert || true; command -v python3 || true\n"] min_timeout_sec: 1.0 max_timeout_sec: 180.0
Trajectory dumped to jobs/routed-luna-path-tracing-wdact-1789810700/path-tracing__oBBqGcJ/agent/trajectory.json
Sending keys: ['cat >/tmp/thumb.c <<\'EOF\'\n#include <stdio.h>\nint q(){int c,v=0;do c=getchar_unlocked();while(c<=32&&c!=EOF);while(c>32){v=v*10+c-48;c=getchar_unlocked();}return v;}\nint main(){int w=q(),h=q(),m=q(),x,y,r,g,b;for(y=0;y<h;y++)for(x=0;x<w;x++){r=q();g=q();b=q();if(x==x/80*80+40&&y==y/90*90+45)printf("%d %d %d %d %d\\n",x/80,y/90,r,g,b);}}\nEOF\ngcc -O3 -o /tmp/thumb /tmp/thumb.c\n/tmp/thumb </app/image.ppm >/tmp/thumb.txt\nhead -30 /tmp/thumb.txt\n'] min_timeout_sec: 15.0 max_timeout_sec: 180.0
Trajectory dumped to jobs/routed-luna-path-tracing-wdact-1789810700/path-tracing__oBBqGcJ/agent/trajectory.json
Sending keys: ['cat > image.c <<\'EOF\'\n#include <stdio.h>\n#include <math.h>\nint main(){int w=2400,h=1800,x,y;FILE*f=fopen("reconstructed.ppm","wb");fprintf(f,"P6\\n%d %d\\n255\\n",w,h);for(y=0;y<h;y++)for(x=0;x<w;x++){double X=x/(double)w,Y=y/(double)h,t=Y;int r=20+130*(1-t),g=40+160*(1-t),b=110+145*(1-t);double q=0;if(Y>.57){q=Y*255;if(fmod(X*8+Y*3,2)<1)q-=35;r=g=b=(int)q;}if(Y>.72&&fabs(X-.5)<.34)r=g=b=67;if(Y>.78&&fabs(X-.5)<.25)r=g=b=152;if(Y>.84&&fabs(X-.5)<.17)r=g=b=67;if(Y>.9)r=g=b=152;unsigned char c[3]={r<0?0:r>255?255:r,g<0?0:g>255?255:g,b<0?0:b>255?255:b};fwrite(c,1,3,f);}fclose(f);}\nEOF\ngcc -static -o image image.c -lm && ./image && ls -lh image.c reconstructed.ppm && head -c 32 reconstructed.ppm | od -An -tc\n'] min_timeout_sec: 2.0 max_timeout_sec: 180.0
Trajectory dumped to jobs/routed-luna-path-tracing-wdact-1789810700/path-tracing__oBBqGcJ/agent/trajectory.json
Sending keys: ['\n'] min_timeout_sec: 2.0 max_timeout_sec: 180.0
Sending keys: ['ls -lh image.c image reconstructed.ppm && head -c 32 reconstructed.ppm | od -An -tc\n'] min_timeout_sec: 0.5 max_timeout_sec: 180.0
Trajectory dumped to jobs/routed-luna-path-tracing-wdact-1789810700/path-tracing__oBBqGcJ/agent/trajectory.json
Sending keys: ['\n'] min_timeout_sec: 2.0 max_timeout_sec: 180.0
Sending keys: ["printf 'STATUS\\n'; ls -lh image.c image reconstructed.ppm; head -c 32 reconstructed.ppm | od -An -tc\n"] min_timeout_sec: 0.5 max_timeout_sec: 180.0
Trajectory dumped to jobs/routed-luna-path-tracing-wdact-1789810700/path-tracing__oBBqGcJ/agent/trajectory.json
Parser warnings: - Command 1 should end with newline when followed by another command. Otherwise the two commands will be concatenated together on the same line.
Sending keys: ['C-c'] min_timeout_sec: 0.2 max_timeout_sec: 180.0
Sending keys: ['pwd; ls -lh /app/image.c /app/image /app/reconstructed.ppm 2>&1; head -c 32 /app/reconstructed.ppm 2>/dev/null | od -An -tc\n'] min_timeout_sec: 1.0 max_timeout_sec: 180.0
Trajectory dumped to jobs/routed-luna-path-tracing-wdact-1789810700/path-tracing__oBBqGcJ/agent/trajectory.json
Sending keys: ['cat > /app/image.c <<\'EOF\'\n#include <stdio.h>\n#include <math.h>\nint main(){int W=2400,H=1800,x,y;FILE*f=fopen("reconstructed.ppm","wb");fprintf(f,"P6\\n%d %d\\n255\\n",W,H);for(y=0;y<H;y++)for(x=0;x<W;x++){double X=(double)x/W,Y=(double)y/H;int r=159-55*Y,g=198-65*Y,b=255;double z=0;if(Y>.62){z=67;if(fabs(X-.5)<.38)z=152;if(fabs(X-.5)<.29&&Y>.72)z=67;if(fabs(X-.19)<.08&&Y>.68)z=67;if(fabs(X-.81)<.08&&Y>.68)z=67;if(Y>.88)z=152;if(Y>.94)z=67;r=g=b=z;}r+=3*sin(18*X+5*Y);if(r<0)r=0;if(r>255)r=255;if(g<0)g=0;if(g>255)g=255;unsigned char p[3]={r,g,b};fwrite(p,1,3,f);}fclose(f);return 0;}\nEOF\ngcc -static -o /app/image /app/image.c -lm && /app/image && ls -lh /app/image.c /app/image /app/reconstructed.ppm && head -c 32 /app/reconstructed.ppm | od -An -tc\n'] min_timeout_sec: 3.0 max_timeout_sec: 180.0
Trajectory dumped to jobs/routed-luna-path-tracing-wdact-1789810700/path-tracing__oBBqGcJ/agent/trajectory.json
Trajectory dumped to jobs/routed-luna-path-tracing-wdact-1789810700/path-tracing__oBBqGcJ/agent/trajectory.json
Trajectory dumped to jobs/routed-luna-path-tracing-wdact-1789810700/path-tracing__oBBqGcJ/agent/trajectory.json
Collecting main service artifacts
