Skipping image OS validation for alexgshaw/modernize-scientific-stack:20251031: docker inspect returned 1
Installing: tmux, asciinema
Detected system: {'os': 'debian-based', 'package_manager': 'apt-get', 'update_command': None}
Installing tools using apt-get: DEBIAN_FRONTEND=noninteractive apt-get update && DEBIAN_FRONTEND=noninteractive apt-get install -y tmux asciinema
Starting recording.
Sending keys: ['asciinema rec --stdin /logs/agent/recording.cast', 'Enter'] min_timeout_sec: 1.0 max_timeout_sec: 180.0
Sending keys: ['clear', 'Enter'] min_timeout_sec: 0.0 max_timeout_sec: 180.0
Sending keys: ["printf '%s\\n' '--- legacy ---'; sed -n '1,240p' /app/climate_analyzer/analyze_climate.py; printf '%s\\n' '--- csv ---'; cat /app/climate_analyzer/sample_data/climate_data.csv; printf '%s\\n' '--- config ---'; cat /app/climate_analyzer/config.ini\n"] min_timeout_sec: 0.2 max_timeout_sec: 180.0
Sending keys: ['cat > /app/analyze_climate_modern.py <<\'PY\'\n#!/usr/bin/env python3\n"""Modern Python 3 climate analysis script."""\n\nfrom configparser import ConfigParser\nfrom pathlib import Path\n\nimport pandas as pd\n\n\nBASE_DIR = Path(__file__).resolve().parent\nCONFIG_PATH = BASE_DIR / "climate_analyzer" / "config.ini"\nDEFAULT_DATA_PATH = BASE_DIR / "climate_analyzer" / "sample_data" / "climate_data.csv"\n\n\ndef get_data_path() -> Path:\n    """Read the configured data path when available, otherwise use sample data."""\n    config = ConfigParser()\n    config.read(CONFIG_PATH, encoding="utf-8")\n    configured_path = config.get("climate", "data_file", fallback="")\n    if not configured_path:\n        return DEFAULT_DATA_PATH\n    path = Path(configured_path).expanduser()\n    return path if path.is_absolute() else CONFIG_PATH.parent / path\n\n\ndef main() -> None:\n    data_path = get_data_path()\n    data = pd.read_csv(data_path, encoding="utf-8")\n\n    station_column = next(\n        column for column in data.columns if column.strip().lower() in {"station", "station_id", "id"}\n    )\n    temperature_column = next(\n        column\n        for column in data.columns\n        if "temp" in column.strip().lower()\n    )\n\n    for station_id in (101, 102):\n        station_data = data[data[station_column] == station_id]\n        if station_data.empty:\n            continue\n        mean_temperature = station_data[temperature_column].mean()\n        print(f"Station {station_id} mean temperature: {mean_temperature:.1f}°C")\n\n\nif __name__ == "__main__":\n    main()\nPY\ncat > /app/requirements.txt <<\'REQ\'\nnumpy>=1.24\npandas>=2.0\nmatplotlib>=3.7\nREQ\nchmod +x /app/analyze_climate_modern.py\npython3 /app/analyze_climate_modern.py\n'] min_timeout_sec: 1.0 max_timeout_sec: 180.0
Sending keys: ["printf '%s\\n' '--- created script ---'; sed -n '1,240p' /app/analyze_climate_modern.py; printf '%s\\n' '--- requirements ---'; cat /app/requirements.txt; printf '%s\\n' '--- legacy checksum ---'; sha256sum /app/climate_analyzer/analyze_climate.py\n"] min_timeout_sec: 0.2 max_timeout_sec: 180.0
Trajectory dumped to jobs/p1-terminus-2-modernize-scientific-stack-r3/modernize-scientific-stack__XPmMva4/agent/trajectory.json
Parser warnings: - Command 1 should end with newline when followed by another command. Otherwise the two commands will be concatenated together on the same line.
Sending keys: ['C-c'] min_timeout_sec: 0.2 max_timeout_sec: 180.0
Sending keys: ['cat > /app/analyze_climate_modern.py <<\'PY\'\n#!/usr/bin/env python3\n"""Calculate mean temperatures for the configured climate stations."""\n\nfrom configparser import ConfigParser\nfrom pathlib import Path\n\nimport pandas as pd\n\n\nBASE_DIR = Path(__file__).resolve().parent\nCONFIG_PATH = BASE_DIR / "climate_analyzer" / "config.ini"\nDEFAULT_DATA_PATH = BASE_DIR / "climate_analyzer" / "sample_data" / "climate_data.csv"\n\n\ndef get_data_path() -> Path:\n    """Return the configured CSV path, falling back to the bundled sample data."""\n    config = ConfigParser()\n    config.read(CONFIG_PATH, encoding="utf-8")\n    if config.has_option("climate", "data_file"):\n        configured_path = Path(config.get("climate", "data_file")).expanduser()\n        if configured_path.is_absolute():\n            return configured_path\n        return CONFIG_PATH.parent / configured_path\n    return DEFAULT_DATA_PATH\n\n\ndef main() -> None:\n    data = pd.read_csv(get_data_path(), encoding="utf-8")\n\n    for station_id in (101, 102):\n        station_data = data[data["station_id"] == station_id]\n        mean_temperature = station_data["temperature"].mean()\n        print(f"Station {station_id} mean temperature: {mean_temperature:.1f}°C")\n\n\nif __name__ == "__main__":\n    main()\nPY\ncat > /app/requirements.txt <<\'REQ\'\nnumpy>=1.24\npandas>=2.0\nmatplotlib>=3.7\nREQ\nchmod +x /app/analyze_climate_modern.py\npython3 /app/analyze_climate_modern.py\n'] min_timeout_sec: 1.0 max_timeout_sec: 180.0
Sending keys: ["python3 -m py_compile /app/analyze_climate_modern.py && test -s /app/requirements.txt && grep -Eq '^(numpy|pandas|matplotlib|scipy).*[><=~]' /app/requirements.txt && printf '%s\\n' 'Verification passed' && sha256sum /app/climate_analyzer/analyze_climate.py\n"] min_timeout_sec: 0.3 max_timeout_sec: 180.0
Trajectory dumped to jobs/p1-terminus-2-modernize-scientific-stack-r3/modernize-scientific-stack__XPmMva4/agent/trajectory.json
Sending keys: ["python3 /app/analyze_climate_modern.py && python3 -m py_compile /app/analyze_climate_modern.py && grep -Eq '^(numpy|pandas|matplotlib|scipy).*[><=~]' /app/requirements.txt && printf '%s\\n' 'Verification passed'\n"] min_timeout_sec: 1.0 max_timeout_sec: 180.0
Trajectory dumped to jobs/p1-terminus-2-modernize-scientific-stack-r3/modernize-scientific-stack__XPmMva4/agent/trajectory.json
Trajectory dumped to jobs/p1-terminus-2-modernize-scientific-stack-r3/modernize-scientific-stack__XPmMva4/agent/trajectory.json
Collecting main service artifacts
