Installing: tmux, asciinema
Detected system: {'os': 'debian-based', 'package_manager': 'apt-get', 'update_command': None}
Installing tools using apt-get: DEBIAN_FRONTEND=noninteractive apt-get update && DEBIAN_FRONTEND=noninteractive apt-get install -y tmux asciinema
Starting recording.
Sending keys: ['asciinema rec --stdin /logs/agent/recording.cast', 'Enter'] min_timeout_sec: 1.0 max_timeout_sec: 180.0
Sending keys: ['clear', 'Enter'] min_timeout_sec: 0.0 max_timeout_sec: 180.0
Parser warnings: - Extra text detected after JSON object
Sending keys: ["pwd; ls -la; printf '\\n--- plus_comm.v ---\\n'; sed -n '1,200p' plus_comm.v\n"] min_timeout_sec: 0.2 max_timeout_sec: 180.0
Trajectory dumped to jobs/p1-terminus-2-prove-plus-comm-r2/prove-plus-comm__kPDjZFN/agent/trajectory.json
Sending keys: ["python3 - <<'PY'\nfrom pathlib import Path\np = Path('plus_comm.v')\ns = p.read_text()\ns = s.replace('    (* Need to handle the base case *)\\n    admit', '    reflexivity')\ns = s.replace('    (* Need to use the inductive hypothesis and plus_n_Sm *)\\n    admit', '    rewrite plus_n_Sm.\\n    rewrite IHn\\'.\\n    reflexivity')\np.write_text(s)\nPY\ncat plus_comm.v\ncoqc plus_comm.v\nls -l plus_comm.vo\n"] min_timeout_sec: 1.0 max_timeout_sec: 180.0
Trajectory dumped to jobs/p1-terminus-2-prove-plus-comm-r2/prove-plus-comm__kPDjZFN/agent/trajectory.json
Sending keys: [''] min_timeout_sec: 1.0 max_timeout_sec: 180.0
Sending keys: ['ls -l plus_comm.vo\n'] min_timeout_sec: 0.1 max_timeout_sec: 180.0
Trajectory dumped to jobs/p1-terminus-2-prove-plus-comm-r2/prove-plus-comm__kPDjZFN/agent/trajectory.json
Sending keys: ["python3 - <<'PY'\nfrom pathlib import Path\np = Path('plus_comm.v')\ns = p.read_text()\ns = s.replace('  - simpl.\\n    reflexivity\\n  - simpl.', '  - simpl.\\n    rewrite plus_0_r.\\n    reflexivity\\n  - simpl.')\np.write_text(s)\nPY\ncat plus_comm.v\ncoqc plus_comm.v\nls -l plus_comm.vo\n"] min_timeout_sec: 1.0 max_timeout_sec: 180.0
Trajectory dumped to jobs/p1-terminus-2-prove-plus-comm-r2/prove-plus-comm__kPDjZFN/agent/trajectory.json
Sending keys: ["cat > plus_comm.v <<'EOF'\nRequire Import Arith.\n\nTheorem plus_comm : forall n m : nat,\n  n + m = m + n.\nProof.\n  intros n m.\n  induction n as [|n' IHn'].\n  - simpl.\n    rewrite plus_0_r.\n    reflexivity.\n  - simpl.\n    rewrite plus_n_Sm.\n    rewrite IHn'.\n    reflexivity.\nQed.\nEOF\ncat plus_comm.v\ncoqc plus_comm.v\nls -l plus_comm.vo\n"] min_timeout_sec: 1.0 max_timeout_sec: 180.0
Trajectory dumped to jobs/p1-terminus-2-prove-plus-comm-r2/prove-plus-comm__kPDjZFN/agent/trajectory.json
Sending keys: [''] min_timeout_sec: 1.0 max_timeout_sec: 180.0
Sending keys: ['ls -l plus_comm.vo\n'] min_timeout_sec: 0.1 max_timeout_sec: 180.0
Trajectory dumped to jobs/p1-terminus-2-prove-plus-comm-r2/prove-plus-comm__kPDjZFN/agent/trajectory.json
Sending keys: ["cat > plus_comm.v <<'EOF'\nRequire Import Arith.\n\nTheorem plus_comm : forall n m : nat,\n  n + m = m + n.\nProof.\n  intros n m.\n  induction n as [|n' IHn'].\n  - simpl.\n    rewrite Nat.add_0_r.\n    reflexivity.\n  - simpl.\n    rewrite Nat.add_succ_r.\n    f_equal.\n    exact IHn'.\nQed.\nEOF\ncat plus_comm.v\ncoqc plus_comm.v\nls -l plus_comm.vo\n"] min_timeout_sec: 1.0 max_timeout_sec: 180.0
Trajectory dumped to jobs/p1-terminus-2-prove-plus-comm-r2/prove-plus-comm__kPDjZFN/agent/trajectory.json
Sending keys: [''] min_timeout_sec: 1.0 max_timeout_sec: 180.0
Sending keys: ['ls -l plus_comm.vo\n'] min_timeout_sec: 0.1 max_timeout_sec: 180.0
Trajectory dumped to jobs/p1-terminus-2-prove-plus-comm-r2/prove-plus-comm__kPDjZFN/agent/trajectory.json
Trajectory dumped to jobs/p1-terminus-2-prove-plus-comm-r2/prove-plus-comm__kPDjZFN/agent/trajectory.json
Trajectory dumped to jobs/p1-terminus-2-prove-plus-comm-r2/prove-plus-comm__kPDjZFN/agent/trajectory.json
Trajectory dumped to jobs/p1-terminus-2-prove-plus-comm-r2/prove-plus-comm__kPDjZFN/agent/trajectory.json
Collecting main service artifacts
