Skipping image OS validation for alexgshaw/query-optimize:20251031: docker inspect returned 1
Installing: tmux, asciinema
Detected system: {'os': 'debian-based', 'package_manager': 'apt-get', 'update_command': None}
Installing tools using apt-get: DEBIAN_FRONTEND=noninteractive apt-get update && DEBIAN_FRONTEND=noninteractive apt-get install -y tmux asciinema
Starting recording.
Sending keys: ['asciinema rec --stdin /logs/agent/recording.cast', 'Enter'] min_timeout_sec: 1.0 max_timeout_sec: 180.0
Sending keys: ['clear', 'Enter'] min_timeout_sec: 0.0 max_timeout_sec: 180.0
Sending keys: ['printf \'%s\\n\' \'--- query ---\'; cat /app/my-sql-query.sql; printf \'%s\\n\' \'--- schema ---\'; sqlite3 /app/oewn.sqlite \'.schema\'; printf \'%s\\n\' \'--- indexes ---\'; sqlite3 /app/oewn.sqlite "SELECT type, name, tbl_name, sql FROM sqlite_master WHERE type IN (\'index\',\'table\') ORDER BY type, name;"\\n'] min_timeout_sec: 1.0 max_timeout_sec: 180.0
Trajectory dumped to jobs/p1-terminus-2-query-optimize-r1/query-optimize__LCxrakq/agent/trajectory.json
Parser warnings: - Command 1 should end with newline when followed by another command. Otherwise the two commands will be concatenated together on the same line.
Sending keys: ['C-c'] min_timeout_sec: 0.1 max_timeout_sec: 180.0
Sending keys: ['cat /app/my-sql-query.sql\n'] min_timeout_sec: 0.2 max_timeout_sec: 180.0
Sending keys: ["sqlite3 /app/oewn.sqlite '.schema'\n"] min_timeout_sec: 1.0 max_timeout_sec: 180.0
Sending keys: ['sqlite3 /app/oewn.sqlite "SELECT type, name, tbl_name, sql FROM sqlite_master WHERE type IN (\'index\',\'table\') ORDER BY type, name;"\n'] min_timeout_sec: 1.0 max_timeout_sec: 180.0
Trajectory dumped to jobs/p1-terminus-2-query-optimize-r1/query-optimize__LCxrakq/agent/trajectory.json
Sending keys: ["sqlite3 /app/oewn.sqlite 'SELECT sqlite_version();'\n"] min_timeout_sec: 0.2 max_timeout_sec: 180.0
Sending keys: ["cat > /app/sol.sql <<'SQL'\nWITH word_stats AS (\n  SELECT\n    s.wordid,\n    COUNT(DISTINCT s.synsetid) AS total_synsets,\n    COUNT(*) AS total_senses,\n    COUNT(DISTINCT syn.domainid) AS distinct_domains,\n    COUNT(DISTINCT syn.posid) AS distinct_posids\n  FROM senses AS s\n  JOIN synsets AS syn ON syn.synsetid = s.synsetid\n  GROUP BY s.wordid\n  HAVING total_synsets >= 2\n     AND distinct_domains >= 2\n     AND total_senses >= 2\n), synset_counts AS (\n  SELECT wordid, synsetid, COUNT(*) AS sense_count\n  FROM senses\n  GROUP BY wordid, synsetid\n), ranked AS (\n  SELECT\n    wordid,\n    synsetid,\n    sense_count,\n    ROW_NUMBER() OVER (\n      PARTITION BY wordid\n      ORDER BY sense_count DESC, synsetid ASC\n    ) AS rn\n  FROM synset_counts\n)\nSELECT\n  w.wordid AS word_id,\n  w.word AS word,\n  ws.total_synsets,\n  ws.total_senses,\n  ws.distinct_domains,\n  ws.distinct_posids,\n  r.synsetid AS top_synsetid,\n  r.sense_count AS top_synset_sense_count\nFROM word_stats AS ws\nJOIN words AS w ON w.wordid = ws.wordid\nJOIN ranked AS r ON r.wordid = ws.wordid AND r.rn = 1\nORDER BY\n  ws.total_senses DESC,\n  ws.total_synsets DESC,\n  ws.distinct_domains DESC,\n  word_id ASC\nLIMIT 500;\nSQL\nsqlite3 /app/oewn.sqlite < /app/my-sql-query.sql > /tmp/original.out\nsqlite3 /app/oewn.sqlite < /app/sol.sql > /tmp/solution.out\ndiff -u /tmp/original.out /tmp/solution.out\nprintf 'original_rows='; wc -l < /tmp/original.out\nprintf 'solution_rows='; wc -l < /tmp/solution.out\nprintf 'solution_bytes='; wc -c < /app/sol.sql\n"] min_timeout_sec: 2.0 max_timeout_sec: 180.0
Sending keys: ['printf \'%s\\n\' \'--- original plan ---\'; sqlite3 /app/oewn.sqlite "EXPLAIN QUERY PLAN $(tr \'\\n\' \' \' < /app/my-sql-query.sql)"; printf \'%s\\n\' \'--- optimized plan ---\'; sqlite3 /app/oewn.sqlite "EXPLAIN QUERY PLAN $(tr \'\\n\' \' \' < /app/sol.sql)"\n'] min_timeout_sec: 1.0 max_timeout_sec: 180.0
Trajectory dumped to jobs/p1-terminus-2-query-optimize-r1/query-optimize__LCxrakq/agent/trajectory.json
Sending keys: [''] min_timeout_sec: 5.0 max_timeout_sec: 180.0
Trajectory dumped to jobs/p1-terminus-2-query-optimize-r1/query-optimize__LCxrakq/agent/trajectory.json
Parser warnings: - Command 1 should end with newline when followed by another command. Otherwise the two commands will be concatenated together on the same line.
Sending keys: ['C-c'] min_timeout_sec: 0.2 max_timeout_sec: 180.0
Sending keys: ["sqlite3 /app/oewn.sqlite < /app/sol.sql > /tmp/solution.out && printf 'solution_rows=' && wc -l < /tmp/solution.out && printf 'solution_first_rows:\\n' && head -n 3 /tmp/solution.out\n"] min_timeout_sec: 5.0 max_timeout_sec: 180.0
Sending keys: ['printf \'comments=\'; grep -Ec -- \'--|/\\*|\\*/\' /app/sol.sql || true; printf \'semicolons=\'; tr -cd \';\' < /app/sol.sql | wc -c; printf \'statements=\'; sqlite3 /app/oewn.sqlite "EXPLAIN $(cat /app/sol.sql)" >/dev/null && echo 1\n'] min_timeout_sec: 2.0 max_timeout_sec: 180.0
Sending keys: ['printf \'%s\\n\' \'--- optimized plan ---\'; sqlite3 /app/oewn.sqlite "EXPLAIN QUERY PLAN $(tr \'\\n\' \' \' < /app/sol.sql)"\n'] min_timeout_sec: 2.0 max_timeout_sec: 180.0
Sending keys: ['timeout 60 sqlite3 /app/oewn.sqlite < /app/my-sql-query.sql > /tmp/original.out; status=$?; echo original_status=$status; if [ "$status" = 0 ]; then diff -u /tmp/original.out /tmp/solution.out; echo diff_status=$?; fi\n'] min_timeout_sec: 60.0 max_timeout_sec: 180.0
Trajectory dumped to jobs/p1-terminus-2-query-optimize-r1/query-optimize__LCxrakq/agent/trajectory.json
Sending keys: [''] min_timeout_sec: 60.0 max_timeout_sec: 180.0
Trajectory dumped to jobs/p1-terminus-2-query-optimize-r1/query-optimize__LCxrakq/agent/trajectory.json
Trajectory dumped to jobs/p1-terminus-2-query-optimize-r1/query-optimize__LCxrakq/agent/trajectory.json
Sending keys: ["cat > /app/sol.sql <<'SQL'\nWITH synset_counts AS (\n  SELECT wordid, synsetid, COUNT(*) AS sense_count\n  FROM senses\n  GROUP BY wordid, synsetid\n), word_stats AS (\n  SELECT\n    c.wordid,\n    COUNT(*) AS total_synsets,\n    SUM(c.sense_count) AS total_senses,\n    COUNT(DISTINCT syn.domainid) AS distinct_domains,\n    COUNT(DISTINCT syn.posid) AS distinct_posids\n  FROM synset_counts AS c\n  JOIN synsets AS syn ON syn.synsetid = c.synsetid\n  GROUP BY c.wordid\n  HAVING total_synsets >= 2\n     AND distinct_domains >= 2\n     AND total_senses >= 2\n), ranked AS (\n  SELECT\n    wordid,\n    synsetid,\n    sense_count,\n    ROW_NUMBER() OVER (\n      PARTITION BY wordid\n      ORDER BY sense_count DESC, synsetid ASC\n    ) AS rn\n  FROM synset_counts\n)\nSELECT\n  w.wordid AS word_id,\n  w.word AS word,\n  ws.total_synsets,\n  ws.total_senses,\n  ws.distinct_domains,\n  ws.distinct_posids,\n  r.synsetid AS top_synsetid,\n  r.sense_count AS top_synset_sense_count\nFROM word_stats AS ws\nJOIN words AS w ON w.wordid = ws.wordid\nJOIN ranked AS r ON r.wordid = ws.wordid AND r.rn = 1\nORDER BY\n  ws.total_senses DESC,\n  ws.total_synsets DESC,\n  ws.distinct_domains DESC,\n  word_id ASC\nLIMIT 500;\nSQL\nsqlite3 /app/oewn.sqlite < /app/sol.sql > /tmp/solution2.out && printf 'rows=' && wc -l < /tmp/solution2.out && cmp -s /tmp/solution.out /tmp/solution2.out && echo output_unchanged=yes\n"] min_timeout_sec: 5.0 max_timeout_sec: 180.0
Sending keys: ['printf \'comments=\'; grep -Ec -- \'--|/\\*|\\*/\' /app/sol.sql || true; printf \'semicolons=\'; tr -cd \';\' < /app/sol.sql | wc -c; sqlite3 /app/oewn.sqlite "EXPLAIN $(cat /app/sol.sql)" >/dev/null && echo valid_sql=yes\n'] min_timeout_sec: 2.0 max_timeout_sec: 180.0
Trajectory dumped to jobs/p1-terminus-2-query-optimize-r1/query-optimize__LCxrakq/agent/trajectory.json
Trajectory dumped to jobs/p1-terminus-2-query-optimize-r1/query-optimize__LCxrakq/agent/trajectory.json
Trajectory dumped to jobs/p1-terminus-2-query-optimize-r1/query-optimize__LCxrakq/agent/trajectory.json
Trajectory dumped to jobs/p1-terminus-2-query-optimize-r1/query-optimize__LCxrakq/agent/trajectory.json
Collecting main service artifacts
