Skipping image OS validation for alexgshaw/query-optimize:20251031: docker inspect returned 1
Installing: tmux, asciinema
Detected system: {'os': 'debian-based', 'package_manager': 'apt-get', 'update_command': None}
Installing tools using apt-get: DEBIAN_FRONTEND=noninteractive apt-get update && DEBIAN_FRONTEND=noninteractive apt-get install -y tmux asciinema
Starting recording.
Sending keys: ['asciinema rec --stdin /logs/agent/recording.cast', 'Enter'] min_timeout_sec: 1.0 max_timeout_sec: 180.0
Sending keys: ['clear', 'Enter'] min_timeout_sec: 0.0 max_timeout_sec: 180.0
Sending keys: ['printf \'%s\\n\' \'--- original query ---\'; cat /app/my-sql-query.sql; printf \'%s\\n\' \'--- schema ---\'; sqlite3 /app/oewn.sqlite \'.schema\'; printf \'%s\\n\' \'--- indexes ---\'; sqlite3 /app/oewn.sqlite "SELECT type, name, tbl_name, sql FROM sqlite_master WHERE type IN (\'index\',\'table\') ORDER BY type, name;"\\n'] min_timeout_sec: 1.0 max_timeout_sec: 180.0
Trajectory dumped to jobs/p1-terminus-2-query-optimize-r2/query-optimize__BweX5cZ/agent/trajectory.json
Parser warnings: - Command 1 should end with newline when followed by another command. Otherwise the two commands will be concatenated together on the same line.
Sending keys: ['\x03'] min_timeout_sec: 0.1 max_timeout_sec: 180.0
Sending keys: ['cat /app/my-sql-query.sql\n'] min_timeout_sec: 0.2 max_timeout_sec: 180.0
Sending keys: ["sqlite3 /app/oewn.sqlite '.schema'\n"] min_timeout_sec: 1.0 max_timeout_sec: 180.0
Sending keys: ['sqlite3 /app/oewn.sqlite "SELECT type, name, tbl_name, sql FROM sqlite_master WHERE type IN (\'index\',\'table\') ORDER BY type, name;"\n'] min_timeout_sec: 1.0 max_timeout_sec: 180.0
Trajectory dumped to jobs/p1-terminus-2-query-optimize-r2/query-optimize__BweX5cZ/agent/trajectory.json
Sending keys: ['sqlite3 /app/oewn.sqlite \'SELECT sqlite_version(); SELECT "words", count(*) FROM words UNION ALL SELECT "senses", count(*) FROM senses UNION ALL SELECT "synsets", count(*) FROM synsets;\'\n'] min_timeout_sec: 1.0 max_timeout_sec: 180.0
Sending keys: ["sqlite3 /app/oewn.sqlite 'EXPLAIN QUERY PLAN SELECT w.wordid AS word_id, w.word AS word, total_synsets, total_senses, distinct_domains, distinct_posids, (SELECT s.synsetid FROM senses s WHERE s.wordid = w.wordid GROUP BY s.synsetid ORDER BY COUNT(*) DESC, s.synsetid ASC LIMIT 1) AS top_synsetid, (SELECT COUNT(*) FROM senses s WHERE s.wordid = w.wordid AND s.synsetid = (SELECT s2.synsetid FROM senses s2 WHERE s2.wordid = w.wordid GROUP BY s2.synsetid ORDER BY COUNT(*) DESC, s2.synsetid ASC LIMIT 1)) AS top_synset_sense_count FROM (SELECT w.wordid, w.word, COUNT(DISTINCT s.synsetid) AS total_synsets, COUNT(*) AS total_senses, COUNT(DISTINCT syn.domainid) AS distinct_domains, COUNT(DISTINCT syn.posid) AS distinct_posids FROM words w JOIN senses s ON w.wordid = s.wordid JOIN synsets syn ON s.synsetid = syn.synsetid GROUP BY w.wordid, w.word HAVING total_synsets >= 2 AND distinct_domains >= 2 AND total_senses >= 2) w ORDER BY total_senses DESC, total_synsets DESC, distinct_domains DESC, word_id ASC LIMIT 500;'\n"] min_timeout_sec: 1.0 max_timeout_sec: 180.0
Sending keys: ["cat > /tmp/optimized.sql <<'SQL'\nWITH word_synset AS MATERIALIZED (\n  SELECT s.wordid, s.synsetid, COUNT(*) AS sense_count\n  FROM senses AS s\n  GROUP BY s.wordid, s.synsetid\n), stats AS (\n  SELECT ws.wordid, w.word,\n         COUNT(*) AS total_synsets,\n         SUM(ws.sense_count) AS total_senses,\n         COUNT(DISTINCT syn.domainid) AS distinct_domains,\n         COUNT(DISTINCT syn.posid) AS distinct_posids\n  FROM word_synset AS ws\n  JOIN words AS w ON w.wordid = ws.wordid\n  JOIN synsets AS syn ON syn.synsetid = ws.synsetid\n  GROUP BY ws.wordid, w.word\n  HAVING total_synsets >= 2\n     AND distinct_domains >= 2\n     AND total_senses >= 2\n), ranked AS (\n  SELECT wordid, synsetid, sense_count,\n         ROW_NUMBER() OVER (\n           PARTITION BY wordid\n           ORDER BY sense_count DESC, synsetid ASC\n         ) AS rn\n  FROM word_synset\n)\nSELECT st.wordid AS word_id,\n       st.word AS word,\n       st.total_synsets,\n       st.total_senses,\n       st.distinct_domains,\n       st.distinct_posids,\n       r.synsetid AS top_synsetid,\n       r.sense_count AS top_synset_sense_count\nFROM stats AS st\nJOIN ranked AS r ON r.wordid = st.wordid AND r.rn = 1\nORDER BY st.total_senses DESC,\n         st.total_synsets DESC,\n         st.distinct_domains DESC,\n         word_id ASC\nLIMIT 500;\nSQL\nsqlite3 /app/oewn.sqlite < /tmp/optimized.sql > /tmp/optimized.out\nsqlite3 /app/oewn.sqlite < /app/my-sql-query.sql > /tmp/original.out\nprintf 'original rows: '; wc -l < /tmp/original.out\nprintf 'optimized rows: '; wc -l < /tmp/optimized.out\nprintf 'original hash: '; sha256sum /tmp/original.out\nprintf 'optimized hash: '; sha256sum /tmp/optimized.out\nprintf 'differences: '; diff -u /tmp/original.out /tmp/optimized.out | head -40\n"] min_timeout_sec: 10.0 max_timeout_sec: 180.0
Trajectory dumped to jobs/p1-terminus-2-query-optimize-r2/query-optimize__BweX5cZ/agent/trajectory.json
Sending keys: ["printf 'original rows: '; wc -l < /tmp/original.out; printf 'optimized rows: '; wc -l < /tmp/optimized.out; printf 'original hash: '; sha256sum /tmp/original.out; printf 'optimized hash: '; sha256sum /tmp/optimized.out; printf 'byte comparison: '; cmp -s /tmp/original.out /tmp/optimized.out && echo MATCH || echo DIFFERENT; printf 'text diff lines: '; diff -u /tmp/original.out /tmp/optimized.out | wc -l\n"] min_timeout_sec: 1.0 max_timeout_sec: 180.0
Sending keys: ['sqlite3 -separator \'|\' /app/oewn.sqlite "ATTACH \'/tmp/optimized.sql\' AS unused; SELECT \'original_minus_optimized\', count(*) FROM ((SELECT * FROM (SELECT w.wordid AS word_id, w.word AS word, total_synsets, total_senses, distinct_domains, distinct_posids, (SELECT s.synsetid FROM senses s WHERE s.wordid = w.wordid GROUP BY s.synsetid ORDER BY COUNT(*) DESC, s.synsetid ASC LIMIT 1) AS top_synsetid, (SELECT COUNT(*) FROM senses s WHERE s.wordid = w.wordid AND s.synsetid = (SELECT s2.synsetid FROM senses s2 WHERE s2.wordid = w.wordid GROUP BY s2.synsetid ORDER BY COUNT(*) DESC, s2.synsetid ASC LIMIT 1)) AS top_synset_sense_count FROM (SELECT w.wordid, w.word, COUNT(DISTINCT s.synsetid) AS total_synsets, COUNT(*) AS total_senses, COUNT(DISTINCT syn.domainid) AS distinct_domains, COUNT(DISTINCT syn.posid) AS distinct_posids FROM words w JOIN senses s ON w.wordid = s.wordid JOIN synsets syn ON s.synsetid = syn.synsetid GROUP BY w.wordid, w.word HAVING total_synsets >= 2 AND distinct_domains >= 2 AND total_senses >= 2) w ORDER BY total_senses DESC, total_synsets DESC, distinct_domains DESC, word_id ASC LIMIT 500)) EXCEPT SELECT * FROM (SELECT * FROM (WITH word_synset AS MATERIALIZED (SELECT s.wordid, s.synsetid, COUNT(*) AS sense_count FROM senses AS s GROUP BY s.wordid, s.synsetid), stats AS (SELECT ws.wordid, w.word, COUNT(*) AS total_synsets, SUM(ws.sense_count) AS total_senses, COUNT(DISTINCT syn.domainid) AS distinct_domains, COUNT(DISTINCT syn.posid) AS distinct_posids FROM word_synset AS ws JOIN words AS w ON w.wordid = ws.wordid JOIN synsets AS syn ON syn.synsetid = ws.synsetid GROUP BY ws.wordid, w.word HAVING total_synsets >= 2 AND distinct_domains >= 2 AND total_senses >= 2), ranked AS (SELECT wordid, synsetid, sense_count, ROW_NUMBER() OVER (PARTITION BY wordid ORDER BY sense_count DESC, synsetid ASC) AS rn FROM word_synset) SELECT st.wordid AS word_id, st.word AS word, st.total_synsets, st.total_senses, st.distinct_domains, st.distinct_posids, r.synsetid AS top_synsetid, r.sense_count AS top_synset_sense_count FROM stats AS st JOIN ranked AS r ON r.wordid = st.wordid AND r.rn = 1 ORDER BY st.total_senses DESC, st.total_synsets DESC, st.distinct_domains DESC, word_id ASC LIMIT 500)));"\n'] min_timeout_sec: 10.0 max_timeout_sec: 180.0
Sending keys: ["sqlite3 /app/oewn.sqlite 'EXPLAIN QUERY PLAN' < /tmp/optimized.sql\n"] min_timeout_sec: 2.0 max_timeout_sec: 180.0
Sending keys: ["printf '%s\\n' '--- original timing ---'; time sqlite3 /app/oewn.sqlite < /app/my-sql-query.sql > /dev/null; printf '%s\\n' '--- optimized timing ---'; time sqlite3 /app/oewn.sqlite < /tmp/optimized.sql > /dev/null\n"] min_timeout_sec: 10.0 max_timeout_sec: 180.0
Trajectory dumped to jobs/p1-terminus-2-query-optimize-r2/query-optimize__BweX5cZ/agent/trajectory.json
Sending keys: ['\x03\n'] min_timeout_sec: 0.2 max_timeout_sec: 180.0
Sending keys: ["printf 'original rows: '; wc -l < /tmp/original.out\n"] min_timeout_sec: 0.1 max_timeout_sec: 180.0
Sending keys: ["printf 'optimized rows: '; wc -l < /tmp/optimized.out\n"] min_timeout_sec: 0.1 max_timeout_sec: 180.0
Sending keys: ['sha256sum /tmp/original.out /tmp/optimized.out\n'] min_timeout_sec: 0.2 max_timeout_sec: 180.0
Sending keys: ['cmp -s /tmp/original.out /tmp/optimized.out; if [ $? -eq 0 ]; then echo OUTPUT_MATCH; else echo OUTPUT_DIFFERENT; fi\n'] min_timeout_sec: 0.2 max_timeout_sec: 180.0
Sending keys: ['cp /tmp/optimized.sql /app/sol.sql\n'] min_timeout_sec: 0.1 max_timeout_sec: 180.0
Sending keys: ["printf 'statement terminators: '; grep -o ';' /app/sol.sql | wc -l; printf 'comments: '; grep -E '(^|[[:space:]])(--|/\\*)' /app/sol.sql | wc -l; tail -n 4 /app/sol.sql\n"] min_timeout_sec: 0.2 max_timeout_sec: 180.0
Sending keys: ['sqlite3 /app/oewn.sqlite < /app/sol.sql > /tmp/solution.out && cmp -s /tmp/optimized.out /tmp/solution.out && echo SOLUTION_VALID\n'] min_timeout_sec: 2.0 max_timeout_sec: 180.0
Trajectory dumped to jobs/p1-terminus-2-query-optimize-r2/query-optimize__BweX5cZ/agent/trajectory.json
Sending keys: ['rm -f /tmp/original.out; time sqlite3 /app/oewn.sqlite < /app/my-sql-query.sql > /tmp/original.out\n'] min_timeout_sec: 30.0 max_timeout_sec: 180.0
Sending keys: ["printf 'original rows: '; wc -l < /tmp/original.out; printf 'optimized rows: '; wc -l < /tmp/optimized.out; sha256sum /tmp/original.out /tmp/optimized.out; cmp -s /tmp/original.out /tmp/optimized.out && echo OUTPUT_MATCH || echo OUTPUT_DIFFERENT\n"] min_timeout_sec: 0.5 max_timeout_sec: 180.0
Trajectory dumped to jobs/p1-terminus-2-query-optimize-r2/query-optimize__BweX5cZ/agent/trajectory.json
Sending keys: [''] min_timeout_sec: 30.0 max_timeout_sec: 180.0
Trajectory dumped to jobs/p1-terminus-2-query-optimize-r2/query-optimize__BweX5cZ/agent/trajectory.json
Sending keys: [''] min_timeout_sec: 30.0 max_timeout_sec: 180.0
Trajectory dumped to jobs/p1-terminus-2-query-optimize-r2/query-optimize__BweX5cZ/agent/trajectory.json
Trajectory dumped to jobs/p1-terminus-2-query-optimize-r2/query-optimize__BweX5cZ/agent/trajectory.json
Trajectory dumped to jobs/p1-terminus-2-query-optimize-r2/query-optimize__BweX5cZ/agent/trajectory.json
Trajectory dumped to jobs/p1-terminus-2-query-optimize-r2/query-optimize__BweX5cZ/agent/trajectory.json
Collecting main service artifacts
