Skipping image OS validation for alexgshaw/chess-best-move:20251031: docker inspect returned 1
Installing: tmux, asciinema
Detected system: {'os': 'debian-based', 'package_manager': 'apt-get', 'update_command': None}
Installing tools using apt-get: DEBIAN_FRONTEND=noninteractive apt-get update && DEBIAN_FRONTEND=noninteractive apt-get install -y tmux asciinema
Starting recording.
Sending keys: ['asciinema rec --stdin /logs/agent/recording.cast', 'Enter'] min_timeout_sec: 1.0 max_timeout_sec: 180.0
Sending keys: ['clear', 'Enter'] min_timeout_sec: 0.0 max_timeout_sec: 180.0
Sending keys: ["ls -lah /app && file /app/chess_board.png && python3 - <<'PY'\nfrom PIL import Image\nim=Image.open('/app/chess_board.png')\nprint(im.size, im.mode)\nPY\n"] min_timeout_sec: 0.5 max_timeout_sec: 180.0
Sending keys: ["which stockfish || true; find /usr/games /usr/bin -maxdepth 1 -iname '*stockfish*' -o -iname '*chess*' 2>/dev/null | head\n"] min_timeout_sec: 0.5 max_timeout_sec: 180.0
Trajectory dumped to jobs/p1-terminus-2-chess-best-move-r2/chess-best-move__g27uL8U/agent/trajectory.json
Sending keys: ["python3 - <<'PY'\nfrom PIL import Image\nim=Image.open('/app/chess_board.png')\nprint('size=', im.size, 'mode=', im.mode)\nprint('bbox=', im.getbbox())\nprint('corners=', [im.getpixel(p) for p in [(0,0),(im.width-1,0),(0,im.height-1),(im.width-1,im.height-1)]])\nPY\npython3 - <<'PY'\ntry:\n import cv2; print('cv2 available', cv2.__version__)\nexcept Exception as e: print('cv2 unavailable',e)\ntry:\n import chess; print('python-chess available')\nexcept Exception as e: print('python-chess unavailable',e)\nPY\n"] min_timeout_sec: 0.5 max_timeout_sec: 180.0
Sending keys: ["find / -type f \\( -iname '*stockfish*' -o -iname '*lc0*' -o -iname '*crafty*' -o -iname '*gnuchess*' \\) 2>/dev/null | head -20\n"] min_timeout_sec: 1.0 max_timeout_sec: 180.0
Trajectory dumped to jobs/p1-terminus-2-chess-best-move-r2/chess-best-move__g27uL8U/agent/trajectory.json
Sending keys: ["python3 - <<'PY'\nfrom PIL import Image\nimport numpy as np\nim=np.array(Image.open('/app/chess_board.png'))\n# Each square is 80x80. Estimate its background from its corners, then measure deviations.\nfor r in range(8):\n row=[]\n for c in range(8):\n  a=im[r*80:(r+1)*80,c*80:(c+1)*80]\n  bg=np.median(np.concatenate([a[:8,:8].reshape(-1,3),a[:8,-8:].reshape(-1,3),a[-8:,:8].reshape(-1,3),a[-8:,-8:].reshape(-1,3)]),axis=0)\n  d=np.linalg.norm(a.astype(float)-bg,axis=2)\n  # central region avoids grid/corner artifacts\n  score=np.mean(d[8:-8,8:-8]>18)\n  row.append(f'{score:4.2f}')\n print(' '.join(row))\nprint('rows are rank 8 to rank 1; columns files a to h')\nPY\n"] min_timeout_sec: 0.5 max_timeout_sec: 180.0
Sending keys: ["which tesseract chafa viu jp2 2>/dev/null || true; python3 - <<'PY'\nfrom PIL import Image\nimport numpy as np\nim=np.array(Image.open('/app/chess_board.png').convert('L'))\nchars=' .:-=+*#%@'\n# Render board at 80 columns x 40 rows, preserving approximate silhouette.\nfor y in range(0,640,16):\n s=''\n for x in range(0,640,8):\n  v=im[y:y+16,x:x+8].mean()\n  s+=chars[min(9,int(v/256*10))]\n print(s)\nPY\n"] min_timeout_sec: 0.5 max_timeout_sec: 180.0
Trajectory dumped to jobs/p1-terminus-2-chess-best-move-r2/chess-best-move__g27uL8U/agent/trajectory.json
Sending keys: ["python3 - <<'PY'\nfrom PIL import Image\nim=Image.open('/app/chess_board.png').convert('RGB')\nfor r in range(8):\n out=[]\n for c in range(8):\n  pts=[]\n  for y in range(r*80+2,r*80+10):\n   for x in range(c*80+2,c*80+10): pts.append(im.getpixel((x,y)))\n  bg=tuple(sorted(p[k] for p in pts)[len(pts)//2] for k in range(3))\n  n=0; total=0\n  for y in range(r*80+10,r*80+70):\n   for x in range(c*80+10,c*80+70):\n    p=im.getpixel((x,y)); d=sum((p[k]-bg[k])**2 for k in range(3))**0.5\n    if d>22: n+=1\n    total+=1\n  out.append('%4.2f'%(n/total))\n print(' '.join(out))\nprint('rank 8 at top; files a-h left to right')\nPY\n"] min_timeout_sec: 0.5 max_timeout_sec: 180.0
Sending keys: ["python3 - <<'PY'\nfrom PIL import Image\nim=Image.open('/app/chess_board.png').convert('L')\nchars=' .:-=+*#%@'\nfor r in range(8):\n for sy in range(0,80,5):\n  line=''\n  for c in range(8):\n   for sx in range(0,80,5):\n    vals=[im.getpixel((c*80+x,r*80+y)) for y in range(sy,sy+5) for x in range(sx,sx+5)]\n    v=sum(vals)/len(vals)\n    line+=chars[min(9,int(v*10/256))]\n   line+=' '\n  print(line)\n print()\nPY\n"] min_timeout_sec: 1.0 max_timeout_sec: 180.0
Trajectory dumped to jobs/p1-terminus-2-chess-best-move-r2/chess-best-move__g27uL8U/agent/trajectory.json
Sending keys: ["python3 - <<'PY'\nfrom PIL import Image\nim=Image.open('/app/chess_board.png').convert('RGB')\nfiles='abcdefgh'\nfor r in range(8):\n for c in range(8):\n  # estimate board color from a thin corner patch\n  pts=[im.getpixel((c*80+x,r*80+y)) for y in range(2,10) for x in range(2,10)]\n  bg=[sorted(p[k] for p in pts)[len(pts)//2] for k in range(3)]\n  vals=[]\n  for y in range(r*80+10,r*80+70):\n   for x in range(c*80+10,c*80+70):\n    p=im.getpixel((x,y)); vals.append(sum((p[k]-bg[k])**2 for k in range(3))**0.5)\n  score=sum(v>22 for v in vals)/len(vals)\n  if score<0.04: continue\n  print('\\n=== %s%d score %.2f bg %s ==='%(files[c],8-r,score,bg))\n  # 16x16 blocks, print deviation from local background; high deviation is piece\n  for yy in range(16):\n   line=''\n   for xx in range(16):\n    ds=[]\n    for y in range(r*80+yy*5,r*80+(yy+1)*5):\n     for x in range(c*80+xx*5,c*80+(xx+1)*5):\n      p=im.getpixel((x,y)); ds.append(sum((p[k]-bg[k])**2 for k in range(3))**0.5)\n    d=sum(ds)/len(ds)\n    line += ' .:-=+*#%@'[min(9,int(d/18))]\n   print(line)\nPY\n"] min_timeout_sec: 1.0 max_timeout_sec: 180.0
Trajectory dumped to jobs/p1-terminus-2-chess-best-move-r2/chess-best-move__g27uL8U/agent/trajectory.json
Sending keys: ["python3 - <<'PY'\nfrom PIL import Image\nfrom collections import Counter\nim=Image.open('/app/chess_board.png').convert('RGB'); files='abcdefgh'\nfor r in range(8):\n for c in range(8):\n  pts=[im.getpixel((c*80+x,r*80+y)) for y in range(2,10) for x in range(2,10)]\n  bg=[sorted(p[k] for p in pts)[len(pts)//2] for k in range(3)]\n  fg=[]\n  for y in range(r*80+10,r*80+70):\n   for x in range(c*80+10,c*80+70):\n    p=im.getpixel((x,y)); d=sum((p[k]-bg[k])**2 for k in range(3))**0.5\n    if d>30: fg.append(p)\n  if len(fg)<100: continue\n  avg=tuple(sum(p[k] for p in fg)//len(fg) for k in range(3))\n  dark=sum(sum(p)<300 for p in fg)/len(fg)\n  light=sum(sum(p)>600 for p in fg)/len(fg)\n  common=Counter(fg).most_common(3)\n  print(f'{files[c]}{8-r}: n={len(fg):4d} avg={avg} dark={dark:.2f} light={light:.2f} common={common}')\nPY\n"] min_timeout_sec: 1.0 max_timeout_sec: 180.0
Sending keys: ["python3 - <<'PY'\nfrom PIL import Image\nim=Image.open('/app/chess_board.png').convert('RGB'); files='abcdefgh'\n# Print center pixel RGB grid, useful for distinguishing solid dark vs light pieces.\nfor r in range(8):\n row=[]\n for c in range(8):\n  p=im.getpixel((c*80+40,r*80+40)); row.append('%3d,%3d,%3d'%p)\n print(' | '.join(row))\nPY\n"] min_timeout_sec: 0.5 max_timeout_sec: 180.0
Trajectory dumped to jobs/p1-terminus-2-chess-best-move-r2/chess-best-move__g27uL8U/agent/trajectory.json
Sending keys: ["python3 - <<'PY'\nfrom PIL import Image\nim=Image.open('/app/chess_board.png').convert('RGB')\nfiles='abcdefgh'\nwhite=['e5','h5','a3','c3','b2','e2','f2','g2','a1','c1','e1','h1']\nfor sq in white:\n c=files.index(sq[0]); r=8-int(sq[1]); print('\\n===',sq,'===')\n for yy in range(16):\n  line=''\n  for xx in range(16):\n   vals=[]\n   for y in range(r*80+yy*5,r*80+(yy+1)*5):\n    for x in range(c*80+xx*5,c*80+(xx+1)*5):\n     p=im.getpixel((x,y)); vals.append(sum(p)/3)\n   v=sum(vals)/len(vals)\n   line += ' .:-=+*#%@'[min(9,max(0,int((v-150)*10/106)))]\n  print(line)\nPY\n"] min_timeout_sec: 1.0 max_timeout_sec: 180.0
Sending keys: ["python3 - <<'PY'\nfrom PIL import Image\nim=Image.open('/app/chess_board.png').convert('RGB'); files='abcdefgh'\n# summarize vertical/horizontal bright-pixel mass for white pieces\nfor sq in ['e5','h5','a3','c3','b2','e2','f2','g2','a1','c1','e1','h1']:\n c=files.index(sq[0]); r=8-int(sq[1]); print('\\n',sq)\n for yy in range(0,80,4):\n  n=0\n  for y in range(r*80+yy,r*80+yy+4):\n   for x in range(c*80,c*80+80):\n    if sum(im.getpixel((x,y)))>735:n+=1\n  print('%2d'%min(80,n//2),end=' ')\n print()\nPY\n"] min_timeout_sec: 0.5 max_timeout_sec: 180.0
Trajectory dumped to jobs/p1-terminus-2-chess-best-move-r2/chess-best-move__g27uL8U/agent/trajectory.json
Sending keys: ['apt-get update -qq && apt-get install -y -qq stockfish python3-pip >/dev/null 2>&1 && pip3 install -q python-chess\n'] min_timeout_sec: 10.0 max_timeout_sec: 180.0
Sending keys: ["which stockfish || find /usr -type f -iname 'stockfish*' 2>/dev/null | head; python3 - <<'PY'\nimport chess\nprint('python-chess', chess.__version__)\nPY\n"] min_timeout_sec: 2.0 max_timeout_sec: 180.0
Trajectory dumped to jobs/p1-terminus-2-chess-best-move-r2/chess-best-move__g27uL8U/agent/trajectory.json
Sending keys: [''] min_timeout_sec: 10.0 max_timeout_sec: 180.0
Trajectory dumped to jobs/p1-terminus-2-chess-best-move-r2/chess-best-move__g27uL8U/agent/trajectory.json
Sending keys: ["pip3 install --break-system-packages -q python-chess && (which stockfish || find /usr -type f -iname 'stockfish*' 2>/dev/null | head -1)\n"] min_timeout_sec: 5.0 max_timeout_sec: 180.0
Sending keys: ["python3 - <<'PY'\nfrom PIL import Image\nim=Image.open('/app/chess_board.png').convert('RGB')\nblack=['a8','c8','d8','f8','b7','f7','g7','a6','c6','e6','d5','f5','g5']\nwhite=['e5','h5','a3','c3','b2','e2','f2','g2','a1','c1','e1','h1']\nfiles='abcdefgh'\ndef mask(sq,side):\n c=files.index(sq[0]); r=8-int(sq[1]); out=[]\n for yy in range(16):\n  row=[]\n  for xx in range(16):\n   n=0\n   for y in range(r*80+yy*5,r*80+(yy+1)*5):\n    for x in range(c*80+xx*5,c*80+(xx+1)*5):\n     p=im.getpixel((x,y)); q=sum(p)/3\n     if (side=='b' and q<100) or (side=='w' and q>245): n+=1\n   row.append(n/25)\n  out.append(row)\n return out\nfor w in white:\n a=mask(w,'w'); scores=[]\n for b in black:\n  z=mask(b,'b'); d=sum((a[y][x]-z[y][x])**2 for y in range(16) for x in range(16))\n  scores.append((d,b))\n print(w,sorted(scores)[:5])\nPY\n"] min_timeout_sec: 2.0 max_timeout_sec: 180.0
Trajectory dumped to jobs/p1-terminus-2-chess-best-move-r2/chess-best-move__g27uL8U/agent/trajectory.json
Sending keys: ["cat > /tmp/analyze.py <<'PY'\nimport chess, chess.engine\nfen='r1bq1kr1/pp3ppp/ppn1p3/3n1rbB/P7/2B5/1P2QPNP/R1B1K2R w KQ - 0 1'\nb=chess.Board(fen)\nprint(b)\nprint('legal=',b.is_valid(), b.status())\neng=chess.engine.SimpleEngine.popen_uci('/usr/games/stockfish')\ninfos=eng.analyse(b,chess.engine.Limit(depth=22),multipv=8)\nfor i in infos:\n print(i['score'].pov(chess.WHITE), b.san(i['pv'][0]), i['pv'][0].uci(), 'PV:', ' '.join(x.uci() for x in i['pv'][:8]))\neng.quit()\nPY\npython3 /tmp/analyze.py\n"] min_timeout_sec: 8.0 max_timeout_sec: 180.0
Sending keys: ["python3 - <<'PY'\n# Confirm exact FEN and leave a placeholder only after engine output is reviewed.\nimport chess\nb=chess.Board('r1bq1kr1/pp3ppp/ppn1p3/3n1rbB/P7/2B5/1P2QPNP/R1B1K2R w KQ - 0 1')\nprint(b.fen())\nPY\n"] min_timeout_sec: 0.5 max_timeout_sec: 180.0
Trajectory dumped to jobs/p1-terminus-2-chess-best-move-r2/chess-best-move__g27uL8U/agent/trajectory.json
Sending keys: ["python3 - <<'PY'\nimport chess\nb=chess.Board('r1bq1kr1/pp3ppp/ppn1p3/3n1rbB/P7/2B5/1P2QPNP/R1B1K2R w KQ - 0 1')\nprint('status:',b.status(), 'is_valid:',b.is_valid())\nfor name in dir(chess):\n if name.startswith('STATUS_'): print(name,getattr(chess,name))\nprint('white check',b.is_check(), 'black king attacked', b.is_attacked_by(chess.WHITE,chess.F8), 'white king attacked',b.is_attacked_by(chess.BLACK,chess.E1))\nprint('checkers',list(b.checkers()))\nPY\n"] min_timeout_sec: 0.5 max_timeout_sec: 180.0
Sending keys: ["python3 - <<'PY'\nfrom PIL import Image\nim=Image.open('/app/chess_board.png').convert('RGB'); files='abcdefgh'\n# Print silhouettes for uncertain black pieces with a coordinate header, using darkness only.\nfor sq in ['a8','c8','d8','f8','c6','d5','f5','g5']:\n c=files.index(sq[0]); r=8-int(sq[1]); print('\\n===',sq,'===')\n for yy in range(16):\n  line=''\n  for xx in range(16):\n   n=0\n   for y in range(r*80+yy*5,r*80+(yy+1)*5):\n    for x in range(c*80+xx*5,c*80+(xx+1)*5):\n     if sum(im.getpixel((x,y)))<300:n+=1\n   line+=' .:-=+*#%@'[min(9,n//3)]\n  print(line)\nPY\n"] min_timeout_sec: 1.0 max_timeout_sec: 180.0
Trajectory dumped to jobs/p1-terminus-2-chess-best-move-r2/chess-best-move__g27uL8U/agent/trajectory.json
Sending keys: ["cat > /tmp/final.py <<'PY'\nimport chess, chess.engine\nfen='r1bq1r2/1p3pp1/p1n1p3/3n1kb1/8/P1B5/1P2QPN1/R1B4K w - - 0 1'\nb=chess.Board(fen)\nprint(b)\nprint('valid',b.is_valid(),'status',b.status())\neng=chess.engine.SimpleEngine.popen_uci('/usr/games/stockfish')\ninfos=eng.analyse(b,chess.engine.Limit(depth=28),multipv=5)\nfor i in infos:\n m=i['pv'][0]\n print(i['score'].pov(chess.WHITE),b.san(m),m.uci(),' '.join(x.uci() for x in i['pv'][:12]))\n# Write best move in requested format\nopen('/app/move.txt','w').write(infos[0]['pv'][0].uci()+'\\n')\neng.quit()\nPY\npython3 /tmp/final.py\ncat /app/move.txt\n"] min_timeout_sec: 12.0 max_timeout_sec: 180.0
Trajectory dumped to jobs/p1-terminus-2-chess-best-move-r2/chess-best-move__g27uL8U/agent/trajectory.json
Sending keys: [''] min_timeout_sec: 15.0 max_timeout_sec: 180.0
Trajectory dumped to jobs/p1-terminus-2-chess-best-move-r2/chess-best-move__g27uL8U/agent/trajectory.json
Trajectory dumped to jobs/p1-terminus-2-chess-best-move-r2/chess-best-move__g27uL8U/agent/trajectory.json
Trajectory dumped to jobs/p1-terminus-2-chess-best-move-r2/chess-best-move__g27uL8U/agent/trajectory.json
Trajectory dumped to jobs/p1-terminus-2-chess-best-move-r2/chess-best-move__g27uL8U/agent/trajectory.json
Collecting main service artifacts
