Skipping image OS validation for alexgshaw/large-scale-text-editing:20251031: docker inspect returned 1
Installing: tmux, asciinema
Detected system: {'os': 'debian-based', 'package_manager': 'apt-get', 'update_command': None}
Installing tools using apt-get: DEBIAN_FRONTEND=noninteractive apt-get update && DEBIAN_FRONTEND=noninteractive apt-get install -y tmux asciinema
Starting recording.
Sending keys: ['asciinema rec --stdin /logs/agent/recording.cast', 'Enter'] min_timeout_sec: 1.0 max_timeout_sec: 180.0
Sending keys: ['clear', 'Enter'] min_timeout_sec: 0.0 max_timeout_sec: 180.0
Sending keys: ["pwd; wc -l /app/input.csv /app/expected.csv; head -5 /app/input.csv; printf '\\n--- expected ---\\n'; head -5 /app/expected.csv\n"] min_timeout_sec: 0.2 max_timeout_sec: 180.0
Sending keys: ["cmp -l /app/input.csv /app/expected.csv | head -20; printf '\\n--- unified sample ---\\n'; diff -u <(head -30 /app/input.csv) <(head -30 /app/expected.csv) | head -100\n"] min_timeout_sec: 0.2 max_timeout_sec: 180.0
Trajectory dumped to jobs/p1-terminus-2-large-scale-text-editing-r1-retry1/large-scale-text-editing__sa2iPpA/agent/trajectory.json
Sending keys: ['awk -F, \'NF!=3 || $1 !~ /^[[:space:]]*[^[:space:],]+[[:space:]]*$/ || $2 !~ /^[[:space:]]*[^[:space:],]+[[:space:]]*$/ || $3 !~ /^[[:space:]]*[^[:space:],]+[[:space:]]*$/ {print NR ":" $0; exit} END {if (NR==1000000) print "input format verified"}\' /app/input.csv\n'] min_timeout_sec: 0.5 max_timeout_sec: 180.0
Sending keys: ['cat > /app/apply_macros.vim <<\'EOF\'\ncall setreg(\'a\', ":s/^\\\\s*\\\\(\\\\S\\\\+\\\\)\\\\s*,\\\\s*\\\\(\\\\S\\\\+\\\\)\\\\s*,\\\\s*\\\\(\\\\S\\\\+\\\\)\\\\s*$/\\\\3;\\\\2;\\\\1/\\r")\ncall setreg(\'b\', ":s/.*/\\\\U&/\\r")\ncall setreg(\'c\', ":s/$/;OK/\\r")\n:%normal! @a\n:%normal! @b\n:%normal! @c\n:wq\nEOF\ncat /app/apply_macros.vim\n'] min_timeout_sec: 0.2 max_timeout_sec: 180.0
Sending keys: ['cp /app/input.csv /app/test.csv && vim -Nu NONE -n -Es /app/test.csv -S /app/apply_macros.vim; rc=$?; echo vim_rc=$rc; cmp -s /app/test.csv /app/expected.csv; echo cmp_rc=$?; head -3 /app/test.csv\n'] min_timeout_sec: 10.0 max_timeout_sec: 180.0
Trajectory dumped to jobs/p1-terminus-2-large-scale-text-editing-r1-retry1/large-scale-text-editing__sa2iPpA/agent/trajectory.json
Sending keys: [''] min_timeout_sec: 15.0 max_timeout_sec: 180.0
Trajectory dumped to jobs/p1-terminus-2-large-scale-text-editing-r1-retry1/large-scale-text-editing__sa2iPpA/agent/trajectory.json
Sending keys: [''] min_timeout_sec: 20.0 max_timeout_sec: 180.0
Trajectory dumped to jobs/p1-terminus-2-large-scale-text-editing-r1-retry1/large-scale-text-editing__sa2iPpA/agent/trajectory.json
Parser warnings: - Command 1 should end with newline when followed by another command. Otherwise the two commands will be concatenated together on the same line.
Sending keys: ['C-c'] min_timeout_sec: 0.5 max_timeout_sec: 180.0
Sending keys: ["ps -eo pid,stat,etime,cmd | grep -E '[v]im|[t]est.csv' || true; ls -lh /app/test.csv; head -3 /app/test.csv 2>/dev/null || true\n"] min_timeout_sec: 0.2 max_timeout_sec: 180.0
Trajectory dumped to jobs/p1-terminus-2-large-scale-text-editing-r1-retry1/large-scale-text-editing__sa2iPpA/agent/trajectory.json
Sending keys: ['\n'] min_timeout_sec: 0.2 max_timeout_sec: 180.0
Sending keys: ["ps -eo pid,stat,etime,cmd | grep -E '[v]im|[t]est.csv' || true; ls -lh /app/test.csv 2>/dev/null || true; head -3 /app/test.csv 2>/dev/null || true\n"] min_timeout_sec: 0.2 max_timeout_sec: 180.0
Trajectory dumped to jobs/p1-terminus-2-large-scale-text-editing-r1-retry1/large-scale-text-editing__sa2iPpA/agent/trajectory.json
Sending keys: ['C-c\n'] min_timeout_sec: 0.5 max_timeout_sec: 180.0
Sending keys: ['cat > /app/apply_macros.vim <<\'EOF\'\ncall setreg(\'a\', ":s/^\\\\s*\\\\(\\\\S\\\\+\\\\)\\\\s*,\\\\s*\\\\(\\\\S\\\\+\\\\)\\\\s*,\\\\s*\\\\(\\\\S\\\\+\\\\)\\\\s*$/\\\\U\\\\3;\\\\2;\\\\1;OK/\\r")\ncall setreg(\'b\', \'j\')\ncall setreg(\'c\', \'k\')\n:%normal! @a\n:wq\nEOF\nwc -c /app/apply_macros.vim; cat /app/apply_macros.vim\n'] min_timeout_sec: 0.2 max_timeout_sec: 180.0
Sending keys: ['cp /app/input.csv /app/test.csv && vim -Nu NONE -n -Es /app/test.csv -S /app/apply_macros.vim; rc=$?; echo vim_rc=$rc; cmp -s /app/test.csv /app/expected.csv; echo cmp_rc=$?; head -3 /app/test.csv\n'] min_timeout_sec: 30.0 max_timeout_sec: 180.0
Trajectory dumped to jobs/p1-terminus-2-large-scale-text-editing-r1-retry1/large-scale-text-editing__sa2iPpA/agent/trajectory.json
Sending keys: [''] min_timeout_sec: 30.0 max_timeout_sec: 180.0
Trajectory dumped to jobs/p1-terminus-2-large-scale-text-editing-r1-retry1/large-scale-text-editing__sa2iPpA/agent/trajectory.json
Sending keys: [''] min_timeout_sec: 60.0 max_timeout_sec: 180.0
Trajectory dumped to jobs/p1-terminus-2-large-scale-text-editing-r1-retry1/large-scale-text-editing__sa2iPpA/agent/trajectory.json
Sending keys: ['C-c\n'] min_timeout_sec: 0.2 max_timeout_sec: 180.0
Sending keys: ['cat > /app/apply_macros.vim <<\'EOF\'\ncall setreg(\'a\', ":s/^\\\\s*\\\\(\\\\S\\\\+\\\\)\\\\s*,\\\\s*\\\\(\\\\S\\\\+\\\\)\\\\s*,\\\\s*\\\\(\\\\S\\\\+\\\\)\\\\s*$/\\\\3;\\\\2;\\\\1/\\r")\ncall setreg(\'b\', \'gUU\')\ncall setreg(\'c\', "A;OK\\<Esc>")\n:%normal! @a\n:%normal! @b\n:%normal! @c\n:wq\nEOF\ncat /app/apply_macros.vim\n'] min_timeout_sec: 0.2 max_timeout_sec: 180.0
Sending keys: ['cp /app/input.csv /app/test.csv && vim -Nu NONE -n -Es /app/test.csv -S /app/apply_macros.vim; rc=$?; echo vim_rc=$rc; cmp -s /app/test.csv /app/expected.csv; echo cmp_rc=$?; head -3 /app/test.csv\n'] min_timeout_sec: 60.0 max_timeout_sec: 180.0
Trajectory dumped to jobs/p1-terminus-2-large-scale-text-editing-r1-retry1/large-scale-text-editing__sa2iPpA/agent/trajectory.json
Sending keys: [''] min_timeout_sec: 30.0 max_timeout_sec: 180.0
Sending keys: ['vim -Nu NONE -n -Es /app/input.csv -S /app/apply_macros.vim; rc=$?; echo vim_rc=$rc; cmp -s /app/input.csv /app/expected.csv; echo cmp_rc=$?; wc -c /app/input.csv /app/expected.csv\n'] min_timeout_sec: 60.0 max_timeout_sec: 180.0
Trajectory dumped to jobs/p1-terminus-2-large-scale-text-editing-r1-retry1/large-scale-text-editing__sa2iPpA/agent/trajectory.json
Sending keys: [''] min_timeout_sec: 60.0 max_timeout_sec: 180.0
Trajectory dumped to jobs/p1-terminus-2-large-scale-text-editing-r1-retry1/large-scale-text-editing__sa2iPpA/agent/trajectory.json
Trajectory dumped to jobs/p1-terminus-2-large-scale-text-editing-r1-retry1/large-scale-text-editing__sa2iPpA/agent/trajectory.json
Trajectory dumped to jobs/p1-terminus-2-large-scale-text-editing-r1-retry1/large-scale-text-editing__sa2iPpA/agent/trajectory.json
Trajectory dumped to jobs/p1-terminus-2-large-scale-text-editing-r1-retry1/large-scale-text-editing__sa2iPpA/agent/trajectory.json
Collecting main service artifacts
