Skipping image OS validation for alexgshaw/build-cython-ext:20251031: docker inspect returned 1
Parser warnings: - Extra text detected after JSON object
Trajectory dumped to jobs/p1-terminus-2-build-cython-ext-r3/build-cython-ext__SNDYpAY/agent/trajectory.json
Trajectory dumped to jobs/p1-terminus-2-build-cython-ext-r3/build-cython-ext__SNDYpAY/agent/trajectory.json
Trajectory dumped to jobs/p1-terminus-2-build-cython-ext-r3/build-cython-ext__SNDYpAY/agent/trajectory.json
Parser warnings: - Extra text detected after JSON object
Trajectory dumped to jobs/p1-terminus-2-build-cython-ext-r3/build-cython-ext__SNDYpAY/agent/trajectory.json
Trajectory dumped to jobs/p1-terminus-2-build-cython-ext-r3/build-cython-ext__SNDYpAY/agent/trajectory.json
Trajectory dumped to jobs/p1-terminus-2-build-cython-ext-r3/build-cython-ext__SNDYpAY/agent/trajectory.json
Trajectory dumped to jobs/p1-terminus-2-build-cython-ext-r3/build-cython-ext__SNDYpAY/agent/trajectory.json
Trajectory dumped to jobs/p1-terminus-2-build-cython-ext-r3/build-cython-ext__SNDYpAY/agent/trajectory.json
Trajectory dumped to jobs/p1-terminus-2-build-cython-ext-r3/build-cython-ext__SNDYpAY/agent/trajectory.json
Trajectory dumped to jobs/p1-terminus-2-build-cython-ext-r3/build-cython-ext__SNDYpAY/agent/trajectory.json
Trajectory dumped to jobs/p1-terminus-2-build-cython-ext-r3/build-cython-ext__SNDYpAY/agent/trajectory.json
Trajectory dumped to jobs/p1-terminus-2-build-cython-ext-r3/build-cython-ext__SNDYpAY/agent/trajectory.json
Trajectory dumped to jobs/p1-terminus-2-build-cython-ext-r3/build-cython-ext__SNDYpAY/agent/trajectory.json
Trajectory dumped to jobs/p1-terminus-2-build-cython-ext-r3/build-cython-ext__SNDYpAY/agent/trajectory.json
Trajectory dumped to jobs/p1-terminus-2-build-cython-ext-r3/build-cython-ext__SNDYpAY/agent/trajectory.json
Trajectory dumped to jobs/p1-terminus-2-build-cython-ext-r3/build-cython-ext__SNDYpAY/agent/trajectory.json
Trajectory dumped to jobs/p1-terminus-2-build-cython-ext-r3/build-cython-ext__SNDYpAY/agent/trajectory.json
Trajectory dumped to jobs/p1-terminus-2-build-cython-ext-r3/build-cython-ext__SNDYpAY/agent/trajectory.json
Trajectory dumped to jobs/p1-terminus-2-build-cython-ext-r3/build-cython-ext__SNDYpAY/agent/trajectory.json
Trajectory dumped to jobs/p1-terminus-2-build-cython-ext-r3/build-cython-ext__SNDYpAY/agent/trajectory.json
Trajectory dumped to jobs/p1-terminus-2-build-cython-ext-r3/build-cython-ext__SNDYpAY/agent/trajectory.json
Trajectory dumped to jobs/p1-terminus-2-build-cython-ext-r3/build-cython-ext__SNDYpAY/agent/trajectory.json
Trajectory dumped to jobs/p1-terminus-2-build-cython-ext-r3/build-cython-ext__SNDYpAY/agent/trajectory.json
Trajectory dumped to jobs/p1-terminus-2-build-cython-ext-r3/build-cython-ext__SNDYpAY/agent/trajectory.json
Trajectory dumped to jobs/p1-terminus-2-build-cython-ext-r3/build-cython-ext__SNDYpAY/agent/trajectory.json
Trajectory dumped to jobs/p1-terminus-2-build-cython-ext-r3/build-cython-ext__SNDYpAY/agent/trajectory.json
Parser warnings: - Extra text detected after JSON object
Trajectory dumped to jobs/p1-terminus-2-build-cython-ext-r3/build-cython-ext__SNDYpAY/agent/trajectory.json
Trajectory dumped to jobs/p1-terminus-2-build-cython-ext-r3/build-cython-ext__SNDYpAY/agent/trajectory.json
Trajectory dumped to jobs/p1-terminus-2-build-cython-ext-r3/build-cython-ext__SNDYpAY/agent/trajectory.json
Trajectory dumped to jobs/p1-terminus-2-build-cython-ext-r3/build-cython-ext__SNDYpAY/agent/trajectory.json
Trajectory dumped to jobs/p1-terminus-2-build-cython-ext-r3/build-cython-ext__SNDYpAY/agent/trajectory.json
Trajectory dumped to jobs/p1-terminus-2-build-cython-ext-r3/build-cython-ext__SNDYpAY/agent/trajectory.json
Trajectory dumped to jobs/p1-terminus-2-build-cython-ext-r3/build-cython-ext__SNDYpAY/agent/trajectory.json
Session has ended, breaking out of agent loop
Trajectory dumped to jobs/p1-terminus-2-build-cython-ext-r3/build-cython-ext__SNDYpAY/agent/trajectory.json
Collecting main service artifacts
