Skipping image OS validation for alexgshaw/mailman:20251031: docker inspect returned 1
Installing: tmux, asciinema
Detected system: {'os': 'debian-based', 'package_manager': 'apt-get', 'update_command': None}
Installing tools using apt-get: DEBIAN_FRONTEND=noninteractive apt-get update && DEBIAN_FRONTEND=noninteractive apt-get install -y tmux asciinema
Starting recording.
Sending keys: ['asciinema rec --stdin /logs/agent/recording.cast', 'Enter'] min_timeout_sec: 1.0 max_timeout_sec: 180.0
Sending keys: ['clear', 'Enter'] min_timeout_sec: 0.0 max_timeout_sec: 180.0
Sending keys: ["pwd; printf '\\n-- app files --\\n'; find /app -maxdepth 2 -type f -printf '%p\\n' 2>/dev/null; printf '\\n-- packages --\\n'; dpkg -l | grep -E 'mailman|postfix' || true; printf '\\n-- services --\\n'; systemctl status postfix --no-pager 2>&1 || true; systemctl status mailman3 --no-pager 2>&1 || true\n"] min_timeout_sec: 1.0 max_timeout_sec: 180.0
Sending keys: ["printf '\\n-- evaluator --\\n'; sed -n '1,240p' /app/eval.py 2>/dev/null || true; printf '\\n-- config files --\\n'; find /etc/mailman3 /etc/postfix -maxdepth 2 -type f -printf '%p\\n' 2>/dev/null | sort\n"] min_timeout_sec: 1.0 max_timeout_sec: 180.0
Trajectory dumped to jobs/p1-terminus-2-mailman-r3/mailman__Bm6xWWY/agent/trajectory.json
Sending keys: ["printf '%s\\n' '-- mailman.cfg --'; cat /etc/mailman3/mailman.cfg; printf '%s\\n' '-- postfix main.cf --'; postconf -n 2>/dev/null || cat /etc/postfix/main.cf; printf '%s\\n' '-- binaries --'; command -v mailman; command -v mailmanctl; ls -l /usr/bin/mailman* /usr/lib/mailman3/bin/* 2>/dev/null || true; printf '%s\\n' '-- package examples --'; find /usr/share/doc/mailman3 /usr/share/mailman3 /etc -iname '*mailman*' -o -iname '*postfix*' 2>/dev/null | head -80\n"] min_timeout_sec: 1.0 max_timeout_sec: 180.0
Sending keys: ['grep -R "^\\[\\|DATABASE\\|smtp\\|lmtp\\|runner\\|hostname\\|domain" -n /usr/share/doc/mailman3 /usr/lib/python3/dist-packages/mailman 2>/dev/null | head -160\n'] min_timeout_sec: 1.0 max_timeout_sec: 180.0
Trajectory dumped to jobs/p1-terminus-2-mailman-r3/mailman__Bm6xWWY/agent/trajectory.json
Sending keys: ["printf '%s\\n' '-- package files --'; dpkg -L mailman3 | grep -E '(bin/|\\.cfg$|\\.service$|mailman\\.cfg)' | head -120; printf '%s\\n' '-- config sections --'; grep -nE '^\\[|^(# )?(var_dir|queue_dir|data_dir|messages_dir|lock_dir|log_dir|database|class|smtp|lmtp|postfix|domain|hostname|port)' /etc/mailman3/mailman.cfg /etc/postfix/main.cf; printf '%s\\n' '-- users --'; getent passwd list mailman postfix; printf '%s\\n' '-- processes/listening --'; ps aux | grep -E '[m]ailman|[p]ostfix'; ss -ltnp 2>/dev/null || true\n"] min_timeout_sec: 1.0 max_timeout_sec: 180.0
Sending keys: ["python3 - <<'PY'\nfrom mailman.config import config\nprint('config import ok')\nPY\npython3 -m mailman.commands.cli_help --help 2>&1 | head -80 || true\nfind /usr -type f -path '*mailman*' -executable 2>/dev/null | head -80\n"] min_timeout_sec: 1.0 max_timeout_sec: 180.0
Trajectory dumped to jobs/p1-terminus-2-mailman-r3/mailman__Bm6xWWY/agent/trajectory.json
Sending keys: ["printf '%s\\n' '-- postfix mailman cfg --'; cat /usr/lib/python3/dist-packages/mailman/config/postfix.cfg; printf '%s\\n' '-- mailman tail --'; sed -n '100,290p' /etc/mailman3/mailman.cfg; printf '%s\\n' '-- service --'; cat /usr/lib/systemd/system/mailman3.service; printf '%s\\n' '-- cli help --'; /usr/bin/mailman --help 2>&1 | head -120\n"] min_timeout_sec: 1.0 max_timeout_sec: 180.0
Sending keys: ["printf '%s\\n' '-- commands --'; /usr/bin/mailman commands 2>&1 | head -160; printf '%s\\n' '-- create help --'; /usr/bin/mailman create --help 2>&1 || true; /usr/bin/mailman aliases --help 2>&1 || true; printf '%s\\n' '-- postfix command --'; /usr/bin/mailman postfix --help 2>&1 || true\n"] min_timeout_sec: 1.0 max_timeout_sec: 180.0
Trajectory dumped to jobs/p1-terminus-2-mailman-r3/mailman__Bm6xWWY/agent/trajectory.json
Sending keys: ['grep -R "postfix_lmtp\\|aliases.*file\\|create.*list\\|ListManager\\|SubscriptionPolicy" -n /usr/lib/python3/dist-packages/mailman /usr/share/doc/mailman3 /usr/share/man 2>/dev/null | head -180; printf \'%s\\n\' \'-- mailman entry --\'; sed -n \'1,240p\' /usr/lib/python3/dist-packages/mailman/bin/mailman.py; printf \'%s\\n\' \'-- commands --\'; find /usr/lib/python3/dist-packages/mailman/commands -maxdepth 1 -type f -printf \'%f\\n\' | sort\n'] min_timeout_sec: 1.0 max_timeout_sec: 180.0
Sending keys: ['grep -R "def.*create\\|add.*domain\\|add.*list\\|IListManager" -n /usr/lib/python3/dist-packages/mailman/commands /usr/lib/python3/dist-packages/mailman/model | head -180; find /usr/lib/python3/dist-packages/mailman -iname \'*postfix*\' -type f -maxdepth 4 -print\n'] min_timeout_sec: 1.0 max_timeout_sec: 180.0
Trajectory dumped to jobs/p1-terminus-2-mailman-r3/mailman__Bm6xWWY/agent/trajectory.json
Sending keys: ["/usr/bin/mailman --run-as-root -C /etc/mailman3/mailman.cfg create --help 2>&1; /usr/bin/mailman --run-as-root -C /etc/mailman3/mailman.cfg aliases --help 2>&1; sed -n '1,280p' /usr/lib/python3/dist-packages/mailman/mta/postfix.py; sed -n '1,150p' /usr/lib/python3/dist-packages/mailman/app/lifecycle.py\n"] min_timeout_sec: 1.0 max_timeout_sec: 180.0
Sending keys: ['grep -R "def initialize\\|initialize(" -n /usr/lib/python3/dist-packages/mailman/commands /usr/lib/python3/dist-packages/mailman/core | head -80; /usr/bin/mailman --run-as-root -C /etc/mailman3/mailman.cfg info 2>&1 || true\n'] min_timeout_sec: 1.0 max_timeout_sec: 180.0
Trajectory dumped to jobs/p1-terminus-2-mailman-r3/mailman__Bm6xWWY/agent/trajectory.json
Sending keys: ["install -d -o list -g list /run/mailman3 /var/log/mailman3 /var/lib/mailman3; chown -R list:list /var/lib/mailman3 /var/log/mailman3; rm -f /run/mailman3/master.pid; su -s /bin/sh list -c '/usr/bin/mailman -C /etc/mailman3/mailman.cfg start --force'; sleep 3; ps aux | grep -E '[m]ailman'; /usr/bin/mailman -C /etc/mailman3/mailman.cfg status 2>&1 || true\n"] min_timeout_sec: 3.0 max_timeout_sec: 180.0
Sending keys: ["/usr/bin/mailman --run-as-root -C /etc/mailman3/mailman.cfg create -q -N -o postmaster@local.edu reading-group@local.edu; echo CREATE_RC=$?; /usr/bin/mailman --run-as-root -C /etc/mailman3/mailman.cfg lists; find /var/lib/mailman3 -maxdepth 3 -type f -printf '%p\\n' | sort | head -80\n"] min_timeout_sec: 2.0 max_timeout_sec: 180.0
Sending keys: ['python3 - <<\'PY\'\nfrom mailman.core.initialize import initialize\nfrom mailman.config import config\nfrom zope.component import getUtility\nfrom mailman.interfaces.listmanager import IListManager\nfrom mailman.interfaces.mailinglist import SubscriptionPolicy\ninitialize(\'/etc/mailman3/mailman.cfg\')\nmlist = getUtility(IListManager).get(\'reading-group@local.edu\')\nprint(\'list:\', mlist)\nprint(\'old subscription policy:\', mlist.subscription_policy)\nmlist.subscription_policy = SubscriptionPolicy.open\nprint(\'new subscription policy:\', mlist.subscription_policy)\nPY\n/usr/bin/mailman --run-as-root -C /etc/mailman3/mailman.cfg aliases; find /var/lib/mailman3 -type f \\( -name \'*alias*\' -o -name \'*transport*\' \\) -print -exec sh -c \'echo --- $1; head -30 "$1"\' sh {} \\;\n'] min_timeout_sec: 2.0 max_timeout_sec: 180.0
Trajectory dumped to jobs/p1-terminus-2-mailman-r3/mailman__Bm6xWWY/agent/trajectory.json
Sending keys: [''] min_timeout_sec: 5.0 max_timeout_sec: 180.0
Trajectory dumped to jobs/p1-terminus-2-mailman-r3/mailman__Bm6xWWY/agent/trajectory.json
Parser warnings: - Command 1 should end with newline when followed by another command. Otherwise the two commands will be concatenated together on the same line.
Sending keys: ['C-c'] min_timeout_sec: 1.0 max_timeout_sec: 180.0
Sending keys: ["su -s /bin/sh list -c '/usr/bin/mailman -C /etc/mailman3/mailman.cfg create -q -N -o postmaster@local.edu reading-group@local.edu'; echo CREATE_RC=$?; su -s /bin/sh list -c '/usr/bin/mailman -C /etc/mailman3/mailman.cfg lists';\n"] min_timeout_sec: 2.0 max_timeout_sec: 180.0
Sending keys: ['su -s /bin/sh list -c "python3 - <<\'PY\'\nfrom mailman.core.initialize import initialize\nfrom zope.component import getUtility\nfrom mailman.interfaces.listmanager import IListManager\nfrom mailman.interfaces.mailinglist import SubscriptionPolicy\ninitialize(\'/etc/mailman3/mailman.cfg\')\nmlist = getUtility(IListManager).get(\'reading-group@local.edu\')\nprint(\'list:\', mlist.list_id)\nprint(\'old:\', mlist.subscription_policy)\nmlist.subscription_policy = SubscriptionPolicy.open\nprint(\'new:\', mlist.subscription_policy)\nPY"; su -s /bin/sh list -c \'/usr/bin/mailman -C /etc/mailman3/mailman.cfg aliases\'; echo ALIASES_RC=$?; find /var/lib/mailman3 /var/lib/mailman -type f \\( -name \'*alias*\' -o -name \'*transport*\' \\) -print 2>/dev/null\n'] min_timeout_sec: 2.0 max_timeout_sec: 180.0
Sending keys: ['printf \'%s\\n\' \'-- generated maps --\'; find /var/lib/mailman3 /var/lib/mailman -type f \\( -name \'*.db\' -o -name \'*aliases*\' -o -name \'*transport*\' \\) -print -exec sh -c \'echo --- $1; head -40 "$1"\' sh {} \\; 2>/dev/null; printf \'%s\\n\' \'-- logs --\'; tail -80 /var/log/mailman3/*.log 2>/dev/null || true\n'] min_timeout_sec: 1.0 max_timeout_sec: 180.0
Trajectory dumped to jobs/p1-terminus-2-mailman-r3/mailman__Bm6xWWY/agent/trajectory.json
Sending keys: ['C-c\n'] min_timeout_sec: 0.5 max_timeout_sec: 180.0
Sending keys: ["ps aux | grep -E '[m]ailman'; su -s /bin/sh list -c '/usr/bin/mailman -C /etc/mailman3/mailman.cfg lists' 2>&1 || true\n"] min_timeout_sec: 1.0 max_timeout_sec: 180.0
Sending keys: ["su -s /bin/sh list -c '/usr/bin/mailman -C /etc/mailman3/mailman.cfg create -q -N -o postmaster@local.edu reading-group@local.edu'; echo CREATE_RC=$?\n"] min_timeout_sec: 2.0 max_timeout_sec: 180.0
Sending keys: ['su -s /bin/sh list -c "python3 - <<\'PY\'\nfrom mailman.core.initialize import initialize\nfrom zope.component import getUtility\nfrom mailman.interfaces.listmanager import IListManager\nfrom mailman.interfaces.mailinglist import SubscriptionPolicy\ninitialize(\'/etc/mailman3/mailman.cfg\')\nmlist = getUtility(IListManager).get(\'reading-group@local.edu\')\nprint(\'list:\', mlist.list_id)\nprint(\'old:\', mlist.subscription_policy)\nmlist.subscription_policy = SubscriptionPolicy.open\nprint(\'new:\', mlist.subscription_policy)\nPY"\n'] min_timeout_sec: 2.0 max_timeout_sec: 180.0
Sending keys: ["su -s /bin/sh list -c '/usr/bin/mailman -C /etc/mailman3/mailman.cfg aliases'; echo ALIASES_RC=$?; find /var/lib/mailman3 /var/lib/mailman -type f \\( -name '*alias*' -o -name '*transport*' \\) -print 2>/dev/null\n"] min_timeout_sec: 2.0 max_timeout_sec: 180.0
Trajectory dumped to jobs/p1-terminus-2-mailman-r3/mailman__Bm6xWWY/agent/trajectory.json
Sending keys: [''] min_timeout_sec: 3.0 max_timeout_sec: 180.0
Sending keys: ['su -s /bin/sh list -c "python3 - <<\'PY\'\nfrom mailman.core.initialize import initialize\nfrom zope.component import getUtility\nfrom mailman.interfaces.listmanager import IListManager\nfrom mailman.interfaces.mailinglist import SubscriptionPolicy\ninitialize(\'/etc/mailman3/mailman.cfg\')\nmlist = getUtility(IListManager).get(\'reading-group@local.edu\')\nprint(\'list:\', mlist.list_id)\nprint(\'old policy:\', mlist.subscription_policy)\nmlist.subscription_policy = SubscriptionPolicy.open\nprint(\'new policy:\', mlist.subscription_policy)\nPY"\n'] min_timeout_sec: 2.0 max_timeout_sec: 180.0
Sending keys: ["su -s /bin/sh list -c '/usr/bin/mailman -C /etc/mailman3/mailman.cfg aliases'; echo ALIASES_RC=$?; find /var/lib/mailman3 /var/lib/mailman -type f \\( -name '*alias*' -o -name '*transport*' \\) -print 2>/dev/null\n"] min_timeout_sec: 2.0 max_timeout_sec: 180.0
Sending keys: ['find /var/lib/mailman3 /var/lib/mailman -type f \\( -name \'*alias*\' -o -name \'*transport*\' \\) -print -exec sh -c \'echo --- $1; head -60 "$1"\' sh {} \\; 2>/dev/null; tail -80 /var/log/mailman3/*.log 2>/dev/null || true\n'] min_timeout_sec: 1.0 max_timeout_sec: 180.0
Trajectory dumped to jobs/p1-terminus-2-mailman-r3/mailman__Bm6xWWY/agent/trajectory.json
Sending keys: ["sed -n '1,320p' /usr/lib/python3/dist-packages/mailman/mta/postfix.py; grep -R -nE 'alias|transport|postmap|mailman\\.lmtp|virtual_alias|relay_domains' /usr/lib/python3/dist-packages/mailman /etc/mailman3/mailman.cfg | head -220\n"] min_timeout_sec: 1.0 max_timeout_sec: 180.0
Sending keys: ["printf '%s\\n' '-- all data files --'; find /var/lib/mailman3 -maxdepth 4 -type f -printf '%p\\n' | sort; printf '%s\\n' '-- config vars --'; /usr/bin/mailman -C /etc/mailman3/mailman.cfg conf 2>/dev/null | grep -iE 'alias|transport|postfix|mta|path' | head -120; printf '%s\\n' '-- postfix defaults --'; postconf -n 2>/dev/null || true\n"] min_timeout_sec: 1.0 max_timeout_sec: 180.0
Trajectory dumped to jobs/p1-terminus-2-mailman-r3/mailman__Bm6xWWY/agent/trajectory.json
Sending keys: ["echo '-- postfix_domains --'; cat /var/lib/mailman3/data/postfix_domains; echo '-- postfix_lmtp --'; cat /var/lib/mailman3/data/postfix_lmtp; echo '-- main.cf --'; cat /etc/postfix/main.cf; echo '-- master services --'; grep -nE '^(smtp|submission|pickup|cleanup|qmgr|local|virtual|relay|maildrop|#)' /etc/postfix/master.cf | head -100\n"] min_timeout_sec: 1.0 max_timeout_sec: 180.0
Sending keys: ['postconf -M 2>/dev/null | head -80; postconf compatibility_level myhostname mydomain mydestination virtual_alias_maps transport_maps local_transport virtual_transport mailbox_command home_mailbox 2>/dev/null || true\n'] min_timeout_sec: 1.0 max_timeout_sec: 180.0
Trajectory dumped to jobs/p1-terminus-2-mailman-r3/mailman__Bm6xWWY/agent/trajectory.json
Sending keys: ["echo '-- domains --'; cat /var/lib/mailman3/data/postfix_domains; echo '-- lmtp --'; cat /var/lib/mailman3/data/postfix_lmtp; echo '-- map keys --'; postmap -s /var/lib/mailman3/data/postfix_lmtp 2>/dev/null || true\n"] min_timeout_sec: 1.0 max_timeout_sec: 180.0
Sending keys: ["postconf -e 'myhostname = localhost.local' -e 'mydomain = local.edu' -e 'myorigin = $myhostname' -e 'inet_interfaces = all' -e 'inet_protocols = ipv4' -e 'relay_domains = hash:/var/lib/mailman3/data/postfix_domains' -e 'transport_maps = hash:/var/lib/mailman3/data/postfix_lmtp' -e 'local_recipient_maps = unix:passwd.byname $alias_maps' -e 'mydestination = $myhostname, localhost, localhost.localdomain, localhost' -e 'mynetworks = 127.0.0.0/8 [::1]/128' ; postconf -n | grep -E '^(myhostname|mydomain|myorigin|inet_|relay_domains|transport_maps|local_recipient_maps|mydestination|mynetworks)'\n"] min_timeout_sec: 1.0 max_timeout_sec: 180.0
Sending keys: ["postfix check; echo CHECK_RC=$?; (postfix start || /usr/lib/postfix/sbin/postfix start); sleep 2; ps aux | grep '[p]ostfix'; ss -ltnp 2>/dev/null | grep ':25' || true\n"] min_timeout_sec: 2.0 max_timeout_sec: 180.0
Sending keys: ['python3 /app/eval.py\n'] min_timeout_sec: 8.0 max_timeout_sec: 180.0
Trajectory dumped to jobs/p1-terminus-2-mailman-r3/mailman__Bm6xWWY/agent/trajectory.json
Sending keys: ["postconf -e 'myhostname = localhost.local'; postconf -e 'mydomain = local.edu'; postconf -e 'myorigin = $myhostname'; postconf -e 'inet_interfaces = all'; postconf -e 'inet_protocols = ipv4'; postconf -e 'relay_domains = hash:/var/lib/mailman3/data/postfix_domains'; postconf -e 'transport_maps = hash:/var/lib/mailman3/data/postfix_lmtp, hash:/etc/postfix/local_transport'; postconf -e 'mydestination = $myhostname, localhost, localhost.localdomain, localhost'; postconf -e 'mynetworks = 127.0.0.0/8 [::1]/128'; postconf -e 'smtpd_recipient_restrictions = permit_mynetworks, reject_unauth_destination'; printf 'local.edu local:\\n' > /etc/postfix/local_transport; postmap /etc/postfix/local_transport; postconf -n | grep -E '^(myhostname|mydomain|myorigin|inet_|relay_domains|transport_maps|mydestination|mynetworks|smtpd_recipient)'\n"] min_timeout_sec: 1.0 max_timeout_sec: 180.0
Sending keys: ["grep -n '^smtp[[:space:]]' /etc/postfix/master.cf; postconf -M smtp; postfix check; postfix reload; sleep 2; ps aux | grep '[p]ostfix'; ss -ltnp 2>/dev/null | grep ':25' || true\n"] min_timeout_sec: 2.0 max_timeout_sec: 180.0
Sending keys: ['python3 /app/eval.py\n'] min_timeout_sec: 10.0 max_timeout_sec: 180.0
Trajectory dumped to jobs/p1-terminus-2-mailman-r3/mailman__Bm6xWWY/agent/trajectory.json
Sending keys: [''] min_timeout_sec: 20.0 max_timeout_sec: 180.0
Trajectory dumped to jobs/p1-terminus-2-mailman-r3/mailman__Bm6xWWY/agent/trajectory.json
Sending keys: ["echo '-- postfix logs --'; tail -120 /var/log/mail.log /var/log/mail.err /var/log/syslog 2>/dev/null || true; echo '-- postfix status --'; postfix status; postconf -n; echo '-- tls files --'; ls -l /etc/ssl/certs/ssl-cert-snakeoil.pem /etc/ssl/private/ssl-cert-snakeoil.key 2>&1 || true\n"] min_timeout_sec: 1.0 max_timeout_sec: 180.0
Sending keys: ["echo '-- smtpd foreground diagnostic --'; timeout 5 /usr/lib/postfix/sbin/smtpd -v 2>&1 || true; echo '-- process/listener --'; ps auxww | grep '[p]ostfix'; ss -ltnp 2>/dev/null | grep ':25' || true\n"] min_timeout_sec: 2.0 max_timeout_sec: 180.0
Sending keys: ["postconf -e 'smtpd_tls_security_level = none'; postconf -e 'smtpd_tls_cert_file ='; postconf -e 'smtpd_tls_key_file ='; postfix check; postfix stop; sleep 1; postfix start; sleep 2; ps aux | grep '[p]ostfix'; ss -ltnp 2>/dev/null | grep ':25' || true\n"] min_timeout_sec: 3.0 max_timeout_sec: 180.0
Sending keys: ["python3 - <<'PY'\nimport socket\ns=socket.create_connection(('127.0.0.1',25),5)\nprint(s.recv(1024).decode(errors='replace'))\ns.sendall(b'QUIT\\r\\n')\nprint(s.recv(1024).decode(errors='replace'))\ns.close()\nPY\n"] min_timeout_sec: 1.0 max_timeout_sec: 180.0
Trajectory dumped to jobs/p1-terminus-2-mailman-r3/mailman__Bm6xWWY/agent/trajectory.json
Sending keys: [''] min_timeout_sec: 5.0 max_timeout_sec: 180.0
Trajectory dumped to jobs/p1-terminus-2-mailman-r3/mailman__Bm6xWWY/agent/trajectory.json
Sending keys: ['python3 /app/eval.py\n'] min_timeout_sec: 12.0 max_timeout_sec: 180.0
Trajectory dumped to jobs/p1-terminus-2-mailman-r3/mailman__Bm6xWWY/agent/trajectory.json
Trajectory dumped to jobs/p1-terminus-2-mailman-r3/mailman__Bm6xWWY/agent/trajectory.json
Trajectory dumped to jobs/p1-terminus-2-mailman-r3/mailman__Bm6xWWY/agent/trajectory.json
Trajectory dumped to jobs/p1-terminus-2-mailman-r3/mailman__Bm6xWWY/agent/trajectory.json
Collecting main service artifacts
