Installing: tmux, asciinema
Detected system: {'os': 'debian-based', 'package_manager': 'apt-get', 'update_command': None}
Installing tools using apt-get: DEBIAN_FRONTEND=noninteractive apt-get update && DEBIAN_FRONTEND=noninteractive apt-get install -y tmux asciinema
Starting recording.
Sending keys: ['asciinema rec --stdin /logs/agent/recording.cast', 'Enter'] min_timeout_sec: 1.0 max_timeout_sec: 180.0
Sending keys: ['clear', 'Enter'] min_timeout_sec: 0.0 max_timeout_sec: 180.0
Sending keys: ["git status --short --branch && printf '\\nBranches:\\n' && git branch -avv && printf '\\nRecent commits:\\n' && git log --oneline --decorate --all -20 && printf '\\nReflog:\\n' && git reflog --all --date=local -20\n"] min_timeout_sec: 1.0 max_timeout_sec: 180.0
Trajectory dumped to jobs/live-lookup-fix-git-20261007-150213/fix-git__XyZfYPi/agent/trajectory.json
Sending keys: ["git show --stat --oneline --decorate c499730 && printf '\\nParents and graph:\\n' && git log --graph --oneline --decorate --all --reflog -12 c499730 master && printf '\\nDiff from master:\\n' && git diff --stat master c499730 && git diff --name-status master c499730\n"] min_timeout_sec: 1.0 max_timeout_sec: 180.0
Trajectory dumped to jobs/live-lookup-fix-git-20261007-150213/fix-git__XyZfYPi/agent/trajectory.json
Sending keys: ["git show -s --format='commit %H%nparent %P%nsubject %s' c499730 && git merge-base master c499730 && git merge --no-ff c499730\n"] min_timeout_sec: 1.0 max_timeout_sec: 180.0
Trajectory dumped to jobs/live-lookup-fix-git-20261007-150213/fix-git__XyZfYPi/agent/trajectory.json
Sending keys: ["printf '%s\\n' '--- conflicted about.md ---' && nl -ba _includes/about.md && printf '%s\\n' '--- merge status ---' && git status --short && printf '%s\\n' '--- unmerged entries ---' && git ls-files -u && printf '%s\\n' '--- merge diff ---' && git diff -- _includes/about.md\n"] min_timeout_sec: 1.0 max_timeout_sec: 180.0
Trajectory dumped to jobs/live-lookup-fix-git-20261007-150213/fix-git__XyZfYPi/agent/trajectory.json
Sending keys: ['cat > _includes/about.md <<\'EOF\'\nI am a Postdoctoral Researcher at Stanford CS.\n\nPreviously, I was a Student Researcher at [Google Research](https://research.google/), an ML Research Intern at [Apple Health AI](https://machinelearning.apple.com/work-with-us) and a data scientist and the second full-time employee at [HealthRhythms](https://www.healthrhythms.com).\nEOF\ngit add _includes/about.md _layouts/default.html && git commit -m "Merge recovered Stanford site changes"\n'] min_timeout_sec: 1.0 max_timeout_sec: 180.0
Sending keys: ["git status --short --branch && printf '\\nRecent history:\\n' && git log --graph --oneline --decorate -6 && printf '\\nRecovered files in merge:\\n' && git show --stat --oneline HEAD && printf '\\nabout.md:\\n' && cat _includes/about.md\n"] min_timeout_sec: 1.0 max_timeout_sec: 180.0
Trajectory dumped to jobs/live-lookup-fix-git-20261007-150213/fix-git__XyZfYPi/agent/trajectory.json
Trajectory dumped to jobs/live-lookup-fix-git-20261007-150213/fix-git__XyZfYPi/agent/trajectory.json
Trajectory dumped to jobs/live-lookup-fix-git-20261007-150213/fix-git__XyZfYPi/agent/trajectory.json
Collecting main service artifacts
