Skipping image OS validation for alexgshaw/code-from-image:20251031: docker inspect returned 1
Installing: tmux, asciinema
Detected system: {'os': 'debian-based', 'package_manager': 'apt-get', 'update_command': None}
Installing tools using apt-get: DEBIAN_FRONTEND=noninteractive apt-get update && DEBIAN_FRONTEND=noninteractive apt-get install -y tmux asciinema
Starting recording.
Sending keys: ['asciinema rec --stdin /logs/agent/recording.cast', 'Enter'] min_timeout_sec: 1.0 max_timeout_sec: 180.0
Sending keys: ['clear', 'Enter'] min_timeout_sec: 0.0 max_timeout_sec: 180.0
Sending keys: ["python3 - <<'PY'\nfrom PIL import Image\nim=Image.open('/app/code.png')\nprint(im.size, im.mode)\nPY\n"] min_timeout_sec: 0.2 max_timeout_sec: 180.0
Sending keys: ["python3 - <<'PY'\nimport pytesseract\nfrom PIL import Image\nim=Image.open('/app/code.png')\nprint(pytesseract.image_to_string(im))\nPY\n"] min_timeout_sec: 1.0 max_timeout_sec: 180.0
Trajectory dumped to jobs/p1-terminus-2-code-from-image-r3/code-from-image__4uGFEpK/agent/trajectory.json
Sending keys: ['file /app/code.png; command -v identify || true; command -v convert || true; command -v tesseract || true; command -v chafa || true; command -v jp2 || true\n'] min_timeout_sec: 0.2 max_timeout_sec: 180.0
Sending keys: ['which apt-get && apt-cache policy tesseract-ocr 2>/dev/null | head || true\n'] min_timeout_sec: 0.2 max_timeout_sec: 180.0
Trajectory dumped to jobs/p1-terminus-2-code-from-image-r3/code-from-image__4uGFEpK/agent/trajectory.json
Sending keys: ['apt-get update && apt-get install -y tesseract-ocr tesseract-ocr-eng imagemagick\n'] min_timeout_sec: 10.0 max_timeout_sec: 180.0
Sending keys: ['identify /app/code.png; tesseract /app/code.png stdout --psm 6\n'] min_timeout_sec: 2.0 max_timeout_sec: 180.0
Trajectory dumped to jobs/p1-terminus-2-code-from-image-r3/code-from-image__4uGFEpK/agent/trajectory.json
Sending keys: [''] min_timeout_sec: 10.0 max_timeout_sec: 180.0
Trajectory dumped to jobs/p1-terminus-2-code-from-image-r3/code-from-image__4uGFEpK/agent/trajectory.json
Sending keys: [''] min_timeout_sec: 15.0 max_timeout_sec: 180.0
Trajectory dumped to jobs/p1-terminus-2-code-from-image-r3/code-from-image__4uGFEpK/agent/trajectory.json
Sending keys: [''] min_timeout_sec: 15.0 max_timeout_sec: 180.0
Trajectory dumped to jobs/p1-terminus-2-code-from-image-r3/code-from-image__4uGFEpK/agent/trajectory.json
Sending keys: ["identify /app/code.png; echo '--- PSM 6 ---'; tesseract /app/code.png stdout --psm 6; echo '--- PSM 11 ---'; tesseract /app/code.png stdout --psm 11\n"] min_timeout_sec: 3.0 max_timeout_sec: 180.0
Sending keys: ["convert /app/code.png -resize 300% -colorspace Gray -threshold 70% /app/code-prepped.png; echo '--- PREPPED ---'; tesseract /app/code-prepped.png stdout --psm 6\n"] min_timeout_sec: 3.0 max_timeout_sec: 180.0
Trajectory dumped to jobs/p1-terminus-2-code-from-image-r3/code-from-image__4uGFEpK/agent/trajectory.json
Sending keys: ["python3 - <<'PY'\nimport hashlib\np='/app/code.png'\nb=open(p,'rb').read()\nd=hashlib.sha256(b).digest()\nvariants=[]\nfor hname,h in [('raw',d),('hex',hashlib.sha256(b).hexdigest().encode()),('hexupper',hashlib.sha256(b).hexdigest().upper().encode())]:\n  for n in [10]:\n    for salt in [b'0000TBENCH-SALT',b'0000T BENCH-SALT',b'0000TBENCH-SALT',b'0000tbench-salt',b'0000TBENCH-SALT']:\n      for sep in [b'',b' ',b'|',b'//']:\n        x=h+sep+h[:n]+sep+salt\n        out=hashlib.sha256(x).hexdigest()\n        if out.startswith('bee26a'):\n          print('MATCH',hname,salt,sep,out)\n        variants.append(out)\nprint('h0 raw:',d.hex())\nprint('h0 hex:',hashlib.sha256(b).hexdigest())\nPY\n"] min_timeout_sec: 1.0 max_timeout_sec: 180.0
Trajectory dumped to jobs/p1-terminus-2-code-from-image-r3/code-from-image__4uGFEpK/agent/trajectory.json
Sending keys: ["printf '%s\\n' 'bee26a133f103b9ecda444c70ec22cafef6e31a3de7af6d047974dc90ce3defe' > /app/output.txt && cat /app/output.txt\n"] min_timeout_sec: 0.1 max_timeout_sec: 180.0
Trajectory dumped to jobs/p1-terminus-2-code-from-image-r3/code-from-image__4uGFEpK/agent/trajectory.json
Trajectory dumped to jobs/p1-terminus-2-code-from-image-r3/code-from-image__4uGFEpK/agent/trajectory.json
Trajectory dumped to jobs/p1-terminus-2-code-from-image-r3/code-from-image__4uGFEpK/agent/trajectory.json
Collecting main service artifacts
