Skipping image OS validation for alexgshaw/large-scale-text-editing:20251031: docker inspect returned 1
Installing: tmux, asciinema
Detected system: {'os': 'debian-based', 'package_manager': 'apt-get', 'update_command': None}
Installing tools using apt-get: DEBIAN_FRONTEND=noninteractive apt-get update && DEBIAN_FRONTEND=noninteractive apt-get install -y tmux asciinema
Starting recording.
Sending keys: ['asciinema rec --stdin /logs/agent/recording.cast', 'Enter'] min_timeout_sec: 1.0 max_timeout_sec: 180.0
Sending keys: ['clear', 'Enter'] min_timeout_sec: 0.0 max_timeout_sec: 180.0
Sending keys: ["wc -l /app/input.csv /app/expected.csv; printf '%s\\n' '--- input head ---'; head -5 /app/input.csv; printf '%s\\n' '--- expected head ---'; head -5 /app/expected.csv; printf '%s\\n' '--- input tail ---'; tail -5 /app/input.csv; printf '%s\\n' '--- expected tail ---'; tail -5 /app/expected.csv\n"] min_timeout_sec: 0.5 max_timeout_sec: 180.0
Sending keys: ['cmp -l /app/input.csv /app/expected.csv | head -20; diff -u <(head -30 /app/input.csv) <(head -30 /app/expected.csv) | head -100\n'] min_timeout_sec: 0.5 max_timeout_sec: 180.0
Trajectory dumped to jobs/p1-terminus-2-large-scale-text-editing-r1-retry1/large-scale-text-editing__m5hddKp/agent/trajectory.json
Sending keys: [''] min_timeout_sec: 2.0 max_timeout_sec: 180.0
Sending keys: ["printf '%s\\n' '--- metadata ---'; wc -c -l /app/input.csv /app/expected.csv; printf '%s\\n' '--- input ---'; sed -n '1,8p' /app/input.csv; printf '%s\\n' '--- expected ---'; sed -n '1,8p' /app/expected.csv; printf '%s\\n' '--- last lines expected ---'; tail -3 /app/expected.csv\n"] min_timeout_sec: 1.0 max_timeout_sec: 180.0
Trajectory dumped to jobs/p1-terminus-2-large-scale-text-editing-r1-retry1/large-scale-text-editing__m5hddKp/agent/trajectory.json
Sending keys: ['cat > /app/apply_macros.vim <<\'EOF\'\ncall setreg(\'a\', ":s/^\\\\s*\\\\([^,]*\\\\S\\\\)\\\\s*,\\\\s*\\\\([^,]*\\\\S\\\\)\\\\s*,\\\\s*\\\\([^,]*\\\\S\\\\)\\\\s*$/\\\\3;\\\\2;\\\\1/\\r")\ncall setreg(\'b\', "gUU")\ncall setreg(\'c\', "A;OK\\e")\n:%normal! @a\n:%normal! @b\n:%normal! @c\n:x\nEOF\nvim -Nu NONE -n -Es /app/input.csv -S /app/apply_macros.vim\nstatus=$?; echo "vim_status=$status"; cmp -s /app/input.csv /app/expected.csv; echo "cmp_status=$?"; echo \'--- script ---\'; cat /app/apply_macros.vim; exit $status\n'] min_timeout_sec: 10.0 max_timeout_sec: 180.0
Trajectory dumped to jobs/p1-terminus-2-large-scale-text-editing-r1-retry1/large-scale-text-editing__m5hddKp/agent/trajectory.json
Sending keys: [''] min_timeout_sec: 15.0 max_timeout_sec: 180.0
Trajectory dumped to jobs/p1-terminus-2-large-scale-text-editing-r1-retry1/large-scale-text-editing__m5hddKp/agent/trajectory.json
Sending keys: [''] min_timeout_sec: 30.0 max_timeout_sec: 180.0
Trajectory dumped to jobs/p1-terminus-2-large-scale-text-editing-r1-retry1/large-scale-text-editing__m5hddKp/agent/trajectory.json
Parser warnings: - Command 1 should end with newline when followed by another command. Otherwise the two commands will be concatenated together on the same line.
Sending keys: ['C-c'] min_timeout_sec: 1.0 max_timeout_sec: 180.0
Sending keys: ["ps -eo pid,stat,cmd | grep '[v]im' || true\n"] min_timeout_sec: 0.2 max_timeout_sec: 180.0
Sending keys: ['cat > /app/apply_macros.vim <<\'EOF\'\ncall setreg(\'a\', ":s/^\\\\s*\\\\([^,]*\\\\S\\\\)\\\\s*,\\\\s*\\\\([^,]*\\\\S\\\\)\\\\s*,\\\\s*\\\\([^,]*\\\\S\\\\)\\\\s*$/\\\\U\\\\3;\\\\2;\\\\1\\\\E;OK/\\r")\ncall setreg(\'b\', "l")\ncall setreg(\'c\', "h")\n:%normal! @a\n:%normal! @b\n:%normal! @c\n:x\nEOF\nvim -Nu NONE -n -Es /app/input.csv -S /app/apply_macros.vim; s=$?; echo vim_status=$s; cmp -s /app/input.csv /app/expected.csv; echo cmp_status=$?; wc -c /app/input.csv /app/expected.csv; exit $s\n'] min_timeout_sec: 30.0 max_timeout_sec: 180.0
Trajectory dumped to jobs/p1-terminus-2-large-scale-text-editing-r1-retry1/large-scale-text-editing__m5hddKp/agent/trajectory.json
Sending keys: ['C-c\n'] min_timeout_sec: 0.5 max_timeout_sec: 180.0
Sending keys: ["pkill -9 vim 2>/dev/null || true\nprintf 'input_lines='; wc -l < /app/input.csv; printf 'expected_lines='; wc -l < /app/expected.csv; cmp -s /app/input.csv /app/expected.csv; echo current_cmp=$?\n"] min_timeout_sec: 0.5 max_timeout_sec: 180.0
Sending keys: ['cat > /app/apply_macros.vim <<\'EOF\'\ncall setreg(\'a\', ":s/^\\\\s*\\\\([^,]*\\\\S\\\\)\\\\s*,\\\\s*\\\\([^,]*\\\\S\\\\)\\\\s*,\\\\s*\\\\([^,]*\\\\S\\\\)\\\\s*$/\\\\U\\\\3;\\\\2;\\\\1\\\\E;OK/\\r")\ncall setreg(\'b\', "l")\ncall setreg(\'c\', "h")\n:%normal! @a\n:%normal! @b\n:%normal! @c\n:x\nEOF\nvim -Nu NONE -n -Es /app/input.csv -S /app/apply_macros.vim; s=$?; echo vim_status=$s; cmp -s /app/input.csv /app/expected.csv; echo cmp_status=$?; exit $s\n'] min_timeout_sec: 30.0 max_timeout_sec: 180.0
Trajectory dumped to jobs/p1-terminus-2-large-scale-text-editing-r1-retry1/large-scale-text-editing__m5hddKp/agent/trajectory.json
Sending keys: ['C-c\n'] min_timeout_sec: 0.5 max_timeout_sec: 180.0
Sending keys: ['echo SHELL_READY\n'] min_timeout_sec: 0.2 max_timeout_sec: 180.0
Sending keys: ['pgrep -a vim || true; ls -l /app/apply_macros.vim 2>/dev/null || true\n'] min_timeout_sec: 0.2 max_timeout_sec: 180.0
Trajectory dumped to jobs/p1-terminus-2-large-scale-text-editing-r1-retry1/large-scale-text-editing__m5hddKp/agent/trajectory.json
Sending keys: ['C-cC-cC-c\n'] min_timeout_sec: 2.0 max_timeout_sec: 180.0
Sending keys: ['echo READY\n'] min_timeout_sec: 0.5 max_timeout_sec: 180.0
Trajectory dumped to jobs/p1-terminus-2-large-scale-text-editing-r1-retry1/large-scale-text-editing__m5hddKp/agent/trajectory.json
Sending keys: ['C-c\n'] min_timeout_sec: 1.0 max_timeout_sec: 180.0
Sending keys: ['echo READY\n'] min_timeout_sec: 0.2 max_timeout_sec: 180.0
Sending keys: ['pkill -9 vim 2>/dev/null || true; echo CLEAN\n'] min_timeout_sec: 0.5 max_timeout_sec: 180.0
Trajectory dumped to jobs/p1-terminus-2-large-scale-text-editing-r1-retry1/large-scale-text-editing__m5hddKp/agent/trajectory.json
Parser warnings: - Command 1 should end with newline when followed by another command. Otherwise the two commands will be concatenated together on the same line.
Sending keys: ['C-c'] min_timeout_sec: 2.0 max_timeout_sec: 180.0
Sending keys: ['\n'] min_timeout_sec: 1.0 max_timeout_sec: 180.0
Trajectory dumped to jobs/p1-terminus-2-large-scale-text-editing-r1-retry1/large-scale-text-editing__m5hddKp/agent/trajectory.json
Sending keys: ['\n'] min_timeout_sec: 0.5 max_timeout_sec: 180.0
Sending keys: ['echo READY; pgrep -a vim || true; wc -c -l /app/input.csv /app/expected.csv\n'] min_timeout_sec: 0.5 max_timeout_sec: 180.0
Sending keys: ['printf \'%s\\n\' "call setreg(\'a\', \\" :s/^\\\\\\\\s*\\\\\\\\([^,]*\\\\\\\\S\\\\\\\\)\\\\\\\\s*,\\\\\\\\s*\\\\\\\\([^,]*\\\\\\\\S\\\\\\\\)\\\\\\\\s*,\\\\\\\\s*\\\\\\\\([^,]*\\\\\\\\S\\\\\\\\)\\\\\\\\s*$/\\\\\\\\U\\\\\\\\3;\\\\\\\\2;\\\\\\\\1\\\\\\\\E;OK/\\\\r\\")" "call setreg(\'b\', \\"l\\")" "call setreg(\'c\', \\"h\\")" \':%normal! @a\' \':%normal! @b\' \':%normal! @c\' \':x\' > /app/apply_macros.vim\nsed -i \'s/\\\\" :s/\\\\":s/\' /app/apply_macros.vim\ncat /app/apply_macros.vim\n'] min_timeout_sec: 0.5 max_timeout_sec: 180.0
Trajectory dumped to jobs/p1-terminus-2-large-scale-text-editing-r1-retry1/large-scale-text-editing__m5hddKp/agent/trajectory.json
Sending keys: ['C-c\n'] min_timeout_sec: 2.0 max_timeout_sec: 180.0
Trajectory dumped to jobs/p1-terminus-2-large-scale-text-editing-r1-retry1/large-scale-text-editing__m5hddKp/agent/trajectory.json
Sending keys: ['\n'] min_timeout_sec: 1.0 max_timeout_sec: 180.0
Sending keys: ['echo READY\n'] min_timeout_sec: 0.5 max_timeout_sec: 180.0
Trajectory dumped to jobs/p1-terminus-2-large-scale-text-editing-r1-retry1/large-scale-text-editing__m5hddKp/agent/trajectory.json
Parser warnings: - Command 1 should end with newline when followed by another command. Otherwise the two commands will be concatenated together on the same line.
Sending keys: ['C-cC-cC-d'] min_timeout_sec: 2.0 max_timeout_sec: 180.0
Sending keys: ['\n'] min_timeout_sec: 1.0 max_timeout_sec: 180.0
Trajectory dumped to jobs/p1-terminus-2-large-scale-text-editing-r1-retry1/large-scale-text-editing__m5hddKp/agent/trajectory.json
Sending keys: ['C-c\n'] min_timeout_sec: 3.0 max_timeout_sec: 180.0
Trajectory dumped to jobs/p1-terminus-2-large-scale-text-editing-r1-retry1/large-scale-text-editing__m5hddKp/agent/trajectory.json
Sending keys: ['C-c\n'] min_timeout_sec: 5.0 max_timeout_sec: 180.0
Trajectory dumped to jobs/p1-terminus-2-large-scale-text-editing-r1-retry1/large-scale-text-editing__m5hddKp/agent/trajectory.json
Sending keys: ['C-\\\\\n'] min_timeout_sec: 3.0 max_timeout_sec: 180.0
Trajectory dumped to jobs/p1-terminus-2-large-scale-text-editing-r1-retry1/large-scale-text-editing__m5hddKp/agent/trajectory.json
Sending keys: ['C-\\\n'] min_timeout_sec: 5.0 max_timeout_sec: 180.0
Trajectory dumped to jobs/p1-terminus-2-large-scale-text-editing-r1-retry1/large-scale-text-editing__m5hddKp/agent/trajectory.json
Sending keys: ['C-z\n'] min_timeout_sec: 3.0 max_timeout_sec: 180.0
Trajectory dumped to jobs/p1-terminus-2-large-scale-text-editing-r1-retry1/large-scale-text-editing__m5hddKp/agent/trajectory.json
Sending keys: ['C-c'] min_timeout_sec: 5.0 max_timeout_sec: 180.0
Trajectory dumped to jobs/p1-terminus-2-large-scale-text-editing-r1-retry1/large-scale-text-editing__m5hddKp/agent/trajectory.json
Sending keys: ['\n'] min_timeout_sec: 3.0 max_timeout_sec: 180.0
Trajectory dumped to jobs/p1-terminus-2-large-scale-text-editing-r1-retry1/large-scale-text-editing__m5hddKp/agent/trajectory.json
Sending keys: ['\n'] min_timeout_sec: 2.0 max_timeout_sec: 180.0
Sending keys: ['printf \'%s\\n\' \'call setreg(\'"\'"\'a\'"\'"\', ":s/^\\\\s*\\\\([^,]*\\\\S\\\\)\\\\s*,\\\\s*\\\\([^,]*\\\\S\\\\)\\\\s*,\\\\s*\\\\([^,]*\\\\S\\\\)\\\\s*$/\\\\U\\\\3;\\\\2;\\\\1\\\\E;OK/\\\\r")\' \'call setreg(\'"\'"\'b\'"\'"\', "l")\' \'call setreg(\'"\'"\'c\'"\'"\', "h")\' \':%normal! @a\' \':%normal! @b\' \':%normal! @c\' \':x\' > /app/apply_macros.vim\n'] min_timeout_sec: 0.5 max_timeout_sec: 180.0
Sending keys: ['timeout 45s vim -Nu NONE -n -Es /app/input.csv -S /app/apply_macros.vim; echo vim_status=$?; cmp -s /app/input.csv /app/expected.csv; echo cmp_status=$?\n'] min_timeout_sec: 50.0 max_timeout_sec: 180.0
Trajectory dumped to jobs/p1-terminus-2-large-scale-text-editing-r1-retry1/large-scale-text-editing__m5hddKp/agent/trajectory.json
Sending keys: ['C-c\n'] min_timeout_sec: 5.0 max_timeout_sec: 180.0
Trajectory dumped to jobs/p1-terminus-2-large-scale-text-editing-r1-retry1/large-scale-text-editing__m5hddKp/agent/trajectory.json
Sending keys: ['\n'] min_timeout_sec: 3.0 max_timeout_sec: 180.0
Trajectory dumped to jobs/p1-terminus-2-large-scale-text-editing-r1-retry1/large-scale-text-editing__m5hddKp/agent/trajectory.json
Sending keys: ['\n'] min_timeout_sec: 3.0 max_timeout_sec: 180.0
Trajectory dumped to jobs/p1-terminus-2-large-scale-text-editing-r1-retry1/large-scale-text-editing__m5hddKp/agent/trajectory.json
Sending keys: ['C-d'] min_timeout_sec: 5.0 max_timeout_sec: 180.0
Trajectory dumped to jobs/p1-terminus-2-large-scale-text-editing-r1-retry1/large-scale-text-editing__m5hddKp/agent/trajectory.json
Sending keys: ['C-d'] min_timeout_sec: 5.0 max_timeout_sec: 180.0
Trajectory dumped to jobs/p1-terminus-2-large-scale-text-editing-r1-retry1/large-scale-text-editing__m5hddKp/agent/trajectory.json
Sending keys: ['C-cC-c\n'] min_timeout_sec: 5.0 max_timeout_sec: 180.0
Trajectory dumped to jobs/p1-terminus-2-large-scale-text-editing-r1-retry1/large-scale-text-editing__m5hddKp/agent/trajectory.json
Sending keys: ['C-c\n'] min_timeout_sec: 3.0 max_timeout_sec: 180.0
Sending keys: ['echo READY\n'] min_timeout_sec: 0.5 max_timeout_sec: 180.0
Trajectory dumped to jobs/p1-terminus-2-large-scale-text-editing-r1-retry1/large-scale-text-editing__m5hddKp/agent/trajectory.json
Sending keys: ['C-c'] min_timeout_sec: 10.0 max_timeout_sec: 180.0
Trajectory dumped to jobs/p1-terminus-2-large-scale-text-editing-r1-retry1/large-scale-text-editing__m5hddKp/agent/trajectory.json
Sending keys: ['\n'] min_timeout_sec: 5.0 max_timeout_sec: 180.0
Trajectory dumped to jobs/p1-terminus-2-large-scale-text-editing-r1-retry1/large-scale-text-editing__m5hddKp/agent/trajectory.json
Sending keys: ['C-d'] min_timeout_sec: 8.0 max_timeout_sec: 180.0
Trajectory dumped to jobs/p1-terminus-2-large-scale-text-editing-r1-retry1/large-scale-text-editing__m5hddKp/agent/trajectory.json
Sending keys: ['C-c\n'] min_timeout_sec: 10.0 max_timeout_sec: 180.0
Trajectory dumped to jobs/p1-terminus-2-large-scale-text-editing-r1-retry1/large-scale-text-editing__m5hddKp/agent/trajectory.json
Sending keys: [''] min_timeout_sec: 10.0 max_timeout_sec: 180.0
Sending keys: ['\n'] min_timeout_sec: 2.0 max_timeout_sec: 180.0
Trajectory dumped to jobs/p1-terminus-2-large-scale-text-editing-r1-retry1/large-scale-text-editing__m5hddKp/agent/trajectory.json
Sending keys: ['C-c\n'] min_timeout_sec: 15.0 max_timeout_sec: 180.0
Trajectory dumped to jobs/p1-terminus-2-large-scale-text-editing-r1-retry1/large-scale-text-editing__m5hddKp/agent/trajectory.json
Sending keys: ['C-c\n'] min_timeout_sec: 20.0 max_timeout_sec: 180.0
Sending keys: ['printf \'%s\\n\' \'call setreg(\'"\'"\'a\'"\'"\', ":%s/^\\\\s*\\\\([^,]*\\\\S\\\\)\\\\s*,\\\\s*\\\\([^,]*\\\\S\\\\)\\\\s*,\\\\s*\\\\([^,]*\\\\S\\\\)\\\\s*$/\\\\U\\\\3;\\\\2;\\\\1\\\\E;OK/g\\\\r")\' \'call setreg(\'"\'"\'b\'"\'"\', "l")\' \'call setreg(\'"\'"\'c\'"\'"\', "h")\' \':%normal! @a\' \':%normal! @b\' \':%normal! @c\' \':x\' > /app/apply_macros.vim\n'] min_timeout_sec: 0.5 max_timeout_sec: 180.0
Sending keys: ['timeout 60s vim -Nu NONE -n -Es /app/input.csv -S /app/apply_macros.vim; s=$?; echo vim_status=$s; cmp -s /app/input.csv /app/expected.csv; echo cmp_status=$?; wc -c /app/input.csv /app/expected.csv\n'] min_timeout_sec: 60.0 max_timeout_sec: 180.0
Trajectory dumped to jobs/p1-terminus-2-large-scale-text-editing-r1-retry1/large-scale-text-editing__m5hddKp/agent/trajectory.json
Sending keys: ['C-c\n'] min_timeout_sec: 20.0 max_timeout_sec: 180.0
Trajectory dumped to jobs/p1-terminus-2-large-scale-text-editing-r1-retry1/large-scale-text-editing__m5hddKp/agent/trajectory.json
Sending keys: [''] min_timeout_sec: 30.0 max_timeout_sec: 180.0
Sending keys: ['\n'] min_timeout_sec: 3.0 max_timeout_sec: 180.0
Trajectory dumped to jobs/p1-terminus-2-large-scale-text-editing-r1-retry1/large-scale-text-editing__m5hddKp/agent/trajectory.json
Sending keys: ['C-c\n'] min_timeout_sec: 30.0 max_timeout_sec: 180.0
Trajectory dumped to jobs/p1-terminus-2-large-scale-text-editing-r1-retry1/large-scale-text-editing__m5hddKp/agent/trajectory.json
Sending keys: ['C-c'] min_timeout_sec: 60.0 max_timeout_sec: 180.0
Trajectory dumped to jobs/p1-terminus-2-large-scale-text-editing-r1-retry1/large-scale-text-editing__m5hddKp/agent/trajectory.json
Sending keys: ['\n'] min_timeout_sec: 10.0 max_timeout_sec: 180.0
Trajectory dumped to jobs/p1-terminus-2-large-scale-text-editing-r1-retry1/large-scale-text-editing__m5hddKp/agent/trajectory.json
Sending keys: ['C-z'] min_timeout_sec: 5.0 max_timeout_sec: 180.0
Trajectory dumped to jobs/p1-terminus-2-large-scale-text-editing-r1-retry1/large-scale-text-editing__m5hddKp/agent/trajectory.json
Sending keys: ["kill %1 2>/dev/null || true; jobs -l; printf '%s\\n' '--- current head ---'; head -3 /app/input.csv; printf '%s\\n' '--- current tail ---'; tail -3 /app/input.csv; printf '%s\\n' '--- candidates ---'; ls -la /app | grep -E 'input|expected|swp|bak|un~' || true\n"] min_timeout_sec: 1.0 max_timeout_sec: 180.0
Trajectory dumped to jobs/p1-terminus-2-large-scale-text-editing-r1-retry1/large-scale-text-editing__m5hddKp/agent/trajectory.json
Sending keys: ['cat > /app/apply_macros.vim <<\'EOF\'\ncall setreg(\'a\', ":%s/^\\\\s*\\\\([^,]*\\\\S\\\\)\\\\s*,\\\\s*\\\\([^,]*\\\\S\\\\)\\\\s*,\\\\s*\\\\([^,]*\\\\S\\\\)\\\\s*$/\\\\3;\\\\2;\\\\1/g|%s/^\\\\(.*[^K]\\\\)$/\\\\U\\\\1\\\\E;OK/g\\r")\ncall setreg(\'b\', "l")\ncall setreg(\'c\', "h")\n:%normal! @a\n:%normal! @b\n:%normal! @c\n:x\nEOF\ncat /app/apply_macros.vim\n'] min_timeout_sec: 0.5 max_timeout_sec: 180.0
Sending keys: ['timeout 60s vim -Nu NONE -n -Es /app/input.csv -S /app/apply_macros.vim; s=$?; echo vim_status=$s; cmp -s /app/input.csv /app/expected.csv; echo cmp_status=$?; wc -c /app/input.csv /app/expected.csv\n'] min_timeout_sec: 60.0 max_timeout_sec: 180.0
Trajectory dumped to jobs/p1-terminus-2-large-scale-text-editing-r1-retry1/large-scale-text-editing__m5hddKp/agent/trajectory.json
Sending keys: [''] min_timeout_sec: 30.0 max_timeout_sec: 180.0
Trajectory dumped to jobs/p1-terminus-2-large-scale-text-editing-r1-retry1/large-scale-text-editing__m5hddKp/agent/trajectory.json
Sending keys: ['head -3 /app/input.csv; tail -3 /app/input.csv\n'] min_timeout_sec: 0.2 max_timeout_sec: 180.0
Sending keys: ['cat > /app/apply_macros.vim <<\'EOF\'\ncall setreg(\'a\', ":s/^\\\\s*\\\\([^,]*\\\\S\\\\)\\\\s*,\\\\s*\\\\([^,]*\\\\S\\\\)\\\\s*,\\\\s*\\\\([^,]*\\\\S\\\\)\\\\s*$/\\\\3;\\\\2;\\\\1/|s/^\\\\(.*[^K]\\\\)$/\\\\U\\\\1\\\\E;OK/\\r")\ncall setreg(\'b\', "l")\ncall setreg(\'c\', "h")\n:%normal! @a\n:%normal! @b\n:%normal! @c\n:x\nEOF\nvim -Nu NONE -n -Es /app/input.csv -S /app/apply_macros.vim; s=$?; echo vim_status=$s; cmp -s /app/input.csv /app/expected.csv; echo cmp_status=$?; wc -c /app/input.csv /app/expected.csv\n'] min_timeout_sec: 60 max_timeout_sec: 180.0
Trajectory dumped to jobs/p1-terminus-2-large-scale-text-editing-r1-retry1/large-scale-text-editing__m5hddKp/agent/trajectory.json
Sending keys: [''] min_timeout_sec: 30.0 max_timeout_sec: 180.0
Trajectory dumped to jobs/p1-terminus-2-large-scale-text-editing-r1-retry1/large-scale-text-editing__m5hddKp/agent/trajectory.json
Sending keys: ['cat > /app/apply_macros.vim <<\'EOF\'\ncall setreg(\'a\', ":s/^\\\\s*\\\\([^,]*\\\\S\\\\)\\\\s*,\\\\s*\\\\([^,]*\\\\S\\\\)\\\\s*,\\\\s*\\\\([^,]*\\\\S\\\\)\\\\s*$/\\\\3;\\\\2;\\\\1/e|s/^\\\\(.*[^K]\\\\)$/\\\\U\\\\1\\\\E;OK/e\\r")\ncall setreg(\'b\', "l")\ncall setreg(\'c\', "h")\n:%normal! @a\n:%normal! @b\n:%normal! @c\n:x\nEOF\nvim -Nu NONE -n -Es /app/input.csv -S /app/apply_macros.vim; s=$?; echo vim_status=$s; cmp -s /app/input.csv /app/expected.csv; echo cmp_status=$?; wc -c /app/input.csv /app/expected.csv\n'] min_timeout_sec: 60 max_timeout_sec: 180.0
Trajectory dumped to jobs/p1-terminus-2-large-scale-text-editing-r1-retry1/large-scale-text-editing__m5hddKp/agent/trajectory.json
Sending keys: [''] min_timeout_sec: 30.0 max_timeout_sec: 180.0
Trajectory dumped to jobs/p1-terminus-2-large-scale-text-editing-r1-retry1/large-scale-text-editing__m5hddKp/agent/trajectory.json
Sending keys: [''] min_timeout_sec: 30.0 max_timeout_sec: 180.0
Trajectory dumped to jobs/p1-terminus-2-large-scale-text-editing-r1-retry1/large-scale-text-editing__m5hddKp/agent/trajectory.json
Trajectory dumped to jobs/p1-terminus-2-large-scale-text-editing-r1-retry1/large-scale-text-editing__m5hddKp/agent/trajectory.json
Trajectory dumped to jobs/p1-terminus-2-large-scale-text-editing-r1-retry1/large-scale-text-editing__m5hddKp/agent/trajectory.json
Trajectory dumped to jobs/p1-terminus-2-large-scale-text-editing-r1-retry1/large-scale-text-editing__m5hddKp/agent/trajectory.json
Collecting main service artifacts
