Skipping image OS validation for alexgshaw/fix-git:20260403: docker inspect returned 1
Installing: tmux, asciinema
Detected system: {'os': 'debian-based', 'package_manager': 'apt-get', 'update_command': None}
Installing tools using apt-get: DEBIAN_FRONTEND=noninteractive apt-get update && DEBIAN_FRONTEND=noninteractive apt-get install -y tmux asciinema
Starting recording.
Sending keys: ['asciinema rec --stdin /logs/agent/recording.cast', 'Enter'] min_timeout_sec: 1.0 max_timeout_sec: 180.0
Sending keys: ['clear', 'Enter'] min_timeout_sec: 0.0 max_timeout_sec: 180.0
Sending keys: ["git status --short --branch && printf '\\nBranches:\\n' && git branch -avv && printf '\\nRecent commits:\\n' && git log --oneline --decorate --all -20 && printf '\\nReflog:\\n' && git reflog --all --date=local -20\n"] min_timeout_sec: 1.0 max_timeout_sec: 180.0
Trajectory dumped to jobs/p1-terminus-2-fix-git-r2/fix-git__6cHSGsh/agent/trajectory.json
Sending keys: ["git show --stat --summary --decorate c499730 && printf '\\nCommit parent and diff against master:\\n' && git diff --stat master..c499730 && git log --oneline --graph --decorate --all --reflog -8\n"] min_timeout_sec: 1.0 max_timeout_sec: 180.0
Sending keys: ['git merge --no-ff c499730 -m "Merge recovered Stanford changes"\n'] min_timeout_sec: 1.0 max_timeout_sec: 180.0
Sending keys: ['git status --short --branch && git log --oneline --graph --decorate -8\n'] min_timeout_sec: 1.0 max_timeout_sec: 180.0
Trajectory dumped to jobs/p1-terminus-2-fix-git-r2/fix-git__6cHSGsh/agent/trajectory.json
Sending keys: ["printf '%s\\n' '--- conflicted file ---' && sed -n '1,240p' _includes/about.md && printf '%s\\n' '--- master version ---' && git show HEAD:_includes/about.md && printf '%s\\n' '--- recovered version ---' && git show c499730:_includes/about.md\n"] min_timeout_sec: 1.0 max_timeout_sec: 180.0
Trajectory dumped to jobs/p1-terminus-2-fix-git-r2/fix-git__6cHSGsh/agent/trajectory.json
Sending keys: ['git checkout --theirs -- _includes/about.md && git add _includes/about.md _layouts/default.html && git commit --no-edit\n'] min_timeout_sec: 1.0 max_timeout_sec: 180.0
Sending keys: ["git status --short --branch && git log --oneline --graph --decorate -8 && printf '\\nRecovered changes in master:\\n' && git show --stat --oneline HEAD\n"] min_timeout_sec: 1.0 max_timeout_sec: 180.0
Trajectory dumped to jobs/p1-terminus-2-fix-git-r2/fix-git__6cHSGsh/agent/trajectory.json
Trajectory dumped to jobs/p1-terminus-2-fix-git-r2/fix-git__6cHSGsh/agent/trajectory.json
Trajectory dumped to jobs/p1-terminus-2-fix-git-r2/fix-git__6cHSGsh/agent/trajectory.json
Trajectory dumped to jobs/p1-terminus-2-fix-git-r2/fix-git__6cHSGsh/agent/trajectory.json
Collecting main service artifacts
