Skipping image OS validation for alexgshaw/mailman:20251031: docker inspect returned 1
Installing: tmux, asciinema
Detected system: {'os': 'debian-based', 'package_manager': 'apt-get', 'update_command': None}
Installing tools using apt-get: DEBIAN_FRONTEND=noninteractive apt-get update && DEBIAN_FRONTEND=noninteractive apt-get install -y tmux asciinema
Starting recording.
Sending keys: ['asciinema rec --stdin /logs/agent/recording.cast', 'Enter'] min_timeout_sec: 1.0 max_timeout_sec: 180.0
Sending keys: ['clear', 'Enter'] min_timeout_sec: 0.0 max_timeout_sec: 180.0
Parser warnings: - Extra text detected after JSON object
- Fields appear in wrong order. Found: commands → analysis → plan, expected: analysis → plan → commands
Sending keys: ["ls -la /app /etc/mailman3 2>/dev/null; printf '\\n--- packages/services ---\\n'; dpkg -l | grep -E 'postfix|mailman' || true; systemctl status postfix mailman3 --no-pager 2>&1 | head -80\n"] min_timeout_sec: 1.0 max_timeout_sec: 180.0
Trajectory dumped to jobs/p1-terminus-2-mailman-r1-retry1/mailman__NbCKqQK/agent/trajectory.json
Sending keys: ["sed -n '1,260p' /app/eval.py\nprintf '\\n--- mailman cfg ---\\n'\nsed -n '1,260p' /etc/mailman3/mailman.cfg\nprintf '\\n--- postfix config ---\\n'\npostconf -n 2>/dev/null || true\nprintf '\\n--- mailman commands ---\\n'\ncommand -v mailman || true\nmailman --help 2>&1 | head -80 || true\nprintf '\\n--- users/processes ---\\n'\nid mailman 2>/dev/null || true\nps aux | grep -E '[m]ailman|[p]ostfix' || true\n"] min_timeout_sec: 1.0 max_timeout_sec: 180.0
Trajectory dumped to jobs/p1-terminus-2-mailman-r1-retry1/mailman__NbCKqQK/agent/trajectory.json
Sending keys: ["sed -n '100,280p' /app/eval.py\nprintf '\\n--- cfg sections ---\\n'\ngrep -nE '^\\[|^(var_dir|queue_dir|log_dir|lock_dir|data_dir|configuration|incoming|outgoing|smtp_host|smtp_port|runner)' /etc/mailman3/mailman.cfg\nprintf '\\n--- package startup files ---\\n'\ndpkg -L mailman3 | grep -E '(systemd|init.d|bin/mailman|postfix|transport|alias)' | head -100\nprintf '\\n--- mailman help ---\\n'\nmailman --help 2>&1 | sed -n '1,160p'\n"] min_timeout_sec: 1.0 max_timeout_sec: 180.0
Trajectory dumped to jobs/p1-terminus-2-mailman-r1-retry1/mailman__NbCKqQK/agent/trajectory.json
Sending keys: ["sed -n '1,240p' /etc/init.d/mailman3\nsed -n '100,180p' /etc/mailman3/mailman.cfg\nsed -n '240,330p' /etc/mailman3/mailman.cfg\nprintf '\\n--- postfix integration defaults ---\\n'\ncat /usr/lib/python3/dist-packages/mailman/config/postfix.cfg\nprintf '\\n--- package users/groups ---\\n'\ngetent passwd mailman list || true\ngetent group mailman list || true\n"] min_timeout_sec: 1.0 max_timeout_sec: 180.0
Trajectory dumped to jobs/p1-terminus-2-mailman-r1-retry1/mailman__NbCKqQK/agent/trajectory.json
Sending keys: ["set -e\nmkdir -p /var/lib/mailman3/{data,lists,queue,cache,messages,archives,templates,locks} /var/log/mailman3 /run/mailman3 /var/mail\nchown -R list:list /var/lib/mailman3 /var/log/mailman3 /run/mailman3 /etc/mailman3\nchmod 750 /etc/mailman3\nprintf 'create help:\\n'\nmailman -C /etc/mailman3/mailman.cfg create --help 2>&1 | head -80\nprintf 'cfg:\\n'\nmailman -C /etc/mailman3/mailman.cfg conf paths 2>&1 | head -80\n"] min_timeout_sec: 1.0 max_timeout_sec: 180.0
Sending keys: ["set -e\nif ! runuser -u list -- mailman -C /etc/mailman3/mailman.cfg lists 2>/dev/null | grep -q 'reading-group@local.edu'; then\n  runuser -u list -- mailman -C /etc/mailman3/mailman.cfg create --notify=no reading-group@local.edu\nfi\nrunuser -u list -- python3 - <<'PY'\nfrom mailman.core.initialize import initialize\nfrom mailman.interfaces.listmanager import IListManager\nfrom mailman.interfaces.mailinglist import SubscriptionPolicy, UnsubscriptionPolicy, PostingPolicy\nfrom zope.component import getUtility\nfrom mailman.database.transaction import transaction\ninitialize('/etc/mailman3/mailman.cfg')\nmlist = getUtility(IListManager).get('reading-group@local.edu')\nmlist.subscription_policy = SubscriptionPolicy.open\nmlist.unsubscription_policy = UnsubscriptionPolicy.open\nmlist.posting_policy = PostingPolicy.open\ntransaction.commit()\nprint(mlist.list_id, mlist.subscription_policy, mlist.unsubscription_policy, mlist.posting_policy)\nPY\nrunuser -u list -- mailman -C /etc/mailman3/mailman.cfg aliases\nfind /var/lib/mailman3 -maxdepth 3 -type f -printf '%p\\n' | sort | head -80\n"] min_timeout_sec: 3.0 max_timeout_sec: 180.0
Sending keys: ["set -e\npostconf -e 'myhostname = local.edu'\npostconf -e 'mydomain = local.edu'\npostconf -e 'mydestination = $myhostname, localhost.$mydomain, localhost, local.edu'\npostconf -e 'inet_interfaces = all'\npostconf -e 'inet_protocols = all'\npostconf -e 'local_recipient_maps ='\npostconf -e 'mail_spool_directory = /var/mail/'\npostconf -e 'virtual_alias_maps = hash:/var/lib/mailman3/data/virtual-mailman'\npostconf -e 'transport_maps = hash:/var/lib/mailman3/data/postfix_lmtp'\npostconf -e 'mailbox_command ='\npostmap /var/lib/mailman3/data/virtual-mailman 2>/dev/null || true\npostmap /var/lib/mailman3/data/postfix_lmtp 2>/dev/null || true\npostfix check\n/etc/init.d/mailman3 start\npostfix start\nsleep 2\nps aux | grep -E '[m]ailman|[p]ostfix'\npostconf -n\n"] min_timeout_sec: 5.0 max_timeout_sec: 180.0
Sending keys: ['python3 /app/eval.py'] min_timeout_sec: 10.0 max_timeout_sec: 180.0
Trajectory dumped to jobs/p1-terminus-2-mailman-r1-retry1/mailman__NbCKqQK/agent/trajectory.json
Sending keys: ["runuser -u list -- mailman -C /etc/mailman3/mailman.cfg create --help 2>&1 | sed -n '1,120p'\nrunuser -u list -- mailman -C /etc/mailman3/mailman.cfg lists 2>&1 || true\nps aux | grep -E '[m]ailman|[p]ostfix' || true\n"] min_timeout_sec: 1.0 max_timeout_sec: 180.0
Sending keys: ["set -e\nif ! runuser -u list -- mailman -C /etc/mailman3/mailman.cfg lists 2>/dev/null | grep -q 'reading-group@local.edu'; then\n  printf 'root@local.edu\\n' | runuser -u list -- mailman -C /etc/mailman3/mailman.cfg create reading-group@local.edu\nfi\nrunuser -u list -- python3 - <<'PY'\nfrom mailman.core.initialize import initialize\nfrom mailman.interfaces.listmanager import IListManager\nfrom mailman.interfaces.mailinglist import SubscriptionPolicy, UnsubscriptionPolicy, PostingPolicy\nfrom zope.component import getUtility\nfrom mailman.database.transaction import transaction\ninitialize('/etc/mailman3/mailman.cfg')\nmlist = getUtility(IListManager).get('reading-group@local.edu')\nmlist.subscription_policy = SubscriptionPolicy.open\nmlist.unsubscription_policy = UnsubscriptionPolicy.open\nmlist.posting_policy = PostingPolicy.open\ntransaction.commit()\nprint('configured', mlist.list_id)\nPY\nrunuser -u list -- mailman -C /etc/mailman3/mailman.cfg aliases\nfind /var/lib/mailman3 -maxdepth 3 -type f \\( -name '*postfix*' -o -name '*virtual*' -o -name '*aliases*' \\) -ls\npostmap /var/lib/mailman3/data/virtual-mailman 2>/dev/null || true\npostmap /var/lib/mailman3/data/postfix_lmtp 2>/dev/null || true\npostfix reload\nrunuser -u list -- mailman -C /etc/mailman3/mailman.cfg restart || /etc/init.d/mailman3 restart\n"] min_timeout_sec: 5.0 max_timeout_sec: 180.0
Sending keys: ['python3 /app/eval.py'] min_timeout_sec: 15.0 max_timeout_sec: 180.0
Trajectory dumped to jobs/p1-terminus-2-mailman-r1-retry1/mailman__NbCKqQK/agent/trajectory.json
Sending keys: [''] min_timeout_sec: 10.0 max_timeout_sec: 180.0
Trajectory dumped to jobs/p1-terminus-2-mailman-r1-retry1/mailman__NbCKqQK/agent/trajectory.json
Session has ended, breaking out of agent loop
Trajectory dumped to jobs/p1-terminus-2-mailman-r1-retry1/mailman__NbCKqQK/agent/trajectory.json
Collecting main service artifacts
