Skipping image OS validation for alexgshaw/fix-ocaml-gc:20251031: docker inspect returned 1
Installing: tmux, asciinema
Detected system: {'os': 'debian-based', 'package_manager': 'apt-get', 'update_command': None}
Installing tools using apt-get: DEBIAN_FRONTEND=noninteractive apt-get update && DEBIAN_FRONTEND=noninteractive apt-get install -y tmux asciinema
Starting recording.
Sending keys: ['asciinema rec --stdin /logs/agent/recording.cast', 'Enter'] min_timeout_sec: 1.0 max_timeout_sec: 180.0
Sending keys: ['clear', 'Enter'] min_timeout_sec: 0.0 max_timeout_sec: 180.0
Sending keys: ["pwd; printf '\\n--- files ---\\n'; ls -la; printf '\\n--- git status ---\\n'; git status --short; printf '\\n--- HACKING excerpt ---\\n'; sed -n '1,240p' HACKING.adoc\n"] min_timeout_sec: 0.5 max_timeout_sec: 180.0
Trajectory dumped to jobs/p1-terminus-2-fix-ocaml-gc-r1/fix-ocaml-gc__8USjKbH/agent/trajectory.json
Sending keys: ["cd /app/ocaml; printf '%s\\n' '--- git status ---'; git status --short; printf '%s\\n' '--- top-level files ---'; ls -la | sed -n '1,100p'; printf '%s\\n' '--- HACKING ---'; sed -n '1,260p' HACKING.adoc\n"] min_timeout_sec: 0.5 max_timeout_sec: 180.0
Trajectory dumped to jobs/p1-terminus-2-fix-ocaml-gc-r1/fix-ocaml-gc__8USjKbH/agent/trajectory.json
Sending keys: ["cd /app/ocaml; printf '%s\\n' '--- bootstrap instructions ---'; sed -n '1,240p' BOOTSTRAP.adoc; printf '%s\\n' '--- runtime hacking ---'; sed -n '1,220p' runtime/HACKING.adoc 2>/dev/null || true; printf '%s\\n' '--- suspected GC references ---'; grep -RInE 'run.?length|free.?space|free_list|free list|sweep|Sweep' runtime --include='*.c' --include='*.h' | head -240\n"] min_timeout_sec: 0.5 max_timeout_sec: 180.0
Trajectory dumped to jobs/p1-terminus-2-fix-ocaml-gc-r1/fix-ocaml-gc__8USjKbH/agent/trajectory.json
Parser warnings: - Extra text detected after JSON object
Sending keys: ["cd /app/ocaml; printf '%s\\n' '--- compression/free-space identifiers ---'; grep -RInE 'run.?length|RLE|compressed|compression|free_space|free_space|next_free|avail_pools|pool_sweep' runtime --include='*.c' --include='*.h'; printf '%s\\n' '--- shared heap declarations ---'; sed -n '1,230p' runtime/shared_heap.c; printf '%s\\n' '--- pool sweep/allocation ---'; sed -n '300,820p' runtime/shared_heap.c; printf '%s\\n' '--- relevant headers ---'; sed -n '1,220p' runtime/caml/shared_heap.h; sed -n '1,180p' runtime/caml/config.h\n"] min_timeout_sec: 0.5 max_timeout_sec: 180.0
Trajectory dumped to jobs/p1-terminus-2-fix-ocaml-gc-r1/fix-ocaml-gc__8USjKbH/agent/trajectory.json
Sending keys: ["cd /app/ocaml; printf '%s\\n' '--- pool types and setup ---'; nl -ba runtime/shared_heap.c | sed -n '1,340p'; printf '%s\\n' '--- allocation and pool sweep ---'; nl -ba runtime/shared_heap.c | sed -n '340,820p'; printf '%s\\n' '--- build state ---'; ls -l config/Makefile.config Makefile.config boot/ocamlrun boot/*.cm* 2>/dev/null | head -80; test -x boot/ocamlc && echo boot-ocamlc-present || true\n"] min_timeout_sec: 0.5 max_timeout_sec: 180.0
Sending keys: ['cd /app/ocaml; make coreall -j2\n'] min_timeout_sec: 2.0 max_timeout_sec: 180.0
Trajectory dumped to jobs/p1-terminus-2-fix-ocaml-gc-r1/fix-ocaml-gc__8USjKbH/agent/trajectory.json
Sending keys: ['cd /app/ocaml; ./configure\n'] min_timeout_sec: 3.0 max_timeout_sec: 180.0
Sending keys: ['cd /app/ocaml; make coreall -j2\n'] min_timeout_sec: 5.0 max_timeout_sec: 180.0
Trajectory dumped to jobs/p1-terminus-2-fix-ocaml-gc-r1/fix-ocaml-gc__8USjKbH/agent/trajectory.json
Sending keys: [''] min_timeout_sec: 5.0 max_timeout_sec: 180.0
Trajectory dumped to jobs/p1-terminus-2-fix-ocaml-gc-r1/fix-ocaml-gc__8USjKbH/agent/trajectory.json
Sending keys: [''] min_timeout_sec: 5.0 max_timeout_sec: 180.0
Trajectory dumped to jobs/p1-terminus-2-fix-ocaml-gc-r1/fix-ocaml-gc__8USjKbH/agent/trajectory.json
Sending keys: [''] min_timeout_sec: 5.0 max_timeout_sec: 180.0
Trajectory dumped to jobs/p1-terminus-2-fix-ocaml-gc-r1/fix-ocaml-gc__8USjKbH/agent/trajectory.json
Sending keys: [''] min_timeout_sec: 5.0 max_timeout_sec: 180.0
Trajectory dumped to jobs/p1-terminus-2-fix-ocaml-gc-r1/fix-ocaml-gc__8USjKbH/agent/trajectory.json
Sending keys: [''] min_timeout_sec: 5.0 max_timeout_sec: 180.0
Trajectory dumped to jobs/p1-terminus-2-fix-ocaml-gc-r1/fix-ocaml-gc__8USjKbH/agent/trajectory.json
Sending keys: [''] min_timeout_sec: 5.0 max_timeout_sec: 180.0
Trajectory dumped to jobs/p1-terminus-2-fix-ocaml-gc-r1/fix-ocaml-gc__8USjKbH/agent/trajectory.json
Sending keys: [''] min_timeout_sec: 5.0 max_timeout_sec: 180.0
Trajectory dumped to jobs/p1-terminus-2-fix-ocaml-gc-r1/fix-ocaml-gc__8USjKbH/agent/trajectory.json
Sending keys: [''] min_timeout_sec: 5.0 max_timeout_sec: 180.0
Trajectory dumped to jobs/p1-terminus-2-fix-ocaml-gc-r1/fix-ocaml-gc__8USjKbH/agent/trajectory.json
Sending keys: [''] min_timeout_sec: 5.0 max_timeout_sec: 180.0
Trajectory dumped to jobs/p1-terminus-2-fix-ocaml-gc-r1/fix-ocaml-gc__8USjKbH/agent/trajectory.json
Sending keys: [''] min_timeout_sec: 5.0 max_timeout_sec: 180.0
Trajectory dumped to jobs/p1-terminus-2-fix-ocaml-gc-r1/fix-ocaml-gc__8USjKbH/agent/trajectory.json
Sending keys: [''] min_timeout_sec: 5.0 max_timeout_sec: 180.0
Trajectory dumped to jobs/p1-terminus-2-fix-ocaml-gc-r1/fix-ocaml-gc__8USjKbH/agent/trajectory.json
Sending keys: [''] min_timeout_sec: 5.0 max_timeout_sec: 180.0
Trajectory dumped to jobs/p1-terminus-2-fix-ocaml-gc-r1/fix-ocaml-gc__8USjKbH/agent/trajectory.json
Sending keys: [''] min_timeout_sec: 5.0 max_timeout_sec: 180.0
Trajectory dumped to jobs/p1-terminus-2-fix-ocaml-gc-r1/fix-ocaml-gc__8USjKbH/agent/trajectory.json
Sending keys: [''] min_timeout_sec: 10.0 max_timeout_sec: 180.0
Trajectory dumped to jobs/p1-terminus-2-fix-ocaml-gc-r1/fix-ocaml-gc__8USjKbH/agent/trajectory.json
Sending keys: [''] min_timeout_sec: 10.0 max_timeout_sec: 180.0
Trajectory dumped to jobs/p1-terminus-2-fix-ocaml-gc-r1/fix-ocaml-gc__8USjKbH/agent/trajectory.json
Sending keys: [''] min_timeout_sec: 10.0 max_timeout_sec: 180.0
Trajectory dumped to jobs/p1-terminus-2-fix-ocaml-gc-r1/fix-ocaml-gc__8USjKbH/agent/trajectory.json
Sending keys: [''] min_timeout_sec: 10.0 max_timeout_sec: 180.0
Trajectory dumped to jobs/p1-terminus-2-fix-ocaml-gc-r1/fix-ocaml-gc__8USjKbH/agent/trajectory.json
Sending keys: [''] min_timeout_sec: 10.0 max_timeout_sec: 180.0
Trajectory dumped to jobs/p1-terminus-2-fix-ocaml-gc-r1/fix-ocaml-gc__8USjKbH/agent/trajectory.json
Sending keys: [''] min_timeout_sec: 10.0 max_timeout_sec: 180.0
Trajectory dumped to jobs/p1-terminus-2-fix-ocaml-gc-r1/fix-ocaml-gc__8USjKbH/agent/trajectory.json
Sending keys: [''] min_timeout_sec: 10.0 max_timeout_sec: 180.0
Trajectory dumped to jobs/p1-terminus-2-fix-ocaml-gc-r1/fix-ocaml-gc__8USjKbH/agent/trajectory.json
Sending keys: [''] min_timeout_sec: 10.0 max_timeout_sec: 180.0
Trajectory dumped to jobs/p1-terminus-2-fix-ocaml-gc-r1/fix-ocaml-gc__8USjKbH/agent/trajectory.json
Sending keys: [''] min_timeout_sec: 10.0 max_timeout_sec: 180.0
Trajectory dumped to jobs/p1-terminus-2-fix-ocaml-gc-r1/fix-ocaml-gc__8USjKbH/agent/trajectory.json
Sending keys: [''] min_timeout_sec: 10.0 max_timeout_sec: 180.0
Trajectory dumped to jobs/p1-terminus-2-fix-ocaml-gc-r1/fix-ocaml-gc__8USjKbH/agent/trajectory.json
Sending keys: [''] min_timeout_sec: 10.0 max_timeout_sec: 180.0
Trajectory dumped to jobs/p1-terminus-2-fix-ocaml-gc-r1/fix-ocaml-gc__8USjKbH/agent/trajectory.json
Sending keys: [''] min_timeout_sec: 10.0 max_timeout_sec: 180.0
Trajectory dumped to jobs/p1-terminus-2-fix-ocaml-gc-r1/fix-ocaml-gc__8USjKbH/agent/trajectory.json
Sending keys: [''] min_timeout_sec: 10.0 max_timeout_sec: 180.0
Trajectory dumped to jobs/p1-terminus-2-fix-ocaml-gc-r1/fix-ocaml-gc__8USjKbH/agent/trajectory.json
Sending keys: [''] min_timeout_sec: 10.0 max_timeout_sec: 180.0
Trajectory dumped to jobs/p1-terminus-2-fix-ocaml-gc-r1/fix-ocaml-gc__8USjKbH/agent/trajectory.json
Sending keys: [''] min_timeout_sec: 10.0 max_timeout_sec: 180.0
Trajectory dumped to jobs/p1-terminus-2-fix-ocaml-gc-r1/fix-ocaml-gc__8USjKbH/agent/trajectory.json
Sending keys: [''] min_timeout_sec: 10.0 max_timeout_sec: 180.0
Trajectory dumped to jobs/p1-terminus-2-fix-ocaml-gc-r1/fix-ocaml-gc__8USjKbH/agent/trajectory.json
Sending keys: [''] min_timeout_sec: 10.0 max_timeout_sec: 180.0
Trajectory dumped to jobs/p1-terminus-2-fix-ocaml-gc-r1/fix-ocaml-gc__8USjKbH/agent/trajectory.json
Sending keys: [''] min_timeout_sec: 10.0 max_timeout_sec: 180.0
Trajectory dumped to jobs/p1-terminus-2-fix-ocaml-gc-r1/fix-ocaml-gc__8USjKbH/agent/trajectory.json
Sending keys: ["cd /app/ocaml; printf '%s\\n' '--- boot contents ---'; ls -la boot | sed -n '1,120p'; printf '%s\\n' '--- relevant Makefile rules ---'; grep -nE '^(world|coldstart|coreall|bootstrap|ocamlc):|boot/ocamlrun|runtime/ocamlrun' Makefile | head -100\n"] min_timeout_sec: 0.5 max_timeout_sec: 180.0
Sending keys: ['cd /app/ocaml; make world -j2\n'] min_timeout_sec: 10.0 max_timeout_sec: 180.0
Trajectory dumped to jobs/p1-terminus-2-fix-ocaml-gc-r1/fix-ocaml-gc__8USjKbH/agent/trajectory.json
Sending keys: ["cd /app/ocaml; printf '%s\\n' '--- shared heap 1-340 ---'; nl -ba runtime/shared_heap.c | sed -n '1,340p'; printf '%s\\n' '--- shared heap 340-620 ---'; nl -ba runtime/shared_heap.c | sed -n '340,620p'; printf '%s\\n' '--- shared heap 620-780 ---'; nl -ba runtime/shared_heap.c | sed -n '620,780p'\n"] min_timeout_sec: 0.5 max_timeout_sec: 180.0
Sending keys: ["cd /app/ocaml; printf '%s\\n' '--- stdlib make command ---'; sed -n '120,165p' stdlib/Makefile; printf '%s\\n' '--- runtime executables ---'; ls -l runtime/ocamlrun* boot/ocamlrun; printf '%s\\n' '--- debug runtime test ---'; gdb -q -batch -ex 'set pagination off' -ex 'run boot/ocamlc -strict-sequence -warn-error +a -I stdlib -bin-annot -no-alias-deps -opaque -c stdlib/camlinternalFormatBasics.mli' -ex 'bt' --args runtime/ocamlrund\n"] min_timeout_sec: 5.0 max_timeout_sec: 180.0
Trajectory dumped to jobs/p1-terminus-2-fix-ocaml-gc-r1/fix-ocaml-gc__8USjKbH/agent/trajectory.json
Sending keys: ["cd /app/ocaml; printf '%s\\n' '--- shared heap declarations ---'; nl -ba runtime/shared_heap.c | sed -n '1,180p'; printf '%s\\n' '--- pool allocation code ---'; nl -ba runtime/shared_heap.c | sed -n '180,520p'\n"] min_timeout_sec: 0.5 max_timeout_sec: 180.0
Sending keys: ["cd /app/ocaml; printf '%s\\n' '--- sweep code ---'; nl -ba runtime/shared_heap.c | sed -n '520,780p'; printf '%s\\n' '--- free-list related definitions ---'; grep -RInE 'free|run|length|next|pool' runtime/caml/shared_heap.h runtime/caml/major_gc.h runtime/shared_heap.c | head -240\n"] min_timeout_sec: 0.5 max_timeout_sec: 180.0
Sending keys: ["cd /app/ocaml; printf '%s\\n' '--- stdlib variables ---'; sed -n '1,125p' stdlib/Makefile; printf '%s\\n' '--- compiler invocation references ---'; grep -RInE 'boot/ocamlc|OCAMLC|CAMLC|camlinternalFormatBasics' Makefile stdlib | head -100\n"] min_timeout_sec: 0.5 max_timeout_sec: 180.0
Trajectory dumped to jobs/p1-terminus-2-fix-ocaml-gc-r1/fix-ocaml-gc__8USjKbH/agent/trajectory.json
Sending keys: ["cd /app/ocaml; grep -nE '^(typedef|struct|static|intnat|uintnat|value|static inline).*|free|run|length|sweep|pool' runtime/shared_heap.c | head -260\n"] min_timeout_sec: 0.5 max_timeout_sec: 180.0
Sending keys: ["cd /app/ocaml; nl -ba runtime/shared_heap.c | sed -n '1,220p'; nl -ba runtime/shared_heap.c | sed -n '220,520p'\n"] min_timeout_sec: 0.5 max_timeout_sec: 180.0
Sending keys: ["cd /app/ocaml; nl -ba runtime/shared_heap.c | sed -n '520,780p'; grep -RInE 'free(_| )|run.?length|compressed|span|next_free|free_words' runtime --include='*.c' --include='*.h' | head -300\n"] min_timeout_sec: 0.5 max_timeout_sec: 180.0
Trajectory dumped to jobs/p1-terminus-2-fix-ocaml-gc-r1/fix-ocaml-gc__8USjKbH/agent/trajectory.json
Sending keys: ["cd /app/ocaml; printf '%s\\n' '--- definitions and sweep setup ---'; nl -ba runtime/shared_heap.c | sed -n '1,180p'; printf '%s\\n' '--- pool allocation/sweep ---'; nl -ba runtime/shared_heap.c | sed -n '500,675p'\n"] min_timeout_sec: 0.5 max_timeout_sec: 180.0
Sending keys: ["cd /app/ocaml; printf '%s\\n' '--- consumers of free-list links ---'; nl -ba runtime/shared_heap.c | sed -n '340,510p'; printf '%s\\n' '--- pool/header macros ---'; grep -RInE '#define (POOL|Wosize_hp|Hp_|Hd_|Next)|POOL_FREE_HEADER|Wosize_hp|pool_freelist' runtime/caml runtime --include='*.h' --include='*.c' | head -240\n"] min_timeout_sec: 0.5 max_timeout_sec: 180.0
Trajectory dumped to jobs/p1-terminus-2-fix-ocaml-gc-r1/fix-ocaml-gc__8USjKbH/agent/trajectory.json
Sending keys: ["cd /app/ocaml; sed -n '430,475p' runtime/shared_heap.c; sed -n '560,670p' runtime/shared_heap.c\n"] min_timeout_sec: 0.5 max_timeout_sec: 180.0
Sending keys: ["cd /app/ocaml; grep -RIn 'POOL_FREE_HEADER' runtime | head -40; grep -RInE '#define[[:space:]]+(Wosize_hp|Hd_hp|Hp_hd|POOL_FREE_HEADER)' runtime/caml runtime --include='*.h' --include='*.c'\n"] min_timeout_sec: 0.5 max_timeout_sec: 180.0
Trajectory dumped to jobs/p1-terminus-2-fix-ocaml-gc-r1/fix-ocaml-gc__8USjKbH/agent/trajectory.json
Sending keys: ["cd /app/ocaml; nl -ba runtime/shared_heap.c | sed -n '570,645p'; nl -ba runtime/shared_heap.c | sed -n '300,335p'; nl -ba runtime/shared_heap.c | sed -n '440,470p'\n"] min_timeout_sec: 0.5 max_timeout_sec: 180.0
Trajectory dumped to jobs/p1-terminus-2-fix-ocaml-gc-r1/fix-ocaml-gc__8USjKbH/agent/trajectory.json
Sending keys: ["cd /app/ocaml; nl -ba runtime/shared_heap.c | sed -n '535,660p'\n"] min_timeout_sec: 0.5 max_timeout_sec: 180.0
Trajectory dumped to jobs/p1-terminus-2-fix-ocaml-gc-r1/fix-ocaml-gc__8USjKbH/agent/trajectory.json
Sending keys: ["cd /app/ocaml; python3 - <<'PY'\nfrom pathlib import Path\np = Path('runtime/shared_heap.c')\ns = p.read_text()\nold = '          p += wh * Wosize_hd(hd);\\n'\nnew = '          p += wh * (Wosize_hd(hd) + 1) - Whsize_hd(hd);\\n'\nif s.count(old) != 1:\n    raise SystemExit(f'expected one matching line, found {s.count(old)}')\np.write_text(s.replace(old, new))\nPY\ngrep -n -A3 -B3 'add the free blocks following' runtime/shared_heap.c\n"] min_timeout_sec: 0.5 max_timeout_sec: 180.0
Sending keys: ['cd /app/ocaml; make runtime -j2\n'] min_timeout_sec: 10.0 max_timeout_sec: 180.0
Sending keys: ['cd /app/ocaml; make world -j2\n'] min_timeout_sec: 10.0 max_timeout_sec: 180.0
Trajectory dumped to jobs/p1-terminus-2-fix-ocaml-gc-r1/fix-ocaml-gc__8USjKbH/agent/trajectory.json
Sending keys: ["cd /app/ocaml; nl -ba runtime/shared_heap.c | sed -n '525,575p'; nl -ba runtime/shared_heap.c | sed -n '638,653p'; grep -nE 'sizeclass|uintnat wh|mlsize_t wh|wsize_sizeclass' runtime/shared_heap.c | head -80\n"] min_timeout_sec: 0.5 max_timeout_sec: 180.0
Sending keys: ["cd /app/ocaml; python3 - <<'PY'\nfrom pathlib import Path\np=Path('runtime/shared_heap.c')\ns=p.read_text()\nold='p += wh * Wosize_hd(hd);'\nnew='p += wh * (Wosize_hd(hd) + 1) - Whsize_hd(hd);'\nprint('matches:', s.count(old))\nif s.count(old) != 1: raise SystemExit(1)\np.write_text(s.replace(old,new))\nPY\ngrep -n 'p += wh' runtime/shared_heap.c\n"] min_timeout_sec: 0.5 max_timeout_sec: 180.0
Trajectory dumped to jobs/p1-terminus-2-fix-ocaml-gc-r1/fix-ocaml-gc__8USjKbH/agent/trajectory.json
Sending keys: ["cd /app/ocaml; sed -n '540,655p' runtime/shared_heap.c\n"] min_timeout_sec: 0.5 max_timeout_sec: 180.0
Sending keys: ["cd /app/ocaml; sed -n '270,310p' runtime/shared_heap.c; sed -n '760,795p' runtime/shared_heap.c\n"] min_timeout_sec: 0.5 max_timeout_sec: 180.0
Trajectory dumped to jobs/p1-terminus-2-fix-ocaml-gc-r1/fix-ocaml-gc__8USjKbH/agent/trajectory.json
Sending keys: ["cd /app/ocaml; sed -n '540,655p' runtime/shared_heap.c\n"] min_timeout_sec: 0.5 max_timeout_sec: 180.0
Sending keys: ["cd /app/ocaml; python3 - <<'PY'\nfrom pathlib import Path\np = Path('runtime/shared_heap.c')\ns = p.read_text()\nold = '''      header_t hd = (header_t)atomic_load_relaxed((atomic_uintnat*)p);\n      if (Has_status_hd(hd, caml_global_heap_state.GARBAGE)) {'''\nnew = '''      header_t hd = (header_t)atomic_load_relaxed((atomic_uintnat*)p);\n      mlsize_t block_wh = Whsize_hd(hd);\n      if (Has_status_hd(hd, caml_global_heap_state.GARBAGE)) {'''\nif s.count(old) != 1:\n    raise SystemExit(f'header context matches: {s.count(old)}')\ns = s.replace(old, new)\nold = '''      p += Whsize_hd(hd);\n    } while (p + wh <= end);'''\nnew = '''      p += block_wh;\n    } while (p + wh <= end);'''\nif s.count(old) != 1:\n    raise SystemExit(f'tail context matches: {s.count(old)}')\ns = s.replace(old, new)\np.write_text(s)\nPY\nsed -n '550,655p' runtime/shared_heap.c\n"] min_timeout_sec: 0.5 max_timeout_sec: 180.0
Sending keys: ['cd /app/ocaml; make runtime -j2 && make world -j2\n'] min_timeout_sec: 15.0 max_timeout_sec: 180.0
Trajectory dumped to jobs/p1-terminus-2-fix-ocaml-gc-r1/fix-ocaml-gc__8USjKbH/agent/trajectory.json
Sending keys: ["cd /app/ocaml; grep -n 'block_wh\\|p += Whsize_hd(hd)' runtime/shared_heap.c; sed -n '548,655p' runtime/shared_heap.c\n"] min_timeout_sec: 0.5 max_timeout_sec: 180.0
Sending keys: ["cd /app/ocaml; python3 - <<'PY'\nfrom pathlib import Path\np=Path('runtime/shared_heap.c')\ns=p.read_text()\nneedle='      header_t hd = (header_t)atomic_load_relaxed((atomic_uintnat*)p);\\n'\nassert s.count(needle)==1, s.count(needle)\ns=s.replace(needle, needle+'      mlsize_t block_wh = Whsize_hd(hd);\\n', 1)\nneedle='      p += Whsize_hd(hd);\\n    } while (p + wh <= end);'\nassert s.count(needle)==1, s.count(needle)\ns=s.replace(needle, '      p += block_wh;\\n    } while (p + wh <= end);', 1)\np.write_text(s)\nPY\ngrep -n 'block_wh\\|p += Whsize_hd(hd)' runtime/shared_heap.c\n"] min_timeout_sec: 0.5 max_timeout_sec: 180.0
Sending keys: ['cd /app/ocaml; make -B runtime/ocamlrun -j2 && cp runtime/ocamlrun boot/ocamlrun && make world -j2\n'] min_timeout_sec: 15.0 max_timeout_sec: 180.0
Trajectory dumped to jobs/p1-terminus-2-fix-ocaml-gc-r1/fix-ocaml-gc__8USjKbH/agent/trajectory.json
Sending keys: ["cd /app/ocaml; sed -n '540,655p' runtime/shared_heap.c; grep -n '^static intnat pool_sweep\\|^static intnat large_alloc_sweep' runtime/shared_heap.c\n"] min_timeout_sec: 0.5 max_timeout_sec: 180.0
Sending keys: ["cd /app/ocaml; python3 - <<'PY'\nfrom pathlib import Path\np=Path('runtime/shared_heap.c')\ns=p.read_text()\nstart=s.index('static intnat pool_sweep')\nend=s.index('static intnat large_alloc_sweep', start)\npart=s[start:end]\nold='      header_t hd = (header_t)atomic_load_relaxed((atomic_uintnat*)p);\\n'\nassert part.count(old)==1, part.count(old)\npart=part.replace(old, old+'      mlsize_t block_wh = Whsize_hd(hd);\\n', 1)\nold='      p += Whsize_hd(hd);\\n    } while (p + wh <= end);'\nassert part.count(old)==1, part.count(old)\npart=part.replace(old, '      p += block_wh;\\n    } while (p + wh <= end);', 1)\np=s[:start]+part+s[end:]\np.write_text(p)\nPY\ngrep -n 'block_wh\\|p += Whsize_hd(hd)' runtime/shared_heap.c\n"] min_timeout_sec: 0.5 max_timeout_sec: 180.0
Sending keys: ['cd /app/ocaml; rm -f runtime/shared_heap.b.o runtime/ocamlrun; make runtime/ocamlrun -j2\n'] min_timeout_sec: 15.0 max_timeout_sec: 180.0
Trajectory dumped to jobs/p1-terminus-2-fix-ocaml-gc-r1/fix-ocaml-gc__8USjKbH/agent/trajectory.json
Sending keys: ["cd /app/ocaml; python3 - <<'PY'\nfrom pathlib import Path\npath = Path('runtime/shared_heap.c')\ns = path.read_text()\nstart = s.index('/* Sweeping of the major heap shared pools */')\nend = s.index('static intnat large_alloc_sweep', start)\npart = s[start:end]\nold = '''        /* add the free blocks following this block, skipping over them */\n        p += wh * Wosize_hd(hd);\n      } else {'''\nnew = '''        /* The free header stores the number of additional pool blocks. */\n      } else {'''\nassert part.count(old) == 1, part.count(old)\npart = part.replace(old, new, 1)\nold = '''      p += Whsize_hd(hd);\n    } while (p + wh <= end);'''\nnew = '''      if (POOL_BLOCK_FREE_HD(hd))\n        p += wh * (Wosize_hd(hd) + 1);\n      else\n        p += Whsize_hd(hd);\n    } while (p + wh <= end);'''\nassert part.count(old) == 1, part.count(old)\npart = part.replace(old, new, 1)\npath.write_text(s[:start] + part + s[end:])\nPY\nsed -n '635,655p' runtime/shared_heap.c\n"] min_timeout_sec: 0.5 max_timeout_sec: 180.0
Sending keys: ['cd /app/ocaml; rm -f runtime/shared_heap.b.o runtime/ocamlrun; make runtime/ocamlrun -j2 && cp runtime/ocamlrun boot/ocamlrun\n'] min_timeout_sec: 15.0 max_timeout_sec: 180.0
Sending keys: ['cd /app/ocaml; make world -j2\n'] min_timeout_sec: 15.0 max_timeout_sec: 180.0
Trajectory dumped to jobs/p1-terminus-2-fix-ocaml-gc-r1/fix-ocaml-gc__8USjKbH/agent/trajectory.json
Sending keys: ["cd /app/ocaml; nl -ba runtime/shared_heap.c | sed -n '250,430p'; printf '%s\\n' '--- all pool free traversals ---'; grep -n -B5 -A8 -E 'Wosize_(hp|hd).*free|POOL_BLOCK_FREE|next_obj|POOL_FREE_HEADER' runtime/shared_heap.c\n"] min_timeout_sec: 0.5 max_timeout_sec: 180.0
Sending keys: ["cd /app/ocaml; printf '%s\\n' '--- current source changes ---'; grep -n -A4 -B4 'The free header stores\\|block_wh\\|p += wh \\*' runtime/shared_heap.c; printf '%s\\n' '--- runtime compile flags ---'; grep -nE 'CFLAGS|runtime/.*\\.b\\.o|DEBUG' Makefile.config Makefile | head -100\n"] min_timeout_sec: 0.5 max_timeout_sec: 180.0
Sending keys: ["cd /app/ocaml; rm -f runtime/shared_heap.b.o runtime/ocamlrun; make runtime/ocamlrun -j2 CFLAGS='-O1 -g -fsanitize=address -fno-omit-frame-pointer' && cp runtime/ocamlrun boot/ocamlrun; ASAN_OPTIONS=abort_on_error=1:detect_leaks=0 make -C stdlib OCAMLRUN='$(ROOTDIR)/boot/ocamlrun' USE_BOOT_OCAMLC=true camlinternalFormatBasics.cmi\n"] min_timeout_sec: 15.0 max_timeout_sec: 180.0
Trajectory dumped to jobs/p1-terminus-2-fix-ocaml-gc-r1/fix-ocaml-gc__8USjKbH/agent/trajectory.json
Sending keys: ["cd /app/ocaml; nl -ba runtime/shared_heap.c | sed -n '240,430p'; nl -ba runtime/shared_heap.c | sed -n '760,805p'; grep -n -A5 -B5 'p += wh \\* Wosize_hd' runtime/shared_heap.c\n"] min_timeout_sec: 0.5 max_timeout_sec: 180.0
Sending keys: ['cd /app/ocaml; rm -f runtime/shared_heap.bd.o runtime/ocamlrund; make runtime/ocamlrund -j2\n'] min_timeout_sec: 15.0 max_timeout_sec: 180.0
Sending keys: ['cd /app/ocaml; rm -f stdlib/camlinternalFormatBasics.cmi; CAML_DEBUG=1 runtime/ocamlrund boot/ocamlc -nostdlib -I stdlib -nopervasives -c stdlib/camlinternalFormatBasics.mli\n'] min_timeout_sec: 10.0 max_timeout_sec: 180.0
Trajectory dumped to jobs/p1-terminus-2-fix-ocaml-gc-r1/fix-ocaml-gc__8USjKbH/agent/trajectory.json
Sending keys: ["cd /app/ocaml; python3 - <<'PY'\nfrom pathlib import Path\npath=Path('runtime/shared_heap.c')\ns=path.read_text()\nstart=s.index('/* Sweeping of the major heap shared pools */')\nend=s.index('static intnat large_alloc_sweep', start)\npart=s[start:end]\nold='''        /* The free header stores the number of additional pool blocks. */\n      } else {'''\nnew='''        /* add the free blocks following this block, skipping over them */\n        p += wh * Wosize_hd(hd);\n      } else {'''\nassert part.count(old)==1, part.count(old)\npart=part.replace(old,new,1)\nold='''      if (POOL_BLOCK_FREE_HD(hd))\n        p += wh * (Wosize_hd(hd) + 1);\n      else\n        p += Whsize_hd(hd);'''\nnew='''      if (POOL_BLOCK_FREE_HD(hd))\n        p += wh;\n      else\n        p += Whsize_hd(hd);'''\nassert part.count(old)==1, part.count(old)\npart=part.replace(old,new,1)\npath.write_text(s[:start]+part+s[end:])\nPY\nsed -n '638,655p' runtime/shared_heap.c\n"] min_timeout_sec: 0.5 max_timeout_sec: 180.0
Sending keys: ['cd /app/ocaml; rm -f runtime/shared_heap.b.o runtime/shared_heap.bd.o runtime/ocamlrun runtime/ocamlrund; make runtime/ocamlrun runtime/ocamlrund -j2 && cp runtime/ocamlrun boot/ocamlrun; rm -f stdlib/camlinternalFormatBasics.cmi; CAML_DEBUG=1 runtime/ocamlrund boot/ocamlc -nostdlib -I stdlib -nopervasives -c stdlib/camlinternalFormatBasics.mli\n'] min_timeout_sec: 15.0 max_timeout_sec: 180.0
Trajectory dumped to jobs/p1-terminus-2-fix-ocaml-gc-r1/fix-ocaml-gc__8USjKbH/agent/trajectory.json
Sending keys: ["cd /app/ocaml; nl -ba runtime/shared_heap.c | sed -n '334,510p'; nl -ba runtime/shared_heap.c | sed -n '540,660p'\n"] min_timeout_sec: 0.5 max_timeout_sec: 180.0
Sending keys: ["cd /app/ocaml; grep -RInE 'POOL_FIRST_BLOCK|wsize_sizeclass|pool_allocate|next_obj' runtime/caml runtime/shared_heap.c --include='*.h' --include='*.c' | head -180\n"] min_timeout_sec: 0.5 max_timeout_sec: 180.0
Trajectory dumped to jobs/p1-terminus-2-fix-ocaml-gc-r1/fix-ocaml-gc__8USjKbH/agent/trajectory.json
Sending keys: ["cd /app/ocaml; nl -ba runtime/shared_heap.c | sed -n '445,475p'; nl -ba runtime/shared_heap.c | sed -n '548,615p'\n"] min_timeout_sec: 0.5 max_timeout_sec: 180.0
Sending keys: ["cd /app/ocaml; nl -ba runtime/shared_heap.c | sed -n '615,675p'; nl -ba runtime/shared_heap.c | sed -n '280,307p'\n"] min_timeout_sec: 0.5 max_timeout_sec: 180.0
Trajectory dumped to jobs/p1-terminus-2-fix-ocaml-gc-r1/fix-ocaml-gc__8USjKbH/agent/trajectory.json
Sending keys: ["cd /app/ocaml; sed -n '452,472p' runtime/shared_heap.c; sed -n '618,652p' runtime/shared_heap.c; sed -n '310,328p' runtime/shared_heap.c\n"] min_timeout_sec: 0.5 max_timeout_sec: 180.0
Sending keys: ["cd /app/ocaml; grep -n 'POOL_BLOCK_FREE_HD\\|POOL_BLOCK_FREE_HP\\|POOL_FREE_HEADER' runtime/shared_heap.c runtime/caml/*.h\n"] min_timeout_sec: 0.5 max_timeout_sec: 180.0
Trajectory dumped to jobs/p1-terminus-2-fix-ocaml-gc-r1/fix-ocaml-gc__8USjKbH/agent/trajectory.json
Sending keys: ['cd /app/ocaml; python3 - <<\'PY\'\nfrom pathlib import Path\npath=Path(\'runtime/shared_heap.c\')\ns=path.read_text()\nold=\'\'\'    CAMLassert(p == end);\n\n    if( !all_used ) {\'\'\'\nnew=\'\'\'    if (p != end) {\n      fprintf(stderr, "SWEEP MISMATCH sz=%d wh=%zu p_off=%td end_off=%td last_free=%p\\\\n",\n              (int)sz, (size_t)wh, p - POOL_FIRST_BLOCK(a, sz),\n              end - POOL_FIRST_BLOCK(a, sz), (void*)last_free_block);\n    }\n    CAMLassert(p == end);\n\n    if( !all_used ) {\'\'\'\nassert s.count(old)==1, s.count(old)\npath.write_text(s.replace(old,new,1))\nPY\nrm -f runtime/shared_heap.bd.o runtime/ocamlrund; make runtime/ocamlrund -j2; rm -f stdlib/camlinternalFormatBasics.cmi; CAML_DEBUG=1 runtime/ocamlrund boot/ocamlc -nostdlib -I stdlib -nopervasives -c stdlib/camlinternalFormatBasics.mli\n'] min_timeout_sec: 15.0 max_timeout_sec: 180.0
Trajectory dumped to jobs/p1-terminus-2-fix-ocaml-gc-r1/fix-ocaml-gc__8USjKbH/agent/trajectory.json
Sending keys: ["cd /app/ocaml; sed -n '55,72p' runtime/shared_heap.c; sed -n '180,220p' runtime/caml/mlvalues.h; sed -n '635,665p' runtime/shared_heap.c\n"] min_timeout_sec: 0.5 max_timeout_sec: 180.0
Sending keys: ['cd /app/ocaml; python3 - <<\'PY\'\nfrom pathlib import Path\npath=Path(\'runtime/shared_heap.c\')\ns=path.read_text()\nold=\'\'\'      if (POOL_BLOCK_FREE_HD(hd))\n        p += wh;\n      else\n        p += Whsize_hd(hd);\'\'\'\nnew=\'\'\'      if (p - POOL_FIRST_BLOCK(a, sz) < 5000) {\n        fprintf(stderr, "SWEEP step sz=%d off=%td raw=%" CAML_PRIxNAT " free=%d wosize=%" CAML_PRIuNAT " whsize=%" CAML_PRIuNAT "\\\\n",\n                (int)sz, p - POOL_FIRST_BLOCK(a, sz), (uintnat)hd,\n                POOL_BLOCK_FREE_HD(hd), (uintnat)Wosize_hd(hd),\n                (uintnat)Whsize_hd(hd));\n      }\n      if (POOL_BLOCK_FREE_HD(hd))\n        p += wh;\n      else\n        p += Whsize_hd(hd);\'\'\'\nassert s.count(old)==1, s.count(old)\npath.write_text(s.replace(old,new,1))\nPY\nrm -f runtime/shared_heap.bd.o runtime/ocamlrund; make runtime/ocamlrund -j2; rm -f stdlib/camlinternalFormatBasics.cmi; CAML_DEBUG=1 runtime/ocamlrund boot/ocamlc -nostdlib -I stdlib -nopervasives -c stdlib/camlinternalFormatBasics.mli 2>&1 | head -120\n'] min_timeout_sec: 15.0 max_timeout_sec: 180.0
Trajectory dumped to jobs/p1-terminus-2-fix-ocaml-gc-r1/fix-ocaml-gc__8USjKbH/agent/trajectory.json
Sending keys: ["cd /app/ocaml; python3 - <<'PY'\nfrom pathlib import Path\npath=Path('runtime/shared_heap.c')\ns=path.read_text()\nstart=s.index('/* Sweeping of the major heap shared pools */')\nend=s.index('static intnat large_alloc_sweep', start)\npart=s[start:end]\n# Remove temporary mismatch diagnostic block.\nstart_diag=part.find('    if (p != end) {')\nif start_diag >= 0:\n    end_diag=part.index('    CAMLassert(p == end);', start_diag)\n    part=part[:start_diag]+part[end_diag:]\n# Remove temporary per-step diagnostic block.\nstart_diag=part.find('      if (p - POOL_FIRST_BLOCK(a, sz) < 5000) {')\nif start_diag >= 0:\n    end_diag=part.index('      if (POOL_BLOCK_FREE_HD(hd))', start_diag)\n    part=part[:start_diag]+part[end_diag:]\nold='''      if (POOL_BLOCK_FREE_HD(hd))\n        p += wh;\n      else\n        p += Whsize_hd(hd);'''\nnew='''      if (POOL_BLOCK_FREE_HD(hd))\n        p += wh;\n      else\n        p += wh;'''\nassert part.count(old)==1, part.count(old)\npart=part.replace(old,new,1)\npath.write_text(s[:start]+part+s[end:])\nPY\nsed -n '638,655p' runtime/shared_heap.c; grep -n 'SWEEP MISMATCH\\|SWEEP step' runtime/shared_heap.c || true\n"] min_timeout_sec: 0.5 max_timeout_sec: 180.0
Sending keys: ['cd /app/ocaml; rm -f runtime/shared_heap.b.o runtime/shared_heap.bd.o runtime/ocamlrun runtime/ocamlrund; make runtime/ocamlrun runtime/ocamlrund -j2 && cp runtime/ocamlrun boot/ocamlrun; rm -f stdlib/camlinternalFormatBasics.cmi; CAML_DEBUG=1 runtime/ocamlrund boot/ocamlc -nostdlib -I stdlib -nopervasives -c stdlib/camlinternalFormatBasics.mli\n'] min_timeout_sec: 15.0 max_timeout_sec: 180.0
Sending keys: ['cd /app/ocaml; make world -j2\n'] min_timeout_sec: 15.0 max_timeout_sec: 180.0
Trajectory dumped to jobs/p1-terminus-2-fix-ocaml-gc-r1/fix-ocaml-gc__8USjKbH/agent/trajectory.json
Sending keys: [''] min_timeout_sec: 10.0 max_timeout_sec: 180.0
Trajectory dumped to jobs/p1-terminus-2-fix-ocaml-gc-r1/fix-ocaml-gc__8USjKbH/agent/trajectory.json
Sending keys: [''] min_timeout_sec: 10.0 max_timeout_sec: 180.0
Trajectory dumped to jobs/p1-terminus-2-fix-ocaml-gc-r1/fix-ocaml-gc__8USjKbH/agent/trajectory.json
Sending keys: [''] min_timeout_sec: 10.0 max_timeout_sec: 180.0
Trajectory dumped to jobs/p1-terminus-2-fix-ocaml-gc-r1/fix-ocaml-gc__8USjKbH/agent/trajectory.json
Sending keys: [''] min_timeout_sec: 10.0 max_timeout_sec: 180.0
Trajectory dumped to jobs/p1-terminus-2-fix-ocaml-gc-r1/fix-ocaml-gc__8USjKbH/agent/trajectory.json
Sending keys: [''] min_timeout_sec: 10.0 max_timeout_sec: 180.0
Trajectory dumped to jobs/p1-terminus-2-fix-ocaml-gc-r1/fix-ocaml-gc__8USjKbH/agent/trajectory.json
Sending keys: [''] min_timeout_sec: 10.0 max_timeout_sec: 180.0
Trajectory dumped to jobs/p1-terminus-2-fix-ocaml-gc-r1/fix-ocaml-gc__8USjKbH/agent/trajectory.json
Sending keys: [''] min_timeout_sec: 10.0 max_timeout_sec: 180.0
Trajectory dumped to jobs/p1-terminus-2-fix-ocaml-gc-r1/fix-ocaml-gc__8USjKbH/agent/trajectory.json
Sending keys: [''] min_timeout_sec: 10.0 max_timeout_sec: 180.0
Trajectory dumped to jobs/p1-terminus-2-fix-ocaml-gc-r1/fix-ocaml-gc__8USjKbH/agent/trajectory.json
Sending keys: [''] min_timeout_sec: 10.0 max_timeout_sec: 180.0
Trajectory dumped to jobs/p1-terminus-2-fix-ocaml-gc-r1/fix-ocaml-gc__8USjKbH/agent/trajectory.json
Sending keys: [''] min_timeout_sec: 10.0 max_timeout_sec: 180.0
Trajectory dumped to jobs/p1-terminus-2-fix-ocaml-gc-r1/fix-ocaml-gc__8USjKbH/agent/trajectory.json
Sending keys: [''] min_timeout_sec: 10.0 max_timeout_sec: 180.0
Trajectory dumped to jobs/p1-terminus-2-fix-ocaml-gc-r1/fix-ocaml-gc__8USjKbH/agent/trajectory.json
Sending keys: [''] min_timeout_sec: 10.0 max_timeout_sec: 180.0
Trajectory dumped to jobs/p1-terminus-2-fix-ocaml-gc-r1/fix-ocaml-gc__8USjKbH/agent/trajectory.json
Sending keys: [''] min_timeout_sec: 10.0 max_timeout_sec: 180.0
Trajectory dumped to jobs/p1-terminus-2-fix-ocaml-gc-r1/fix-ocaml-gc__8USjKbH/agent/trajectory.json
Sending keys: [''] min_timeout_sec: 10.0 max_timeout_sec: 180.0
Trajectory dumped to jobs/p1-terminus-2-fix-ocaml-gc-r1/fix-ocaml-gc__8USjKbH/agent/trajectory.json
Sending keys: [''] min_timeout_sec: 10.0 max_timeout_sec: 180.0
Trajectory dumped to jobs/p1-terminus-2-fix-ocaml-gc-r1/fix-ocaml-gc__8USjKbH/agent/trajectory.json
Sending keys: [''] min_timeout_sec: 10.0 max_timeout_sec: 180.0
Trajectory dumped to jobs/p1-terminus-2-fix-ocaml-gc-r1/fix-ocaml-gc__8USjKbH/agent/trajectory.json
Sending keys: [''] min_timeout_sec: 10.0 max_timeout_sec: 180.0
Trajectory dumped to jobs/p1-terminus-2-fix-ocaml-gc-r1/fix-ocaml-gc__8USjKbH/agent/trajectory.json
Sending keys: ['cd /app/ocaml; make clean\n'] min_timeout_sec: 5.0 max_timeout_sec: 180.0
Sending keys: ['cd /app/ocaml; make world -j2\n'] min_timeout_sec: 15.0 max_timeout_sec: 180.0
Trajectory dumped to jobs/p1-terminus-2-fix-ocaml-gc-r1/fix-ocaml-gc__8USjKbH/agent/trajectory.json
Sending keys: [''] min_timeout_sec: 15.0 max_timeout_sec: 180.0
Trajectory dumped to jobs/p1-terminus-2-fix-ocaml-gc-r1/fix-ocaml-gc__8USjKbH/agent/trajectory.json
Sending keys: [''] min_timeout_sec: 15.0 max_timeout_sec: 180.0
Trajectory dumped to jobs/p1-terminus-2-fix-ocaml-gc-r1/fix-ocaml-gc__8USjKbH/agent/trajectory.json
Sending keys: [''] min_timeout_sec: 15.0 max_timeout_sec: 180.0
Trajectory dumped to jobs/p1-terminus-2-fix-ocaml-gc-r1/fix-ocaml-gc__8USjKbH/agent/trajectory.json
Sending keys: [''] min_timeout_sec: 15.0 max_timeout_sec: 180.0
Trajectory dumped to jobs/p1-terminus-2-fix-ocaml-gc-r1/fix-ocaml-gc__8USjKbH/agent/trajectory.json
Sending keys: [''] min_timeout_sec: 15.0 max_timeout_sec: 180.0
Trajectory dumped to jobs/p1-terminus-2-fix-ocaml-gc-r1/fix-ocaml-gc__8USjKbH/agent/trajectory.json
Sending keys: [''] min_timeout_sec: 15.0 max_timeout_sec: 180.0
Trajectory dumped to jobs/p1-terminus-2-fix-ocaml-gc-r1/fix-ocaml-gc__8USjKbH/agent/trajectory.json
Sending keys: [''] min_timeout_sec: 15.0 max_timeout_sec: 180.0
Trajectory dumped to jobs/p1-terminus-2-fix-ocaml-gc-r1/fix-ocaml-gc__8USjKbH/agent/trajectory.json
Sending keys: [''] min_timeout_sec: 15.0 max_timeout_sec: 180.0
Trajectory dumped to jobs/p1-terminus-2-fix-ocaml-gc-r1/fix-ocaml-gc__8USjKbH/agent/trajectory.json
Sending keys: [''] min_timeout_sec: 15.0 max_timeout_sec: 180.0
Trajectory dumped to jobs/p1-terminus-2-fix-ocaml-gc-r1/fix-ocaml-gc__8USjKbH/agent/trajectory.json
Sending keys: [''] min_timeout_sec: 15.0 max_timeout_sec: 180.0
Trajectory dumped to jobs/p1-terminus-2-fix-ocaml-gc-r1/fix-ocaml-gc__8USjKbH/agent/trajectory.json
Sending keys: [''] min_timeout_sec: 15.0 max_timeout_sec: 180.0
Trajectory dumped to jobs/p1-terminus-2-fix-ocaml-gc-r1/fix-ocaml-gc__8USjKbH/agent/trajectory.json
Sending keys: [''] min_timeout_sec: 15.0 max_timeout_sec: 180.0
Trajectory dumped to jobs/p1-terminus-2-fix-ocaml-gc-r1/fix-ocaml-gc__8USjKbH/agent/trajectory.json
Sending keys: [''] min_timeout_sec: 15.0 max_timeout_sec: 180.0
Trajectory dumped to jobs/p1-terminus-2-fix-ocaml-gc-r1/fix-ocaml-gc__8USjKbH/agent/trajectory.json
Sending keys: [''] min_timeout_sec: 15.0 max_timeout_sec: 180.0
Trajectory dumped to jobs/p1-terminus-2-fix-ocaml-gc-r1/fix-ocaml-gc__8USjKbH/agent/trajectory.json
Sending keys: [''] min_timeout_sec: 15.0 max_timeout_sec: 180.0
Trajectory dumped to jobs/p1-terminus-2-fix-ocaml-gc-r1/fix-ocaml-gc__8USjKbH/agent/trajectory.json
Sending keys: [''] min_timeout_sec: 15.0 max_timeout_sec: 180.0
Trajectory dumped to jobs/p1-terminus-2-fix-ocaml-gc-r1/fix-ocaml-gc__8USjKbH/agent/trajectory.json
Sending keys: [''] min_timeout_sec: 15.0 max_timeout_sec: 180.0
Trajectory dumped to jobs/p1-terminus-2-fix-ocaml-gc-r1/fix-ocaml-gc__8USjKbH/agent/trajectory.json
Sending keys: [''] min_timeout_sec: 15.0 max_timeout_sec: 180.0
Trajectory dumped to jobs/p1-terminus-2-fix-ocaml-gc-r1/fix-ocaml-gc__8USjKbH/agent/trajectory.json
Sending keys: [''] min_timeout_sec: 15.0 max_timeout_sec: 180.0
Trajectory dumped to jobs/p1-terminus-2-fix-ocaml-gc-r1/fix-ocaml-gc__8USjKbH/agent/trajectory.json
Sending keys: [''] min_timeout_sec: 15.0 max_timeout_sec: 180.0
Trajectory dumped to jobs/p1-terminus-2-fix-ocaml-gc-r1/fix-ocaml-gc__8USjKbH/agent/trajectory.json
Sending keys: [''] min_timeout_sec: 15.0 max_timeout_sec: 180.0
Trajectory dumped to jobs/p1-terminus-2-fix-ocaml-gc-r1/fix-ocaml-gc__8USjKbH/agent/trajectory.json
Sending keys: [''] min_timeout_sec: 15.0 max_timeout_sec: 180.0
Trajectory dumped to jobs/p1-terminus-2-fix-ocaml-gc-r1/fix-ocaml-gc__8USjKbH/agent/trajectory.json
Sending keys: [''] min_timeout_sec: 15.0 max_timeout_sec: 180.0
Trajectory dumped to jobs/p1-terminus-2-fix-ocaml-gc-r1/fix-ocaml-gc__8USjKbH/agent/trajectory.json
Sending keys: [''] min_timeout_sec: 15.0 max_timeout_sec: 180.0
Trajectory dumped to jobs/p1-terminus-2-fix-ocaml-gc-r1/fix-ocaml-gc__8USjKbH/agent/trajectory.json
Sending keys: [''] min_timeout_sec: 15.0 max_timeout_sec: 180.0
Trajectory dumped to jobs/p1-terminus-2-fix-ocaml-gc-r1/fix-ocaml-gc__8USjKbH/agent/trajectory.json
Sending keys: [''] min_timeout_sec: 15.0 max_timeout_sec: 180.0
Trajectory dumped to jobs/p1-terminus-2-fix-ocaml-gc-r1/fix-ocaml-gc__8USjKbH/agent/trajectory.json
Sending keys: [''] min_timeout_sec: 15.0 max_timeout_sec: 180.0
Trajectory dumped to jobs/p1-terminus-2-fix-ocaml-gc-r1/fix-ocaml-gc__8USjKbH/agent/trajectory.json
Sending keys: [''] min_timeout_sec: 15.0 max_timeout_sec: 180.0
Trajectory dumped to jobs/p1-terminus-2-fix-ocaml-gc-r1/fix-ocaml-gc__8USjKbH/agent/trajectory.json
Sending keys: [''] min_timeout_sec: 15.0 max_timeout_sec: 180.0
Trajectory dumped to jobs/p1-terminus-2-fix-ocaml-gc-r1/fix-ocaml-gc__8USjKbH/agent/trajectory.json
Sending keys: [''] min_timeout_sec: 15.0 max_timeout_sec: 180.0
Trajectory dumped to jobs/p1-terminus-2-fix-ocaml-gc-r1/fix-ocaml-gc__8USjKbH/agent/trajectory.json
Sending keys: [''] min_timeout_sec: 15.0 max_timeout_sec: 180.0
Trajectory dumped to jobs/p1-terminus-2-fix-ocaml-gc-r1/fix-ocaml-gc__8USjKbH/agent/trajectory.json
Sending keys: [''] min_timeout_sec: 15.0 max_timeout_sec: 180.0
Trajectory dumped to jobs/p1-terminus-2-fix-ocaml-gc-r1/fix-ocaml-gc__8USjKbH/agent/trajectory.json
Sending keys: [''] min_timeout_sec: 15.0 max_timeout_sec: 180.0
Trajectory dumped to jobs/p1-terminus-2-fix-ocaml-gc-r1/fix-ocaml-gc__8USjKbH/agent/trajectory.json
Sending keys: [''] min_timeout_sec: 15.0 max_timeout_sec: 180.0
Trajectory dumped to jobs/p1-terminus-2-fix-ocaml-gc-r1/fix-ocaml-gc__8USjKbH/agent/trajectory.json
Sending keys: [''] min_timeout_sec: 15.0 max_timeout_sec: 180.0
Trajectory dumped to jobs/p1-terminus-2-fix-ocaml-gc-r1/fix-ocaml-gc__8USjKbH/agent/trajectory.json
Sending keys: [''] min_timeout_sec: 15.0 max_timeout_sec: 180.0
Trajectory dumped to jobs/p1-terminus-2-fix-ocaml-gc-r1/fix-ocaml-gc__8USjKbH/agent/trajectory.json
Sending keys: [''] min_timeout_sec: 15.0 max_timeout_sec: 180.0
Trajectory dumped to jobs/p1-terminus-2-fix-ocaml-gc-r1/fix-ocaml-gc__8USjKbH/agent/trajectory.json
Sending keys: [''] min_timeout_sec: 15.0 max_timeout_sec: 180.0
Trajectory dumped to jobs/p1-terminus-2-fix-ocaml-gc-r1/fix-ocaml-gc__8USjKbH/agent/trajectory.json
Sending keys: [''] min_timeout_sec: 15.0 max_timeout_sec: 180.0
Trajectory dumped to jobs/p1-terminus-2-fix-ocaml-gc-r1/fix-ocaml-gc__8USjKbH/agent/trajectory.json
Sending keys: ['cd /app/ocaml; make -C testsuite one DIR=tests/basic\n'] min_timeout_sec: 30.0 max_timeout_sec: 180.0
Trajectory dumped to jobs/p1-terminus-2-fix-ocaml-gc-r1/fix-ocaml-gc__8USjKbH/agent/trajectory.json
Sending keys: ['cd /app/ocaml; make world.opt -j2\n'] min_timeout_sec: 20.0 max_timeout_sec: 180.0
Sending keys: ['cd /app/ocaml; make -C testsuite one DIR=tests/basic\n'] min_timeout_sec: 30.0 max_timeout_sec: 180.0
Trajectory dumped to jobs/p1-terminus-2-fix-ocaml-gc-r1/fix-ocaml-gc__8USjKbH/agent/trajectory.json
Sending keys: [''] min_timeout_sec: 20.0 max_timeout_sec: 180.0
Trajectory dumped to jobs/p1-terminus-2-fix-ocaml-gc-r1/fix-ocaml-gc__8USjKbH/agent/trajectory.json
Sending keys: [''] min_timeout_sec: 20.0 max_timeout_sec: 180.0
Trajectory dumped to jobs/p1-terminus-2-fix-ocaml-gc-r1/fix-ocaml-gc__8USjKbH/agent/trajectory.json
Sending keys: [''] min_timeout_sec: 20.0 max_timeout_sec: 180.0
Trajectory dumped to jobs/p1-terminus-2-fix-ocaml-gc-r1/fix-ocaml-gc__8USjKbH/agent/trajectory.json
Sending keys: [''] min_timeout_sec: 20.0 max_timeout_sec: 180.0
Trajectory dumped to jobs/p1-terminus-2-fix-ocaml-gc-r1/fix-ocaml-gc__8USjKbH/agent/trajectory.json
Sending keys: [''] min_timeout_sec: 20.0 max_timeout_sec: 180.0
Trajectory dumped to jobs/p1-terminus-2-fix-ocaml-gc-r1/fix-ocaml-gc__8USjKbH/agent/trajectory.json
Sending keys: [''] min_timeout_sec: 20.0 max_timeout_sec: 180.0
Trajectory dumped to jobs/p1-terminus-2-fix-ocaml-gc-r1/fix-ocaml-gc__8USjKbH/agent/trajectory.json
Sending keys: [''] min_timeout_sec: 20.0 max_timeout_sec: 180.0
Trajectory dumped to jobs/p1-terminus-2-fix-ocaml-gc-r1/fix-ocaml-gc__8USjKbH/agent/trajectory.json
Sending keys: [''] min_timeout_sec: 20.0 max_timeout_sec: 180.0
Trajectory dumped to jobs/p1-terminus-2-fix-ocaml-gc-r1/fix-ocaml-gc__8USjKbH/agent/trajectory.json
Sending keys: [''] min_timeout_sec: 20.0 max_timeout_sec: 180.0
Trajectory dumped to jobs/p1-terminus-2-fix-ocaml-gc-r1/fix-ocaml-gc__8USjKbH/agent/trajectory.json
Sending keys: [''] min_timeout_sec: 20.0 max_timeout_sec: 180.0
Trajectory dumped to jobs/p1-terminus-2-fix-ocaml-gc-r1/fix-ocaml-gc__8USjKbH/agent/trajectory.json
Sending keys: [''] min_timeout_sec: 20.0 max_timeout_sec: 180.0
Trajectory dumped to jobs/p1-terminus-2-fix-ocaml-gc-r1/fix-ocaml-gc__8USjKbH/agent/trajectory.json
Sending keys: [''] min_timeout_sec: 20.0 max_timeout_sec: 180.0
Trajectory dumped to jobs/p1-terminus-2-fix-ocaml-gc-r1/fix-ocaml-gc__8USjKbH/agent/trajectory.json
Sending keys: [''] min_timeout_sec: 20.0 max_timeout_sec: 180.0
Trajectory dumped to jobs/p1-terminus-2-fix-ocaml-gc-r1/fix-ocaml-gc__8USjKbH/agent/trajectory.json
Sending keys: [''] min_timeout_sec: 20.0 max_timeout_sec: 180.0
Trajectory dumped to jobs/p1-terminus-2-fix-ocaml-gc-r1/fix-ocaml-gc__8USjKbH/agent/trajectory.json
Sending keys: [''] min_timeout_sec: 20.0 max_timeout_sec: 180.0
Trajectory dumped to jobs/p1-terminus-2-fix-ocaml-gc-r1/fix-ocaml-gc__8USjKbH/agent/trajectory.json
Sending keys: [''] min_timeout_sec: 20.0 max_timeout_sec: 180.0
Trajectory dumped to jobs/p1-terminus-2-fix-ocaml-gc-r1/fix-ocaml-gc__8USjKbH/agent/trajectory.json
Sending keys: [''] min_timeout_sec: 20.0 max_timeout_sec: 180.0
Trajectory dumped to jobs/p1-terminus-2-fix-ocaml-gc-r1/fix-ocaml-gc__8USjKbH/agent/trajectory.json
Sending keys: [''] min_timeout_sec: 20.0 max_timeout_sec: 180.0
Trajectory dumped to jobs/p1-terminus-2-fix-ocaml-gc-r1/fix-ocaml-gc__8USjKbH/agent/trajectory.json
Sending keys: [''] min_timeout_sec: 20.0 max_timeout_sec: 180.0
Trajectory dumped to jobs/p1-terminus-2-fix-ocaml-gc-r1/fix-ocaml-gc__8USjKbH/agent/trajectory.json
Sending keys: [''] min_timeout_sec: 20.0 max_timeout_sec: 180.0
Trajectory dumped to jobs/p1-terminus-2-fix-ocaml-gc-r1/fix-ocaml-gc__8USjKbH/agent/trajectory.json
Sending keys: [''] min_timeout_sec: 20.0 max_timeout_sec: 180.0
Trajectory dumped to jobs/p1-terminus-2-fix-ocaml-gc-r1/fix-ocaml-gc__8USjKbH/agent/trajectory.json
Sending keys: [''] min_timeout_sec: 20.0 max_timeout_sec: 180.0
Trajectory dumped to jobs/p1-terminus-2-fix-ocaml-gc-r1/fix-ocaml-gc__8USjKbH/agent/trajectory.json
Sending keys: [''] min_timeout_sec: 20.0 max_timeout_sec: 180.0
Trajectory dumped to jobs/p1-terminus-2-fix-ocaml-gc-r1/fix-ocaml-gc__8USjKbH/agent/trajectory.json
Sending keys: [''] min_timeout_sec: 20.0 max_timeout_sec: 180.0
Trajectory dumped to jobs/p1-terminus-2-fix-ocaml-gc-r1/fix-ocaml-gc__8USjKbH/agent/trajectory.json
Sending keys: [''] min_timeout_sec: 20.0 max_timeout_sec: 180.0
Trajectory dumped to jobs/p1-terminus-2-fix-ocaml-gc-r1/fix-ocaml-gc__8USjKbH/agent/trajectory.json
Sending keys: [''] min_timeout_sec: 20.0 max_timeout_sec: 180.0
Trajectory dumped to jobs/p1-terminus-2-fix-ocaml-gc-r1/fix-ocaml-gc__8USjKbH/agent/trajectory.json
Sending keys: [''] min_timeout_sec: 20.0 max_timeout_sec: 180.0
Trajectory dumped to jobs/p1-terminus-2-fix-ocaml-gc-r1/fix-ocaml-gc__8USjKbH/agent/trajectory.json
Sending keys: [''] min_timeout_sec: 20.0 max_timeout_sec: 180.0
Trajectory dumped to jobs/p1-terminus-2-fix-ocaml-gc-r1/fix-ocaml-gc__8USjKbH/agent/trajectory.json
Sending keys: [''] min_timeout_sec: 10.0 max_timeout_sec: 180.0
Trajectory dumped to jobs/p1-terminus-2-fix-ocaml-gc-r1/fix-ocaml-gc__8USjKbH/agent/trajectory.json
Sending keys: ["cd /app/ocaml; grep -n 'SWEEP MISMATCH\\|SWEEP step' runtime/shared_heap.c || true; sed -n '638,656p' runtime/shared_heap.c\n"] min_timeout_sec: 0.5 max_timeout_sec: 180.0
Sending keys: ["cd /app/ocaml; python3 - <<'PY'\nfrom pathlib import Path\np = Path('runtime/shared_heap.c')\ns = p.read_text()\nold = '''      if (POOL_BLOCK_FREE_HD(hd))\n        p += wh;\n      else\n        p += wh;'''\nnew = '''      p += wh;'''\nif s.count(old) != 1:\n    raise SystemExit(f'expected one redundant branch, found {s.count(old)}')\np.write_text(s.replace(old, new, 1))\nPY\nsed -n '638,653p' runtime/shared_heap.c\n"] min_timeout_sec: 0.5 max_timeout_sec: 180.0
Sending keys: ['cd /app/ocaml; rm -f runtime/shared_heap.b.o runtime/ocamlrun; make runtime/ocamlrun -j2 >/tmp/ocaml-runtime-rebuild.log && cp runtime/ocamlrun boot/ocamlrun && make -C testsuite one DIR=tests/basic\n'] min_timeout_sec: 30.0 max_timeout_sec: 180.0
Trajectory dumped to jobs/p1-terminus-2-fix-ocaml-gc-r1/fix-ocaml-gc__8USjKbH/agent/trajectory.json
Sending keys: [''] min_timeout_sec: 20.0 max_timeout_sec: 180.0
Trajectory dumped to jobs/p1-terminus-2-fix-ocaml-gc-r1/fix-ocaml-gc__8USjKbH/agent/trajectory.json
Sending keys: [''] min_timeout_sec: 20.0 max_timeout_sec: 180.0
Trajectory dumped to jobs/p1-terminus-2-fix-ocaml-gc-r1/fix-ocaml-gc__8USjKbH/agent/trajectory.json
Sending keys: [''] min_timeout_sec: 15.0 max_timeout_sec: 180.0
Trajectory dumped to jobs/p1-terminus-2-fix-ocaml-gc-r1/fix-ocaml-gc__8USjKbH/agent/trajectory.json
Trajectory dumped to jobs/p1-terminus-2-fix-ocaml-gc-r1/fix-ocaml-gc__8USjKbH/agent/trajectory.json
Trajectory dumped to jobs/p1-terminus-2-fix-ocaml-gc-r1/fix-ocaml-gc__8USjKbH/agent/trajectory.json
Trajectory dumped to jobs/p1-terminus-2-fix-ocaml-gc-r1/fix-ocaml-gc__8USjKbH/agent/trajectory.json
Collecting main service artifacts
