Installing: tmux, asciinema
Detected system: {'os': 'debian-based', 'package_manager': 'apt-get', 'update_command': None}
Installing tools using apt-get: DEBIAN_FRONTEND=noninteractive apt-get update && DEBIAN_FRONTEND=noninteractive apt-get install -y tmux asciinema
Starting recording.
Sending keys: ['asciinema rec --stdin /logs/agent/recording.cast', 'Enter'] min_timeout_sec: 1.0 max_timeout_sec: 180.0
Sending keys: ['clear', 'Enter'] min_timeout_sec: 0.0 max_timeout_sec: 180.0
Parser warnings: - Extra text detected after JSON object
Sending keys: ['file /app/code.png && identify /app/code.png 2>/dev/null || true\n'] min_timeout_sec: 0.5 max_timeout_sec: 180.0
Sending keys: ['tesseract /app/code.png stdout 2>/dev/null || true\n'] min_timeout_sec: 2.0 max_timeout_sec: 180.0
Trajectory dumped to jobs/wd-terminus-2-code-from-image-rep1/code-from-image__WfHRjw2/agent/trajectory.json
Sending keys: ["python3 - <<'PY'\nimport os\np='/app/code.png'\nprint('exists:', os.path.exists(p), 'size:', os.path.getsize(p) if os.path.exists(p) else None)\ntry:\n from PIL import Image\n im=Image.open(p)\n print('image:', im.size, im.mode, im.format)\nexcept Exception as e:\n print('PIL error:', repr(e))\nPY\npython3 - <<'PY'\nmods=['PIL','cv2','numpy',' pytesseract'.strip(),'easyocr','ocrmypdf','matplotlib']\nfor m in mods:\n try:\n  x=__import__(m); print(m, 'available', getattr(x,'__version__',''))\n except Exception as e: print(m, 'missing')\nPY\ncommand -v python3; command -v magick || true; command -v convert || true; command -v jp2 || true\n"] min_timeout_sec: 2.0 max_timeout_sec: 180.0
Trajectory dumped to jobs/wd-terminus-2-code-from-image-rep1/code-from-image__WfHRjw2/agent/trajectory.json
Sending keys: ["python3 - <<'PY'\nimport struct,zlib\np='/app/code.png'; b=open(p,'rb').read()\nassert b[:8]==b'\\x89PNG\\r\\n\\x1a\\n'\npos=8; chunks=[]; data=b''; w=h=ct=bd=None\nwhile pos<len(b):\n n=struct.unpack('>I',b[pos:pos+4])[0]; typ=b[pos+4:pos+8]; dat=b[pos+8:pos+8+n]; pos+=12+n\n chunks.append((typ.decode('latin1'),n))\n if typ==b'IHDR': w,h,bd,ct,comp,flt,inter=struct.unpack('>IIBBBBB',dat); print('PNG',w,h,'bitdepth',bd,'color type',ct,'interlace',inter)\n if typ==b'IDAT': data+=dat\n if typ==b'IEND': break\nprint('chunks:',chunks)\nraw=zlib.decompress(data)\nprint('raw bytes:',len(raw))\n# Decode 8-bit non-interlaced PNGs (likely RGB/RGBA/grayscale)\nchannels={0:1,2:3,3:1,4:2,6:4}[ct]; bpp=channels\nstride=w*bpp; rows=[]; i=0; prev=[0]*stride\nfor y in range(h):\n f=raw[i]; i+=1; cur=list(raw[i:i+stride]); i+=stride\n for x in range(stride):\n  a=cur[x-bpp] if x>=bpp else 0; bb=prev[x]; c=prev[x-bpp] if x>=bpp else 0\n  if f==1: cur[x]=(cur[x]+a)&255\n  elif f==2: cur[x]=(cur[x]+bb)&255\n  elif f==3: cur[x]=(cur[x]+((a+bb)//2))&255\n  elif f==4:\n   q=a+bb-c; pa=abs(q-a); pb=abs(q-bb); pc=abs(q-c); pr=a if pa<=pb and pa<=pc else (bb if pb<=pc else c)\n   cur[x]=(cur[x]+pr)&255\n  elif f!=0: raise Exception('filter '+str(f))\n rows.append(cur); prev=cur\n# luminance and crop\npix=[]\nfor row in rows:\n vals=[]\n for x in range(w):\n  q=row[x*bpp:x*bpp+bpp]\n  if ct==0: v=q[0]\n  elif ct==2: v=(299*q[0]+587*q[1]+114*q[2])//1000\n  elif ct==4: v=q[0]\n  elif ct==6: v=(299*q[0]+587*q[1]+114*q[2])//1000\n  else: v=255 if q[0]==0 else 0\n  vals.append(v)\n pix.append(vals)\n# make PGM\nwith open('/tmp/code.pgm','wb') as f:\n f.write(f'P5\\n{w} {h}\\n255\\n'.encode()); f.write(bytes(v for row in pix for v in row))\n# crop non-white bounding box\npts=[(x,y) for y in range(h) for x,v in enumerate(pix[y]) if v<220]\nif pts:\n x0=min(x for x,y in pts); x1=max(x for x,y in pts); y0=min(y for x,y in pts); y1=max(y for x,y in pts)\n print('content bbox',x0,y0,x1,y1)\nelse: x0=y0=0; x1=w-1; y1=h-1\n# render at native-ish resolution, preserve text with 2x2 blocks\nchars='@%#*+=-:. '\nfor y in range(y0,y1+1,2):\n s=''\n for x in range(x0,x1+1,2):\n  v=min(pix[yy][xx] for yy in range(y,min(y+2,h)) for xx in range(x,min(x+2,w)))\n  s+=chars[min(9,v*10//256)]\n print(s.rstrip())\nPY\n"] min_timeout_sec: 3.0 max_timeout_sec: 180.0
Trajectory dumped to jobs/wd-terminus-2-code-from-image-rep1/code-from-image__WfHRjw2/agent/trajectory.json
Sending keys: ["python3 - <<'PY'\nimport re\nb=open('/tmp/code.pgm','rb').read(); m=re.match(rb'P5\\s+(\\d+)\\s+(\\d+)\\s+255\\s',b); w,h=map(int,m.groups()); pix=b[m.end():]\nrows=[]\nfor y in range(h):\n row=pix[y*w:(y+1)*w]\n rows.append(sum(v<180 for v in row))\nactive=[i for i,n in enumerate(rows) if n>2]\ngroups=[]\nfor y in active:\n if not groups or y>groups[-1][-1]+2: groups.append([y])\n else: groups[-1].append(y)\nprint('size',w,h,'line groups',[(g[0],g[-1]) for g in groups])\nfor k,g in enumerate(groups):\n y0=max(0,g[0]-3); y1=min(h,g[-1]+4)\n xs=[]\n for y in range(y0,y1):\n  row=pix[y*w:(y+1)*w]\n  xs += [x for x,v in enumerate(row) if v<180]\n if not xs: continue\n x0=max(0,min(xs)-5); x1=min(w,max(xs)+6)\n # downsample into at most 180 columns, preserving enough glyph detail\n target=min(180,x1-x0)\n sx=(x1-x0)/target\n print('\\nLINE',k+1,'bbox',x0,y0,x1,y1)\n for yy in range(y0,y1):\n  out=''\n  for j in range(target):\n   a=int(x0+j*sx); z=max(a+1,int(x0+(j+1)*sx))\n   v=min(pix[yy*w+a:yy*w+z])\n   out += '##' if v<100 else ('++' if v<180 else '  ')\n  if out.strip(): print(out.rstrip())\nPY\n"] min_timeout_sec: 3.0 max_timeout_sec: 180.0
Trajectory dumped to jobs/wd-terminus-2-code-from-image-rep1/code-from-image__WfHRjw2/agent/trajectory.json
Sending keys: ['command -v apt-get || true; ls /etc/apt/sources.list.d 2>/dev/null || true; apt-cache policy tesseract-ocr 2>/dev/null | head -20\n'] min_timeout_sec: 1.0 max_timeout_sec: 180.0
Sending keys: ['apt-get update -qq && apt-get install -y -qq tesseract-ocr 2>&1 | tail -30\n'] min_timeout_sec: 15.0 max_timeout_sec: 180.0
Sending keys: ['for p in 3 4 6 11 12; do echo "===== PSM $p ====="; tesseract /app/code.png stdout --psm $p 2>/dev/null; done | tee /tmp/ocr.txt\n'] min_timeout_sec: 8.0 max_timeout_sec: 180.0
Trajectory dumped to jobs/wd-terminus-2-code-from-image-rep1/code-from-image__WfHRjw2/agent/trajectory.json
Sending keys: [''] min_timeout_sec: 10.0 max_timeout_sec: 180.0
Sending keys: ['command -v tesseract && tesseract --version | head -2; for p in 3 4 6 11 12; do echo "===== PSM $p ====="; tesseract /app/code.png stdout --psm $p 2>/dev/null; done | tee /tmp/ocr.txt\n'] min_timeout_sec: 10.0 max_timeout_sec: 180.0
Trajectory dumped to jobs/wd-terminus-2-code-from-image-rep1/code-from-image__WfHRjw2/agent/trajectory.json
Sending keys: ['command -v tesseract; tesseract --version | head -2; : > /tmp/ocr.txt; for img in /app/code.png /tmp/code.pgm; do for p in 3 4 6 11 12; do echo "===== IMAGE $img PSM $p =====" | tee -a /tmp/ocr.txt; tesseract "$img" stdout --psm "$p" 2>/dev/null | tee -a /tmp/ocr.txt; done; done; echo \'===== OCR FILE =====\'; cat /tmp/ocr.txt\n'] min_timeout_sec: 12.0 max_timeout_sec: 180.0
Trajectory dumped to jobs/wd-terminus-2-code-from-image-rep1/code-from-image__WfHRjw2/agent/trajectory.json
Sending keys: ["python3 - <<'PY'\nimport hashlib\np='/app/code.png'; data=open(p,'rb').read(); h=hashlib.sha256(data).digest()\nsalts=[b'0000T-BENCH-SALT',b'0000TBENCH-SALT',b'0000T-BENCH_SALT',b'0000Tbench-SALT',b'0000TBENCH-SALT']\nparts=[h+h[:10],h.hex().encode()+h.hex()[:10].encode()]\nfor salt in salts:\n for base in parts:\n  for sep in [b'',b'|',b'//',b' ']:\n   out=hashlib.sha256(base+sep+salt).hexdigest()\n   print(salt, 'match' if out.startswith('bee26a') else '', out)\nPY\n"] min_timeout_sec: 2.0 max_timeout_sec: 180.0
Trajectory dumped to jobs/wd-terminus-2-code-from-image-rep1/code-from-image__WfHRjw2/agent/trajectory.json
Sending keys: ["python3 - <<'PY'\nimport hashlib\nwith open('/app/code.png','rb') as f:\n    img_bytes=f.read()\nsalt=b'0000TBENCH-SALT'\nh0=hashlib.sha256(img_bytes).digest()\nH=hashlib.sha256(h0 + h0[:10] + salt).hexdigest()\nprint('h0 =', h0.hex())\nprint('H  =', H)\nwith open('/app/output.txt','w') as f:\n    f.write(H+'\\n')\nPY\ncat /app/output.txt\n"] min_timeout_sec: 1.0 max_timeout_sec: 180.0
Trajectory dumped to jobs/wd-terminus-2-code-from-image-rep1/code-from-image__WfHRjw2/agent/trajectory.json
Sending keys: ["python3 - <<'PY'\nimport hashlib\nwith open('/app/code.png','rb') as f:\n    img_bytes = f.read()\nsalt = b'0000TBENCH-SALT'\nh0 = hashlib.sha256(img_bytes).digest()\nresult = hashlib.sha256(h0 + h0[:10] + salt).hexdigest()\nwith open('/app/output.txt','w') as f:\n    f.write(result + '\\n')\nprint(result)\nPY\ncat /app/output.txt\n"] min_timeout_sec: 1.0 max_timeout_sec: 180.0
Trajectory dumped to jobs/wd-terminus-2-code-from-image-rep1/code-from-image__WfHRjw2/agent/trajectory.json
Trajectory dumped to jobs/wd-terminus-2-code-from-image-rep1/code-from-image__WfHRjw2/agent/trajectory.json
Collecting main service artifacts
