Skipping image OS validation for alexgshaw/overfull-hbox:20260403: docker inspect returned 1
Installing: tmux, asciinema
Detected system: {'os': 'debian-based', 'package_manager': 'apt-get', 'update_command': None}
Installing tools using apt-get: DEBIAN_FRONTEND=noninteractive apt-get update && DEBIAN_FRONTEND=noninteractive apt-get install -y tmux asciinema
Starting recording.
Sending keys: ['asciinema rec --stdin /logs/agent/recording.cast', 'Enter'] min_timeout_sec: 1.0 max_timeout_sec: 180.0
Sending keys: ['clear', 'Enter'] min_timeout_sec: 0.0 max_timeout_sec: 180.0
Sending keys: ["pwd && printf '\\n--- files ---\\n' && ls -la && printf '\\n--- synonyms.txt ---\\n' && cat synonyms.txt && printf '\\n--- input.tex ---\\n' && cat input.tex && printf '\\n--- main.tex ---\\n' && cat main.tex\n"] min_timeout_sec: 0.5 max_timeout_sec: 180.0
Trajectory dumped to jobs/p1-terminus-2-overfull-hbox-r2/overfull-hbox__BeghoXT/agent/trajectory.json
Sending keys: ["pdflatex -interaction=nonstopmode -halt-on-error main.tex > build.log 2>&1; printf '\\n--- overfull warnings ---\\n'; grep -n -i 'overfull\\|underfull\\|warning' build.log || true; printf '\\n--- log tail ---\\n'; tail -40 build.log\n"] min_timeout_sec: 2.0 max_timeout_sec: 180.0
Sending keys: ["printf '%s\\n' '--- input line numbers ---'; nl -ba input.tex; printf '%s\\n' '--- complete synonyms ---'; cat synonyms.txt\n"] min_timeout_sec: 0.5 max_timeout_sec: 180.0
Trajectory dumped to jobs/p1-terminus-2-overfull-hbox-r2/overfull-hbox__BeghoXT/agent/trajectory.json
Sending keys: ["python3 - <<'PY'\np='input.tex'\ns=open(p).read()\nrepls={\n    'curious natures':'odd natures',\n    'veteran bores':'dated bores',\n    'unsought':'unwanted',\n    'riotous excursions':'wild trips',\n    'responsiveness':'reaction',\n    'impressionability':'influence',\n    'creative temperament':'creative mood',\n    'electric stove':'powered stove',\n    'pathfinder':'scout',\n}\nfor a,b in repls.items():\n    if a not in s:\n        raise SystemExit(f'missing expected text: {a}')\n    s=s.replace(a,b)\nopen(p,'w').write(s)\nPY\npdflatex -interaction=nonstopmode -halt-on-error main.tex > build.log 2>&1\nprintf '%s\\n' '--- overfull warnings ---'\ngrep -n -i 'overfull' build.log || true\nprintf '%s\\n' '--- output status ---'\ntail -8 build.log\n"] min_timeout_sec: 2.0 max_timeout_sec: 180.0
Trajectory dumped to jobs/p1-terminus-2-overfull-hbox-r2/overfull-hbox__BeghoXT/agent/trajectory.json
Sending keys: ["printf '%s\\n' '--- remaining warning context ---'; sed -n '8,25p' build.log; printf '%s\\n' '--- relevant input text ---'; sed -n '5p;13p' input.tex\n"] min_timeout_sec: 0.2 max_timeout_sec: 180.0
Trajectory dumped to jobs/p1-terminus-2-overfull-hbox-r2/overfull-hbox__BeghoXT/agent/trajectory.json
Sending keys: ["python3 - <<'PY'\np='input.tex'\ns=open(p).read()\nrepls={\n    'unwanted':'unsought',\n    'unusually communicative':'unusually open',\n    'usually plagiaristic':'usually copied',\n    'fundamental decencies':'basic decencies',\n    'Finnish wisdom':'Finnish insight',\n}\nfor a,b in repls.items():\n    if a not in s:\n        raise SystemExit(f'missing expected text: {a}')\n    s=s.replace(a,b)\nopen(p,'w').write(s)\nPY\npdflatex -interaction=nonstopmode -halt-on-error main.tex > build.log 2>&1\nprintf '%s\\n' '--- overfull hbox warnings ---'\ngrep -n -i 'overfull' build.log || true\nprintf '%s\\n' '--- compilation result ---'\ngrep -E 'Output written|Fatal error|Emergency stop' build.log || true\n"] min_timeout_sec: 2.0 max_timeout_sec: 180.0
Trajectory dumped to jobs/p1-terminus-2-overfull-hbox-r2/overfull-hbox__BeghoXT/agent/trajectory.json
Sending keys: ["printf '%s\\n' '--- warning contexts ---'; sed -n '8,28p' build.log; printf '%s\\n' '--- input paragraphs ---'; sed -n '5p;13p' input.tex\n"] min_timeout_sec: 0.2 max_timeout_sec: 180.0
Trajectory dumped to jobs/p1-terminus-2-overfull-hbox-r2/overfull-hbox__BeghoXT/agent/trajectory.json
Sending keys: ["python3 - <<'PY'\np='input.tex'\ns=open(p).read()\nrepls={\n    'in a reserved way':'in a quiet way',\n    'obvious suppressions':'clear suppressions',\n    'Finnish insight':'Finnish wisdom',\n}\nfor a,b in repls.items():\n    if a not in s:\n        raise SystemExit(f'missing expected text: {a}')\n    s=s.replace(a,b)\nopen(p,'w').write(s)\nPY\npdflatex -interaction=nonstopmode -halt-on-error main.tex > build.log 2>&1\nprintf '%s\\n' '--- overfull hbox warnings ---'\ngrep -n -i 'overfull' build.log || true\nprintf '%s\\n' '--- compilation result ---'\ngrep -E 'Output written|Fatal error|Emergency stop' build.log || true\n"] min_timeout_sec: 2.0 max_timeout_sec: 180.0
Trajectory dumped to jobs/p1-terminus-2-overfull-hbox-r2/overfull-hbox__BeghoXT/agent/trajectory.json
Sending keys: ["printf '%s\\n' '--- warning contexts ---'; sed -n '8,25p' build.log; printf '%s\\n' '--- affected input ---'; sed -n '5p;13p' input.tex\n"] min_timeout_sec: 0.2 max_timeout_sec: 180.0
Trajectory dumped to jobs/p1-terminus-2-overfull-hbox-r2/overfull-hbox__BeghoXT/agent/trajectory.json
Sending keys: ["python3 - <<'PY'\np='input.tex'\ns=open(p).read()\nrepls={\n    'the terms in which':'the words in which',\n    'The practical thing':'The useful thing',\n}\nfor a,b in repls.items():\n    if a not in s:\n        raise SystemExit(f'missing expected text: {a}')\n    s=s.replace(a,b)\nopen(p,'w').write(s)\nPY\npdflatex -interaction=nonstopmode -halt-on-error main.tex > build.log 2>&1\nprintf '%s\\n' '--- overfull hbox warnings ---'\ngrep -n -i 'overfull' build.log || true\nprintf '%s\\n' '--- compilation result ---'\ngrep -E 'Output written|Fatal error|Emergency stop' build.log || true\n"] min_timeout_sec: 2.0 max_timeout_sec: 180.0
Trajectory dumped to jobs/p1-terminus-2-overfull-hbox-r2/overfull-hbox__BeghoXT/agent/trajectory.json
Sending keys: ["printf '%s\\n' '--- warning contexts ---'; sed -n '8,25p' build.log; printf '%s\\n' '--- relevant text ---'; grep -n -E 'words|practical|useful|Finnish|wisdom|stove' input.tex\n"] min_timeout_sec: 0.2 max_timeout_sec: 180.0
Trajectory dumped to jobs/p1-terminus-2-overfull-hbox-r2/overfull-hbox__BeghoXT/agent/trajectory.json
Sending keys: ["cat > /tmp/optimize.py <<'PY'\nimport re, subprocess, pathlib, shutil\nfrom collections import defaultdict\np=pathlib.Path('input.tex')\noriginal=p.read_text()\nfamilies=[]\nfor line in pathlib.Path('synonyms.txt').read_text().splitlines():\n    ws=[x.strip() for x in line.split(',') if x.strip()]\n    if ws: families.append(ws)\n\ndef score():\n    r=subprocess.run(['pdflatex','-interaction=nonstopmode','-halt-on-error','main.tex'],stdout=subprocess.PIPE,stderr=subprocess.STDOUT,text=True)\n    log=r.stdout\n    vals=[float(x) for x in re.findall(r'Overfull \\\\hbox \\(([0-9.]+)pt too wide',log)]\n    return (len(vals),sum(vals)),log\n\nbest,log=score()\nprint('initial',best)\nfor passno in range(4):\n    changed=False\n    for fam in families:\n        present=[w for w in fam if re.search(r'(?<![A-Za-z])'+re.escape(w)+r'(?![A-Za-z])',p.read_text())]\n        if not present: continue\n        base=p.read_text()\n        fambest=best\n        besttext=base\n        for old in present:\n            for new in fam:\n                if new==old: continue\n                candidate=re.sub(r'(?<![A-Za-z])'+re.escape(old)+r'(?![A-Za-z])',new,base)\n                p.write_text(candidate)\n                sc,_=score()\n                if sc < fambest:\n                    fambest=sc; besttext=candidate\n        p.write_text(besttext)\n        if fambest < best:\n            best=fambest; changed=True\n            print('pass',passno+1,'improved',best)\n    if not changed: break\nprint('final score',best)\n_,log=score()\nprint('\\n--- overfull ---')\nfor line in log.splitlines():\n    if 'Overfull \\\\hbox' in line: print(line)\nprint('\\n--- result ---')\nfor line in log.splitlines():\n    if 'Output written' in line or 'Fatal error' in line or 'Emergency stop' in line: print(line)\nPY\npython3 /tmp/optimize.py\n"] min_timeout_sec: 60.0 max_timeout_sec: 180.0
Trajectory dumped to jobs/p1-terminus-2-overfull-hbox-r2/overfull-hbox__BeghoXT/agent/trajectory.json
Sending keys: [''] min_timeout_sec: 2.0 max_timeout_sec: 180.0
Trajectory dumped to jobs/p1-terminus-2-overfull-hbox-r2/overfull-hbox__BeghoXT/agent/trajectory.json
Sending keys: [''] min_timeout_sec: 5.0 max_timeout_sec: 180.0
Trajectory dumped to jobs/p1-terminus-2-overfull-hbox-r2/overfull-hbox__BeghoXT/agent/trajectory.json
Sending keys: [''] min_timeout_sec: 10.0 max_timeout_sec: 180.0
Trajectory dumped to jobs/p1-terminus-2-overfull-hbox-r2/overfull-hbox__BeghoXT/agent/trajectory.json
Parser warnings: - Command 1 should end with newline when followed by another command. Otherwise the two commands will be concatenated together on the same line.
Sending keys: ['C-c'] min_timeout_sec: 0.5 max_timeout_sec: 180.0
Sending keys: ["pdflatex -interaction=nonstopmode -halt-on-error main.tex > build.log 2>&1; printf '%s\\n' '--- overfull hbox warnings ---'; grep -n -i 'overfull' build.log || true; printf '%s\\n' '--- compilation result ---'; grep -E 'Output written|Fatal error|Emergency stop' build.log || true\n"] min_timeout_sec: 2.0 max_timeout_sec: 180.0
Trajectory dumped to jobs/p1-terminus-2-overfull-hbox-r2/overfull-hbox__BeghoXT/agent/trajectory.json
Trajectory dumped to jobs/p1-terminus-2-overfull-hbox-r2/overfull-hbox__BeghoXT/agent/trajectory.json
Trajectory dumped to jobs/p1-terminus-2-overfull-hbox-r2/overfull-hbox__BeghoXT/agent/trajectory.json
Trajectory dumped to jobs/p1-terminus-2-overfull-hbox-r2/overfull-hbox__BeghoXT/agent/trajectory.json
Collecting main service artifacts
