Installing: tmux, asciinema
Detected system: {'os': 'debian-based', 'package_manager': 'apt-get', 'update_command': None}
Installing tools using apt-get: DEBIAN_FRONTEND=noninteractive apt-get update && DEBIAN_FRONTEND=noninteractive apt-get install -y tmux asciinema
Starting recording.
Sending keys: ['asciinema rec --stdin /logs/agent/recording.cast', 'Enter'] min_timeout_sec: 1.0 max_timeout_sec: 180.0
Sending keys: ['clear', 'Enter'] min_timeout_sec: 0.0 max_timeout_sec: 180.0
Sending keys: ["git status --short --branch && printf '\\nBranches:\\n' && git branch -avv && printf '\\nRecent history:\\n' && git log --oneline --decorate --graph --all -20\n"] min_timeout_sec: 1.0 max_timeout_sec: 180.0
Sending keys: ["printf '\\nReflog:\\n' && git reflog --all --date=local -20\n"] min_timeout_sec: 1.0 max_timeout_sec: 180.0
Trajectory dumped to jobs/live-lookup-fix-git-20261007-160916/fix-git__4QePADR/agent/trajectory.json
Sending keys: ['git show --stat --summary --decorate c499730 && printf \'\\nParents and ancestry:\\n\' && git rev-list --parents -n 1 c499730 && git merge-base --is-ancestor c499730 master; printf \'ancestor_exit=%s\\n\' "$?"\n'] min_timeout_sec: 1.0 max_timeout_sec: 180.0
Sending keys: ['git show --format=fuller --find-renames c499730\n'] min_timeout_sec: 1.0 max_timeout_sec: 180.0
Sending keys: ['git merge c499730\n'] min_timeout_sec: 1.0 max_timeout_sec: 180.0
Sending keys: ['git status --short --branch && git log --oneline --decorate --graph --all -8\n'] min_timeout_sec: 1.0 max_timeout_sec: 180.0
Trajectory dumped to jobs/live-lookup-fix-git-20261007-160916/fix-git__4QePADR/agent/trajectory.json
Parser warnings: - Command 1 should end with newline when followed by another command. Otherwise the two commands will be concatenated together on the same line.
Sending keys: ['q'] min_timeout_sec: 0.1 max_timeout_sec: 180.0
Sending keys: ['git merge c499730\n'] min_timeout_sec: 1.0 max_timeout_sec: 180.0
Sending keys: ["git status --short --branch && printf '\\nMerged history:\\n' && git log --oneline --decorate --graph --all -8 && printf '\\nStanford text:\\n' && sed -n '1,8p' _includes/about.md\n"] min_timeout_sec: 1.0 max_timeout_sec: 180.0
Trajectory dumped to jobs/live-lookup-fix-git-20261007-160916/fix-git__4QePADR/agent/trajectory.json
Sending keys: ["cat > _includes/about.md <<'EOF'\nI am a Postdoctoral Researcher at Stanford CS.\n\nPreviously, I was a Student Researcher at [Google Research](https://research.google/), an ML Research Intern at [Apple Health AI](https://machinelearning.apple.com/work-with-us) and a data scientist and the second full-time employee at [HealthRhythms](https://www.healthrhythms.com).\nEOF\n"] min_timeout_sec: 0.1 max_timeout_sec: 180.0
Sending keys: ["rm -- 'tatus --short --branch'\ngit add _includes/about.md _layouts/default.html\ngit status --short\n"] min_timeout_sec: 0.1 max_timeout_sec: 180.0
Sending keys: ['git commit -m "Merge recovered Stanford update"\n'] min_timeout_sec: 1.0 max_timeout_sec: 180.0
Sending keys: ["git status --short --branch && printf '\\nFinal history:\\n' && git log --oneline --decorate --graph --all -8 && printf '\\nAbout page:\\n' && cat _includes/about.md && printf '\\nLayout change:\\n' && git show --stat --oneline HEAD\n"] min_timeout_sec: 1.0 max_timeout_sec: 180.0
Trajectory dumped to jobs/live-lookup-fix-git-20261007-160916/fix-git__4QePADR/agent/trajectory.json
Trajectory dumped to jobs/live-lookup-fix-git-20261007-160916/fix-git__4QePADR/agent/trajectory.json
Trajectory dumped to jobs/live-lookup-fix-git-20261007-160916/fix-git__4QePADR/agent/trajectory.json
Collecting main service artifacts
