Skipping image OS validation for alexgshaw/crack-7z-hash:20251031: docker inspect returned 1
Installing: tmux, asciinema
Detected system: {'os': 'debian-based', 'package_manager': 'apt-get', 'update_command': None}
Installing tools using apt-get: DEBIAN_FRONTEND=noninteractive apt-get update && DEBIAN_FRONTEND=noninteractive apt-get install -y tmux asciinema
Starting recording.
Sending keys: ['asciinema rec --stdin /logs/agent/recording.cast', 'Enter'] min_timeout_sec: 1.0 max_timeout_sec: 180.0
Sending keys: ['clear', 'Enter'] min_timeout_sec: 0.0 max_timeout_sec: 180.0
Sending keys: ['ls -la /app\n'] min_timeout_sec: 0.1 max_timeout_sec: 180.0
Sending keys: ['7z l /app/secrets.7z\n'] min_timeout_sec: 1.0 max_timeout_sec: 180.0
Trajectory dumped to jobs/routed-luna-crack-7z-hash-wdact-1789810593/crack-7z-hash__m73S4Lh/agent/trajectory.json
Sending keys: ['command -v 7za || command -v 7zr || command -v bsdtar || command -v unar || python3 -c \'import py7zr; print("py7zr available")\' 2>/dev/null || true\n'] min_timeout_sec: 0.2 max_timeout_sec: 180.0
Sending keys: ['file /app/secrets.7z\n'] min_timeout_sec: 0.1 max_timeout_sec: 180.0
Trajectory dumped to jobs/routed-luna-crack-7z-hash-wdact-1789810593/crack-7z-hash__m73S4Lh/agent/trajectory.json
Sending keys: ['apt-get update && apt-get install -y p7zip-full\n'] min_timeout_sec: 10.0 max_timeout_sec: 180.0
Sending keys: ['7z l /app/secrets.7z\n'] min_timeout_sec: 1.0 max_timeout_sec: 180.0
Sending keys: ["rm -rf /tmp/secrets_extract && mkdir -p /tmp/secrets_extract && 7z x -y /app/secrets.7z -o/tmp/secrets_extract && cat /tmp/secrets_extract/secret_file.txt > /app/solution.txt && printf '\\n--- solution.txt ---\\n' && cat /app/solution.txt\n"] min_timeout_sec: 2.0 max_timeout_sec: 180.0
Trajectory dumped to jobs/routed-luna-crack-7z-hash-wdact-1789810593/crack-7z-hash__m73S4Lh/agent/trajectory.json
Sending keys: [''] min_timeout_sec: 10.0 max_timeout_sec: 180.0
Trajectory dumped to jobs/routed-luna-crack-7z-hash-wdact-1789810593/crack-7z-hash__m73S4Lh/agent/trajectory.json
Sending keys: [''] min_timeout_sec: 5.0 max_timeout_sec: 180.0
Trajectory dumped to jobs/routed-luna-crack-7z-hash-wdact-1789810593/crack-7z-hash__m73S4Lh/agent/trajectory.json
Sending keys: ['7z l /app/secrets.7z\n'] min_timeout_sec: 1.0 max_timeout_sec: 180.0
Sending keys: ['rm -rf /tmp/secrets_extract && mkdir -p /tmp/secrets_extract && 7z x -y /app/secrets.7z -o/tmp/secrets_extract && secret=$(find /tmp/secrets_extract -type f -name secret_file.txt -print -quit) && test -n "$secret" && cp "$secret" /app/solution.txt && printf \'%s\\n\' \'--- /app/solution.txt ---\' && cat /app/solution.txt\n'] min_timeout_sec: 2.0 max_timeout_sec: 180.0
Trajectory dumped to jobs/routed-luna-crack-7z-hash-wdact-1789810593/crack-7z-hash__m73S4Lh/agent/trajectory.json
Parser warnings: - Command 1 should end with newline when followed by another command. Otherwise the two commands will be concatenated together on the same line.
Sending keys: ['C-c'] min_timeout_sec: 0.2 max_timeout_sec: 180.0
Sending keys: ["find /app/john -maxdepth 3 -type f -ls; printf '\\n--- directories ---\\n'; find /app/john -maxdepth 3 -type d -ls; printf '\\n--- available tools ---\\n'; command -v john || true; command -v hashcat || true\n"] min_timeout_sec: 1.0 max_timeout_sec: 180.0
Trajectory dumped to jobs/routed-luna-crack-7z-hash-wdact-1789810593/crack-7z-hash__m73S4Lh/agent/trajectory.json
Sending keys: ['C-c\n'] min_timeout_sec: 0.5 max_timeout_sec: 180.0
Sending keys: ["find /app/john -maxdepth 3 -type f -ls; printf '\\n--- directories ---\\n'; find /app/john -maxdepth 3 -type d -ls; printf '\\n--- available tools ---\\n'; command -v john || true; command -v hashcat || true\n"] min_timeout_sec: 1.0 max_timeout_sec: 180.0
Trajectory dumped to jobs/routed-luna-crack-7z-hash-wdact-1789810593/crack-7z-hash__m73S4Lh/agent/trajectory.json
Sending keys: ["printf '%s\\n' '--- /app/john top level ---'; find /app/john -maxdepth 1 -mindepth 1 -printf '%f\\n' | sort; printf '%s\\n' '--- executables ---'; find /app/john -type f -perm -111 -maxdepth 3 -printf '%p\\n' 2>/dev/null | head -30; printf '%s\\n' '--- relevant app files ---'; find /app -maxdepth 2 -type f ! -path '/app/john/*' -printf '%p\\n'\n"] min_timeout_sec: 1.0 max_timeout_sec: 180.0
Sending keys: ["find / -type f \\( -name '7z2john*' -o -name '7z2john.pl' -o -name '*password*' -o -name '*.lst' \\) 2>/dev/null | head -50\n"] min_timeout_sec: 1.0 max_timeout_sec: 180.0
Trajectory dumped to jobs/routed-luna-crack-7z-hash-wdact-1789810593/crack-7z-hash__m73S4Lh/agent/trajectory.json
Sending keys: ["cd /app/john && ls -la run | head -40; printf '\\n--- john candidates ---\\n'; find /app/john -maxdepth 3 -type f -name 'john' -o -name 'john.exe' 2>/dev/null; printf '\\n--- build files ---\\n'; ls -la src/configure Makefile 2>/dev/null || true\n"] min_timeout_sec: 0.5 max_timeout_sec: 180.0
Sending keys: ['cd /app && perl /app/john/run/7z2john.pl /app/secrets.7z > /tmp/secrets.hash && cat /tmp/secrets.hash\n'] min_timeout_sec: 1.0 max_timeout_sec: 180.0
Trajectory dumped to jobs/routed-luna-crack-7z-hash-wdact-1789810593/crack-7z-hash__m73S4Lh/agent/trajectory.json
Sending keys: ['apt-get update && apt-get install -y libcompress-raw-lzma-perl\n'] min_timeout_sec: 10.0 max_timeout_sec: 180.0
Sending keys: ['cd /app && perl /app/john/run/7z2john.pl /app/secrets.7z > /tmp/secrets.hash && cat /tmp/secrets.hash\n'] min_timeout_sec: 2.0 max_timeout_sec: 180.0
Sending keys: ['/app/john/run/john --wordlist=/app/john/run/password.lst /tmp/secrets.hash && /app/john/run/john --show /tmp/secrets.hash\n'] min_timeout_sec: 10.0 max_timeout_sec: 180.0
Trajectory dumped to jobs/routed-luna-crack-7z-hash-wdact-1789810593/crack-7z-hash__m73S4Lh/agent/trajectory.json
Sending keys: [''] min_timeout_sec: 10.0 max_timeout_sec: 180.0
Trajectory dumped to jobs/routed-luna-crack-7z-hash-wdact-1789810593/crack-7z-hash__m73S4Lh/agent/trajectory.json
Sending keys: [''] min_timeout_sec: 10.0 max_timeout_sec: 180.0
Trajectory dumped to jobs/routed-luna-crack-7z-hash-wdact-1789810593/crack-7z-hash__m73S4Lh/agent/trajectory.json
Sending keys: ['cd /app && perl /app/john/run/7z2john.pl /app/secrets.7z > /tmp/secrets.hash && cat /tmp/secrets.hash\n'] min_timeout_sec: 2.0 max_timeout_sec: 180.0
Sending keys: ['/app/john/run/john --wordlist=/app/john/run/password.lst /tmp/secrets.hash\n'] min_timeout_sec: 10.0 max_timeout_sec: 180.0
Sending keys: ['/app/john/run/john --show /tmp/secrets.hash\n'] min_timeout_sec: 1.0 max_timeout_sec: 180.0
Trajectory dumped to jobs/routed-luna-crack-7z-hash-wdact-1789810593/crack-7z-hash__m73S4Lh/agent/trajectory.json
Sending keys: [''] min_timeout_sec: 10.0 max_timeout_sec: 180.0
Trajectory dumped to jobs/routed-luna-crack-7z-hash-wdact-1789810593/crack-7z-hash__m73S4Lh/agent/trajectory.json
Sending keys: ['/app/john/run/john --show /tmp/secrets.hash\n'] min_timeout_sec: 1.0 max_timeout_sec: 180.0
Sending keys: ["rm -rf /tmp/secrets_extract && mkdir -p /tmp/secrets_extract && 7z x -y -pads /app/secrets.7z -o/tmp/secrets_extract && cp /tmp/secrets_extract/secrets/secret_file.txt /app/solution.txt && printf '%s\\n' '--- /app/solution.txt ---' && cat /app/solution.txt\n"] min_timeout_sec: 2.0 max_timeout_sec: 180.0
Trajectory dumped to jobs/routed-luna-crack-7z-hash-wdact-1789810593/crack-7z-hash__m73S4Lh/agent/trajectory.json
Sending keys: ['C-c\n'] min_timeout_sec: 0.5 max_timeout_sec: 180.0
Sending keys: ["rm -rf /tmp/secrets_extract && mkdir -p /tmp/secrets_extract && 7z x -y -pads /app/secrets.7z -o/tmp/secrets_extract && cp /tmp/secrets_extract/secrets/secret_file.txt /app/solution.txt && printf '%s\\n' '--- /app/solution.txt ---' && cat /app/solution.txt\n"] min_timeout_sec: 2.0 max_timeout_sec: 180.0
Trajectory dumped to jobs/routed-luna-crack-7z-hash-wdact-1789810593/crack-7z-hash__m73S4Lh/agent/trajectory.json
Sending keys: ['q\n'] min_timeout_sec: 0.5 max_timeout_sec: 180.0
Sending keys: ["printf 'ads\\n' > /tmp/candidates && rm -rf /tmp/secrets_extract && mkdir -p /tmp/secrets_extract && 7z x -y -pads /app/secrets.7z -o/tmp/secrets_extract && cp /tmp/secrets_extract/secrets/secret_file.txt /app/solution.txt && printf '%s\\n' '--- /app/solution.txt ---' && cat /app/solution.txt\n"] min_timeout_sec: 2.0 max_timeout_sec: 180.0
Trajectory dumped to jobs/routed-luna-crack-7z-hash-wdact-1789810593/crack-7z-hash__m73S4Lh/agent/trajectory.json
Sending keys: ["printf '%s\\n' '--- matching candidates ---'; grep -Ein 'secret|archive|password|pass|seven|7z| john|solution|file|admin|test' /app/john/run/password.lst | head -100; printf '%s\\n' '--- list stats ---'; wc -l /app/john/run/password.lst; head -30 /app/john/run/password.lst\n"] min_timeout_sec: 1.0 max_timeout_sec: 180.0
Sending keys: ["printf '%s\\n' secret password password1 7z archive secrets solution test admin john letmein qwerty 123456 > /tmp/focused.lst && /app/john/run/john --format=7z --wordlist=/tmp/focused.lst /tmp/secrets.hash\n"] min_timeout_sec: 10.0 max_timeout_sec: 180.0
Trajectory dumped to jobs/routed-luna-crack-7z-hash-wdact-1789810593/crack-7z-hash__m73S4Lh/agent/trajectory.json
Sending keys: [''] min_timeout_sec: 10.0 max_timeout_sec: 180.0
Trajectory dumped to jobs/routed-luna-crack-7z-hash-wdact-1789810593/crack-7z-hash__m73S4Lh/agent/trajectory.json
Sending keys: [''] min_timeout_sec: 10.0 max_timeout_sec: 180.0
Trajectory dumped to jobs/routed-luna-crack-7z-hash-wdact-1789810593/crack-7z-hash__m73S4Lh/agent/trajectory.json
Sending keys: ['/app/john/run/john --format=7z --fork=8 --wordlist=/app/john/run/password.lst /tmp/secrets.hash\n'] min_timeout_sec: 30.0 max_timeout_sec: 180.0
Trajectory dumped to jobs/routed-luna-crack-7z-hash-wdact-1789810593/crack-7z-hash__m73S4Lh/agent/trajectory.json
Sending keys: [''] min_timeout_sec: 30.0 max_timeout_sec: 180.0
Trajectory dumped to jobs/routed-luna-crack-7z-hash-wdact-1789810593/crack-7z-hash__m73S4Lh/agent/trajectory.json
Sending keys: [''] min_timeout_sec: 30.0 max_timeout_sec: 180.0
Trajectory dumped to jobs/routed-luna-crack-7z-hash-wdact-1789810593/crack-7z-hash__m73S4Lh/agent/trajectory.json
Sending keys: ['s\n'] min_timeout_sec: 2.0 max_timeout_sec: 180.0
Sending keys: [''] min_timeout_sec: 30.0 max_timeout_sec: 180.0
Trajectory dumped to jobs/routed-luna-crack-7z-hash-wdact-1789810593/crack-7z-hash__m73S4Lh/agent/trajectory.json
Sending keys: ['q\n'] min_timeout_sec: 0.5 max_timeout_sec: 180.0
Sending keys: ["printf '%s\\n' '--- references ---'; grep -RilE 'secrets\\.7z|secret_file|password|archive' /app /root /tmp 2>/dev/null | head -100; printf '%s\\n' '--- history ---'; cat /root/.bash_history 2>/dev/null || true; printf '%s\\n' '--- environment clues ---'; env | sort | grep -iE 'pass|secret|flag|task|archive' || true; printf '%s\\n' '--- git clues ---'; git -C /app/john log --all --oneline --decorate -10 2>/dev/null || true\n"] min_timeout_sec: 2.0 max_timeout_sec: 180.0
Trajectory dumped to jobs/routed-luna-crack-7z-hash-wdact-1789810593/crack-7z-hash__m73S4Lh/agent/trajectory.json
Sending keys: ['C-c\n'] min_timeout_sec: 2.0 max_timeout_sec: 180.0
Sending keys: [''] min_timeout_sec: 5.0 max_timeout_sec: 180.0
Trajectory dumped to jobs/routed-luna-crack-7z-hash-wdact-1789810593/crack-7z-hash__m73S4Lh/agent/trajectory.json
Sending keys: ["printf '%s\\n' '--- references ---'; grep -RilE 'secrets\\.7z|secret_file|password|archive' /app /root /tmp 2>/dev/null | head -100; printf '%s\\n' '--- history ---'; cat /root/.bash_history 2>/dev/null || true; printf '%s\\n' '--- environment clues ---'; env | sort | grep -iE 'pass|secret|flag|task|archive' || true; printf '%s\\n' '--- app metadata ---'; find /app -maxdepth 2 -type f -printf '%p\\n' | sort\n"] min_timeout_sec: 2.0 max_timeout_sec: 180.0
Sending keys: ["printf '%s\\n' '--- recent repository changes ---'; git -C /app/john status --short 2>/dev/null; git -C /app/john log --all --oneline --decorate -10 2>/dev/null; printf '%s\\n' '--- archive strings ---'; strings /app/secrets.7z 2>/dev/null || true\n"] min_timeout_sec: 1.0 max_timeout_sec: 180.0
Trajectory dumped to jobs/routed-luna-crack-7z-hash-wdact-1789810593/crack-7z-hash__m73S4Lh/agent/trajectory.json
Sending keys: ['cat > /tmp/candidates <<\'EOF\'\npassword\npassword1\nPassword\nPassword1\nsecret\nsecrets\nsecretpassword\nSecretPassword\narchive\narchivepassword\npassword123\nletmein\nwelcome\nadmin\nroot\nqwerty\nqwerty123\n123456\n12345678\n123456789\nabc123\nchangeme\nopensesame\nopen sesame\nswordfish\nhunter2\niloveyou\ntrustno1\npass\npasswd\n7z\n7zip\nsevenzip\njohn\njohnny\nsolution\nsolution1\nchallenge\ntask\nsecret_file\nsecrets.7z\nfile\nbackup\nprivate\nhidden\nsupersecret\ntopsecret\nunlock\nextract\nfoobar\nfoo\nbar\nbaz\nhello\nhello123\nasdf\nasdfgh\nzaq12wsx\nletmein123\nwelcome1\nadmin123\nroot123\nqwertyuiop\n123qwe\nqwe123\nabc1234\npassword!\nPassword!\nsecret!\n\nEOF\nwhile IFS= read -r p; do rm -rf /tmp/try_extract; mkdir /tmp/try_extract; if 7z x -y "-p$p" /app/secrets.7z -o/tmp/try_extract >/tmp/try.log 2>&1 && test -f /tmp/try_extract/secrets/secret_file.txt; then printf \'FOUND PASSWORD: %s\\n\' "$p"; cp /tmp/try_extract/secrets/secret_file.txt /app/solution.txt; printf \'%s\\n\' \'--- solution ---\'; cat /app/solution.txt; exit 0; fi; done < /tmp/candidates; echo \'No curated candidate succeeded\'\n'] min_timeout_sec: 60.0 max_timeout_sec: 180.0
Trajectory dumped to jobs/routed-luna-crack-7z-hash-wdact-1789810593/crack-7z-hash__m73S4Lh/agent/trajectory.json
Sending keys: ['command -v hashcat || (apt-get update && apt-get install -y hashcat)\n'] min_timeout_sec: 15.0 max_timeout_sec: 180.0
Sending keys: ['hashcat -m 11600 -a 0 /tmp/secrets.hash /app/john/run/password.lst --status --status-timer=10\n'] min_timeout_sec: 30.0 max_timeout_sec: 180.0
Trajectory dumped to jobs/routed-luna-crack-7z-hash-wdact-1789810593/crack-7z-hash__m73S4Lh/agent/trajectory.json
Sending keys: [''] min_timeout_sec: 15.0 max_timeout_sec: 180.0
Trajectory dumped to jobs/routed-luna-crack-7z-hash-wdact-1789810593/crack-7z-hash__m73S4Lh/agent/trajectory.json
Sending keys: [''] min_timeout_sec: 15.0 max_timeout_sec: 180.0
Trajectory dumped to jobs/routed-luna-crack-7z-hash-wdact-1789810593/crack-7z-hash__m73S4Lh/agent/trajectory.json
Sending keys: ['hashcat -m 11600 -a 0 /tmp/secrets.hash /app/john/run/password.lst --potfile-disable --status --status-timer=10\n'] min_timeout_sec: 30.0 max_timeout_sec: 180.0
Sending keys: ['hashcat -m 11600 /tmp/secrets.hash --show --potfile-disable\n'] min_timeout_sec: 2.0 max_timeout_sec: 180.0
Trajectory dumped to jobs/routed-luna-crack-7z-hash-wdact-1789810593/crack-7z-hash__m73S4Lh/agent/trajectory.json
Sending keys: ['cut -d: -f2- /tmp/secrets.hash > /tmp/secrets_hashcat.hash && cat /tmp/secrets_hashcat.hash && hashcat -m 11600 -a 0 /tmp/secrets_hashcat.hash /app/john/run/password.lst --potfile-path=/tmp/secrets.pot --status --status-timer=10\n'] min_timeout_sec: 30.0 max_timeout_sec: 180.0
Sending keys: ['hashcat -m 11600 /tmp/secrets_hashcat.hash --show --potfile-path=/tmp/secrets.pot\n'] min_timeout_sec: 2.0 max_timeout_sec: 180.0
Trajectory dumped to jobs/routed-luna-crack-7z-hash-wdact-1789810593/crack-7z-hash__m73S4Lh/agent/trajectory.json
Sending keys: [''] min_timeout_sec: 30.0 max_timeout_sec: 180.0
Trajectory dumped to jobs/routed-luna-crack-7z-hash-wdact-1789810593/crack-7z-hash__m73S4Lh/agent/trajectory.json
Sending keys: ['q\n'] min_timeout_sec: 2.0 max_timeout_sec: 180.0
Sending keys: ['grep -v \'^#\' /app/john/run/password.lst | sed \'/^$/d\' | head -10000 > /tmp/clean_candidates && split -n l/8 /tmp/clean_candidates /tmp/cand_ && for f in /tmp/cand_*; do hashcat -O -m 11600 -a 0 /tmp/secrets_hashcat.hash "$f" --potfile-path="$f.pot" --quiet >"$f.out" 2>&1 & done; echo \'started parallel optimized attacks\'; sleep 5; ps -eo pid,cmd | grep \'[h]ashcat\'\n'] min_timeout_sec: 10.0 max_timeout_sec: 180.0
Sending keys: ['for i in $(seq 1 12); do sleep 10; echo "--- poll $i ---"; grep -H . /tmp/cand_*.out 2>/dev/null | tail -20; find /tmp -name \'cand_*.pot\' -type f -size +0c -exec sh -c \'echo POT:$1; cat "$1"\' _ {} \\;; done\n'] min_timeout_sec: 60.0 max_timeout_sec: 180.0
Trajectory dumped to jobs/routed-luna-crack-7z-hash-wdact-1789810593/crack-7z-hash__m73S4Lh/agent/trajectory.json
Parser warnings: - Command 1 should end with newline when followed by another command. Otherwise the two commands will be concatenated together on the same line.
Sending keys: ['q'] min_timeout_sec: 3.0 max_timeout_sec: 180.0
Sending keys: ['q\n'] min_timeout_sec: 3.0 max_timeout_sec: 180.0
Sending keys: ["grep -v '^#' /app/john/run/password.lst | sed '/^$/d' | head -10000 > /tmp/clean_candidates && hashcat -O -m 11600 -a 0 /tmp/secrets_hashcat.hash /tmp/clean_candidates --potfile-path=/tmp/secrets_fast.pot --status --status-timer=10\n"] min_timeout_sec: 30.0 max_timeout_sec: 180.0
Trajectory dumped to jobs/routed-luna-crack-7z-hash-wdact-1789810593/crack-7z-hash__m73S4Lh/agent/trajectory.json
Parser warnings: - Command 1 should end with newline when followed by another command. Otherwise the two commands will be concatenated together on the same line.
Sending keys: ['C-c'] min_timeout_sec: 3.0 max_timeout_sec: 180.0
Sending keys: [''] min_timeout_sec: 5.0 max_timeout_sec: 180.0
Trajectory dumped to jobs/routed-luna-crack-7z-hash-wdact-1789810593/crack-7z-hash__m73S4Lh/agent/trajectory.json
Sending keys: ["python3 - <<'PY'\nimport itertools\nwords=['secret','secrets','password','archive','solution','challenge','task','file','hidden','private','unlock','extract','sevenzip','7zip','john','security','word','found']\nsuffix=['','1','12','123','1234','12345','2024','2025','2026','01','007','!','!!','@','#','_file','_file1','_7z','7z']\nseps=['','_','-','.']\nvals=set()\nfor w in words:\n    forms={w,w.lower(),w.upper(),w.capitalize(),w.replace('e','3').replace('a','@').replace('s','$').replace('i','1')}\n    for f in forms:\n      for x in suffix: vals.add(f+x)\n      for s in seps:\n        for v in words: vals.add(f+s+v)\n        for x in suffix: vals.add(f+s+x)\nfor a,b in itertools.product(words,words):\n  for s in seps:\n    vals.add(a+s+b); vals.add(a.capitalize()+s+b)\nwith open('/tmp/focused2','w') as f:\n  f.write('\\n'.join(sorted(vals))+'\\n')\nprint(len(vals))\nPY\nhashcat -O -m 11600 -a 0 /tmp/secrets_hashcat.hash /tmp/focused2 --potfile-path=/tmp/focused2.pot --quiet\n"] min_timeout_sec: 60.0 max_timeout_sec: 180.0
Sending keys: ['hashcat -m 11600 /tmp/secrets_hashcat.hash --show --potfile-path=/tmp/focused2.pot\n'] min_timeout_sec: 2.0 max_timeout_sec: 180.0
Trajectory dumped to jobs/routed-luna-crack-7z-hash-wdact-1789810593/crack-7z-hash__m73S4Lh/agent/trajectory.json
Sending keys: [''] min_timeout_sec: 10.0 max_timeout_sec: 180.0
Trajectory dumped to jobs/routed-luna-crack-7z-hash-wdact-1789810593/crack-7z-hash__m73S4Lh/agent/trajectory.json
Sending keys: [''] min_timeout_sec: 15.0 max_timeout_sec: 180.0
Trajectory dumped to jobs/routed-luna-crack-7z-hash-wdact-1789810593/crack-7z-hash__m73S4Lh/agent/trajectory.json
Sending keys: [''] min_timeout_sec: 20.0 max_timeout_sec: 180.0
Trajectory dumped to jobs/routed-luna-crack-7z-hash-wdact-1789810593/crack-7z-hash__m73S4Lh/agent/trajectory.json
Sending keys: [''] min_timeout_sec: 60.0 max_timeout_sec: 180.0
Trajectory dumped to jobs/routed-luna-crack-7z-hash-wdact-1789810593/crack-7z-hash__m73S4Lh/agent/trajectory.json
Sending keys: ['C-c\n'] min_timeout_sec: 3.0 max_timeout_sec: 180.0
Sending keys: ["printf '%s\\n' '--- potfile ---'; cat /tmp/focused2.pot 2>/dev/null || true; printf '%s\\n' '--- processes ---'; ps -ef | grep -E '[h]ashcat|[j]ohn' || true\n"] min_timeout_sec: 1.0 max_timeout_sec: 180.0
Trajectory dumped to jobs/routed-luna-crack-7z-hash-wdact-1789810593/crack-7z-hash__m73S4Lh/agent/trajectory.json
Sending keys: [''] min_timeout_sec: 10.0 max_timeout_sec: 180.0
Trajectory dumped to jobs/routed-luna-crack-7z-hash-wdact-1789810593/crack-7z-hash__m73S4Lh/agent/trajectory.json
Parser warnings: - Command 1 should end with newline when followed by another command. Otherwise the two commands will be concatenated together on the same line.
Sending keys: ['C-c'] min_timeout_sec: 5.0 max_timeout_sec: 180.0
Sending keys: [''] min_timeout_sec: 10.0 max_timeout_sec: 180.0
Trajectory dumped to jobs/routed-luna-crack-7z-hash-wdact-1789810593/crack-7z-hash__m73S4Lh/agent/trajectory.json
Sending keys: ["printf '%s\\n' '--- potfile ---'; cat /tmp/focused2.pot 2>/dev/null || true; printf '%s\\n' '--- processes ---'; ps -ef | grep -E '[h]ashcat|[j]ohn' || true\n"] min_timeout_sec: 1.0 max_timeout_sec: 180.0
Trajectory dumped to jobs/routed-luna-crack-7z-hash-wdact-1789810593/crack-7z-hash__m73S4Lh/agent/trajectory.json
Sending keys: ['grep -v \'^#\' /app/john/run/password.lst | sed \'/^$/d\' > /tmp/passwords.clean && split -n l/8 /tmp/passwords.clean /tmp/pwpart_ && rm -f /tmp/pwpart_*.pot /tmp/pwpart_*.log && for f in /tmp/pwpart_*; do hashcat -O -m 11600 -a 0 /tmp/secrets_hashcat.hash "$f" --potfile-path="$f.pot" --quiet >"$f.log" 2>&1 & done; echo started; sleep 10; ps -eo pid,cmd | grep \'[h]ashcat\'\n'] min_timeout_sec: 15.0 max_timeout_sec: 180.0
Sending keys: ['for i in $(seq 1 6); do sleep 20; echo "--- poll $i ---"; for p in /tmp/pwpart_*.pot; do test -s "$p" && { cat "$p"; exit 0; }; done; pgrep -af hashcat || true; done\n'] min_timeout_sec: 60.0 max_timeout_sec: 180.0
Trajectory dumped to jobs/routed-luna-crack-7z-hash-wdact-1789810593/crack-7z-hash__m73S4Lh/agent/trajectory.json
Sending keys: ['printf \'%s\\n\' \'--- worker logs ---\'; for f in /tmp/pwpart_*.log; do echo "### $f"; tail -10 "$f"; done; printf \'%s\\n\' \'--- potfiles ---\'; for f in /tmp/pwpart_*.pot; do test -s "$f" && { echo "### $f"; cat "$f"; }; done; printf \'%s\\n\' \'--- jobs ---\'; jobs -l\n'] min_timeout_sec: 1.0 max_timeout_sec: 180.0
Sending keys: ['pkill -9 -f \'hashcat.*secrets_hashcat\' 2>/dev/null || true; sleep 2; nohup hashcat -O -m 11600 -a 0 /tmp/secrets_hashcat.hash /tmp/passwords.clean --potfile-path=/tmp/all.pot --status --status-timer=30 </dev/null >/tmp/all_hashcat.log 2>&1 & echo $! > /tmp/all_hashcat.pid; echo "started $(cat /tmp/all_hashcat.pid)"\n'] min_timeout_sec: 5.0 max_timeout_sec: 180.0
Sending keys: ['tail -30 /tmp/all_hashcat.log; printf \'%s\\n\' \'--- status ---\'; ps -o pid,stat,etime,cmd -p "$(cat /tmp/all_hashcat.pid)" 2>/dev/null || true; test -s /tmp/all.pot && cat /tmp/all.pot || true\n'] min_timeout_sec: 1.0 max_timeout_sec: 180.0
Trajectory dumped to jobs/routed-luna-crack-7z-hash-wdact-1789810593/crack-7z-hash__m73S4Lh/agent/trajectory.json
Sending keys: [''] min_timeout_sec: 60.0 max_timeout_sec: 180.0
Trajectory dumped to jobs/routed-luna-crack-7z-hash-wdact-1789810593/crack-7z-hash__m73S4Lh/agent/trajectory.json
Sending keys: ['sleep 30; printf \'%s\\n\' \'--- status ---\'; ps -o pid,stat,etime,cmd -p "$(cat /tmp/all_hashcat.pid)" 2>/dev/null || true; printf \'%s\\n\' \'--- log ---\'; tail -30 /tmp/all_hashcat.log; printf \'%s\\n\' \'--- potfile ---\'; cat /tmp/all.pot 2>/dev/null || true\n'] min_timeout_sec: 35.0 max_timeout_sec: 180.0
Trajectory dumped to jobs/routed-luna-crack-7z-hash-wdact-1789810593/crack-7z-hash__m73S4Lh/agent/trajectory.json
Sending keys: ['sleep 60; printf \'%s\\n\' \'--- status ---\'; ps -o pid,stat,etime,cmd -p "$(cat /tmp/all_hashcat.pid)" 2>/dev/null || true; printf \'%s\\n\' \'--- latest log ---\'; tail -25 /tmp/all_hashcat.log; printf \'%s\\n\' \'--- potfile ---\'; cat /tmp/all.pot 2>/dev/null || true\n'] min_timeout_sec: 60 max_timeout_sec: 180.0
Trajectory dumped to jobs/routed-luna-crack-7z-hash-wdact-1789810593/crack-7z-hash__m73S4Lh/agent/trajectory.json
Sending keys: [''] min_timeout_sec: 60.0 max_timeout_sec: 180.0
Trajectory dumped to jobs/routed-luna-crack-7z-hash-wdact-1789810593/crack-7z-hash__m73S4Lh/agent/trajectory.json
Sending keys: ['kill "$(cat /tmp/all_hashcat.pid)" 2>/dev/null || true; sleep 3; rm -f /tmp/chunk_* /tmp/chunk_*.pot /tmp/chunk_*.log; split -n l/8 /tmp/passwords.clean /tmp/chunk_; for f in /tmp/chunk_*; do nohup hashcat -O -m 11600 -a 0 /tmp/secrets_hashcat.hash "$f" --potfile-path="$f.pot" --status --status-timer=30 </dev/null >"$f.log" 2>&1 & echo $! >"$f.pid"; done; echo started; sleep 10; ps -eo pid,stat,cmd | grep \'[h]ashcat\'\n'] min_timeout_sec: 20.0 max_timeout_sec: 180.0
Sending keys: ['for i in $(seq 1 6); do sleep 30; echo "--- poll $i ---"; found=0; for p in /tmp/chunk_*.pot; do if test -s "$p"; then cat "$p"; found=1; fi; done; if test "$found" = 1; then break; fi; pgrep -af hashcat || true; done\n'] min_timeout_sec: 60.0 max_timeout_sec: 180.0
Trajectory dumped to jobs/routed-luna-crack-7z-hash-wdact-1789810593/crack-7z-hash__m73S4Lh/agent/trajectory.json
Sending keys: [''] min_timeout_sec: 60.0 max_timeout_sec: 180.0
Trajectory dumped to jobs/routed-luna-crack-7z-hash-wdact-1789810593/crack-7z-hash__m73S4Lh/agent/trajectory.json
Sending keys: [''] min_timeout_sec: 60.0 max_timeout_sec: 180.0
Trajectory dumped to jobs/routed-luna-crack-7z-hash-wdact-1789810593/crack-7z-hash__m73S4Lh/agent/trajectory.json
Sending keys: ["pkill -9 -f 'hashcat.*secrets_hashcat' 2>/dev/null || true; sleep 2; rm -f /tmp/mask3.pot /tmp/mask3.log; nohup hashcat -O -m 11600 -a 3 /tmp/secrets_hashcat.hash '?l?l?l' --keep-guessing --potfile-path=/tmp/mask3.pot --status --status-timer=30 </dev/null >/tmp/mask3.log 2>&1 & echo $! >/tmp/mask3.pid; echo started; sleep 5; tail -25 /tmp/mask3.log\n"] min_timeout_sec: 10.0 max_timeout_sec: 180.0
Sending keys: ['sleep 30; tail -30 /tmp/mask3.log; printf \'%s\\n\' \'--- potfile ---\'; cat /tmp/mask3.pot 2>/dev/null || true; ps -o pid,stat,etime,cmd -p "$(cat /tmp/mask3.pid)" 2>/dev/null || true\n'] min_timeout_sec: 35.0 max_timeout_sec: 180.0
Trajectory dumped to jobs/routed-luna-crack-7z-hash-wdact-1789810593/crack-7z-hash__m73S4Lh/agent/trajectory.json
Sending keys: ['sleep 30; printf \'%s\\n\' \'--- status ---\'; tail -35 /tmp/mask3.log; printf \'%s\\n\' \'--- potfile ---\'; cat /tmp/mask3.pot 2>/dev/null || true; printf \'%s\\n\' \'--- process ---\'; ps -o pid,stat,etime,cmd -p "$(cat /tmp/mask3.pid)" 2>/dev/null || true\n'] min_timeout_sec: 35.0 max_timeout_sec: 180.0
Trajectory dumped to jobs/routed-luna-crack-7z-hash-wdact-1789810593/crack-7z-hash__m73S4Lh/agent/trajectory.json
Collecting main service artifacts
Exception AgentTimeoutError is in exclude_exceptions, not retrying
Not retrying trial because the exception is not in include_exceptions or the maximum number of retries has been reached
