Skipping image OS validation for alexgshaw/feal-linear-cryptanalysis:20251031: docker inspect returned 1
Installing: tmux, asciinema
Detected system: {'os': 'debian-based', 'package_manager': 'apt-get', 'update_command': None}
Installing tools using apt-get: DEBIAN_FRONTEND=noninteractive apt-get update && DEBIAN_FRONTEND=noninteractive apt-get install -y tmux asciinema
Starting recording.
Sending keys: ['asciinema rec --stdin /logs/agent/recording.cast', 'Enter'] min_timeout_sec: 1.0 max_timeout_sec: 180.0
Sending keys: ['clear', 'Enter'] min_timeout_sec: 0.0 max_timeout_sec: 180.0
Parser warnings: - Extra text detected after JSON object
Sending keys: ["sed -n '1,240p' /app/feal.c; printf '\\n--- decrypt.c ---\\n'; sed -n '1,260p' /app/decrypt.c; printf '\\n--- pairs ---\\n'; cat /app/pairs.txt; printf '\\n--- ciphertexts ---\\n'; cat /app/ciphertexts.txt\n"] min_timeout_sec: 0.5 max_timeout_sec: 180.0
Trajectory dumped to jobs/p1-terminus-2-feal-linear-cryptanalysis-r2/feal-linear-cryptanalysis__6Vsy8hD/agent/trajectory.json
Sending keys: ["python3 - <<'PY'\ntry:\n import z3\n print('z3_available')\nexcept Exception as e:\n print('no_z3',e)\nPY\n"] min_timeout_sec: 0.2 max_timeout_sec: 180.0
Sending keys: ['command -v z3 || true\n'] min_timeout_sec: 0.2 max_timeout_sec: 180.0
Trajectory dumped to jobs/p1-terminus-2-feal-linear-cryptanalysis-r2/feal-linear-cryptanalysis__6Vsy8hD/agent/trajectory.json
Sending keys: ['python3 -m pip install --quiet z3-solver\n'] min_timeout_sec: 30.0 max_timeout_sec: 180.0
Sending keys: ["cat > /tmp/solve.py <<'PY'\nfrom z3 import *\nimport re\n\npairs=[]\nfor line in open('/app/pairs.txt'):\n    q=line.split()\n    if len(q)>=2: pairs.append((int(q[0]),int(q[1])))\ncts=[int(x.strip()) for x in open('/app/ciphertexts.txt') if x.strip()]\n\nMASK32=(1<<32)-1\n\ndef bv32(x): return Extract(31,0,x) if x.size()!=32 else x\n\ndef expand(k):\n    k=ZeroExt(12,k)              # 20 -> 32 bits\n    return k ^ (k << 16) ^ (k * BitVecVal(12345,32))\n\ndef g(a,b,x):\n    # a,b are 8-bit; C integer promotion then assignment to uint8_t\n    t=Extract(7,0,ZeroExt(1,a)+ZeroExt(1,b)+BitVecVal(x,9))\n    return Extract(7,0,(ZeroExt(8,t)<<2) | LShR(ZeroExt(8,t),6))\n\ndef f(v):\n    x=[Extract(8*i+7,8*i,v) for i in range(4)]\n    y=[None]*4\n    y[2]=g(x[3]^x[2],x[1]^x[0],1)\n    y[3]=g(x[3],y[2],0)\n    y[1]=g(x[1]^x[0],y[2],0)\n    y[0]=g(x[0],y[1],1)\n    return y[0] | (y[1]<<8) | (y[2]<<16) | (y[3]<<24)\n\ndef enc(p,ks):\n    L=Extract(63,32,p); R=Extract(31,0,p)\n    R=R^L\n    for k in ks:\n        m=f(R^k); L,R=R,L^m\n    return (R<<32) | (L^R)\n\ndef dec(c,ks):\n    # inverse of encrypt.c, following decrypt.c's reverse loop\n    L=Extract(63,32,c); R=Extract(31,0,c)\n    # ciphertext is (R4, L4^R4)\n    R,L=L,R^L\n    # reverse rounds, using keys 3..0\n    for k in reversed(ks):\n        # forward: newL=oldR, newR=oldL^f(oldR^k)\n        oldL=R^f(L^k)\n        oldR=L\n        L,R=oldL,oldR\n    R=R^L\n    return (L<<32)|R\n\nks=[BitVec(f'k{i}',20) for i in range(4)]\ns=Solver()\nfor p,c in pairs: s.add(enc(BitVecVal(p,64),[expand(k) for k in ks])==BitVecVal(c,64))\nif s.check()!=sat: raise SystemExit('UNSAT')\nm=s.model(); seed=[m.eval(k).as_long() for k in ks]\nprint('seeds:',*[f'{x:05x}' for x in seed])\n# Validate encryption and decrypt all supplied ciphertexts concretely.\ndef F(v):\n    x=[(v>>(8*i))&255 for i in range(4)]\n    def G(a,b,z): return ((a+b+z)&255); # rotate below\n    def gg(a,b,z):\n        t=(a+b+z)&255; return ((t<<2)|(t>>6))&255\n    y=[0]*4\n    y[2]=gg(x[3]^x[2],x[1]^x[0],1); y[3]=gg(x[3],y[2],0)\n    y[1]=gg(x[1]^x[0],y[2],0); y[0]=gg(x[0],y[1],1)\n    return sum(y[i]<<(8*i) for i in range(4))\ndef E(p):\n    K=[(x^(x<<16)^(x*12345))&MASK32 for x in seed]\n    L=(p>>32)&MASK32; R=p&MASK32; R^=L\n    for k in K: L,R=R,(L^F(R^k))&MASK32\n    return ((R<<32)|((L^R)&MASK32))&((1<<64)-1)\ndef D(c):\n    K=[(x^(x<<16)^(x*12345))&MASK32 for x in seed]\n    R=(c>>32)&MASK32; L=((c&MASK32)^R)&MASK32\n    for k in K[::-1]: L,R=((R^F(L^k))&MASK32),L\n    R^=L\n    return ((L<<32)|R)&((1<<64)-1)\nif any(E(p)!=c for p,c in pairs): raise SystemExit('validation failed')\nplain=[D(c) for c in cts]\nopen('/app/plaintexts.txt','w').write(''.join(str(x)+'\\n' for x in plain))\nprint('validated pairs:',len(pairs),'wrote ciphertext plaintexts:',len(plain))\nPY\npython3 /tmp/solve.py\nwc -l /app/plaintexts.txt\n"] min_timeout_sec: 30.0 max_timeout_sec: 180.0
Trajectory dumped to jobs/p1-terminus-2-feal-linear-cryptanalysis-r2/feal-linear-cryptanalysis__6Vsy8hD/agent/trajectory.json
Sending keys: ['python3 - <<\'PY\'\np=\'/tmp/solve.py\'\ns=open(p).read()\ns=s.replace("return y[0] | (y[1]<<8) | (y[2]<<16) | (y[3]<<24)","return ZeroExt(24,y[0]) | (ZeroExt(24,y[1])<<8) | (ZeroExt(24,y[2])<<16) | (ZeroExt(24,y[3])<<24)")\nopen(p,\'w\').write(s)\nPY\npython3 /tmp/solve.py\nwc -l /app/plaintexts.txt\nhead -5 /app/plaintexts.txt\n'] min_timeout_sec: 60.0 max_timeout_sec: 180.0
Trajectory dumped to jobs/p1-terminus-2-feal-linear-cryptanalysis-r2/feal-linear-cryptanalysis__6Vsy8hD/agent/trajectory.json
Sending keys: ['python3 - <<\'PY\'\np=\'/tmp/solve.py\'\ns=open(p).read()\ns=s.replace("return (R<<32) | (L^R)","return Concat(R, L ^ R)")\nopen(p,\'w\').write(s)\nPY\npython3 /tmp/solve.py\nwc -l /app/plaintexts.txt\nhead -5 /app/plaintexts.txt\n'] min_timeout_sec: 60.0 max_timeout_sec: 180.0
Trajectory dumped to jobs/p1-terminus-2-feal-linear-cryptanalysis-r2/feal-linear-cryptanalysis__6Vsy8hD/agent/trajectory.json
Sending keys: ["gcc -O2 /app/decrypt.c -o /tmp/decrypt_verify && /tmp/decrypt_verify /app/ciphertexts.txt 0x68e63 0x62571 0x1f61c 0xb74a5 > /tmp/native_plaintexts.txt && cmp -s /tmp/native_plaintexts.txt /app/plaintexts.txt && echo 'VERIFIED: plaintexts.txt matches decrypt.c output' && wc -l /app/plaintexts.txt\n"] min_timeout_sec: 2.0 max_timeout_sec: 180.0
Trajectory dumped to jobs/p1-terminus-2-feal-linear-cryptanalysis-r2/feal-linear-cryptanalysis__6Vsy8hD/agent/trajectory.json
Trajectory dumped to jobs/p1-terminus-2-feal-linear-cryptanalysis-r2/feal-linear-cryptanalysis__6Vsy8hD/agent/trajectory.json
Trajectory dumped to jobs/p1-terminus-2-feal-linear-cryptanalysis-r2/feal-linear-cryptanalysis__6Vsy8hD/agent/trajectory.json
Collecting main service artifacts
