Skipping image OS validation for alexgshaw/fix-ocaml-gc:20251031: docker inspect returned 1
Installing: tmux, asciinema
Detected system: {'os': 'debian-based', 'package_manager': 'apt-get', 'update_command': None}
Installing tools using apt-get: DEBIAN_FRONTEND=noninteractive apt-get update && DEBIAN_FRONTEND=noninteractive apt-get install -y tmux asciinema
Starting recording.
Sending keys: ['asciinema rec --stdin /logs/agent/recording.cast', 'Enter'] min_timeout_sec: 1.0 max_timeout_sec: 180.0
Sending keys: ['clear', 'Enter'] min_timeout_sec: 0.0 max_timeout_sec: 180.0
Sending keys: ["pwd; printf '\\n--- files ---\\n'; ls -la; printf '\\n--- status ---\\n'; git status --short; printf '\\n--- HACKING build references ---\\n'; grep -n -i -E 'bootstrap|build|make' HACKING.adoc | head -80\n"] min_timeout_sec: 0.5 max_timeout_sec: 180.0
Trajectory dumped to jobs/p1-terminus-2-fix-ocaml-gc-r3-retry1/fix-ocaml-gc__WFh3Mhi/agent/trajectory.json
Sending keys: ["cd /app/ocaml; printf '%s\\n' '--- status ---'; git status --short; printf '%s\\n' '--- top-level ---'; ls -la | head -80; printf '%s\\n' '--- HACKING build references ---'; grep -n -i -E 'bootstrap|build|make|test' HACKING.adoc | head -120\n"] min_timeout_sec: 0.5 max_timeout_sec: 180.0
Sending keys: ["printf '%s\\n' '--- recent commits ---'; git log --oneline -8; printf '%s\\n' '--- changed files ---'; git diff --stat; printf '%s\\n' '--- GC sweep references ---'; grep -RIn -E 'run.?length|sweep|free.*space|free.*list' runtime | head -160\n"] min_timeout_sec: 0.5 max_timeout_sec: 180.0
Trajectory dumped to jobs/p1-terminus-2-fix-ocaml-gc-r3-retry1/fix-ocaml-gc__WFh3Mhi/agent/trajectory.json
Sending keys: ["cd /app/ocaml; printf '%s\\n' '--- likely modified runtime files ---'; find runtime -maxdepth 2 -type f -printf '%TY-%Tm-%Td %TH:%TM %p\\n' | sort -r | head -60; printf '%s\\n' '--- compression-related references ---'; grep -RIn -E 'run.?length|RLE|compressed|freelist|free space|free_space|next.*free|sweep.*pool' runtime --include='*.c' --include='*.h' | head -240\n"] min_timeout_sec: 0.5 max_timeout_sec: 180.0
Sending keys: ["printf '%s\\n' '--- shared_heap sweep code ---'; sed -n '300,620p' runtime/shared_heap.c; printf '%s\\n' '--- old sweep code candidates ---'; grep -RIl -E 'run.?length|compressed' . --exclude-dir=.git --exclude='*.log' | head -80\n"] min_timeout_sec: 0.5 max_timeout_sec: 180.0
Sending keys: ["printf '%s\\n' '--- build instructions ---'; sed -n '20,55p' HACKING.adoc; printf '%s\\n' '--- configured/build artifacts ---'; ls -l config/Makefile.config Makefile.config 2>/dev/null || true; find boot runtime -maxdepth 2 -type f \\( -name 'ocamlc*' -o -name '*.o' -o -name '*.a' \\) -printf '%p\\n' | head -60\n"] min_timeout_sec: 0.5 max_timeout_sec: 180.0
Trajectory dumped to jobs/p1-terminus-2-fix-ocaml-gc-r3-retry1/fix-ocaml-gc__WFh3Mhi/agent/trajectory.json
Sending keys: ["cd /app/ocaml; sed -n '330,535p' runtime/shared_heap.c; printf '%s\\n' '--- free/pool macros ---'; grep -RIn -E '#define (POOL_FREE|POOL_BLOCK|POOL_FIRST|POOL_END)|POOL_FREE_HEADER|POOL_BLOCK_FREE_HD|next_obj' runtime/caml runtime --include='*.h' --include='*.c' | head -180\n"] min_timeout_sec: 0.5 max_timeout_sec: 180.0
Sending keys: ["printf '%s\\n' '--- allocator traversal ---'; grep -n -A180 -B30 -E 'pool_allocate|POOL_BLOCK_FREE|next_obj' runtime/shared_heap.c; printf '%s\\n' '--- configuration ---'; find . -maxdepth 3 -type f \\( -name 'Makefile.config' -o -name 'config.h' -o -name 'ocamlc' -o -name 'ocamlopt' \\) -printf '%p\\n' | head -100\n"] min_timeout_sec: 0.5 max_timeout_sec: 180.0
Sending keys: ["printf '%s\\n' '--- configure status ---'; test -f Makefile.config && echo Makefile.config-present || echo Makefile.config-missing; test -f runtime/caml/config.h && head -20 runtime/caml/config.h; printf '%s\\n' '--- relevant build targets ---'; grep -n -E '^(world|bootstrap|all|runtime|coldstart|rebuild|one):' Makefile | head -80\n"] min_timeout_sec: 0.5 max_timeout_sec: 180.0
Trajectory dumped to jobs/p1-terminus-2-fix-ocaml-gc-r3-retry1/fix-ocaml-gc__WFh3Mhi/agent/trajectory.json
Sending keys: ["cd /app/ocaml; printf '%s\\n' '--- pool_sweep 1 ---'; nl -ba runtime/shared_heap.c | sed -n '330,455p'; printf '%s\\n' '--- pool_sweep 2 ---'; nl -ba runtime/shared_heap.c | sed -n '455,570p'\n"] min_timeout_sec: 0.5 max_timeout_sec: 180.0
Sending keys: ["printf '%s\\n' '--- macros ---'; grep -RIn -E 'POOL_FREE_HEADER|POOL_BLOCK_FREE_HD|POOL_FIRST_BLOCK|POOL_END|pool_allocate' runtime --include='*.h' --include='*.c'; printf '%s\\n' '--- build/config docs ---'; sed -n '24,38p' HACKING.adoc; grep -n -A35 -B5 'configure' INSTALL.adoc | head -80\n"] min_timeout_sec: 0.5 max_timeout_sec: 180.0
Sending keys: ["printf '%s\\n' '--- tool versions ---'; cc --version | head -1; make --version | head -1; printf '%s\\n' '--- configure options ---'; ./configure --help | grep -E -i 'ocamltest|warn-error|with-debug|shared|flambda' | head -40\n"] min_timeout_sec: 0.5 max_timeout_sec: 180.0
Trajectory dumped to jobs/p1-terminus-2-fix-ocaml-gc-r3-retry1/fix-ocaml-gc__WFh3Mhi/agent/trajectory.json
Sending keys: ['cd /app/ocaml; awk \'NR>=330 && NR<=570 {printf "%5d %s\\n", NR, $0}\' runtime/shared_heap.c\n'] min_timeout_sec: 0.5 max_timeout_sec: 180.0
Sending keys: ["grep -RIn -E 'POOL_FREE_HEADER|POOL_BLOCK_FREE_HD|POOL_FIRST_BLOCK|POOL_END|pool_allocate' runtime --include='*.h' --include='*.c'\n"] min_timeout_sec: 0.5 max_timeout_sec: 180.0
Sending keys: ["grep -n -A25 -B10 '^configure:' INSTALL.adoc HACKING.adoc 2>/dev/null; grep -n -E 'configure|enable-ocamltest|warn-error' INSTALL.adoc | head -60\n"] min_timeout_sec: 0.5 max_timeout_sec: 180.0
Sending keys: ['./configure --enable-ocamltest > configure.log 2>&1; status=$?; tail -40 configure.log; exit $status\n'] min_timeout_sec: 1.0 max_timeout_sec: 180.0
Trajectory dumped to jobs/p1-terminus-2-fix-ocaml-gc-r3-retry1/fix-ocaml-gc__WFh3Mhi/agent/trajectory.json
Sending keys: ["cd /app/ocaml; printf '%s\\n' '--- sweep merge ---'; nl -ba runtime/shared_heap.c | sed -n '570,665p'; printf '%s\\n' '--- pool allocation traversal ---'; nl -ba runtime/shared_heap.c | sed -n '740,865p'\n"] min_timeout_sec: 0.5 max_timeout_sec: 180.0
Sending keys: ["printf '%s\\n' '--- other free-run handling ---'; nl -ba runtime/shared_heap.c | sed -n '1240,1410p'; printf '%s\\n' '--- macros ---'; grep -RIn -E 'POOL_FREE_HEADER|POOL_BLOCK_FREE_HD|POOL_FIRST_BLOCK|POOL_END' runtime/caml runtime --include='*.h' | head -100\n"] min_timeout_sec: 0.5 max_timeout_sec: 180.0
Sending keys: ["printf '%s\\n' '--- configure result ---'; test -f Makefile.config && echo configured || echo not-configured; test -f configure.log && { tail -80 configure.log; grep -i -E 'error|failed' configure.log | tail -20; } || true\n"] min_timeout_sec: 0.5 max_timeout_sec: 180.0
Sending keys: ['make -j4 > make.log 2>&1; status=$?; tail -80 make.log; exit $status\n'] min_timeout_sec: 1.0 max_timeout_sec: 180.0
Trajectory dumped to jobs/p1-terminus-2-fix-ocaml-gc-r3-retry1/fix-ocaml-gc__WFh3Mhi/agent/trajectory.json
Sending keys: [''] min_timeout_sec: 5.0 max_timeout_sec: 180.0
Trajectory dumped to jobs/p1-terminus-2-fix-ocaml-gc-r3-retry1/fix-ocaml-gc__WFh3Mhi/agent/trajectory.json
Sending keys: [''] min_timeout_sec: 10.0 max_timeout_sec: 180.0
Trajectory dumped to jobs/p1-terminus-2-fix-ocaml-gc-r3-retry1/fix-ocaml-gc__WFh3Mhi/agent/trajectory.json
Parser warnings: - Command 1 should end with newline when followed by another command. Otherwise the two commands will be concatenated together on the same line.
Sending keys: ['C-c'] min_timeout_sec: 1.0 max_timeout_sec: 180.0
Sending keys: [''] min_timeout_sec: 2.0 max_timeout_sec: 180.0
Trajectory dumped to jobs/p1-terminus-2-fix-ocaml-gc-r3-retry1/fix-ocaml-gc__WFh3Mhi/agent/trajectory.json
Sending keys: ['cd /app/ocaml\n'] min_timeout_sec: 0.1 max_timeout_sec: 180.0
Sending keys: ['./configure --enable-ocamltest > configure.log 2>&1; echo CONFIGURE_STATUS=$?\n'] min_timeout_sec: 20.0 max_timeout_sec: 180.0
Sending keys: ['test -f Makefile.config && echo configured || echo not-configured; tail -30 configure.log\n'] min_timeout_sec: 0.5 max_timeout_sec: 180.0
Sending keys: ["nl -ba runtime/shared_heap.c | sed -n '570,665p'; grep -RIn -E 'POOL_FREE_HEADER|POOL_BLOCK_FREE_HD|POOL_FIRST_BLOCK|POOL_END' runtime --include='*.h' --include='*.c' | head -100\n"] min_timeout_sec: 0.5 max_timeout_sec: 180.0
Trajectory dumped to jobs/p1-terminus-2-fix-ocaml-gc-r3-retry1/fix-ocaml-gc__WFh3Mhi/agent/trajectory.json
Sending keys: [''] min_timeout_sec: 10.0 max_timeout_sec: 180.0
Trajectory dumped to jobs/p1-terminus-2-fix-ocaml-gc-r3-retry1/fix-ocaml-gc__WFh3Mhi/agent/trajectory.json
Sending keys: [''] min_timeout_sec: 15.0 max_timeout_sec: 180.0
Trajectory dumped to jobs/p1-terminus-2-fix-ocaml-gc-r3-retry1/fix-ocaml-gc__WFh3Mhi/agent/trajectory.json
Sending keys: ['C-c\n'] min_timeout_sec: 1.0 max_timeout_sec: 180.0
Sending keys: ["ps -eo pid,stat,cmd | grep -E '[c]onfigure|[m]ake|[g]cc' || true; echo '--- log ---'; tail -40 /app/ocaml/configure.log 2>/dev/null || true\n"] min_timeout_sec: 1.0 max_timeout_sec: 180.0
Trajectory dumped to jobs/p1-terminus-2-fix-ocaml-gc-r3-retry1/fix-ocaml-gc__WFh3Mhi/agent/trajectory.json
Parser warnings: - Command 1 should end with newline when followed by another command. Otherwise the two commands will be concatenated together on the same line.
Sending keys: ['C-c'] min_timeout_sec: 1.0 max_timeout_sec: 180.0
Sending keys: ['\n'] min_timeout_sec: 2.0 max_timeout_sec: 180.0
Trajectory dumped to jobs/p1-terminus-2-fix-ocaml-gc-r3-retry1/fix-ocaml-gc__WFh3Mhi/agent/trajectory.json
Sending keys: ['./configure --enable-ocamltest > configure.log 2>&1; printf \'CONFIGURE_STATUS=%s\\n\' "$?"\n'] min_timeout_sec: 30.0 max_timeout_sec: 180.0
Trajectory dumped to jobs/p1-terminus-2-fix-ocaml-gc-r3-retry1/fix-ocaml-gc__WFh3Mhi/agent/trajectory.json
Sending keys: [''] min_timeout_sec: 15.0 max_timeout_sec: 180.0
Trajectory dumped to jobs/p1-terminus-2-fix-ocaml-gc-r3-retry1/fix-ocaml-gc__WFh3Mhi/agent/trajectory.json
Sending keys: [''] min_timeout_sec: 20.0 max_timeout_sec: 180.0
Trajectory dumped to jobs/p1-terminus-2-fix-ocaml-gc-r3-retry1/fix-ocaml-gc__WFh3Mhi/agent/trajectory.json
Sending keys: ['C-c\n'] min_timeout_sec: 2.0 max_timeout_sec: 180.0
Sending keys: ["printf '%s\\n' '--- processes ---'; ps -eo pid,stat,etime,cmd | grep -E '[c]onfigure|[c]c1|[g]cc|[m]ake' || true; printf '%s\\n' '--- configure log ---'; tail -60 configure.log 2>/dev/null || true; printf '%s\\n' '--- config files ---'; ls -l Makefile.config Makefile.build_config runtime/caml/m.h runtime/caml/s.h 2>/dev/null || true\n"] min_timeout_sec: 1.0 max_timeout_sec: 180.0
Trajectory dumped to jobs/p1-terminus-2-fix-ocaml-gc-r3-retry1/fix-ocaml-gc__WFh3Mhi/agent/trajectory.json
Parser warnings: - Command 1 should end with newline when followed by another command. Otherwise the two commands will be concatenated together on the same line.
Sending keys: ['C-c'] min_timeout_sec: 2.0 max_timeout_sec: 180.0
Sending keys: ['\n'] min_timeout_sec: 2.0 max_timeout_sec: 180.0
Trajectory dumped to jobs/p1-terminus-2-fix-ocaml-gc-r3-retry1/fix-ocaml-gc__WFh3Mhi/agent/trajectory.json
Sending keys: ['cd /app/ocaml\n'] min_timeout_sec: 0.1 max_timeout_sec: 180.0
Sending keys: ["sed -n '570,655p' runtime/shared_heap.c\n"] min_timeout_sec: 0.5 max_timeout_sec: 180.0
Sending keys: ["sed -n '755,850p' runtime/shared_heap.c\n"] min_timeout_sec: 0.5 max_timeout_sec: 180.0
Sending keys: ["grep -RIn -E 'POOL_FREE_HEADER|POOL_BLOCK_FREE_HD|POOL_FIRST_BLOCK|POOL_END' runtime --include='*.h' --include='*.c'\n"] min_timeout_sec: 0.5 max_timeout_sec: 180.0
Trajectory dumped to jobs/p1-terminus-2-fix-ocaml-gc-r3-retry1/fix-ocaml-gc__WFh3Mhi/agent/trajectory.json
Sending keys: ["nl -ba runtime/shared_heap.c | sed -n '45,75p'\n"] min_timeout_sec: 0.3 max_timeout_sec: 180.0
Sending keys: ["nl -ba runtime/shared_heap.c | sed -n '270,335p'\n"] min_timeout_sec: 0.3 max_timeout_sec: 180.0
Sending keys: ["nl -ba runtime/shared_heap.c | sed -n '430,475p'\n"] min_timeout_sec: 0.3 max_timeout_sec: 180.0
Sending keys: ["nl -ba runtime/shared_heap.c | sed -n '570,645p'\n"] min_timeout_sec: 0.3 max_timeout_sec: 180.0
Sending keys: ["nl -ba runtime/shared_heap.c | sed -n '1260,1400p'\n"] min_timeout_sec: 0.3 max_timeout_sec: 180.0
Trajectory dumped to jobs/p1-terminus-2-fix-ocaml-gc-r3-retry1/fix-ocaml-gc__WFh3Mhi/agent/trajectory.json
Sending keys: ['cd /app/ocaml\n'] min_timeout_sec: 0.1 max_timeout_sec: 180.0
Sending keys: ["sed -n '610,640p' runtime/shared_heap.c\n"] min_timeout_sec: 0.5 max_timeout_sec: 180.0
Sending keys: ["sed -n '275,330p' runtime/shared_heap.c\n"] min_timeout_sec: 0.5 max_timeout_sec: 180.0
Sending keys: ["sed -n '440,468p' runtime/shared_heap.c\n"] min_timeout_sec: 0.5 max_timeout_sec: 180.0
Sending keys: ["grep -n -E 'Wosize_hp|Wosize_hd|POOL_BLOCK_FREE' runtime/shared_heap.c\n"] min_timeout_sec: 0.5 max_timeout_sec: 180.0
Trajectory dumped to jobs/p1-terminus-2-fix-ocaml-gc-r3-retry1/fix-ocaml-gc__WFh3Mhi/agent/trajectory.json
Sending keys: ["cd /app/ocaml; sed -n '280,310p'; sed -n '635,650p'; sed -n '765,795p'; sed -n '1570,1595p'\n"] min_timeout_sec: 0.5 max_timeout_sec: 180.0
Sending keys: ["sed -n '600,635p'; sed -n '1088,1130p'; sed -n '1270,1300p'\n"] min_timeout_sec: 0.5 max_timeout_sec: 180.0
Trajectory dumped to jobs/p1-terminus-2-fix-ocaml-gc-r3-retry1/fix-ocaml-gc__WFh3Mhi/agent/trajectory.json
Sending keys: ["python3 - <<'PY'\nfrom pathlib import Path\np=Path('runtime/shared_heap.c')\nlines=p.read_text().splitlines()\nfor a,b in [(285,307),(638,648),(772,792),(1580,1592)]:\n    print(f'--- {a+1}:{b} ---')\n    for i in range(a,b): print(f'{i+1}: {lines[i]}')\nPY\n"] min_timeout_sec: 0.5 max_timeout_sec: 180.0
Sending keys: ["python3 - <<'PY'\nfrom pathlib import Path\np=Path('runtime/shared_heap.c')\ns=p.read_text()\nold=s\ns=s.replace('p += wh * Wosize_hd(hd); /* skip contiguous free blocks */', 'p += wh * (1 + Wosize_hd(hd)); /* skip contiguous free blocks */')\ns=s.replace('p += wh * Wosize_hd(hd);\\n', 'p += wh * (1 + Wosize_hd(hd));\\n')\ns=s.replace('p += Wosize_hd(hd) * wh;', 'p += (1 + Wosize_hd(hd)) * wh;')\nif s == old:\n    raise SystemExit('no replacements made')\np.write_text(s)\nPY\n\ngit diff -- runtime/shared_heap.c 2>/dev/null || diff -u <(true) runtime/shared_heap.c | head -200\n"] min_timeout_sec: 0.5 max_timeout_sec: 180.0
Trajectory dumped to jobs/p1-terminus-2-fix-ocaml-gc-r3-retry1/fix-ocaml-gc__WFh3Mhi/agent/trajectory.json
Sending keys: ['C-c\n'] min_timeout_sec: 2.0 max_timeout_sec: 180.0
Sending keys: ["printf 'prompt-recovered\\n'\n"] min_timeout_sec: 0.5 max_timeout_sec: 180.0
Sending keys: ["cd /app/ocaml; grep -n -E 'p \\+=.*Wosize_hd|p \\+=.*Wosize_hp' runtime/shared_heap.c; sed -n '285,307p' runtime/shared_heap.c\n"] min_timeout_sec: 0.5 max_timeout_sec: 180.0
Trajectory dumped to jobs/p1-terminus-2-fix-ocaml-gc-r3-retry1/fix-ocaml-gc__WFh3Mhi/agent/trajectory.json
Parser warnings: - Command 1 should end with newline when followed by another command. Otherwise the two commands will be concatenated together on the same line.
Sending keys: ['C-c'] min_timeout_sec: 3.0 max_timeout_sec: 180.0
Sending keys: ['\n'] min_timeout_sec: 2.0 max_timeout_sec: 180.0
Trajectory dumped to jobs/p1-terminus-2-fix-ocaml-gc-r3-retry1/fix-ocaml-gc__WFh3Mhi/agent/trajectory.json
Sending keys: ["grep -n -E 'p \\+=.*Wosize_hd|p \\+=.*Wosize_hp' runtime/shared_heap.c\n"] min_timeout_sec: 0.5 max_timeout_sec: 180.0
Sending keys: ["sed -n '285,307p' runtime/shared_heap.c\n"] min_timeout_sec: 0.5 max_timeout_sec: 180.0
Sending keys: ["sed -n '635,650p' runtime/shared_heap.c\n"] min_timeout_sec: 0.5 max_timeout_sec: 180.0
Sending keys: ["sed -n '775,792p' runtime/shared_heap.c\n"] min_timeout_sec: 0.5 max_timeout_sec: 180.0
Sending keys: ["sed -n '1580,1592p' runtime/shared_heap.c\n"] min_timeout_sec: 0.5 max_timeout_sec: 180.0
Trajectory dumped to jobs/p1-terminus-2-fix-ocaml-gc-r3-retry1/fix-ocaml-gc__WFh3Mhi/agent/trajectory.json
Sending keys: ["python3 - <<'PY'\nfrom pathlib import Path\np=Path('runtime/shared_heap.c')\ns=p.read_text()\nold='''      p += Whsize_hd(hd);\\n    }\\n\\n    if (all_used)'''\nnew='''      p += POOL_BLOCK_FREE_HD(hd) ? wh : Whsize_hd(hd);\\n    }\\n\\n    if (all_used)'''\nif old not in s:\n    raise SystemExit('target not found')\np.write_text(s.replace(old,new,1))\nPY\n"] min_timeout_sec: 0.5 max_timeout_sec: 180.0
Sending keys: ["git diff -- runtime/shared_heap.c 2>/dev/null || sed -n '635,652p' runtime/shared_heap.c\n"] min_timeout_sec: 0.5 max_timeout_sec: 180.0
Sending keys: ['./configure --enable-ocamltest > configure.log 2>&1; printf \'CONFIGURE_STATUS=%s\\n\' "$?"\n'] min_timeout_sec: 60.0 max_timeout_sec: 180.0
Trajectory dumped to jobs/p1-terminus-2-fix-ocaml-gc-r3-retry1/fix-ocaml-gc__WFh3Mhi/agent/trajectory.json
Sending keys: [''] min_timeout_sec: 30.0 max_timeout_sec: 180.0
Trajectory dumped to jobs/p1-terminus-2-fix-ocaml-gc-r3-retry1/fix-ocaml-gc__WFh3Mhi/agent/trajectory.json
Sending keys: [''] min_timeout_sec: 30.0 max_timeout_sec: 180.0
Trajectory dumped to jobs/p1-terminus-2-fix-ocaml-gc-r3-retry1/fix-ocaml-gc__WFh3Mhi/agent/trajectory.json
Sending keys: ["python3 - <<'PY'\nfrom pathlib import Path\np=Path('runtime/shared_heap.c')\ns=p.read_text()\nold='''      p += Whsize_hd(hd);\\n    } while (p + wh <= end);'''\nnew='''      p += POOL_BLOCK_FREE_HD(hd) ? wh : Whsize_hd(hd);\\n    } while (p + wh <= end);'''\nif old not in s:\n    raise SystemExit('target not found')\np.write_text(s.replace(old, new, 1))\nPY\n"] min_timeout_sec: 0.5 max_timeout_sec: 180.0
Sending keys: ["sed -n '618,650p' runtime/shared_heap.c\n"] min_timeout_sec: 0.5 max_timeout_sec: 180.0
Sending keys: ['git diff -- runtime/shared_heap.c 2>/dev/null || true\n'] min_timeout_sec: 0.5 max_timeout_sec: 180.0
Sending keys: ['make -j4 > make.log 2>&1; printf \'MAKE_STATUS=%s\\n\' "$?"\n'] min_timeout_sec: 60.0 max_timeout_sec: 180.0
Trajectory dumped to jobs/p1-terminus-2-fix-ocaml-gc-r3-retry1/fix-ocaml-gc__WFh3Mhi/agent/trajectory.json
Sending keys: [''] min_timeout_sec: 30.0 max_timeout_sec: 180.0
Trajectory dumped to jobs/p1-terminus-2-fix-ocaml-gc-r3-retry1/fix-ocaml-gc__WFh3Mhi/agent/trajectory.json
Sending keys: ['tail -120 make.log\n'] min_timeout_sec: 0.5 max_timeout_sec: 180.0
Sending keys: ["grep -n -E '(^| )(Error|error| Error|undefined reference|fatal|FAILED|止)' make.log | tail -40\n"] min_timeout_sec: 0.5 max_timeout_sec: 180.0
Trajectory dumped to jobs/p1-terminus-2-fix-ocaml-gc-r3-retry1/fix-ocaml-gc__WFh3Mhi/agent/trajectory.json
Sending keys: ["cd /app/ocaml; sed -n '420,475p' runtime/shared_heap.c; sed -n '1088,1132p' runtime/shared_heap.c; sed -n '545,652p' runtime/shared_heap.c\n"] min_timeout_sec: 0.5 max_timeout_sec: 180.0
Sending keys: ["grep -n -E 'Wosize_hp|Wosize_hd|POOL_BLOCK_FREE_HD|POOL_BLOCK_FREE_HP|p \\+=' runtime/shared_heap.c\n"] min_timeout_sec: 0.5 max_timeout_sec: 180.0
Sending keys: ['make -j1 coldstart > coldstart.log 2>&1; printf \'COLDSTART_STATUS=%s\\n\' "$?"\n'] min_timeout_sec: 30.0 max_timeout_sec: 180.0
Sending keys: ['tail -80 coldstart.log\n'] min_timeout_sec: 0.5 max_timeout_sec: 180.0
Trajectory dumped to jobs/p1-terminus-2-fix-ocaml-gc-r3-retry1/fix-ocaml-gc__WFh3Mhi/agent/trajectory.json
Sending keys: ["cd /app/ocaml; sed -n '1085,1130p' runtime/shared_heap.c\n"] min_timeout_sec: 0.5 max_timeout_sec: 180.0
Sending keys: ["sed -n '1260,1310p' runtime/shared_heap.c\n"] min_timeout_sec: 0.5 max_timeout_sec: 180.0
Sending keys: ["sed -n '1415,1450p' runtime/shared_heap.c\n"] min_timeout_sec: 0.5 max_timeout_sec: 180.0
Sending keys: ["sed -n '330,475p' runtime/shared_heap.c\n"] min_timeout_sec: 0.5 max_timeout_sec: 180.0
Sending keys: ["ls -l runtime/shared_heap.c runtime/shared_heap.b.o runtime/libcamlrun.a runtime/ocamlrun boot/ocamlrun; grep -RIn 'next_obj' runtime/shared_heap.c | head -40\n"] min_timeout_sec: 0.5 max_timeout_sec: 180.0
Trajectory dumped to jobs/p1-terminus-2-fix-ocaml-gc-r3-retry1/fix-ocaml-gc__WFh3Mhi/agent/trajectory.json
Sending keys: ['cd /app/ocaml\n'] min_timeout_sec: 0.1 max_timeout_sec: 180.0
Sending keys: ["nl -ba runtime/shared_heap.c | sed -n '1090,1132p'\n"] min_timeout_sec: 0.5 max_timeout_sec: 180.0
Sending keys: ["nl -ba runtime/shared_heap.c | sed -n '1268,1304p'\n"] min_timeout_sec: 0.5 max_timeout_sec: 180.0
Sending keys: ["nl -ba runtime/shared_heap.c | sed -n '1425,1445p'\n"] min_timeout_sec: 0.5 max_timeout_sec: 180.0
Trajectory dumped to jobs/p1-terminus-2-fix-ocaml-gc-r3-retry1/fix-ocaml-gc__WFh3Mhi/agent/trajectory.json
Sending keys: ["cd /app/ocaml; nl -ba runtime/shared_heap.c | sed -n '545,655p'\n"] min_timeout_sec: 0.5 max_timeout_sec: 180.0
Sending keys: ["make -C stdlib -n OCAMLRUN='$(ROOTDIR)/boot/ocamlrun' USE_BOOT_OCAMLC=true camlinternalFormatBasics.cmi | tail -20\n"] min_timeout_sec: 0.5 max_timeout_sec: 180.0
Sending keys: ['command -v gdb || true; command -v strace || true\n'] min_timeout_sec: 0.2 max_timeout_sec: 180.0
Trajectory dumped to jobs/p1-terminus-2-fix-ocaml-gc-r3-retry1/fix-ocaml-gc__WFh3Mhi/agent/trajectory.json
Sending keys: ["cd /app/ocaml/stdlib; gdb -q -batch -ex 'set pagination off' -ex run -ex 'thread apply all bt full' --args ../boot/ocamlrun ../boot/ocamlc -strict-sequence -absname -w +a-4-9-41-42-44-45-48 -g -warn-error +A -bin-annot -nostdlib -principal -nopervasives -c camlinternalFormatBasics.mli\n"] min_timeout_sec: 10.0 max_timeout_sec: 180.0
Trajectory dumped to jobs/p1-terminus-2-fix-ocaml-gc-r3-retry1/fix-ocaml-gc__WFh3Mhi/agent/trajectory.json
Sending keys: ['cd /app/ocaml; touch runtime/shared_heap.c; make -j1 coldstart > coldstart.log 2>&1; printf \'COLDSTART_STATUS=%s\\n\' "$?"\n'] min_timeout_sec: 60.0 max_timeout_sec: 180.0
Sending keys: ['tail -100 coldstart.log\n'] min_timeout_sec: 0.5 max_timeout_sec: 180.0
Sending keys: ['cd stdlib; OCAMLRUNPARAM=\'b,s=64k\' ../boot/ocamlrun ../boot/ocamlc -strict-sequence -absname -w +a-4-9-41-42-44-45-48 -g -warn-error +A -bin-annot -nostdlib -principal -nopervasives -c camlinternalFormatBasics.mli; printf \'OCAMLC_STATUS=%s\\n\' "$?"\n'] min_timeout_sec: 10.0 max_timeout_sec: 180.0
Sending keys: ['command -v valgrind || true\n'] min_timeout_sec: 0.2 max_timeout_sec: 180.0
Trajectory dumped to jobs/p1-terminus-2-fix-ocaml-gc-r3-retry1/fix-ocaml-gc__WFh3Mhi/agent/trajectory.json
Sending keys: ["cd /app/ocaml; grep -n -E 'DEBUG|SANIT|CFLAGS|CPPFLAGS|WARN_ERROR' Makefile.config Makefile.build_config runtime/Makefile 2>/dev/null | head -100; grep -n -E 'enable-debug|debugger|with-debug' configure --help 2>/dev/null | head -40\n"] min_timeout_sec: 0.5 max_timeout_sec: 180.0
Sending keys: ["grep -n -A20 -B10 'pool_sweep' runtime/shared_heap.c; sed -n '55,70p' runtime/shared_heap.c; sed -n '445,470p' runtime/shared_heap.c\n"] min_timeout_sec: 0.5 max_timeout_sec: 180.0
Sending keys: ['ulimit -c unlimited; rm -f core core.*; cd stdlib; ../boot/ocamlrun ../boot/ocamlc -strict-sequence -absname -w +a-4-9-41-42-44-45-48 -g -warn-error +A -bin-annot -nostdlib -principal -nopervasives -c camlinternalFormatBasics.mli; printf \'STATUS=%s\\n\' "$?"; ls -l core* 2>/dev/null || true\n'] min_timeout_sec: 10.0 max_timeout_sec: 180.0
Trajectory dumped to jobs/p1-terminus-2-fix-ocaml-gc-r3-retry1/fix-ocaml-gc__WFh3Mhi/agent/trajectory.json
Sending keys: ["cd /app/ocaml/stdlib; gdb -q -batch -ex 'set pagination off' -ex 'thread apply all bt full' -ex 'info registers' ../boot/ocamlrun core\n"] min_timeout_sec: 5.0 max_timeout_sec: 180.0
Sending keys: ["cd /app/ocaml/stdlib; gdb -q -batch -ex 'set pagination off' -ex 'info files' -ex 'bt' -ex 'x/16i $pc' ../boot/ocamlrun core 2>&1 | tail -120\n"] min_timeout_sec: 5.0 max_timeout_sec: 180.0
Trajectory dumped to jobs/p1-terminus-2-fix-ocaml-gc-r3-retry1/fix-ocaml-gc__WFh3Mhi/agent/trajectory.json
Sending keys: ["cd /app/ocaml; ./configure --help | grep -i -E 'debug|sanitize|assert|runtime|with-|enable-' | head -100\n"] min_timeout_sec: 0.5 max_timeout_sec: 180.0
Sending keys: ["grep -RIn -E 'DEBUG_RUNTIME|WITH_DEBUG|CFLAGS.*DEBUG|CAMLassert|SANIT' Makefile* configure.ac runtime/caml runtime/Makefile 2>/dev/null | head -120\n"] min_timeout_sec: 0.5 max_timeout_sec: 180.0
Sending keys: ["grep -n -A35 -B10 'static intnat pool_sweep' runtime/shared_heap.c; grep -n -A30 -B10 'static value\\* pool_allocate' runtime/shared_heap.c\n"] min_timeout_sec: 0.5 max_timeout_sec: 180.0
Trajectory dumped to jobs/p1-terminus-2-fix-ocaml-gc-r3-retry1/fix-ocaml-gc__WFh3Mhi/agent/trajectory.json
Sending keys: ['cd /app/ocaml\n'] min_timeout_sec: 0.1 max_timeout_sec: 180.0
Sending keys: ['./configure --help | head -80\n'] min_timeout_sec: 0.5 max_timeout_sec: 180.0
Sending keys: ["grep -RIn -E 'DEBUG_RUNTIME|WITH_DEBUG|CAMLassert|SANIT' Makefile* configure.ac runtime/caml runtime --include='Makefile*' --include='*.in' --include='*.h' | head -120\n"] min_timeout_sec: 0.5 max_timeout_sec: 180.0
Sending keys: ["nl -ba runtime/shared_heap.c | sed -n '540,670p'\n"] min_timeout_sec: 0.5 max_timeout_sec: 180.0
Sending keys: ["nl -ba runtime/shared_heap.c | sed -n '430,475p'\n"] min_timeout_sec: 0.5 max_timeout_sec: 180.0
Trajectory dumped to jobs/p1-terminus-2-fix-ocaml-gc-r3-retry1/fix-ocaml-gc__WFh3Mhi/agent/trajectory.json
Sending keys: ["cd /app/ocaml; nl -ba runtime/shared_heap.c | sed -n '270,335p'\n"] min_timeout_sec: 0.5 max_timeout_sec: 180.0
Sending keys: ["nl -ba runtime/shared_heap.c | sed -n '545,665p'\n"] min_timeout_sec: 0.5 max_timeout_sec: 180.0
Sending keys: ["grep -n -i -E 'debug|assert|sanitize' configure.ac configure Makefile.config.in Makefile.common | head -100\n"] min_timeout_sec: 0.5 max_timeout_sec: 180.0
Trajectory dumped to jobs/p1-terminus-2-fix-ocaml-gc-r3-retry1/fix-ocaml-gc__WFh3Mhi/agent/trajectory.json
Sending keys: ['cd /app/ocaml; ./configure --enable-ocamltest --enable-debug-runtime > configure-debug.log 2>&1; printf \'CONFIGURE_STATUS=%s\\n\' "$?"\n'] min_timeout_sec: 60.0 max_timeout_sec: 180.0
Sending keys: ['make -j1 coldstart > coldstart-debug.log 2>&1; printf \'COLDSTART_STATUS=%s\\n\' "$?"\n'] min_timeout_sec: 60.0 max_timeout_sec: 180.0
Sending keys: ['tail -120 coldstart-debug.log\n'] min_timeout_sec: 0.5 max_timeout_sec: 180.0
Trajectory dumped to jobs/p1-terminus-2-fix-ocaml-gc-r3-retry1/fix-ocaml-gc__WFh3Mhi/agent/trajectory.json
Sending keys: [''] min_timeout_sec: 30.0 max_timeout_sec: 180.0
Trajectory dumped to jobs/p1-terminus-2-fix-ocaml-gc-r3-retry1/fix-ocaml-gc__WFh3Mhi/agent/trajectory.json
Sending keys: [''] min_timeout_sec: 30.0 max_timeout_sec: 180.0
Trajectory dumped to jobs/p1-terminus-2-fix-ocaml-gc-r3-retry1/fix-ocaml-gc__WFh3Mhi/agent/trajectory.json
Sending keys: ['cd /app/ocaml; make distclean >/dev/null 2>&1 || true; CC=\'gcc\' CFLAGS=\'-O1 -g -fsanitize=address -fno-omit-frame-pointer\' LDFLAGS=\'-fsanitize=address\' ./configure --enable-debug-runtime --enable-ocamltest > configure-asan.log 2>&1; printf \'CONFIGURE_STATUS=%s\\n\' "$?"\n'] min_timeout_sec: 60.0 max_timeout_sec: 180.0
Sending keys: ['make -j1 coldstart > coldstart-asan.log 2>&1; printf \'COLDSTART_STATUS=%s\\n\' "$?"\n'] min_timeout_sec: 60.0 max_timeout_sec: 180.0
Sending keys: ['tail -120 coldstart-asan.log\n'] min_timeout_sec: 0.5 max_timeout_sec: 180.0
Trajectory dumped to jobs/p1-terminus-2-fix-ocaml-gc-r3-retry1/fix-ocaml-gc__WFh3Mhi/agent/trajectory.json
Sending keys: [''] min_timeout_sec: 30.0 max_timeout_sec: 180.0
Trajectory dumped to jobs/p1-terminus-2-fix-ocaml-gc-r3-retry1/fix-ocaml-gc__WFh3Mhi/agent/trajectory.json
Sending keys: [''] min_timeout_sec: 30.0 max_timeout_sec: 180.0
Trajectory dumped to jobs/p1-terminus-2-fix-ocaml-gc-r3-retry1/fix-ocaml-gc__WFh3Mhi/agent/trajectory.json
Sending keys: [''] min_timeout_sec: 30.0 max_timeout_sec: 180.0
Sending keys: ["cd /app/ocaml; python3 - <<'PY'\nfrom pathlib import Path\np=Path('runtime/shared_heap.c')\ns=p.read_text()\nold='      p += POOL_BLOCK_FREE_HD(hd) ? wh : Whsize_hd(hd);\\n'\nnew='      p += wh;\\n'\nif old not in s:\n    raise SystemExit('target not found')\np.write_text(s.replace(old, new, 1))\nPY\nsed -n '638,653p' runtime/shared_heap.c\n"] min_timeout_sec: 0.5 max_timeout_sec: 180.0
Sending keys: ['make -j1 coldstart > coldstart-final.log 2>&1; printf \'COLDSTART_STATUS=%s\\n\' "$?"\n'] min_timeout_sec: 60.0 max_timeout_sec: 180.0
Trajectory dumped to jobs/p1-terminus-2-fix-ocaml-gc-r3-retry1/fix-ocaml-gc__WFh3Mhi/agent/trajectory.json
Sending keys: ["cd /app/ocaml; file boot/ocamlrun; readelf -h boot/ocamlrun | grep -E 'Type:|Entry point'; grep -n -E 'ERROR|pc |SUMMARY|stack|AddressSanitizer' coldstart-asan.log | tail -40\n"] min_timeout_sec: 0.5 max_timeout_sec: 180.0
Sending keys: ["addr2line -f -C -e boot/ocamlrun 0xaf036 0x603036 0x4f036 2>/dev/null || true; nm -an boot/ocamlrun | grep -E 'pool_sweep|pool_allocate|caml_' | tail -30\n"] min_timeout_sec: 0.5 max_timeout_sec: 180.0
Sending keys: ['objdump -d boot/ocamlrun --start-address=0xaf000 --stop-address=0xaf100 2>/dev/null | head -120\n'] min_timeout_sec: 0.5 max_timeout_sec: 180.0
Trajectory dumped to jobs/p1-terminus-2-fix-ocaml-gc-r3-retry1/fix-ocaml-gc__WFh3Mhi/agent/trajectory.json
Sending keys: ["cd /app/ocaml; tail -120 coldstart-final.log 2>/dev/null || true; printf '%s\\n' '--- source ---'; sed -n '640,653p' runtime/shared_heap.c\n"] min_timeout_sec: 0.5 max_timeout_sec: 180.0
Sending keys: ['make -j1 coldstart > coldstart-final.log 2>&1; printf \'COLDSTART_STATUS=%s\\n\' "$?"\n'] min_timeout_sec: 60.0 max_timeout_sec: 180.0
Sending keys: ['tail -100 coldstart-final.log\n'] min_timeout_sec: 0.5 max_timeout_sec: 180.0
Trajectory dumped to jobs/p1-terminus-2-fix-ocaml-gc-r3-retry1/fix-ocaml-gc__WFh3Mhi/agent/trajectory.json
Sending keys: ['cd /app/ocaml; ASAN_OPTIONS=detect_leaks=0 make -j1 coldstart > coldstart-no-leaks.log 2>&1; printf \'COLDSTART_STATUS=%s\\n\' "$?"\n'] min_timeout_sec: 60.0 max_timeout_sec: 180.0
Sending keys: ['tail -80 coldstart-no-leaks.log\n'] min_timeout_sec: 0.5 max_timeout_sec: 180.0
Sending keys: ['ASAN_OPTIONS=detect_leaks=0 make -C testsuite one DIR=tests/basic > tests-basic.log 2>&1; printf \'TEST_STATUS=%s\\n\' "$?"\n'] min_timeout_sec: 60.0 max_timeout_sec: 180.0
Sending keys: ['tail -120 tests-basic.log\n'] min_timeout_sec: 0.5 max_timeout_sec: 180.0
Trajectory dumped to jobs/p1-terminus-2-fix-ocaml-gc-r3-retry1/fix-ocaml-gc__WFh3Mhi/agent/trajectory.json
Sending keys: ["cd /app/ocaml; grep -n -E '^(ocamltest|tests|world|all):' Makefile Makefile.common ocamltest/Makefile 2>/dev/null | head -80; ls -la ocamltest | head\n"] min_timeout_sec: 0.5 max_timeout_sec: 180.0
Sending keys: ['ASAN_OPTIONS=detect_leaks=0 make -j1 ocamltest > ocamltest-build.log 2>&1; printf \'OCAMLTEST_BUILD_STATUS=%s\\n\' "$?"\n'] min_timeout_sec: 60.0 max_timeout_sec: 180.0
Sending keys: ['tail -100 ocamltest-build.log; ls -l ocamltest/ocamltest 2>/dev/null || true\n'] min_timeout_sec: 0.5 max_timeout_sec: 180.0
Sending keys: ['ASAN_OPTIONS=detect_leaks=0 make -C testsuite one DIR=tests/basic > tests-basic.log 2>&1; printf \'TEST_STATUS=%s\\n\' "$?"\n'] min_timeout_sec: 60.0 max_timeout_sec: 180.0
Sending keys: ['tail -120 tests-basic.log\n'] min_timeout_sec: 0.5 max_timeout_sec: 180.0
Trajectory dumped to jobs/p1-terminus-2-fix-ocaml-gc-r3-retry1/fix-ocaml-gc__WFh3Mhi/agent/trajectory.json
Sending keys: ['cd /app/ocaml; make distclean > distclean.log 2>&1 || true; ./configure --enable-ocamltest > configure-normal.log 2>&1; printf \'CONFIGURE_STATUS=%s\\n\' "$?"\n'] min_timeout_sec: 60.0 max_timeout_sec: 180.0
Sending keys: ['make -j4 > make-normal.log 2>&1; printf \'MAKE_STATUS=%s\\n\' "$?"\n'] min_timeout_sec: 60.0 max_timeout_sec: 180.0
Sending keys: ['tail -80 make-normal.log\n'] min_timeout_sec: 0.5 max_timeout_sec: 180.0
Sending keys: ['make -j1 ocamltest > ocamltest-normal.log 2>&1; printf \'OCAMLTEST_STATUS=%s\\n\' "$?"\n'] min_timeout_sec: 60.0 max_timeout_sec: 180.0
Sending keys: ['tail -80 ocamltest-normal.log; ls -l ocamltest/ocamltest ocamltest/ocamltest.exe 2>/dev/null || true\n'] min_timeout_sec: 0.5 max_timeout_sec: 180.0
Sending keys: ['make -C testsuite one DIR=tests/basic > tests-basic.log 2>&1; printf \'TEST_STATUS=%s\\n\' "$?"\n'] min_timeout_sec: 60.0 max_timeout_sec: 180.0
Sending keys: ['tail -120 tests-basic.log\n'] min_timeout_sec: 0.5 max_timeout_sec: 180.0
Trajectory dumped to jobs/p1-terminus-2-fix-ocaml-gc-r3-retry1/fix-ocaml-gc__WFh3Mhi/agent/trajectory.json
Sending keys: [''] min_timeout_sec: 30.0 max_timeout_sec: 180.0
Trajectory dumped to jobs/p1-terminus-2-fix-ocaml-gc-r3-retry1/fix-ocaml-gc__WFh3Mhi/agent/trajectory.json
Sending keys: [''] min_timeout_sec: 30.0 max_timeout_sec: 180.0
Trajectory dumped to jobs/p1-terminus-2-fix-ocaml-gc-r3-retry1/fix-ocaml-gc__WFh3Mhi/agent/trajectory.json
Sending keys: [''] min_timeout_sec: 30.0 max_timeout_sec: 180.0
Trajectory dumped to jobs/p1-terminus-2-fix-ocaml-gc-r3-retry1/fix-ocaml-gc__WFh3Mhi/agent/trajectory.json
Sending keys: ['C-c\n'] min_timeout_sec: 2.0 max_timeout_sec: 180.0
Sending keys: ["ps -eo pid,stat,etime,cmd | grep -E '[m]ake|[o]camltest|[g]cc' || true\n"] min_timeout_sec: 0.5 max_timeout_sec: 180.0
Sending keys: ["cd /app/ocaml; printf '%s\\n' '--- normal build ---'; tail -80 make-normal.log 2>/dev/null || true; printf '%s\\n' '--- ocamltest ---'; tail -80 ocamltest-normal.log 2>/dev/null || true; printf '%s\\n' '--- tests ---'; tail -120 tests-basic.log 2>/dev/null || true\n"] min_timeout_sec: 0.5 max_timeout_sec: 180.0
Trajectory dumped to jobs/p1-terminus-2-fix-ocaml-gc-r3-retry1/fix-ocaml-gc__WFh3Mhi/agent/trajectory.json
Parser warnings: - Command 1 should end with newline when followed by another command. Otherwise the two commands will be concatenated together on the same line.
Sending keys: ['C-c'] min_timeout_sec: 3.0 max_timeout_sec: 180.0
Sending keys: ['\n'] min_timeout_sec: 2.0 max_timeout_sec: 180.0
Trajectory dumped to jobs/p1-terminus-2-fix-ocaml-gc-r3-retry1/fix-ocaml-gc__WFh3Mhi/agent/trajectory.json
Sending keys: ["cd /app/ocaml; printf '%s\\n' '--- make ---'; tail -100 make-normal.log 2>/dev/null || true\n"] min_timeout_sec: 0.5 max_timeout_sec: 180.0
Sending keys: ["printf '%s\\n' '--- ocamltest ---'; tail -100 ocamltest-normal.log 2>/dev/null || true; printf '%s\\n' '--- tests ---'; tail -120 tests-basic.log 2>/dev/null || true\n"] min_timeout_sec: 0.5 max_timeout_sec: 180.0
Sending keys: ['ls -l boot/ocamlc boot/ocamlopt ocamlc ocamlopt ocamltest/ocamltest 2>/dev/null || true\n'] min_timeout_sec: 0.5 max_timeout_sec: 180.0
Trajectory dumped to jobs/p1-terminus-2-fix-ocaml-gc-r3-retry1/fix-ocaml-gc__WFh3Mhi/agent/trajectory.json
Sending keys: ['cd /app/ocaml; make -j4 > make-normal.log 2>&1; printf \'MAKE_STATUS=%s\\n\' "$?"\n'] min_timeout_sec: 60.0 max_timeout_sec: 180.0
Sending keys: [''] min_timeout_sec: 30.0 max_timeout_sec: 180.0
Trajectory dumped to jobs/p1-terminus-2-fix-ocaml-gc-r3-retry1/fix-ocaml-gc__WFh3Mhi/agent/trajectory.json
Sending keys: [''] min_timeout_sec: 30.0 max_timeout_sec: 180.0
Trajectory dumped to jobs/p1-terminus-2-fix-ocaml-gc-r3-retry1/fix-ocaml-gc__WFh3Mhi/agent/trajectory.json
Sending keys: [''] min_timeout_sec: 30.0 max_timeout_sec: 180.0
Trajectory dumped to jobs/p1-terminus-2-fix-ocaml-gc-r3-retry1/fix-ocaml-gc__WFh3Mhi/agent/trajectory.json
Sending keys: [''] min_timeout_sec: 30.0 max_timeout_sec: 180.0
Trajectory dumped to jobs/p1-terminus-2-fix-ocaml-gc-r3-retry1/fix-ocaml-gc__WFh3Mhi/agent/trajectory.json
Sending keys: [''] min_timeout_sec: 30.0 max_timeout_sec: 180.0
Trajectory dumped to jobs/p1-terminus-2-fix-ocaml-gc-r3-retry1/fix-ocaml-gc__WFh3Mhi/agent/trajectory.json
Sending keys: [''] min_timeout_sec: 30.0 max_timeout_sec: 180.0
Trajectory dumped to jobs/p1-terminus-2-fix-ocaml-gc-r3-retry1/fix-ocaml-gc__WFh3Mhi/agent/trajectory.json
Sending keys: [''] min_timeout_sec: 30.0 max_timeout_sec: 180.0
Trajectory dumped to jobs/p1-terminus-2-fix-ocaml-gc-r3-retry1/fix-ocaml-gc__WFh3Mhi/agent/trajectory.json
Sending keys: [''] min_timeout_sec: 60.0 max_timeout_sec: 180.0
Trajectory dumped to jobs/p1-terminus-2-fix-ocaml-gc-r3-retry1/fix-ocaml-gc__WFh3Mhi/agent/trajectory.json
Sending keys: [''] min_timeout_sec: 60.0 max_timeout_sec: 180.0
Trajectory dumped to jobs/p1-terminus-2-fix-ocaml-gc-r3-retry1/fix-ocaml-gc__WFh3Mhi/agent/trajectory.json
Sending keys: ['C-c\n'] min_timeout_sec: 3.0 max_timeout_sec: 180.0
Sending keys: ["cd /app/ocaml; ps -eo pid,stat,etime,cmd | grep -E '[m]ake|[g]cc|[o]camlopt|[o]camlc' || true; printf '%s\\n' '--- build log ---'; tail -100 make-normal.log 2>/dev/null || true\n"] min_timeout_sec: 1.0 max_timeout_sec: 180.0
Trajectory dumped to jobs/p1-terminus-2-fix-ocaml-gc-r3-retry1/fix-ocaml-gc__WFh3Mhi/agent/trajectory.json
Parser warnings: - Command 1 should end with newline when followed by another command. Otherwise the two commands will be concatenated together on the same line.
Sending keys: ['C-c'] min_timeout_sec: 3.0 max_timeout_sec: 180.0
Sending keys: ['\n'] min_timeout_sec: 2.0 max_timeout_sec: 180.0
Trajectory dumped to jobs/p1-terminus-2-fix-ocaml-gc-r3-retry1/fix-ocaml-gc__WFh3Mhi/agent/trajectory.json
Sending keys: ["cd /app/ocaml; tail -80 make-normal.log; printf '%s\\n' '--- artifacts ---'; ls -l ocamlopt ocamlc ocamltest/ocamltest testsuite/ocamltest 2>/dev/null || true\n"] min_timeout_sec: 0.5 max_timeout_sec: 180.0
Sending keys: ['make -j2 > make-normal.log 2>&1; printf \'MAKE_STATUS=%s\\n\' "$?"\n'] min_timeout_sec: 60.0 max_timeout_sec: 180.0
Trajectory dumped to jobs/p1-terminus-2-fix-ocaml-gc-r3-retry1/fix-ocaml-gc__WFh3Mhi/agent/trajectory.json
Sending keys: [''] min_timeout_sec: 60.0 max_timeout_sec: 180.0
Trajectory dumped to jobs/p1-terminus-2-fix-ocaml-gc-r3-retry1/fix-ocaml-gc__WFh3Mhi/agent/trajectory.json
Sending keys: [''] min_timeout_sec: 60.0 max_timeout_sec: 180.0
Trajectory dumped to jobs/p1-terminus-2-fix-ocaml-gc-r3-retry1/fix-ocaml-gc__WFh3Mhi/agent/trajectory.json
Sending keys: [''] min_timeout_sec: 60.0 max_timeout_sec: 180.0
Trajectory dumped to jobs/p1-terminus-2-fix-ocaml-gc-r3-retry1/fix-ocaml-gc__WFh3Mhi/agent/trajectory.json
Sending keys: [''] min_timeout_sec: 60.0 max_timeout_sec: 180.0
Trajectory dumped to jobs/p1-terminus-2-fix-ocaml-gc-r3-retry1/fix-ocaml-gc__WFh3Mhi/agent/trajectory.json
Sending keys: [''] min_timeout_sec: 60.0 max_timeout_sec: 180.0
Trajectory dumped to jobs/p1-terminus-2-fix-ocaml-gc-r3-retry1/fix-ocaml-gc__WFh3Mhi/agent/trajectory.json
Sending keys: ['C-c\n'] min_timeout_sec: 3.0 max_timeout_sec: 180.0
Sending keys: ["cd /app/ocaml; ps -eo pid,stat,etime,cmd | grep -E '[m]ake|[g]cc|[o]camlopt|[o]camlc' || true; printf '%s\\n' '--- build log ---'; tail -120 make-normal.log; printf '%s\\n' '--- artifacts ---'; ls -l ocaml ocamlc ocamlopt ocamltest/ocamltest 2>/dev/null || true\n"] min_timeout_sec: 1.0 max_timeout_sec: 180.0
Trajectory dumped to jobs/p1-terminus-2-fix-ocaml-gc-r3-retry1/fix-ocaml-gc__WFh3Mhi/agent/trajectory.json
Parser warnings: - Command 1 should end with newline when followed by another command. Otherwise the two commands will be concatenated together on the same line.
Sending keys: ['C-c'] min_timeout_sec: 3.0 max_timeout_sec: 180.0
Sending keys: ['\n'] min_timeout_sec: 2.0 max_timeout_sec: 180.0
Trajectory dumped to jobs/p1-terminus-2-fix-ocaml-gc-r3-retry1/fix-ocaml-gc__WFh3Mhi/agent/trajectory.json
Sending keys: ['cd /app/ocaml\n'] min_timeout_sec: 0.1 max_timeout_sec: 180.0
Sending keys: ['tail -120 make-normal.log\n'] min_timeout_sec: 0.5 max_timeout_sec: 180.0
Sending keys: ['ls -l ocaml ocamlc ocamlopt ocamlc.opt ocamlopt.opt ocamltest/ocamltest 2>/dev/null || true\n'] min_timeout_sec: 0.5 max_timeout_sec: 180.0
Sending keys: ['make -j1 ocamltest > ocamltest-normal.log 2>&1; printf \'OCAMLTEST_STATUS=%s\\n\' "$?"\n'] min_timeout_sec: 60.0 max_timeout_sec: 180.0
Trajectory dumped to jobs/p1-terminus-2-fix-ocaml-gc-r3-retry1/fix-ocaml-gc__WFh3Mhi/agent/trajectory.json
Sending keys: [''] min_timeout_sec: 60.0 max_timeout_sec: 180.0
Trajectory dumped to jobs/p1-terminus-2-fix-ocaml-gc-r3-retry1/fix-ocaml-gc__WFh3Mhi/agent/trajectory.json
Sending keys: ['cd /app/ocaml; make -C testsuite one DIR=tests/basic > tests-basic.log 2>&1; printf \'TEST_STATUS=%s\\n\' "$?"\n'] min_timeout_sec: 60.0 max_timeout_sec: 180.0
Sending keys: ['tail -160 tests-basic.log\n'] min_timeout_sec: 0.5 max_timeout_sec: 180.0
Trajectory dumped to jobs/p1-terminus-2-fix-ocaml-gc-r3-retry1/fix-ocaml-gc__WFh3Mhi/agent/trajectory.json
Sending keys: [''] min_timeout_sec: 30.0 max_timeout_sec: 180.0
Trajectory dumped to jobs/p1-terminus-2-fix-ocaml-gc-r3-retry1/fix-ocaml-gc__WFh3Mhi/agent/trajectory.json
Sending keys: ["cd /app/ocaml; grep -n -E 'failed|FAILED|diff|Error|error|***' tests-basic.log | head -120\n"] min_timeout_sec: 0.5 max_timeout_sec: 180.0
Sending keys: ["sed -n '1,220p' tests-basic.log\n"] min_timeout_sec: 0.5 max_timeout_sec: 180.0
Sending keys: ["grep -n -E 'OCAML|ocamlc|ocamlopt|compiler|runtime' testsuite/Makefile | head -100; ls -l ocamlc ocamlc.opt ocamlopt ocamlopt.opt runtime/ocamlrun boot/ocamlrun stdlib/stdlib.cma\n"] min_timeout_sec: 0.5 max_timeout_sec: 180.0
Trajectory dumped to jobs/p1-terminus-2-fix-ocaml-gc-r3-retry1/fix-ocaml-gc__WFh3Mhi/agent/trajectory.json
Sending keys: ["cd /app/ocaml; grep -n -E 'FAILED|failed|Failure|diff|Expected|Output|Summary' tests-basic.log | head -160\n"] min_timeout_sec: 0.5 max_timeout_sec: 180.0
Sending keys: ["grep -n -E '####|tests failed|passed|unexpected' tests-basic.log; find testsuite/tests/basic/_ocamltest -type f -name '*.output' | head -20\n"] min_timeout_sec: 0.5 max_timeout_sec: 180.0
Sending keys: ['find testsuite/tests/basic/_ocamltest -type f \\( -name \'*.output\' -o -name \'*.result\' -o -name \'*.log\' \\) | head -10 | while read f; do echo "--- $f"; tail -40 "$f"; done\n'] min_timeout_sec: 1.0 max_timeout_sec: 180.0
Trajectory dumped to jobs/p1-terminus-2-fix-ocaml-gc-r3-retry1/fix-ocaml-gc__WFh3Mhi/agent/trajectory.json
Sending keys: ["cd /app/ocaml; grep -n -E 'tests failed|tests passed|Something failed|FAILED|failed|unexpected errors' tests-basic.log | tail -80\n"] min_timeout_sec: 0.5 max_timeout_sec: 180.0
Sending keys: ['make -j2 > make-normal.log 2>&1; printf \'MAKE_STATUS=%s\\n\' "$?"\n'] min_timeout_sec: 60.0 max_timeout_sec: 180.0
Sending keys: ["tail -60 make-normal.log; printf '%s\\n' '--- executables ---'; ls -l ocaml ocamlc ocamlc.opt ocamlopt ocamlopt.opt ocamltest/ocamltest 2>/dev/null || true\n"] min_timeout_sec: 0.5 max_timeout_sec: 180.0
Trajectory dumped to jobs/p1-terminus-2-fix-ocaml-gc-r3-retry1/fix-ocaml-gc__WFh3Mhi/agent/trajectory.json
Sending keys: [''] min_timeout_sec: 60.0 max_timeout_sec: 180.0
Trajectory dumped to jobs/p1-terminus-2-fix-ocaml-gc-r3-retry1/fix-ocaml-gc__WFh3Mhi/agent/trajectory.json
Sending keys: [''] min_timeout_sec: 60.0 max_timeout_sec: 180.0
Trajectory dumped to jobs/p1-terminus-2-fix-ocaml-gc-r3-retry1/fix-ocaml-gc__WFh3Mhi/agent/trajectory.json
Sending keys: ['cd /app/ocaml; make -C testsuite one DIR=tests/basic > tests-basic-final.log 2>&1; printf \'TEST_STATUS=%s\\n\' "$?"\n'] min_timeout_sec: 60.0 max_timeout_sec: 180.0
Sending keys: ['tail -160 tests-basic-final.log\n'] min_timeout_sec: 0.5 max_timeout_sec: 180.0
Trajectory dumped to jobs/p1-terminus-2-fix-ocaml-gc-r3-retry1/fix-ocaml-gc__WFh3Mhi/agent/trajectory.json
Sending keys: [''] min_timeout_sec: 30.0 max_timeout_sec: 180.0
Trajectory dumped to jobs/p1-terminus-2-fix-ocaml-gc-r3-retry1/fix-ocaml-gc__WFh3Mhi/agent/trajectory.json
Trajectory dumped to jobs/p1-terminus-2-fix-ocaml-gc-r3-retry1/fix-ocaml-gc__WFh3Mhi/agent/trajectory.json
Trajectory dumped to jobs/p1-terminus-2-fix-ocaml-gc-r3-retry1/fix-ocaml-gc__WFh3Mhi/agent/trajectory.json
Trajectory dumped to jobs/p1-terminus-2-fix-ocaml-gc-r3-retry1/fix-ocaml-gc__WFh3Mhi/agent/trajectory.json
Collecting main service artifacts
