Skipping image OS validation for alexgshaw/crack-7z-hash:20251031: docker inspect returned 1
Installing: tmux, asciinema
Detected system: {'os': 'debian-based', 'package_manager': 'apt-get', 'update_command': None}
Installing tools using apt-get: DEBIAN_FRONTEND=noninteractive apt-get update && DEBIAN_FRONTEND=noninteractive apt-get install -y tmux asciinema
Starting recording.
Sending keys: ['asciinema rec --stdin /logs/agent/recording.cast', 'Enter'] min_timeout_sec: 1.0 max_timeout_sec: 180.0
Sending keys: ['clear', 'Enter'] min_timeout_sec: 0.0 max_timeout_sec: 180.0
Sending keys: ['ls -la /app\n'] min_timeout_sec: 0.1 max_timeout_sec: 180.0
Sending keys: ['7z l /app/secrets.7z\n'] min_timeout_sec: 1.0 max_timeout_sec: 180.0
Trajectory dumped to jobs/p1-terminus-2-crack-7z-hash-r3/crack-7z-hash__mqCPbRk/agent/trajectory.json
Sending keys: ['command -v 7za || command -v 7zr || command -v bsdtar || command -v 7z || true\n'] min_timeout_sec: 0.1 max_timeout_sec: 180.0
Sending keys: ['python3 -c "import importlib.util; print(\'py7zr\' if importlib.util.find_spec(\'py7zr\') else \'no py7zr\')"\n'] min_timeout_sec: 0.1 max_timeout_sec: 180.0
Sending keys: ['file /app/secrets.7z; strings /app/secrets.7z\n'] min_timeout_sec: 0.1 max_timeout_sec: 180.0
Trajectory dumped to jobs/p1-terminus-2-crack-7z-hash-r3/crack-7z-hash__mqCPbRk/agent/trajectory.json
Sending keys: ['apt-get update && DEBIAN_FRONTEND=noninteractive apt-get install -y p7zip-full\n'] min_timeout_sec: 10.0 max_timeout_sec: 180.0
Sending keys: ['7z l /app/secrets.7z\n'] min_timeout_sec: 1.0 max_timeout_sec: 180.0
Sending keys: ["mkdir -p /tmp/secrets_extract && 7z x -y /app/secrets.7z -o/tmp/secrets_extract && find /tmp/secrets_extract -type f -maxdepth 3 -print -exec cat {} \\; && printf '\\n'\n"] min_timeout_sec: 1.0 max_timeout_sec: 180.0
Sending keys: ['cat /tmp/secrets_extract/secret_file.txt > /app/solution.txt && cat /app/solution.txt\n'] min_timeout_sec: 0.1 max_timeout_sec: 180.0
Trajectory dumped to jobs/p1-terminus-2-crack-7z-hash-r3/crack-7z-hash__mqCPbRk/agent/trajectory.json
Sending keys: ['7z l /app/secrets.7z\n'] min_timeout_sec: 1.0 max_timeout_sec: 180.0
Sending keys: ['rm -rf /tmp/secrets_extract && mkdir -p /tmp/secrets_extract && 7z x -y /app/secrets.7z -o/tmp/secrets_extract\n'] min_timeout_sec: 1.0 max_timeout_sec: 180.0
Sending keys: ["find /tmp/secrets_extract -type f -name 'secret_file.txt' -print\n"] min_timeout_sec: 0.1 max_timeout_sec: 180.0
Sending keys: ['src=$(find /tmp/secrets_extract -type f -name \'secret_file.txt\' -print -quit); test -n "$src" && cp "$src" /app/solution.txt && printf \'solution: \' && cat /app/solution.txt\n'] min_timeout_sec: 0.1 max_timeout_sec: 180.0
Trajectory dumped to jobs/p1-terminus-2-crack-7z-hash-r3/crack-7z-hash__mqCPbRk/agent/trajectory.json
Sending keys: ["find /app/john -maxdepth 3 -type f -o -type l | sort; echo '---'; ls -la /app/john\n"] min_timeout_sec: 0.1 max_timeout_sec: 180.0
Sending keys: ['find /app -maxdepth 3 -type f ! -name \'secrets.7z\' -printf \'%p\\n\' -exec sh -c \'echo --- "$1"; head -c 500 "$1" 2>/dev/null; echo\' sh {} \\;\n'] min_timeout_sec: 0.2 max_timeout_sec: 180.0
Sending keys: ['command -v john || true; command -v hashcat || true; command -v 7z\n'] min_timeout_sec: 0.1 max_timeout_sec: 180.0
Trajectory dumped to jobs/p1-terminus-2-crack-7z-hash-r3/crack-7z-hash__mqCPbRk/agent/trajectory.json
Sending keys: ["find /app/john -maxdepth 3 -type f \\( -perm -111 -o -iname '*7z*' -o -iname '*word*' -o -iname '*pass*' -o -iname '*rock*' \\) -printf '%M %s %p\\n' | sort\n"] min_timeout_sec: 0.2 max_timeout_sec: 180.0
Sending keys: ["find /app/john -maxdepth 2 -type f \\( -iname 'README*' -o -iname '*.txt' -o -iname '*.conf' \\) -printf '%p\\n' | sort | head -100\n"] min_timeout_sec: 0.1 max_timeout_sec: 180.0
Sending keys: ["find /app/john -maxdepth 2 -type f -printf '%f\\n' | grep -Ei 'john|7z|7zip|word|password|rockyou|pot|rules' | sort\n"] min_timeout_sec: 0.1 max_timeout_sec: 180.0
Sending keys: ["find /app/john -maxdepth 2 -type f -name 'john' -o -name '7z2john*' -o -name '7z2hashcat*'\n"] min_timeout_sec: 0.1 max_timeout_sec: 180.0
Trajectory dumped to jobs/p1-terminus-2-crack-7z-hash-r3/crack-7z-hash__mqCPbRk/agent/trajectory.json
Sending keys: ["find /app/john -type f \\( -name 'john' -o -name '7z2john*' -o -name '*7zip*' -o -name '*7z*' \\) -print 2>/dev/null\n"] min_timeout_sec: 0.2 max_timeout_sec: 180.0
Sending keys: ["find /usr/share /app -type f \\( -iname 'rockyou.txt*' -o -iname '*wordlist*' -o -iname '*password*' \\) -print 2>/dev/null | head -50\n"] min_timeout_sec: 0.2 max_timeout_sec: 180.0
Sending keys: ["find /app/john -maxdepth 2 -type f -perm /111 -printf '%p\\n' | sort | head -30\n"] min_timeout_sec: 0.2 max_timeout_sec: 180.0
Sending keys: ['ls -la /app/john/run/john /app/john/john /app/john/run/7z2john* 2>/dev/null || true\n'] min_timeout_sec: 0.1 max_timeout_sec: 180.0
Trajectory dumped to jobs/p1-terminus-2-crack-7z-hash-r3/crack-7z-hash__mqCPbRk/agent/trajectory.json
Sending keys: ["printf '%s\\n' /app/john/run/* | sed 's#.*/##' | grep -Ei '(^john$|7z|7zip|word|rock|password)' | sort\n"] min_timeout_sec: 0.2 max_timeout_sec: 180.0
Sending keys: ['ls -l /app/john/run/john /app/john/run/7z2john.pl /app/john/run/7z2john.py /app/john/run/7z2john 2>/dev/null || true\n'] min_timeout_sec: 0.1 max_timeout_sec: 180.0
Sending keys: ['/app/john/run/john --list= ayuda 2>&1 | head -30\n'] min_timeout_sec: 0.5 max_timeout_sec: 180.0
Sending keys: ["find /app/john -type f -name 'john' -print -exec file {} \\; 2>/dev/null\n"] min_timeout_sec: 0.2 max_timeout_sec: 180.0
Trajectory dumped to jobs/p1-terminus-2-crack-7z-hash-r3/crack-7z-hash__mqCPbRk/agent/trajectory.json
Sending keys: ["find /app/john/run -maxdepth 1 -type f -printf '%f\\n' | grep -E '^(john|7z|.*7z.*|.*zip.*)$' | sort; echo DONE\n"] min_timeout_sec: 0.2 max_timeout_sec: 180.0
Sending keys: ["find /app/john/run -maxdepth 1 -type f -printf '%p\\n' | grep -E '/(john|7z2john|7z2john\\.pl|7z2john\\.py)$' || true\n"] min_timeout_sec: 0.2 max_timeout_sec: 180.0
Sending keys: ["find / -type f \\( -name '7z2john*' -o -name 'john' \\) -print 2>/dev/null | head -50\n"] min_timeout_sec: 1.0 max_timeout_sec: 180.0
Sending keys: ["dpkg -l '*john*' 2>/dev/null | head -20\n"] min_timeout_sec: 0.2 max_timeout_sec: 180.0
Trajectory dumped to jobs/p1-terminus-2-crack-7z-hash-r3/crack-7z-hash__mqCPbRk/agent/trajectory.json
Sending keys: ["cd /app && printf 'RUN_FILES\\n' && find /app/john/run -maxdepth 1 -type f -printf '%f\\n' 2>/dev/null | grep -E '(^john$|7z|zip)' | sort || true && printf 'BINARIES\\n' && command -v john 2>/dev/null || true && command -v 7z 2>/dev/null || true\n"] min_timeout_sec: 0.2 max_timeout_sec: 180.0
Sending keys: ['ls -l /app/john/run/john /app/john/run/7z2john.pl /app/john/run/7z2john.py 2>/dev/null || true\n'] min_timeout_sec: 0.1 max_timeout_sec: 180.0
Sending keys: ['DEBIAN_FRONTEND=noninteractive apt-get install -y john\n'] min_timeout_sec: 5.0 max_timeout_sec: 180.0
Sending keys: ["find /usr/share/john /usr/bin /app/john -maxdepth 3 -type f \\( -name '7z2john*' -o -name 'john' \\) -print 2>/dev/null | sort\n"] min_timeout_sec: 0.5 max_timeout_sec: 180.0
Trajectory dumped to jobs/p1-terminus-2-crack-7z-hash-r3/crack-7z-hash__mqCPbRk/agent/trajectory.json
Parser warnings: - Command 1 should end with newline when followed by another command. Otherwise the two commands will be concatenated together on the same line.
Sending keys: ['C-c'] min_timeout_sec: 0.5 max_timeout_sec: 180.0
Sending keys: ["printf '\\nCLEAN_PROMPT\\n'; pwd; command -v 7z; command -v john || true; dpkg -l john 2>/dev/null | tail -n +1\n"] min_timeout_sec: 0.2 max_timeout_sec: 180.0
Sending keys: ['DEBIAN_FRONTEND=noninteractive apt-get install -y john john-data\n'] min_timeout_sec: 5.0 max_timeout_sec: 180.0
Sending keys: ["find /usr/share/john /usr/bin /app/john -type f \\( -name '7z2john*' -o -name 'john' \\) -print 2>/dev/null | sort\n"] min_timeout_sec: 0.5 max_timeout_sec: 180.0
Trajectory dumped to jobs/p1-terminus-2-crack-7z-hash-r3/crack-7z-hash__mqCPbRk/agent/trajectory.json
Sending keys: [''] min_timeout_sec: 10.0 max_timeout_sec: 180.0
Trajectory dumped to jobs/p1-terminus-2-crack-7z-hash-r3/crack-7z-hash__mqCPbRk/agent/trajectory.json
Sending keys: ["find /usr/share/john /usr/bin /app/john -type f \\( -name '7z2john*' -o -name 'john' \\) -print 2>/dev/null | sort\n"] min_timeout_sec: 0.5 max_timeout_sec: 180.0
Sending keys: ['ls -l /usr/share/john/7z2john.pl /usr/share/john/7z2john.py /usr/bin/john 2>/dev/null || true\n'] min_timeout_sec: 0.1 max_timeout_sec: 180.0
Sending keys: ['converter=$(find /usr/share/john /app/john -type f -name \'7z2john*\' -print -quit 2>/dev/null); echo "converter=$converter"; test -n "$converter" && "$converter" /app/secrets.7z > /tmp/secrets.hash; test -s /tmp/secrets.hash && head -c 300 /tmp/secrets.hash\n'] min_timeout_sec: 0.5 max_timeout_sec: 180.0
Trajectory dumped to jobs/p1-terminus-2-crack-7z-hash-r3/crack-7z-hash__mqCPbRk/agent/trajectory.json
Sending keys: ['DEBIAN_FRONTEND=noninteractive apt-get install -y libcompress-raw-lzma-perl\n'] min_timeout_sec: 5.0 max_timeout_sec: 180.0
Sending keys: ['/app/john/run/7z2john.pl /app/secrets.7z > /tmp/secrets.hash && wc -c /tmp/secrets.hash && head -c 500 /tmp/secrets.hash\n'] min_timeout_sec: 1.0 max_timeout_sec: 180.0
Sending keys: ['/app/john/run/john --wordlist=/usr/share/john/password.lst /tmp/secrets.hash\n'] min_timeout_sec: 10.0 max_timeout_sec: 180.0
Sending keys: ['/app/john/run/john --show /tmp/secrets.hash\n'] min_timeout_sec: 0.5 max_timeout_sec: 180.0
Trajectory dumped to jobs/p1-terminus-2-crack-7z-hash-r3/crack-7z-hash__mqCPbRk/agent/trajectory.json
Sending keys: [''] min_timeout_sec: 10.0 max_timeout_sec: 180.0
Trajectory dumped to jobs/p1-terminus-2-crack-7z-hash-r3/crack-7z-hash__mqCPbRk/agent/trajectory.json
Sending keys: [''] min_timeout_sec: 20.0 max_timeout_sec: 180.0
Trajectory dumped to jobs/p1-terminus-2-crack-7z-hash-r3/crack-7z-hash__mqCPbRk/agent/trajectory.json
Parser warnings: - Command 1 should end with newline when followed by another command. Otherwise the two commands will be concatenated together on the same line.
Sending keys: ['C-c'] min_timeout_sec: 0.5 max_timeout_sec: 180.0
Sending keys: ["cat > /tmp/candidates.txt <<'EOF'\npassword\nPassword\npassword123\nPassword123\nsecret\nSecret\nsecret123\nletmein\nletmein123\nadmin\nadmin123\nqwerty\nqwerty123\n123456\n12345678\narchive\nsecrets\nsecret_file\nsolution\njohn\nhelpme\nchangeme\nwelcome\nopensesame\n7z\n7zip\nEOF\n/app/john/run/john --wordlist=/tmp/candidates.txt --pot=/tmp/secrets.pot /tmp/secrets.hash\n"] min_timeout_sec: 10.0 max_timeout_sec: 180.0
Sending keys: ['/app/john/run/john --show --pot=/tmp/secrets.pot /tmp/secrets.hash\n'] min_timeout_sec: 0.5 max_timeout_sec: 180.0
Trajectory dumped to jobs/p1-terminus-2-crack-7z-hash-r3/crack-7z-hash__mqCPbRk/agent/trajectory.json
Sending keys: [''] min_timeout_sec: 10.0 max_timeout_sec: 180.0
Trajectory dumped to jobs/p1-terminus-2-crack-7z-hash-r3/crack-7z-hash__mqCPbRk/agent/trajectory.json
Sending keys: ['/app/john/run/john --wordlist=/usr/share/john/password.lst --pot=/tmp/secrets.pot /tmp/secrets.hash\n'] min_timeout_sec: 30.0 max_timeout_sec: 180.0
Sending keys: [''] min_timeout_sec: 30.0 max_timeout_sec: 180.0
Sending keys: [''] min_timeout_sec: 30.0 max_timeout_sec: 180.0
Trajectory dumped to jobs/p1-terminus-2-crack-7z-hash-r3/crack-7z-hash__mqCPbRk/agent/trajectory.json
Sending keys: [''] min_timeout_sec: 30.0 max_timeout_sec: 180.0
Trajectory dumped to jobs/p1-terminus-2-crack-7z-hash-r3/crack-7z-hash__mqCPbRk/agent/trajectory.json
Sending keys: [''] min_timeout_sec: 30.0 max_timeout_sec: 180.0
Trajectory dumped to jobs/p1-terminus-2-crack-7z-hash-r3/crack-7z-hash__mqCPbRk/agent/trajectory.json
Sending keys: [''] min_timeout_sec: 30.0 max_timeout_sec: 180.0
Trajectory dumped to jobs/p1-terminus-2-crack-7z-hash-r3/crack-7z-hash__mqCPbRk/agent/trajectory.json
Parser warnings: - Command 1 should end with newline when followed by another command. Otherwise the two commands will be concatenated together on the same line.
Sending keys: ['s'] min_timeout_sec: 1.0 max_timeout_sec: 180.0
Sending keys: [''] min_timeout_sec: 30.0 max_timeout_sec: 180.0
Trajectory dumped to jobs/p1-terminus-2-crack-7z-hash-r3/crack-7z-hash__mqCPbRk/agent/trajectory.json
Sending keys: [''] min_timeout_sec: 60.0 max_timeout_sec: 180.0
Trajectory dumped to jobs/p1-terminus-2-crack-7z-hash-r3/crack-7z-hash__mqCPbRk/agent/trajectory.json
Sending keys: [''] min_timeout_sec: 60.0 max_timeout_sec: 180.0
Trajectory dumped to jobs/p1-terminus-2-crack-7z-hash-r3/crack-7z-hash__mqCPbRk/agent/trajectory.json
Sending keys: ['rm -rf /tmp/secrets_extract && mkdir -p /tmp/secrets_extract && 7z x -y -p1998 /app/secrets.7z -o/tmp/secrets_extract\n'] min_timeout_sec: 1.0 max_timeout_sec: 180.0
Sending keys: ['src=$(find /tmp/secrets_extract -type f -name \'secret_file.txt\' -print -quit); test -n "$src" && cp "$src" /app/solution.txt && printf \'solution.txt: \' && cat /app/solution.txt && printf \'\\n\'\n'] min_timeout_sec: 0.1 max_timeout_sec: 180.0
Sending keys: ['ls -l /app/solution.txt\n'] min_timeout_sec: 0.1 max_timeout_sec: 180.0
Trajectory dumped to jobs/p1-terminus-2-crack-7z-hash-r3/crack-7z-hash__mqCPbRk/agent/trajectory.json
Trajectory dumped to jobs/p1-terminus-2-crack-7z-hash-r3/crack-7z-hash__mqCPbRk/agent/trajectory.json
Trajectory dumped to jobs/p1-terminus-2-crack-7z-hash-r3/crack-7z-hash__mqCPbRk/agent/trajectory.json
Trajectory dumped to jobs/p1-terminus-2-crack-7z-hash-r3/crack-7z-hash__mqCPbRk/agent/trajectory.json
Collecting main service artifacts
