Skipping image OS validation for alexgshaw/mailman:20251031: docker inspect returned 1
Installing: tmux, asciinema
Detected system: {'os': 'debian-based', 'package_manager': 'apt-get', 'update_command': None}
Installing tools using apt-get: DEBIAN_FRONTEND=noninteractive apt-get update && DEBIAN_FRONTEND=noninteractive apt-get install -y tmux asciinema
Starting recording.
Sending keys: ['asciinema rec --stdin /logs/agent/recording.cast', 'Enter'] min_timeout_sec: 1.0 max_timeout_sec: 180.0
Sending keys: ['clear', 'Enter'] min_timeout_sec: 0.0 max_timeout_sec: 180.0
Sending keys: ["pwd; printf '\\n--- app ---\\n'; ls -la /app; printf '\\n--- mailman ---\\n'; command -v mailman || true; command -v mailman-web || true; dpkg -l | grep -E 'mailman|postfix' || true; printf '\\n--- configs ---\\n'; find /etc/mailman3 /etc/postfix -maxdepth 2 -type f -print 2>/dev/null | sort; printf '\\n--- evaluator ---\\n'; sed -n '1,240p' /app/eval.py\n"] min_timeout_sec: 1.0 max_timeout_sec: 180.0
Trajectory dumped to jobs/p1-terminus-2-mailman-r2/mailman__c4Znnxi/agent/trajectory.json
Sending keys: ["printf '%s\\n' '--- mailman.cfg ---'; cat /etc/mailman3/mailman.cfg; printf '%s\\n' '--- postfix main.cf ---'; sed -n '1,240p' /etc/postfix/main.cf; printf '%s\\n' '--- services ---'; systemctl status postfix mailman3 --no-pager 2>&1 || true; printf '%s\\n' '--- mailman files ---'; find /var/lib/mailman3 /var/lib/mailman -maxdepth 3 -type f 2>/dev/null | head -80; printf '%s\\n' '--- docs/examples ---'; find /usr/share/doc/mailman3 /usr/lib/python3/dist-packages/mailman -iname '*cfg*' -o -iname '*postfix*' 2>/dev/null | head -80"] min_timeout_sec: 1.0 max_timeout_sec: 180.0
Trajectory dumped to jobs/p1-terminus-2-mailman-r2/mailman__c4Znnxi/agent/trajectory.json
Sending keys: [''] min_timeout_sec: 2.0 max_timeout_sec: 180.0
Trajectory dumped to jobs/p1-terminus-2-mailman-r2/mailman__c4Znnxi/agent/trajectory.json
Sending keys: ["echo 'CFG'; cat /etc/mailman3/mailman.cfg 2>&1; echo 'POSTFIX'; grep -E '^(myhostname|mydestination|inet_interfaces|mailbox_command|home_mailbox|virtual_|transport_maps|alias_maps|alias_database)' /etc/postfix/main.cf 2>/dev/null; echo 'PKG'; dpkg -L mailman3 | grep -E '(mailman.cfg|postfix|systemd|bin/|schema)' | head -100; echo 'SERVICES'; systemctl list-unit-files | grep -E 'mailman|postfix'; echo 'COMMANDS'; command -v mailman; mailman --help | head -40"] min_timeout_sec: 1.0 max_timeout_sec: 180.0
Trajectory dumped to jobs/p1-terminus-2-mailman-r2/mailman__c4Znnxi/agent/trajectory.json
Sending keys: ["printf 'BEGIN\\n'; id; ls -l /etc/mailman3/mailman.cfg /etc/postfix/main.cf; sed -n '1,80p' /etc/mailman3/mailman.cfg; printf 'END\\n'\n"] min_timeout_sec: 1.0 max_timeout_sec: 180.0
Trajectory dumped to jobs/p1-terminus-2-mailman-r2/mailman__c4Znnxi/agent/trajectory.json
Sending keys: ["echo '--- postfix integration ---'; cat /usr/lib/python3/dist-packages/mailman/config/postfix.cfg; echo '--- cli ---'; /usr/bin/mailman create --help 2>&1 | head -80; echo '--- services ---'; systemctl is-active postfix mailman3 || true; echo '--- aliases/maps ---'; find /var/lib/mailman3 /var/lib/mailman -maxdepth 3 -type f 2>/dev/null | grep -E 'postfix|aliases|config' | head -80"] min_timeout_sec: 1.0 max_timeout_sec: 180.0
Trajectory dumped to jobs/p1-terminus-2-mailman-r2/mailman__c4Znnxi/agent/trajectory.json
Sending keys: ["grep -nE '^(var_dir|data_dir|spool_dir|configuration|incoming|lmtp)' /etc/mailman3/mailman.cfg /usr/lib/python3/dist-packages/mailman/config/postfix.cfg 2>/dev/null; echo '---'; /usr/bin/mailman create --help 2>&1 | sed -n '1,100p'; echo '---'; systemctl is-active postfix mailman3 || true\n"] min_timeout_sec: 1.0 max_timeout_sec: 180.0
Sending keys: ["postconf -e 'mydestination = $myhostname, localhost, localhost.localdomain, local.edu' -e 'mailbox_command =' -e 'mailbox_transport = local:' -e 'home_mailbox =' ; grep -q '^transport_maps' /etc/postfix/main.cf && postconf -e 'transport_maps = hash:/var/lib/mailman3/data/postfix_lmtp' || echo 'transport_maps = hash:/var/lib/mailman3/data/postfix_lmtp' >> /etc/postfix/main.cf; grep -q '^virtual_alias_maps' /etc/postfix/main.cf && postconf -e 'virtual_alias_maps = hash:/var/lib/mailman3/data/virtual-mailman' || echo 'virtual_alias_maps = hash:/var/lib/mailman3/data/virtual-mailman' >> /etc/postfix/main.cf; postfix check\n"] min_timeout_sec: 1.0 max_timeout_sec: 180.0
Sending keys: ["install -d -o list -g list /var/lib/mailman3/data; systemctl restart mailman3; sleep 2; /usr/bin/mailman create --help 2>&1 | sed -n '1,80p'\n"] min_timeout_sec: 2.0 max_timeout_sec: 180.0
Trajectory dumped to jobs/p1-terminus-2-mailman-r2/mailman__c4Znnxi/agent/trajectory.json
Sending keys: ["/usr/bin/mailman --run-as-root create --help 2>&1 | sed -n '1,120p'; echo '---'; /usr/bin/mailman --run-as-root aliases --help 2>&1 | sed -n '1,100p'; echo '---'; grep -nE '^(var_dir|data_dir|spool_dir|bin_dir|log_dir|queue_dir|configuration|incoming|lmtp)' /etc/mailman3/mailman.cfg; echo '---'; ps aux | grep -E '[m]ailman|[p]ostfix' || true\n"] min_timeout_sec: 1.0 max_timeout_sec: 180.0
Sending keys: ["postconf -e 'mydestination = $myhostname, localhost, localhost.localdomain, local.edu'; postconf -e 'mailbox_command ='; postconf -e 'mailbox_transport = local:'; postconf -e 'home_mailbox ='; postconf -e 'transport_maps = hash:/var/lib/mailman3/data/postfix_lmtp'; postconf -e 'virtual_alias_maps = hash:/var/lib/mailman3/data/virtual-mailman'; postconf -n\n"] min_timeout_sec: 1.0 max_timeout_sec: 180.0
Trajectory dumped to jobs/p1-terminus-2-mailman-r2/mailman__c4Znnxi/agent/trajectory.json
Sending keys: ["python3 - <<'PY'\np='/etc/postfix/main.cf'\ns=open(p).read()\nvals={\n'mydestination':'$myhostname, localhost, localhost.localdomain, local.edu',\n'mailbox_command':'',\n'mailbox_transport':'local:',\n'transport_maps':'hash:/var/lib/mailman3/data/postfix_lmtp',\n'virtual_alias_maps':'hash:/var/lib/mailman3/data/virtual-mailman'\n}\nlines=s.splitlines()\nseen=set(); out=[]\nfor line in lines:\n    key=line.split('=',1)[0].strip() if '=' in line and not line.lstrip().startswith('#') else ''\n    if key in vals:\n        out.append(key+' = '+vals[key]); seen.add(key)\n    else: out.append(line)\nfor k,v in vals.items():\n    if k not in seen: out.append(k+' = '+v)\nopen(p,'w').write('\\n'.join(out)+'\\n')\nPY\npostfix check || true\ngrep -E '^(mydestination|mailbox_command|mailbox_transport|transport_maps|virtual_alias_maps)' /etc/postfix/main.cf\n"] min_timeout_sec: 1.0 max_timeout_sec: 180.0
Sending keys: ['install -d -o list -g list /var/lib/mailman3/data; /usr/bin/mailman --run-as-root create -N -o postmaster@local.edu reading-group@local.edu 2>&1 || true; /usr/bin/mailman --run-as-root domains 2>&1 | head -30; /usr/bin/mailman --run-as-root lists 2>&1\n'] min_timeout_sec: 2.0 max_timeout_sec: 180.0
Sending keys: ["python3 - <<'PY'\nfrom mailman.core.initialize import initialize\nfrom zope.component import getUtility\nfrom mailman.interfaces.listmanager import IListManager\ninitialize('/etc/mailman3/mailman.cfg')\nml=getUtility(IListManager).get('reading-group@local.edu')\nprint('list', ml.list_name, ml.fqdn_listname)\nprint('subscription before', ml.subscription_policy)\nprint('posting before', ml.posting_policy)\nml.subscription_policy='open'\nml.posting_policy='open'\nprint('subscription after', ml.subscription_policy)\nprint('posting after', ml.posting_policy)\nPY\n/usr/bin/mailman --run-as-root aliases 2>&1 || true\nfind /var/lib/mailman3/data -maxdepth 1 -type f -printf '%f\\n' | sort\n"] min_timeout_sec: 2.0 max_timeout_sec: 180.0
Trajectory dumped to jobs/p1-terminus-2-mailman-r2/mailman__c4Znnxi/agent/trajectory.json
Sending keys: [''] min_timeout_sec: 3.0 max_timeout_sec: 180.0
Trajectory dumped to jobs/p1-terminus-2-mailman-r2/mailman__c4Znnxi/agent/trajectory.json
Sending keys: ["python3 - <<'PY'\nfrom mailman.core.initialize import initialize\nfrom zope.component import getUtility\nfrom mailman.interfaces.listmanager import IListManager\nfrom mailman.interfaces.mailinglist import SubscriptionPolicy\ninitialize('/etc/mailman3/mailman.cfg')\nml=getUtility(IListManager).get('reading-group@local.edu')\nprint('before subscription:', ml.subscription_policy)\nprint('before posting chain:', ml.posting_chain)\nml.subscription_policy=SubscriptionPolicy.open\nml.posting_chain=[]\nprint('after subscription:', ml.subscription_policy)\nprint('after posting chain:', ml.posting_chain)\nPY\n"] min_timeout_sec: 2.0 max_timeout_sec: 180.0
Sending keys: ["/usr/bin/mailman --run-as-root aliases -d /var/lib/mailman3/data; ls -l /var/lib/mailman3/data/postfix*; postconf -e 'transport_maps=hash:/var/lib/mailman3/data/postfix_lmtp'; postconf -e 'virtual_alias_maps='; postconf -e 'mydestination=$myhostname, localhost, localhost.localdomain, local.edu'; postmap /var/lib/mailman3/data/postfix_lmtp 2>/dev/null || true; postmap /var/lib/mailman3/data/postfix_domains 2>/dev/null || true; postfix check\n"] min_timeout_sec: 1.0 max_timeout_sec: 180.0
Sending keys: ["pkill -f '/usr/lib/mailman3/bin/master' 2>/dev/null || true; nohup /usr/lib/mailman3/bin/master -C /etc/mailman3/mailman.cfg >/var/log/mailman3/master-foreground.log 2>&1 & echo $! > /run/mailman3.pid; sleep 3; ps aux | grep -E '[m]ailman3/bin/master|[m]ailman3/bin/runner' || true; ss -ltnp | grep -E ':(25|8024) ' || true\n"] min_timeout_sec: 4.0 max_timeout_sec: 180.0
Sending keys: ["service postfix restart || /etc/init.d/postfix restart; sleep 2; ps aux | grep '[p]ostfix/master' || true; ss -ltnp | grep ':25 ' || true; python3 /app/eval.py\n"] min_timeout_sec: 8.0 max_timeout_sec: 180.0
Trajectory dumped to jobs/p1-terminus-2-mailman-r2/mailman__c4Znnxi/agent/trajectory.json
Sending keys: [''] min_timeout_sec: 10.0 max_timeout_sec: 180.0
Trajectory dumped to jobs/p1-terminus-2-mailman-r2/mailman__c4Znnxi/agent/trajectory.json
Sending keys: ["python3 /app/eval.py; rc=$?; echo EVALUATOR_EXIT=$rc; echo '--- postfix ---'; ps aux | grep '[p]ostfix/master' || true; echo '--- mailman ---'; ps aux | grep '[m]ailman3/bin/master' || true; echo '--- logs ---'; tail -40 /var/log/mailman3/error.log 2>/dev/null || true; tail -30 /var/log/mail.log 2>/dev/null || true"] min_timeout_sec: 15.0 max_timeout_sec: 180.0
Trajectory dumped to jobs/p1-terminus-2-mailman-r2/mailman__c4Znnxi/agent/trajectory.json
Sending keys: [''] min_timeout_sec: 12.0 max_timeout_sec: 180.0
Trajectory dumped to jobs/p1-terminus-2-mailman-r2/mailman__c4Znnxi/agent/trajectory.json
Sending keys: [''] min_timeout_sec: 25.0 max_timeout_sec: 180.0
Trajectory dumped to jobs/p1-terminus-2-mailman-r2/mailman__c4Znnxi/agent/trajectory.json
Parser warnings: - Command 1 should end with newline when followed by another command. Otherwise the two commands will be concatenated together on the same line.
Sending keys: ["echo '--- queue ---'; postqueue -p || true; echo '--- config ---'; postconf -n | grep -E '^(myhostname|mydestination|local_|mailbox_|home_mailbox|transport_maps|virtual_alias_maps)'; echo '--- user ---'; id 0c3e8269bcfbe5da 2>&1 || true; ls -ld /var/mail; ls -l /var/mail/0c3e8269bcfbe5da 2>&1 || true; echo '--- logs ---'; grep -E '0c3e8269bcfbe5da|postfix' /var/log/mail.log /var/log/mail.err /var/log/syslog 2>/dev/null | tail -80"] min_timeout_sec: 2.0 max_timeout_sec: 180.0
Sending keys: ["python3 - <<'PY'\nimport smtplib\nfrom email.mime.text import MIMEText\nm=MIMEText('manual delivery test')\nm['From']='tester@local.edu'; m['To']='0c3e8269bcfbe5da@local.edu'; m['Subject']='manual'\ntry:\n s=smtplib.SMTP('localhost',25,timeout=10); print(s.send_message(m)); print(s.quit())\nexcept Exception as e: print(repr(e))\nPY\nsleep 3; postqueue -p || true; grep -E '0c3e8269bcfbe5da' /var/log/mail.log /var/log/mail.err /var/log/syslog 2>/dev/null | tail -40"] min_timeout_sec: 5.0 max_timeout_sec: 180.0
Trajectory dumped to jobs/p1-terminus-2-mailman-r2/mailman__c4Znnxi/agent/trajectory.json
Parser warnings: - Command 1 should end with newline when followed by another command. Otherwise the two commands will be concatenated together on the same line.
Sending keys: ['C-c'] min_timeout_sec: 1.0 max_timeout_sec: 180.0
Sending keys: ["echo '--- queue ---'; postqueue -p || true; echo '--- config ---'; postconf -n | grep -E '^(myhostname|mydestination|local_|mailbox_|home_mailbox|transport_maps|virtual_alias_maps)'; echo '--- user/mail ---'; id 0c3e8269bcfbe5da 2>&1 || true; ls -ld /var/mail; ls -l /var/mail/0c3e8269bcfbe5da 2>&1 || true; echo '--- logs ---'; grep -E '0c3e8269bcfbe5da|postfix' /var/log/mail.log /var/log/mail.err /var/log/syslog 2>/dev/null | tail -80\n"] min_timeout_sec: 2.0 max_timeout_sec: 180.0
Sending keys: ["postconf -X mailbox_transport; postconf -e 'mailbox_command='; postconf -e 'home_mailbox='; postconf -e 'mail_spool_directory=/var/mail'; postconf -e 'local_transport=local:$受'; postconf -e 'transport_maps=hash:/var/lib/mailman3/data/postfix_lmtp'; postfix check; postfix reload; sleep 2; postconf -h local_transport\n"] min_timeout_sec: 2.0 max_timeout_sec: 180.0
Sending keys: ["python3 - <<'PY'\nimport smtplib\nfrom email.mime.text import MIMEText\nuser='0c3e8269bcfbe5da'\nm=MIMEText('manual delivery test')\nm['From']='tester@local.edu'; m['To']=user+'@local.edu'; m['Subject']='manual'\ns=smtplib.SMTP('localhost',25,timeout=10)\nprint(s.send_message(m)); print(s.quit())\nPY\nsleep 3; ls -l /var/mail/0c3e8269bcfbe5da 2>&1 || true; postqueue -p || true; grep -E '0c3e8269bcfbe5da' /var/log/mail.log /var/log/mail.err /var/log/syslog 2>/dev/null | tail -40\n"] min_timeout_sec: 5.0 max_timeout_sec: 180.0
Trajectory dumped to jobs/p1-terminus-2-mailman-r2/mailman__c4Znnxi/agent/trajectory.json
Sending keys: ["postconf -e 'mailbox_transport='; postconf -e 'local_transport=local:$local_recipient'; postconf -e 'mail_spool_directory=/var/mail'; postfix check; echo POSTFIX_CHECK=$?; postconf -h mailbox_transport; postconf -h local_transport; postfix reload; sleep 2; postqueue -f; sleep 5; ls -l /var/mail/0c3e8269bcfbe5da 2>&1 || true; postqueue -p\n"] min_timeout_sec: 8.0 max_timeout_sec: 180.0
Sending keys: ['python3 /app/eval.py; rc=$?; echo EVALUATOR_EXIT=$rc\n'] min_timeout_sec: 20.0 max_timeout_sec: 180.0
Trajectory dumped to jobs/p1-terminus-2-mailman-r2/mailman__c4Znnxi/agent/trajectory.json
Sending keys: ["python3 - <<'PY'\np='/etc/postfix/main.cf'\nlines=open(p).read().splitlines()\nremove={'local_transport','mailbox_transport','mailbox_command','home_mailbox'}\nout=[]\nfor line in lines:\n    if '=' in line and not line.lstrip().startswith('#'):\n        key=line.split('=',1)[0].strip()\n        if key in remove:\n            continue\n    if 'local:$' in line and ('???' in line or '$local_recipient' in line):\n        continue\n    out.append(line)\n# Ensure required valid settings exist exactly once.\ndef setv(key,val):\n    global out\n    found=False; new=[]\n    for line in out:\n        if '=' in line and not line.lstrip().startswith('#') and line.split('=',1)[0].strip()==key:\n            if not found: new.append(key+' = '+val); found=True\n        else: new.append(line)\n    if not found: new.append(key+' = '+val)\n    out=new\nsetv('mydestination','$myhostname, localhost, localhost.localdomain, local.edu')\nsetv('mail_spool_directory','/var/mail')\nsetv('transport_maps','hash:/var/lib/mailman3/data/postfix_lmtp')\nsetv('virtual_alias_maps','')\nopen(p,'w').write('\\n'.join(out)+'\\n')\nPY\npostfix check; echo CHECK=$?; grep -E '^(mydestination|mail_spool_directory|local_transport|mailbox_transport|mailbox_command|home_mailbox|transport_maps|virtual_alias_maps)' /etc/postfix/main.cf\n"] min_timeout_sec: 2.0 max_timeout_sec: 180.0
Sending keys: ["postfix stop 2>/dev/null || true; sleep 1; postfix start; sleep 3; postconf -n | grep -E '^(mydestination|mail_spool_directory|local_transport|mailbox_transport|transport_maps|virtual_alias_maps)' || true; postqueue -f; sleep 5; ls -l /var/mail/0c3e8269bcfbe5da 2>&1 || true; postqueue -p\n"] min_timeout_sec: 8.0 max_timeout_sec: 180.0
Sending keys: ['python3 /app/eval.py; rc=$?; echo EVALUATOR_EXIT=$rc\n'] min_timeout_sec: 25.0 max_timeout_sec: 180.0
Trajectory dumped to jobs/p1-terminus-2-mailman-r2/mailman__c4Znnxi/agent/trajectory.json
Sending keys: ['C-c\n'] min_timeout_sec: 1.0 max_timeout_sec: 180.0
Sending keys: ["echo '--- maps ---'; cat /var/lib/mailman3/data/postfix_lmtp; echo '--- domains ---'; cat /var/lib/mailman3/data/postfix_domains; echo '--- effective ---'; postconf -n; echo '--- queue details ---'; postcat -q 5DA995F6F 2>/dev/null | head -80; echo '--- logs ---'; grep -E '0c3e8269bcfbe5da|4058b33693c15df1|postfix' /var/log/mail.log /var/log/mail.err /var/log/syslog 2>/dev/null | tail -100\n"] min_timeout_sec: 2.0 max_timeout_sec: 180.0
Trajectory dumped to jobs/p1-terminus-2-mailman-r2/mailman__c4Znnxi/agent/trajectory.json
Parser warnings: - Command 1 should end with newline when followed by another command. Otherwise the two commands will be concatenated together on the same line.
Sending keys: ['C-c'] min_timeout_sec: 2.0 max_timeout_sec: 180.0
Sending keys: ["echo '--- maps ---'; cat /var/lib/mailman3/data/postfix_lmtp; echo '--- domains ---'; cat /var/lib/mailman3/data/postfix_domains; echo '--- effective ---'; postconf -n; echo '--- queue ---'; postqueue -p; echo '--- logs ---'; grep -E '0c3e8269bcfbe5da|4058b33693c15df1|postfix' /var/log/mail.log /var/log/mail.err /var/log/syslog 2>/dev/null | tail -100\n"] min_timeout_sec: 2.0 max_timeout_sec: 180.0
Trajectory dumped to jobs/p1-terminus-2-mailman-r2/mailman__c4Znnxi/agent/trajectory.json
Sending keys: ["python3 - <<'PY'\np='/etc/postfix/main.cf'\nlines=open(p).read().splitlines()\nout=[]\nfor line in lines:\n    if '=' in line and not line.lstrip().startswith('#') and line.split('=',1)[0].strip() == 'local_transport':\n        continue\n    out.append(line)\nopen(p,'w').write('\\n'.join(out)+'\\n')\nPY\npostfix check; echo CHECK=$?; grep -E '^(local_transport|mailbox_transport|transport_maps|mydestination|mail_spool_directory)' /etc/postfix/main.cf\n"] min_timeout_sec: 2.0 max_timeout_sec: 180.0
Sending keys: ["postfix stop; sleep 2; pkill -TERM -f 'postfix/master' 2>/dev/null || true; sleep 2; postfix start; sleep 4; postconf -n | grep -E '^(local_transport|mailbox_transport|transport_maps|mydestination|mail_spool_directory)' || true; postqueue -f; sleep 6; ls -l /var/mail/0c3e8269bcfbe5da /var/mail/4058b33693c15df1 2>&1 || true; postqueue -p\n"] min_timeout_sec: 12.0 max_timeout_sec: 180.0
Sending keys: ['python3 /app/eval.py; rc=$?; echo EVALUATOR_EXIT=$rc\n'] min_timeout_sec: 30.0 max_timeout_sec: 180.0
Trajectory dumped to jobs/p1-terminus-2-mailman-r2/mailman__c4Znnxi/agent/trajectory.json
Sending keys: ["python3 - <<'PY'\np='/etc/postfix/main.cf'\nlines=open(p).read().splitlines()\nout=[]; found=False\nfor line in lines:\n    if '=' in line and not line.lstrip().startswith('#') and line.split('=',1)[0].strip() == 'local_recipient_maps':\n        if not found: out.append('local_recipient_maps ='); found=True\n    else: out.append(line)\nif not found: out.append('local_recipient_maps =')\nopen(p,'w').write('\\n'.join(out)+'\\n')\nPY\npostfix check; echo CHECK=$?; grep -E '^(local_recipient_maps|transport_maps|mydestination)' /etc/postfix/main.cf; postfix reload; sleep 3\n"] min_timeout_sec: 3.0 max_timeout_sec: 180.0
Sending keys: ['python3 /app/eval.py; rc=$?; echo EVALUATOR_EXIT=$rc\n'] min_timeout_sec: 30.0 max_timeout_sec: 180.0
Trajectory dumped to jobs/p1-terminus-2-mailman-r2/mailman__c4Znnxi/agent/trajectory.json
Trajectory dumped to jobs/p1-terminus-2-mailman-r2/mailman__c4Znnxi/agent/trajectory.json
Trajectory dumped to jobs/p1-terminus-2-mailman-r2/mailman__c4Znnxi/agent/trajectory.json
Trajectory dumped to jobs/p1-terminus-2-mailman-r2/mailman__c4Znnxi/agent/trajectory.json
Collecting main service artifacts
