Skipping image OS validation for alexgshaw/make-mips-interpreter:20251031: docker inspect returned 1
Trajectory dumped to jobs/p1-terminus-2-make-mips-interpreter-r2/make-mips-interpreter__hU3tfWN/agent/trajectory.json
Trajectory dumped to jobs/p1-terminus-2-make-mips-interpreter-r2/make-mips-interpreter__hU3tfWN/agent/trajectory.json
Trajectory dumped to jobs/p1-terminus-2-make-mips-interpreter-r2/make-mips-interpreter__hU3tfWN/agent/trajectory.json
Trajectory dumped to jobs/p1-terminus-2-make-mips-interpreter-r2/make-mips-interpreter__hU3tfWN/agent/trajectory.json
Trajectory dumped to jobs/p1-terminus-2-make-mips-interpreter-r2/make-mips-interpreter__hU3tfWN/agent/trajectory.json
Trajectory dumped to jobs/p1-terminus-2-make-mips-interpreter-r2/make-mips-interpreter__hU3tfWN/agent/trajectory.json
Trajectory dumped to jobs/p1-terminus-2-make-mips-interpreter-r2/make-mips-interpreter__hU3tfWN/agent/trajectory.json
Trajectory dumped to jobs/p1-terminus-2-make-mips-interpreter-r2/make-mips-interpreter__hU3tfWN/agent/trajectory.json
Trajectory dumped to jobs/p1-terminus-2-make-mips-interpreter-r2/make-mips-interpreter__hU3tfWN/agent/trajectory.json
Trajectory dumped to jobs/p1-terminus-2-make-mips-interpreter-r2/make-mips-interpreter__hU3tfWN/agent/trajectory.json
Parser warnings: - Command 3 should end with newline when followed by another command. Otherwise the two commands will be concatenated together on the same line.
Trajectory dumped to jobs/p1-terminus-2-make-mips-interpreter-r2/make-mips-interpreter__hU3tfWN/agent/trajectory.json
Trajectory dumped to jobs/p1-terminus-2-make-mips-interpreter-r2/make-mips-interpreter__hU3tfWN/agent/trajectory.json
Trajectory dumped to jobs/p1-terminus-2-make-mips-interpreter-r2/make-mips-interpreter__hU3tfWN/agent/trajectory.json
Trajectory dumped to jobs/p1-terminus-2-make-mips-interpreter-r2/make-mips-interpreter__hU3tfWN/agent/trajectory.json
Trajectory dumped to jobs/p1-terminus-2-make-mips-interpreter-r2/make-mips-interpreter__hU3tfWN/agent/trajectory.json
Trajectory dumped to jobs/p1-terminus-2-make-mips-interpreter-r2/make-mips-interpreter__hU3tfWN/agent/trajectory.json
Trajectory dumped to jobs/p1-terminus-2-make-mips-interpreter-r2/make-mips-interpreter__hU3tfWN/agent/trajectory.json
Trajectory dumped to jobs/p1-terminus-2-make-mips-interpreter-r2/make-mips-interpreter__hU3tfWN/agent/trajectory.json
Trajectory dumped to jobs/p1-terminus-2-make-mips-interpreter-r2/make-mips-interpreter__hU3tfWN/agent/trajectory.json
Parser warnings: - Extra text detected before JSON object
Trajectory dumped to jobs/p1-terminus-2-make-mips-interpreter-r2/make-mips-interpreter__hU3tfWN/agent/trajectory.json
Trajectory dumped to jobs/p1-terminus-2-make-mips-interpreter-r2/make-mips-interpreter__hU3tfWN/agent/trajectory.json
Trajectory dumped to jobs/p1-terminus-2-make-mips-interpreter-r2/make-mips-interpreter__hU3tfWN/agent/trajectory.json
Trajectory dumped to jobs/p1-terminus-2-make-mips-interpreter-r2/make-mips-interpreter__hU3tfWN/agent/trajectory.json
Trajectory dumped to jobs/p1-terminus-2-make-mips-interpreter-r2/make-mips-interpreter__hU3tfWN/agent/trajectory.json
Trajectory dumped to jobs/p1-terminus-2-make-mips-interpreter-r2/make-mips-interpreter__hU3tfWN/agent/trajectory.json
Trajectory dumped to jobs/p1-terminus-2-make-mips-interpreter-r2/make-mips-interpreter__hU3tfWN/agent/trajectory.json
Trajectory dumped to jobs/p1-terminus-2-make-mips-interpreter-r2/make-mips-interpreter__hU3tfWN/agent/trajectory.json
Trajectory dumped to jobs/p1-terminus-2-make-mips-interpreter-r2/make-mips-interpreter__hU3tfWN/agent/trajectory.json
Trajectory dumped to jobs/p1-terminus-2-make-mips-interpreter-r2/make-mips-interpreter__hU3tfWN/agent/trajectory.json
Trajectory dumped to jobs/p1-terminus-2-make-mips-interpreter-r2/make-mips-interpreter__hU3tfWN/agent/trajectory.json
Trajectory dumped to jobs/p1-terminus-2-make-mips-interpreter-r2/make-mips-interpreter__hU3tfWN/agent/trajectory.json
Trajectory dumped to jobs/p1-terminus-2-make-mips-interpreter-r2/make-mips-interpreter__hU3tfWN/agent/trajectory.json
Trajectory dumped to jobs/p1-terminus-2-make-mips-interpreter-r2/make-mips-interpreter__hU3tfWN/agent/trajectory.json
Trajectory dumped to jobs/p1-terminus-2-make-mips-interpreter-r2/make-mips-interpreter__hU3tfWN/agent/trajectory.json
Trajectory dumped to jobs/p1-terminus-2-make-mips-interpreter-r2/make-mips-interpreter__hU3tfWN/agent/trajectory.json
Trajectory dumped to jobs/p1-terminus-2-make-mips-interpreter-r2/make-mips-interpreter__hU3tfWN/agent/trajectory.json
Collecting main service artifacts
