Skipping image OS validation for alexgshaw/build-cython-ext:20251031: docker inspect returned 1
Installing: tmux, asciinema
Detected system: {'os': 'debian-based', 'package_manager': 'apt-get', 'update_command': None}
Installing tools using apt-get: DEBIAN_FRONTEND=noninteractive apt-get update && DEBIAN_FRONTEND=noninteractive apt-get install -y tmux asciinema
Starting recording.
Sending keys: ['asciinema rec --stdin /logs/agent/recording.cast', 'Enter'] min_timeout_sec: 1.0 max_timeout_sec: 180.0
Sending keys: ['clear', 'Enter'] min_timeout_sec: 0.0 max_timeout_sec: 180.0
Parser warnings: - Extra text detected after JSON object
Sending keys: ['cd /app && git clone --depth 1 --branch 0.5.3 https://github.com/SPOCKnots/pyknotid.git\n'] min_timeout_sec: 1.0 max_timeout_sec: 180.0
Sending keys: ['cd /app/pyknotid && python3 -V && python3 -c "import numpy; print(numpy.__version__)" && find . -maxdepth 2 -type f | sort | sed -n \'1,160p\'\n'] min_timeout_sec: 0.5 max_timeout_sec: 180.0
Trajectory dumped to jobs/p1-terminus-2-build-cython-ext-r3/build-cython-ext__SNDYpAY/agent/trajectory.json
Sending keys: [''] min_timeout_sec: 5.0 max_timeout_sec: 180.0
Trajectory dumped to jobs/p1-terminus-2-build-cython-ext-r3/build-cython-ext__SNDYpAY/agent/trajectory.json
Sending keys: ["cd /app/pyknotid && sed -n '1,240p' setup.py && printf '\\n--- package files ---\\n' && find pyknotid -maxdepth 3 -type f | sort && printf '\\n--- deprecated/API candidates ---\\n' && grep -RInE 'np\\.(int|float|complex|bool|object|str)|numpy\\.(int|float|complex|bool|object|str)|PyArray|distutils|language_level|IF|cdivision' --include='*.py' --include='*.pyx' --include='*.pxd' pyknotid setup.py || true\n"] min_timeout_sec: 0.5 max_timeout_sec: 180.0
Sending keys: ['cd /app/pyknotid && python3 setup.py build_ext --inplace\n'] min_timeout_sec: 1.0 max_timeout_sec: 180.0
Trajectory dumped to jobs/p1-terminus-2-build-cython-ext-r3/build-cython-ext__SNDYpAY/agent/trajectory.json
Parser warnings: - Extra text detected after JSON object
Sending keys: ['python3 -m pip --version; python3 -m pip show setuptools Cython wheel || true\n'] min_timeout_sec: 0.5 max_timeout_sec: 180.0
Sending keys: ['python3 -m pip install --upgrade setuptools wheel Cython\n'] min_timeout_sec: 5.0 max_timeout_sec: 180.0
Sending keys: ['cd /app/pyknotid && python3 setup.py build_ext --inplace\n'] min_timeout_sec: 3.0 max_timeout_sec: 180.0
Trajectory dumped to jobs/p1-terminus-2-build-cython-ext-r3/build-cython-ext__SNDYpAY/agent/trajectory.json
Sending keys: [''] min_timeout_sec: 5.0 max_timeout_sec: 180.0
Trajectory dumped to jobs/p1-terminus-2-build-cython-ext-r3/build-cython-ext__SNDYpAY/agent/trajectory.json
Sending keys: [''] min_timeout_sec: 5.0 max_timeout_sec: 180.0
Trajectory dumped to jobs/p1-terminus-2-build-cython-ext-r3/build-cython-ext__SNDYpAY/agent/trajectory.json
Sending keys: [''] min_timeout_sec: 5.0 max_timeout_sec: 180.0
Trajectory dumped to jobs/p1-terminus-2-build-cython-ext-r3/build-cython-ext__SNDYpAY/agent/trajectory.json
Sending keys: [''] min_timeout_sec: 5.0 max_timeout_sec: 180.0
Trajectory dumped to jobs/p1-terminus-2-build-cython-ext-r3/build-cython-ext__SNDYpAY/agent/trajectory.json
Sending keys: [''] min_timeout_sec: 5.0 max_timeout_sec: 180.0
Trajectory dumped to jobs/p1-terminus-2-build-cython-ext-r3/build-cython-ext__SNDYpAY/agent/trajectory.json
Sending keys: [''] min_timeout_sec: 5.0 max_timeout_sec: 180.0
Trajectory dumped to jobs/p1-terminus-2-build-cython-ext-r3/build-cython-ext__SNDYpAY/agent/trajectory.json
Sending keys: [''] min_timeout_sec: 5.0 max_timeout_sec: 180.0
Trajectory dumped to jobs/p1-terminus-2-build-cython-ext-r3/build-cython-ext__SNDYpAY/agent/trajectory.json
Sending keys: ["cd /app/pyknotid && python3 - <<'PY'\nfrom pathlib import Path\nrepls = {\n    'pyknotid/spacecurves/spacecurve.py': [('np.float)', 'float)'), ('np.bool)', 'bool)')],\n    'pyknotid/spacecurves/periodiccell.py': [('np.int)', 'int)')],\n    'pyknotid/spacecurves/ccomplexity.pyx': [('dtype=np.int)', 'dtype=np.int64')],\n}\nfor name, pairs in repls.items():\n    p = Path(name)\n    s = p.read_text()\n    for old, new in pairs:\n        s = s.replace(old, new)\n    p.write_text(s)\nPY\npython3 setup.py build_ext --inplace\n"] min_timeout_sec: 5.0 max_timeout_sec: 180.0
Sending keys: ['cd /app/pyknotid && python3 -m pip install --no-deps .\n'] min_timeout_sec: 5.0 max_timeout_sec: 180.0
Sending keys: ["cd /app/pyknotid && python3 - <<'PY'\nimport numpy\nimport pyknotid\nfrom pyknotid.spacecurves import chelpers, ccomplexity\nfrom pyknotid import cinvariants\nimport pyknotid.make as mk\nimport pyknotid.spacecurves as sp\nprint('numpy', numpy.__version__)\nprint('extensions loaded:', chelpers.__file__, ccomplexity.__file__, cinvariants.__file__)\nk = sp.Knot(mk.three_twist(num_points=100))\nout = k.alexander_polynomial(-1)\nprint('alexander(-1):', out)\nPY\n"] min_timeout_sec: 3.0 max_timeout_sec: 180.0
Trajectory dumped to jobs/p1-terminus-2-build-cython-ext-r3/build-cython-ext__SNDYpAY/agent/trajectory.json
Sending keys: ["cd /app/pyknotid && sed -n '1,100p' pyknotid/spacecurves/ccomplexity.pyx && python3 - <<'PY'\nfrom pathlib import Path\np = Path('pyknotid/spacecurves/ccomplexity.pyx')\ns = p.read_text().replace('dtype=np.int64\\n', 'dtype=np.int64)\\n')\np.write_text(s)\nPY\nsed -n '10,85p' pyknotid/spacecurves/ccomplexity.pyx\n"] min_timeout_sec: 0.5 max_timeout_sec: 180.0
Sending keys: ['python3 -m pip install --upgrade --no-deps vispy networkx planarity peewee sympy appdirs requests tqdm\n'] min_timeout_sec: 8.0 max_timeout_sec: 180.0
Sending keys: ['cd /app/pyknotid && python3 setup.py build_ext --inplace\n'] min_timeout_sec: 8.0 max_timeout_sec: 180.0
Trajectory dumped to jobs/p1-terminus-2-build-cython-ext-r3/build-cython-ext__SNDYpAY/agent/trajectory.json
Sending keys: [''] min_timeout_sec: 10.0 max_timeout_sec: 180.0
Trajectory dumped to jobs/p1-terminus-2-build-cython-ext-r3/build-cython-ext__SNDYpAY/agent/trajectory.json
Sending keys: [''] min_timeout_sec: 15.0 max_timeout_sec: 180.0
Trajectory dumped to jobs/p1-terminus-2-build-cython-ext-r3/build-cython-ext__SNDYpAY/agent/trajectory.json
Sending keys: [''] min_timeout_sec: 20.0 max_timeout_sec: 180.0
Trajectory dumped to jobs/p1-terminus-2-build-cython-ext-r3/build-cython-ext__SNDYpAY/agent/trajectory.json
Sending keys: [''] min_timeout_sec: 30.0 max_timeout_sec: 180.0
Trajectory dumped to jobs/p1-terminus-2-build-cython-ext-r3/build-cython-ext__SNDYpAY/agent/trajectory.json
Sending keys: [''] min_timeout_sec: 15.0 max_timeout_sec: 180.0
Trajectory dumped to jobs/p1-terminus-2-build-cython-ext-r3/build-cython-ext__SNDYpAY/agent/trajectory.json
Sending keys: ['cd /app/pyknotid && python3 -m pip install --no-deps .\n'] min_timeout_sec: 5.0 max_timeout_sec: 180.0
Sending keys: ["cd /app/pyknotid && python3 - <<'PY'\nimport numpy\nimport pyknotid\nfrom pyknotid.spacecurves import chelpers, ccomplexity\nfrom pyknotid import cinvariants\nimport pyknotid.make as mk\nimport pyknotid.spacecurves as sp\nprint('numpy', numpy.__version__)\nprint('pyknotid', pyknotid.__file__)\nprint('chelpers', chelpers.__file__)\nprint('ccomplexity', ccomplexity.__file__)\nprint('cinvariants', cinvariants.__file__)\nk = sp.Knot(mk.three_twist(num_points=100))\nout = k.alexander_polynomial(-1)\nprint('alexander(-1):', out)\nPY\n"] min_timeout_sec: 5.0 max_timeout_sec: 180.0
Sending keys: ['cd /app/pyknotid && python3 -m pytest -q tests/test_knot.py tests/test_spacecurve.py\n'] min_timeout_sec: 10.0 max_timeout_sec: 180.0
Trajectory dumped to jobs/p1-terminus-2-build-cython-ext-r3/build-cython-ext__SNDYpAY/agent/trajectory.json
Sending keys: ['python3 -m pip install --upgrade hsluv pytest\n'] min_timeout_sec: 8.0 max_timeout_sec: 180.0
Sending keys: ["cd /app/pyknotid && python3 - <<'PY'\nimport numpy\nimport pyknotid\nfrom pyknotid.spacecurves import chelpers, ccomplexity\nfrom pyknotid import cinvariants\nimport pyknotid.make as mk\nimport pyknotid.spacecurves as sp\nassert numpy.__version__ == '2.3.0', numpy.__version__\nfor mod in (chelpers, ccomplexity, cinvariants):\n    assert mod.__file__.endswith(('.so', '.pyd')), mod.__file__\nprint('numpy', numpy.__version__)\nprint('pyknotid', pyknotid.__file__)\nprint('extensions:', chelpers.__file__, ccomplexity.__file__, cinvariants.__file__)\nk = sp.Knot(mk.three_twist(num_points=100))\nout = k.alexander_polynomial(-1)\nprint('alexander(-1):', out)\nPY\n"] min_timeout_sec: 5.0 max_timeout_sec: 180.0
Sending keys: ['cd /app/pyknotid && python3 -m pytest -q --ignore=tests/test_random_curves.py --ignore=tests/test_catalogue.py\n'] min_timeout_sec: 20.0 max_timeout_sec: 180.0
Trajectory dumped to jobs/p1-terminus-2-build-cython-ext-r3/build-cython-ext__SNDYpAY/agent/trajectory.json
Sending keys: ['python3 -m pip install --upgrade mpmath freetype-py kiwisolver\n'] min_timeout_sec: 8.0 max_timeout_sec: 180.0
Sending keys: ["cd /app/pyknotid && grep -RInE 'np\\.(int|float|complex|bool|object|str)([^0-9A-Za-z_]|$)|numpy\\.(int|float|complex|bool|object|str)([^0-9A-Za-z_]|$)' --include='*.py' --include='*.pyx' pyknotid || true\n"] min_timeout_sec: 0.5 max_timeout_sec: 180.0
Sending keys: ["cd /app/pyknotid && python3 - <<'PY'\nimport numpy\nimport pyknotid\nfrom pyknotid.spacecurves import chelpers, ccomplexity\nfrom pyknotid import cinvariants\nimport pyknotid.make as mk\nimport pyknotid.spacecurves as sp\nassert numpy.__version__ == '2.3.0', numpy.__version__\nfor mod in (chelpers, ccomplexity, cinvariants):\n    assert mod.__file__.endswith(('.so', '.pyd')), mod.__file__\nprint('numpy', numpy.__version__)\nprint('pyknotid', pyknotid.__file__)\nprint('extensions:', chelpers.__file__, ccomplexity.__file__, cinvariants.__file__)\nk = sp.Knot(mk.three_twist(num_points=100))\nout = k.alexander_polynomial(-1)\nprint('alexander(-1):', out)\nPY\n"] min_timeout_sec: 5.0 max_timeout_sec: 180.0
Sending keys: ['cd /app/pyknotid && python3 -m pytest -q --ignore=tests/test_random_curves.py --ignore=tests/test_catalogue.py\n'] min_timeout_sec: 20.0 max_timeout_sec: 180.0
Trajectory dumped to jobs/p1-terminus-2-build-cython-ext-r3/build-cython-ext__SNDYpAY/agent/trajectory.json
Sending keys: ["python3 -m pip install --force-reinstall 'mpmath<1.4'\n"] min_timeout_sec: 5.0 max_timeout_sec: 180.0
Sending keys: ["cd /app/pyknotid && python3 - <<'PY'\nfrom pathlib import Path\np = Path('pyknotid/make/torus.py')\ns = p.read_text()\ns = s.replace('from fractions import gcd', 'from math import gcd')\np.write_text(s)\nPY\ngrep -nE 'gcd|fractions|math' pyknotid/make/torus.py\npython3 -m pip install --no-deps .\n"] min_timeout_sec: 8.0 max_timeout_sec: 180.0
Sending keys: ["cd /app/pyknotid && python3 - <<'PY'\nimport numpy\nimport pyknotid\nfrom pyknotid.spacecurves import chelpers, ccomplexity\nfrom pyknotid import cinvariants\nimport pyknotid.make as mk\nimport pyknotid.spacecurves as sp\nassert numpy.__version__ == '2.3.0', numpy.__version__\nfor mod in (chelpers, ccomplexity, cinvariants):\n    assert mod.__file__.endswith(('.so', '.pyd')), mod.__file__\nprint('numpy', numpy.__version__)\nprint('pyknotid', pyknotid.__file__)\nprint('extensions:', chelpers.__file__, ccomplexity.__file__, cinvariants.__file__)\nk = sp.Knot(mk.three_twist(num_points=100))\nout = k.alexander_polynomial(-1)\nprint('alexander(-1):', out)\nPY\n"] min_timeout_sec: 5.0 max_timeout_sec: 180.0
Sending keys: ['cd /app/pyknotid && python3 -m pytest -q --ignore=tests/test_random_curves.py --ignore=tests/test_catalogue.py\n'] min_timeout_sec: 30.0 max_timeout_sec: 180.0
Trajectory dumped to jobs/p1-terminus-2-build-cython-ext-r3/build-cython-ext__SNDYpAY/agent/trajectory.json
Sending keys: ["cd /app/pyknotid && grep -RInE '(^|[^A-Za-z0-9_])(np|numpy)\\.(float|int|bool|complex|object|str)([^A-Za-z0-9_]|$)' --include='*.py' --include='*.pyx' --include='*.pxd' pyknotid || true\n"] min_timeout_sec: 0.5 max_timeout_sec: 180.0
Sending keys: ["cd /app/pyknotid && grep -RIn 'np\\.float\\|np\\.int\\|np\\.bool' --include='*.py' --include='*.pyx' pyknotid || true\n"] min_timeout_sec: 0.5 max_timeout_sec: 180.0
Trajectory dumped to jobs/p1-terminus-2-build-cython-ext-r3/build-cython-ext__SNDYpAY/agent/trajectory.json
Sending keys: ["grep -RInE 'np\\.float|numpy\\.float|np\\.bool|numpy\\.bool|np\\.int([^0-9]|$)|numpy\\.int([^0-9]|$)' /app/pyknotid /usr/local/lib/python3.13/site-packages/pyknotid 2>/dev/null || true\n"] min_timeout_sec: 1.0 max_timeout_sec: 180.0
Sending keys: ["cd /app/pyknotid && git diff -- pyknotid | sed -n '1,240p' && python3 - <<'PY'\nimport pyknotid, pyknotid.invariants, pyknotid.spacecurves.spacecurve\nprint('package:', pyknotid.__file__)\nprint('invariants:', pyknotid.invariants.__file__)\nprint('spacecurve:', pyknotid.spacecurves.spacecurve.__file__)\nPY\n"] min_timeout_sec: 1.0 max_timeout_sec: 180.0
Sending keys: ['cd /app/pyknotid && python3 -m pytest -q tests/test_knot.py::test_invariants -x -vv\n'] min_timeout_sec: 10.0 max_timeout_sec: 180.0
Trajectory dumped to jobs/p1-terminus-2-build-cython-ext-r3/build-cython-ext__SNDYpAY/agent/trajectory.json
Sending keys: ["cd /app/pyknotid && python3 -m pytest tests/test_knot.py::test_invariants -x -vv > /tmp/pyknotid-test.log 2>&1; rc=$?; sed -n '1,240p' /tmp/pyknotid-test.log; exit $rc\n"] min_timeout_sec: 10.0 max_timeout_sec: 180.0
Sending keys: ["cd /app/pyknotid && sed -n '1,240p' tests/test_knot.py && printf '\\n--- invariants references ---\\n' && grep -RInE 'numpy|np\\.|float|dtype|astype' pyknotid/invariants.py pyknotid/cinvariants.pyx pyknotid/spacecurves pyknotid/representations | sed -n '1,260p'\n"] min_timeout_sec: 1.0 max_timeout_sec: 180.0
Trajectory dumped to jobs/p1-terminus-2-build-cython-ext-r3/build-cython-ext__SNDYpAY/agent/trajectory.json
Sending keys: ["printf '%s\\n' '--- traceback matches ---'; grep -n -B12 -A12 -E 'np\\.float|numpy.*float|AttributeError|short test summary' /tmp/pyknotid-test.log || true; printf '%s\\n' '--- log start/end ---'; sed -n '1,100p' /tmp/pyknotid-test.log; tail -120 /tmp/pyknotid-test.log\n"] min_timeout_sec: 1.0 max_timeout_sec: 180.0
Sending keys: ['cd /app/pyknotid && grep -RInE \'np[[:space:]]*\\[["\'"\']float|numpy[[:space:]]*\\[["\'"\']float|getattr\\([^)]*float|dtype[[:space:]]*=[[:space:]]*["\'"\']float|astype\\([[:space:]]*["\'"\']float\' --include=\'*.py\' --include=\'*.pyx\' --include=\'*.pxd\' . /usr/local/lib/python3.13/site-packages/pyknotid 2>/dev/null || true\n'] min_timeout_sec: 1.0 max_timeout_sec: 180.0
Sending keys: ["cd /app/pyknotid && python3 - <<'PY'\nimport traceback\ntry:\n    import tests.test_knot as t\n    t.test_invariants()\nexcept Exception:\n    traceback.print_exc()\nPY\n"] min_timeout_sec: 10.0 max_timeout_sec: 180.0
Trajectory dumped to jobs/p1-terminus-2-build-cython-ext-r3/build-cython-ext__SNDYpAY/agent/trajectory.json
Parser warnings: - Extra text detected after JSON object
Sending keys: ["cd /app/pyknotid && grep -RInE '\\b[a-zA-Z_][a-zA-Z0-9_]*\\.(float|int|bool|complex|object|str)([^A-Za-z0-9_]|$)' --include='*.py' --include='*.pyx' --include='*.pxd' pyknotid tests || true\n"] min_timeout_sec: 1.0 max_timeout_sec: 180.0
Sending keys: ["cd /app/pyknotid && python3 - <<'PY'\nfrom pathlib import Path\nimport re\nfor p in list(Path('pyknotid').rglob('*.py')) + list(Path('pyknotid').rglob('*.pyx')) + list(Path('pyknotid').rglob('*.pxd')):\n    s = p.read_text()\n    fixed = re.sub(r'\\b(n|np|numpy)\\.(float|int|bool|complex|object|str)\\b', r'\\2', s)\n    if fixed != s:\n        p.write_text(fixed)\n        print('patched', p)\nPY\ngrep -RInE '\\b[a-zA-Z_][a-zA-Z0-9_]*\\.(float|int|bool|complex|object|str)([^A-Za-z0-9_]|$)' --include='*.py' --include='*.pyx' --include='*.pxd' pyknotid || true\npython3 -m pip install --no-deps .\n"] min_timeout_sec: 8.0 max_timeout_sec: 180.0
Sending keys: ["cd /app/pyknotid && python3 - <<'PY'\nimport numpy\nimport pyknotid\nfrom pyknotid.spacecurves import chelpers, ccomplexity\nfrom pyknotid import cinvariants\nimport pyknotid.make as mk\nimport pyknotid.spacecurves as sp\nassert numpy.__version__ == '2.3.0', numpy.__version__\nassert all(m.__file__.endswith(('.so', '.pyd')) for m in (chelpers, ccomplexity, cinvariants))\nk = sp.Knot(mk.three_twist(num_points=100))\nout = k.alexander_polynomial(-1)\nprint('numpy', numpy.__version__)\nprint('extensions OK')\nprint('alexander(-1):', out)\nPY\n"] min_timeout_sec: 5.0 max_timeout_sec: 180.0
Sending keys: ['cd /app/pyknotid && python3 -m pytest -q --ignore=tests/test_random_curves.py --ignore=tests/test_catalogue.py\n'] min_timeout_sec: 30.0 max_timeout_sec: 180.0
Trajectory dumped to jobs/p1-terminus-2-build-cython-ext-r3/build-cython-ext__SNDYpAY/agent/trajectory.json
Sending keys: ["cd /app/pyknotid && sed -n '280,390p' pyknotid/representations/representation.py && grep -RIn 'planarity\\|embed_drawplanar\\|networkx_graph' pyknotid tests | sed -n '1,200p'\n"] min_timeout_sec: 1.0 max_timeout_sec: 180.0
Sending keys: ["python3 - <<'PY'\nimport planarity, inspect\nprint('planarity', getattr(planarity, '__version__', 'unknown'), planarity.__file__)\nprint('PGraph methods:', [x for x in dir(planarity.PGraph) if not x.startswith('_')])\nprint('networkx_graph:', inspect.signature(planarity.networkx_graph))\nprint(inspect.getsource(planarity.networkx_graph))\nPY\n"] min_timeout_sec: 1.0 max_timeout_sec: 180.0
Sending keys: ["cd /app/pyknotid && python3 - <<'PY'\nimport planarity\nfrom pyknotid.representations.planardiagram import PlanarDiagram\n# Use the same representative object if available by exercising a known test path.\nimport inspect, tests.test_spacecurve as t\nprint(inspect.getsource(t.test_reconstructed_space_curve))\nPY\n"] min_timeout_sec: 1.0 max_timeout_sec: 180.0
Trajectory dumped to jobs/p1-terminus-2-build-cython-ext-r3/build-cython-ext__SNDYpAY/agent/trajectory.json
Sending keys: ["cd /app/pyknotid && sed -n '1,220p' tests/test_spacecurve.py && sed -n '300,355p' pyknotid/representations/representation.py\n"] min_timeout_sec: 1.0 max_timeout_sec: 180.0
Sending keys: ["cd /app/pyknotid && python3 - <<'PY'\nimport planarity\nfrom pyknotid.representations.planardiagram import PlanarDiagram\nfrom pyknotid.make import trefoil\nfrom pyknotid.spacecurves import Knot\n\nk = Knot(trefoil())\npd = k.planar_diagram()\ng, duplicates, heights, first_edge = pd.as_networkx_extended()\nprint('input nodes:', list(g.nodes(data=True))[:4])\npg = planarity.PGraph(g)\nprint('before:', list(pg.nodes(include_drawplanar_vertex_info=True))[:4])\npg.embed_drawplanar()\nprint('after:', list(pg.nodes(include_drawplanar_vertex_info=True))[:8])\nprint('edges:', list(pg.edges(include_drawplanar_edge_info=True))[:8])\nng = planarity.networkx_graph(pg)\nprint('converted:', list(ng.nodes(data=True))[:8])\nPY\n"] min_timeout_sec: 5.0 max_timeout_sec: 180.0
Trajectory dumped to jobs/p1-terminus-2-build-cython-ext-r3/build-cython-ext__SNDYpAY/agent/trajectory.json
Sending keys: ["cd /app/pyknotid && sed -n '315,430p' pyknotid/representations/representation.py\n"] min_timeout_sec: 0.5 max_timeout_sec: 180.0
Sending keys: ["cd /app/pyknotid && python3 - <<'PY'\nimport networkx as nx\nprint(nx.__version__)\nprint('planar_layout:', hasattr(nx, 'planar_layout'))\nPY\n"] min_timeout_sec: 0.5 max_timeout_sec: 180.0
Sending keys: ['cd /app/pyknotid && python3 - <<\'PY\'\nfrom pathlib import Path\np = Path(\'pyknotid/representations/representation.py\')\ns = p.read_text()\nold = """        g = planarity.networkx_graph(pg)\\n\\n\\n        node_labels = {}\\n"""\nnew = """        g = planarity.networkx_graph(pg)\\n\\n        # planarity >= 1.0 stores draw-planar ordering metadata rather than\\n        # the legacy NetworkX ``pos`` node attribute expected below.  Recover\\n        # a 2-D planar layout for compatibility with both APIs.\\n        if any(\'pos\' not in data for _, data in g.nodes(data=True)):\\n            try:\\n                import networkx as nx\\n                positions = nx.planar_layout(g)\\n            except Exception:\\n                positions = nx.spring_layout(g, seed=0)\\n            for node, position in positions.items():\\n                g.nodes[node][\'pos\'] = position\\n\\n        node_labels = {}\\n"""\nif old not in s:\n    raise SystemExit(\'target block not found\')\np.write_text(s.replace(old, new))\nPY\nsed -n \'318,350p\' pyknotid/representations/representation.py\npython3 -m pip install --no-deps .\n'] min_timeout_sec: 8.0 max_timeout_sec: 180.0
Sending keys: ['cd /app/pyknotid && python3 -m pytest -q tests/test_spacecurve.py::test_reconstructed_space_curve\n'] min_timeout_sec: 15.0 max_timeout_sec: 180.0
Sending keys: ['cd /app/pyknotid && python3 -m pytest -q --ignore=tests/test_random_curves.py --ignore=tests/test_catalogue.py\n'] min_timeout_sec: 30.0 max_timeout_sec: 180.0
Trajectory dumped to jobs/p1-terminus-2-build-cython-ext-r3/build-cython-ext__SNDYpAY/agent/trajectory.json
Sending keys: ["cd /app/pyknotid && sed -n '335,390p' pyknotid/representations/representation.py\n"] min_timeout_sec: 0.5 max_timeout_sec: 180.0
Sending keys: ['cd /app/pyknotid && python3 - <<\'PY\'\nfrom pathlib import Path\np = Path(\'pyknotid/representations/representation.py\')\ns = p.read_text()\nneedle = """            for node, position in positions.items():\n                g.nodes[node][\'pos\'] = position\n\n        node_labels = {}\n"""\nreplacement = """            for node, position in positions.items():\n                g.nodes[node][\'pos\'] = position\n\n        # planarity >= 1.0 also renamed the vertex interval metadata.\n        # Translate it to the names used by the original pyknotid code.\n        for node, data in g.nodes(data=True):\n            if \'start\' not in data and \'vertex_start\' in data:\n                data[\'start\'] = data[\'vertex_start\']\n            if \'end\' not in data and \'vertex_end\' in data:\n                data[\'end\'] = data[\'vertex_end\']\n\n        node_labels = {}\n"""\nif needle not in s:\n    raise SystemExit(\'target block not found\')\np.write_text(s.replace(needle, replacement))\nPY\nsed -n \'320,365p\' pyknotid/representations/representation.py\npython3 -m pip install --no-deps .\n'] min_timeout_sec: 8.0 max_timeout_sec: 180.0
Sending keys: ['cd /app/pyknotid && python3 -m pytest -q tests/test_spacecurve.py::test_reconstructed_space_curve\n'] min_timeout_sec: 15.0 max_timeout_sec: 180.0
Sending keys: ['cd /app/pyknotid && python3 -m pytest -q --ignore=tests/test_random_curves.py --ignore=tests/test_catalogue.py\n'] min_timeout_sec: 30.0 max_timeout_sec: 180.0
Trajectory dumped to jobs/p1-terminus-2-build-cython-ext-r3/build-cython-ext__SNDYpAY/agent/trajectory.json
Sending keys: ['cd /app/pyknotid && python3 - <<\'PY\'\nfrom pathlib import Path\np = Path(\'pyknotid/representations/representation.py\')\ns = p.read_text()\ns = s.replace("g.nodes[node][\'pos\'] = position", "g.nodes[node][\'pos\'] = float(position[1])")\np.write_text(s)\nPY\ngrep -n -A4 -B4 "g.nodes\\[node\\]\\[\'pos\'\\]" pyknotid/representations/representation.py\npython3 -m pip install --no-deps .\n'] min_timeout_sec: 8.0 max_timeout_sec: 180.0
Sending keys: ['cd /app/pyknotid && python3 -m pytest -q tests/test_spacecurve.py::test_reconstructed_space_curve\n'] min_timeout_sec: 15.0 max_timeout_sec: 180.0
Sending keys: ['cd /app/pyknotid && python3 -m pytest -q --ignore=tests/test_random_curves.py --ignore=tests/test_catalogue.py\n'] min_timeout_sec: 30.0 max_timeout_sec: 180.0
Sending keys: ["cd /app/pyknotid && python3 - <<'PY'\nimport numpy\nimport pyknotid\nfrom pyknotid.spacecurves import chelpers, ccomplexity\nfrom pyknotid import cinvariants\nimport pyknotid.make as mk\nimport pyknotid.spacecurves as sp\nassert numpy.__version__ == '2.3.0', numpy.__version__\nassert all(m.__file__.endswith(('.so', '.pyd')) for m in (chelpers, ccomplexity, cinvariants))\nk = sp.Knot(mk.three_twist(num_points=100))\nout = k.alexander_polynomial(-1)\nprint('numpy:', numpy.__version__)\nprint('pyknotid:', pyknotid.__file__)\nprint('compiled extensions: OK')\nprint('alexander(-1):', out)\nPY\n"] min_timeout_sec: 5.0 max_timeout_sec: 180.0
Trajectory dumped to jobs/p1-terminus-2-build-cython-ext-r3/build-cython-ext__SNDYpAY/agent/trajectory.json
Sending keys: ["cd /app/pyknotid && nl -ba pyknotid/representations/representation.py | sed -n '315,430p'\n"] min_timeout_sec: 0.5 max_timeout_sec: 180.0
Sending keys: ["cd /app/pyknotid && python3 -m pytest -q tests/test_spacecurve.py::test_reconstructed_space_curve -vv > /tmp/reconstruct.log 2>&1; rc=$?; grep -n -B18 -A18 -E 'KeyError|Traceback|FAILED' /tmp/reconstruct.log; exit $rc\n"] min_timeout_sec: 15.0 max_timeout_sec: 180.0
Trajectory dumped to jobs/p1-terminus-2-build-cython-ext-r3/build-cython-ext__SNDYpAY/agent/trajectory.json
Session has ended, breaking out of agent loop
Trajectory dumped to jobs/p1-terminus-2-build-cython-ext-r3/build-cython-ext__SNDYpAY/agent/trajectory.json
Collecting main service artifacts
