Installing: tmux, asciinema
Detected system: {'os': 'debian-based', 'package_manager': 'apt-get', 'update_command': None}
Installing tools using apt-get: DEBIAN_FRONTEND=noninteractive apt-get update && DEBIAN_FRONTEND=noninteractive apt-get install -y tmux asciinema
Starting recording.
Sending keys: ['asciinema rec --stdin /logs/agent/recording.cast', 'Enter'] min_timeout_sec: 1.0 max_timeout_sec: 180.0
Sending keys: ['clear', 'Enter'] min_timeout_sec: 0.0 max_timeout_sec: 180.0
Sending keys: ['ls -lah /app\n'] min_timeout_sec: 0.1 max_timeout_sec: 180.0
Sending keys: ['file /app/chess_board.png\n'] min_timeout_sec: 0.1 max_timeout_sec: 180.0
Trajectory dumped to jobs/routed-luna-chess-best-move-wdact-1789811967/chess-best-move__4T3Tkwc/agent/trajectory.json
Sending keys: ["python3 - <<'PY'\nfrom PIL import Image\nim=Image.open('/app/chess_board.png')\nprint('mode=', im.mode, 'size=', im.size)\nPY\n"] min_timeout_sec: 0.5 max_timeout_sec: 180.0
Sending keys: ["python3 - <<'PY'\nfrom PIL import Image\nimport numpy as np\nim=Image.open('/app/chess_board.png').convert('L')\na=np.array(im)\nprint('range',a.min(),a.max())\n# coarse grayscale preview\nchars=' .:-=+*#%@'\nfor row in np.array_split(a, min(40,a.shape[0]), axis=0):\n    vals=row.mean(axis=0)\n    vals=vals[::max(1,len(vals)//80)]\n    print(''.join(chars[int(v)*len(chars)//256 if int(v)<256 else -1] for v in vals))\nPY\n"] min_timeout_sec: 0.5 max_timeout_sec: 180.0
Trajectory dumped to jobs/routed-luna-chess-best-move-wdact-1789811967/chess-best-move__4T3Tkwc/agent/trajectory.json
Sending keys: ["python3 - <<'PY'\nfrom PIL import Image\nim=Image.open('/app/chess_board.png').convert('RGB')\nprint('corner samples:')\nfor p in [(0,0),(80,80),(160,80),(80,160),(400,400),(639,639)]: print(p,im.getpixel(p))\nprint('center samples:')\nfor y in range(0,640,80): print(y,[im.getpixel((x+40,y+40)) for x in range(0,640,80)])\nPY\n"] min_timeout_sec: 0.3 max_timeout_sec: 180.0
Sending keys: ["python3 - <<'PY'\nfrom PIL import Image\nim=Image.open('/app/chess_board.png').convert('L')\n# Render each square's inner area, normalized against its square background.\nfor r in range(8):\n  print('\\nRANK',8-r)\n  for yy in range(8):\n    line=[]\n    for c in range(8):\n      x0,y0=c*80,r*80\n      vals=[]\n      for xx in range(8):\n        x=x0+12+xx*56//8; y=y0+12+yy*56//8\n        vals.append(im.getpixel((x,y)))\n      # map darkness; pieces show as dark deviations\n      line.append(''.join('##' if v<70 else '++' if v<120 else '..' if v<180 else '  ' for v in vals))\n    print(' '.join(line))\nPY\n"] min_timeout_sec: 0.5 max_timeout_sec: 180.0
Trajectory dumped to jobs/routed-luna-chess-best-move-wdact-1789811967/chess-best-move__4T3Tkwc/agent/trajectory.json
Sending keys: ["python3 - <<'PY'\nfrom PIL import Image\nim=Image.open('/app/chess_board.png').convert('RGB')\nbg=[(240,217,181),(181,136,99)]\nfor r in range(8):\n  out=[]\n  for c in range(8):\n    x0,y0=c*80,r*80; base=bg[(r+c)%2]\n    pts=[]\n    for y in range(y0+4,y0+76):\n      for x in range(x0+4,x0+76):\n        p=im.getpixel((x,y))\n        # deviation from board color; exclude mild antialiasing\n        d=sum(abs(p[i]-base[i]) for i in range(3))\n        if d>45: pts.append((x,y,p))\n    if pts:\n      xs=[p[0] for p in pts]; ys=[p[1] for p in pts]\n      dark=sum(1 for _,_,p in pts if sum(p)<300)\n      white=sum(1 for _,_,p in pts if min(p)>220)\n      out.append(f'{chr(97+c)}{8-r}:n{len(pts)} box{min(xs)-x0},{min(ys)-y0}-{max(xs)-x0},{max(ys)-y0} d{dark} w{white}')\n  print(' | '.join(out) or '(empty)')\nPY\n"] min_timeout_sec: 0.5 max_timeout_sec: 180.0
Sending keys: ["python3 - <<'PY'\nfrom PIL import Image\nim=Image.open('/app/chess_board.png').convert('RGB')\nbg=[(240,217,181),(181,136,99)]\nfor r in range(8):\n  for c in range(8):\n    x0,y0=c*80,r*80; base=bg[(r+c)%2]\n    print(f'\\n{chr(97+c)}{8-r}')\n    for j in range(16):\n      s=''\n      for i in range(16):\n        vals=[]\n        for yy in range(y0+j*5,y0+(j+1)*5):\n          for xx in range(x0+i*5,x0+(i+1)*5):\n            p=im.getpixel((xx,yy)); d=sum(abs(p[k]-base[k]) for k in range(3))\n            vals.append((d,p))\n        d,p=max(vals,key=lambda z:z[0])\n        if d<35: ch=' '\n        elif sum(p)<220: ch='#'\n        elif min(p)>225: ch='@'\n        elif sum(p)<430: ch='+'\n        else: ch='.'\n        s+=ch\n      print(s)\nPY\n"] min_timeout_sec: 1.0 max_timeout_sec: 180.0
Trajectory dumped to jobs/routed-luna-chess-best-move-wdact-1789811967/chess-best-move__4T3Tkwc/agent/trajectory.json
Sending keys: ["python3 - <<'PY'\nfrom PIL import Image\nim=Image.open('/app/chess_board.png').convert('RGB')\nbg=[(240,217,181),(181,136,99)]\nsq=['a8','c8','d8','f8','b7','f7','g7','a6','c6','e6','d5','f5','g5','e5','h5','a3','c3']\nfor name in sq:\n c=ord(name[0])-97; r=8-int(name[1]); x0,y0=c*80,r*80; base=bg[(r+c)%2]\n print('\\n###',name)\n for j in range(16):\n  s=''\n  for i in range(16):\n   best=(0,(0,0,0))\n   for yy in range(y0+j*5,y0+(j+1)*5):\n    for xx in range(x0+i*5,x0+(i+1)*5):\n     p=im.getpixel((xx,yy)); d=sum(abs(p[k]-base[k]) for k in range(3))\n     if d>best[0]: best=(d,p)\n   d,p=best\n   if d<35: ch=' '\n   elif sum(p)<220: ch='#'\n   elif min(p)>225: ch='@'\n   elif sum(p)<430: ch='+'\n   else: ch='.'\n   s+=ch\n  print(s)\nPY\n"] min_timeout_sec: 1.0 max_timeout_sec: 180.0
Trajectory dumped to jobs/routed-luna-chess-best-move-wdact-1789811967/chess-best-move__4T3Tkwc/agent/trajectory.json
Sending keys: ['command -v stockfish || command -v fairy-stockfish || command -v lc0 || ls /usr/games 2>/dev/null\n'] min_timeout_sec: 0.2 max_timeout_sec: 180.0
Sending keys: ["python3 - <<'PY'\ntry:\n import chess\n print('python-chess available')\nexcept Exception as e: print('no python-chess:',e)\nPY\n"] min_timeout_sec: 0.2 max_timeout_sec: 180.0
Trajectory dumped to jobs/routed-luna-chess-best-move-wdact-1789811967/chess-best-move__4T3Tkwc/agent/trajectory.json
Sending keys: ["printf 'e2f3\\n' > /app/move.txt\ncat /app/move.txt\n"] min_timeout_sec: 0.1 max_timeout_sec: 180.0
Trajectory dumped to jobs/routed-luna-chess-best-move-wdact-1789811967/chess-best-move__4T3Tkwc/agent/trajectory.json
Trajectory dumped to jobs/routed-luna-chess-best-move-wdact-1789811967/chess-best-move__4T3Tkwc/agent/trajectory.json
Trajectory dumped to jobs/routed-luna-chess-best-move-wdact-1789811967/chess-best-move__4T3Tkwc/agent/trajectory.json
Collecting main service artifacts
